== contrast · master · dark

-- dark: panel                       fail<3  fail3-4.5  unknown  checked
   shell: header                             0          0        0        7
   shell: tab bar                            0          0        0        5
   shell: toast                              0          0        0        2
   home                                      0          3        0       17
   train-hub                                 0          1        0       39
   songs-hub                                 0          1        0       28
   you-hub                                   0          1        0       23
   journey                                   0          1        0       25
   arcade                                   12          1        0       24
   tuner                                     0          1        0        8
   warmup                                    0          1        0       14
   range                                     0          1        0        9
   key                                       0          1        0       21
   exercises                                 2          1        0       46
   dashboard                                 0          1        0       79
   register                                  0          1        0       13
   registerdrills                            0          1        0        6
   breath                                    0          1        0        5
   vibrato                                   0          1        0        7
   voicequality                              0          1        0        6
   voicehealth                               0          1        0       33
   staykey                                   0          2        0        5
   emotion                                   0          2        0        4
   genre                                     0          2        0       38
   karaoke                                   0          1        0        4
   livefeedback                              0          1        0       11
   resonance                                 0          1        0        8
   custom                                    0          1        0       12
   rhythm                                    0          1        0       16
   earvoiceear                               0          1        0        4
   fiveways                                  0          1        0        4
   onetake                                   0          1        0        4
   vocalpuzzle                               0          1        0        4
   hearmistake                               0          1        0        4
   studio                                    0          1        0       14
   aiduet                                    0          1        0       10
   performancedirector                       0          1        0       12
   mirror                                    0          1        0        5
   emotionmode                               0          1        0       10
   vocallab                                  0          1        0        3
   passport                                  0          1        0        3
   choirpassport                             0          3        0       41
   choir                                     0          2        0      178
   partrehearsal                             0          1        0      184
   pricing                                   0          1        0       49
   records                                   0          1        0       31
   profile                                   7          2        0       97
   feedback                                  0          1        0       14
   teacher                                   0          1        0       14
   TOTAL                                    21         55        0     1200
json: scripts/design-verify/logs/contrast-baseline-master-dark.json

[cleanup] deleted 1 test account(s) this run created; 0 left of voxcoach-dvc-1791655482385@example.com
