playback levels 2026-10-06T12-28-45 · url https://deploy-alegra1122.vercel.app/
Pitch Match: Play target, A3                                       peak   -8.5 dBFS (0.376) · RMS  -12.0 dBFS · clipped 0 · over 0.95 0
Pitch Match: Play target, low E2                                   peak   -8.5 dBFS (0.376) · RMS  -12.0 dBFS · clipped 0 · over 0.95 0
Pitch Match: Play target, high C6                                  peak   -8.5 dBFS (0.376) · RMS  -12.0 dBFS · clipped 0 · over 0.95 0
Interval Match: Play root + interval                               peak   -8.5 dBFS (0.376) · RMS  -12.3 dBFS · clipped 0 · over 0.95 0
Key Trainer: Play note                                             peak   -8.5 dBFS (0.376) · RMS  -12.0 dBFS · clipped 0 · over 0.95 0
Key Trainer: Play major scale                                      peak   -8.5 dBFS (0.376) · RMS  -12.6 dBFS · clipped 0 · over 0.95 0
Ear Training: Play interval                                        peak   -8.5 dBFS (0.376) · RMS  -12.3 dBFS · clipped 0 · over 0.95 0
Ear Training: block chord, 4 notes (A3 maj7)                       peak   -2.5 dBFS (0.748) · RMS  -12.1 dBFS · clipped 0 · over 0.95 0
Smart Warmup: siren                                                peak   -8.5 dBFS (0.376) · RMS  -11.8 dBFS · clipped 0 · over 0.95 0
Smart Warmup: 5-note scale                                         peak   -8.5 dBFS (0.376) · RMS  -12.5 dBFS · clipped 0 · over 0.95 0
Pitch Dragon training: Play the note                               peak   -8.5 dBFS (0.376) · RMS  -12.0 dBFS · clipped 0 · over 0.95 0
Guide note (Harmony piano guide, plays while the mic listens)      peak  -20.0 dBFS (0.100) · RMS  -23.4 dBFS · clipped 0 · over 0.95 0
Count-in click (880 Hz, first beat)                                peak  -14.0 dBFS (0.200) · RMS  -19.3 dBFS · clipped 0 · over 0.95 0
Cue tick (1320 Hz, before listening)                               peak  -18.4 dBFS (0.120) · RMS  -25.5 dBFS · clipped 0 · over 0.95 0
Backing pad, hymn (Karaoke / Stay in Key / Harmony)                peak   -0.5 dBFS (0.945) · RMS   -9.6 dBFS · clipped 0 · over 0.95 0
Choir World mixer, hymn, all parts at default                      peak   -1.0 dBFS (0.894) · RMS  -10.6 dBFS · clipped 0 · over 0.95 0
Backing pad, ballad (Karaoke / Stay in Key / Harmony)              peak   -0.6 dBFS (0.933) · RMS   -9.6 dBFS · clipped 0 · over 0.95 0
Choir World mixer, ballad, all parts at default                    peak   -0.6 dBFS (0.936) · RMS  -10.0 dBFS · clipped 0 · over 0.95 0
Overlap: reference tone over the backing pad (hymn)                peak   -0.5 dBFS (0.949) · RMS   -9.5 dBFS · clipped 0 · over 0.95 0
Overlap: block chord over the backing pad (hymn)                   peak   -0.5 dBFS (0.949) · RMS   -9.6 dBFS · clipped 0 · over 0.95 0
Overlap: Harmony Memory starting note over the choir (hymn)        peak   -0.5 dBFS (0.949) · RMS  -10.5 dBFS · clipped 0 · over 0.95 0
Playback volume 50%: Pitch Match target, A3 (expect −6 dB)         peak  -14.5 dBFS (0.188) · RMS  -18.0 dBFS · clipped 0 · over 0.95 0
Playback volume 50%: backing pad, hymn (expect −6 dB)              peak   -6.5 dBFS (0.472) · RMS  -15.6 dBFS · clipped 0 · over 0.95 0
Playback volume 0%: Pitch Match target (expect silence)            peak     −∞ dBFS (0.000) · RMS     −∞ dBFS · clipped 0 · over 0.95 0

loudest peak 0.949 (Overlap: reference tone over the backing pad (hymn)); clipped samples in total 0; samples over 0.95 0

log: /Users/alegramusenge/Documents/voxcoach-app/scripts/vq-verify/logs/levels-prod-2026-10-06T12-28-45.log  json: /Users/alegramusenge/Documents/voxcoach-app/scripts/vq-verify/logs/levels-prod-2026-10-06T12-28-45.json
