playback levels 2026-10-05T14-06-29 · deploy/ at master
Pitch Match: Play target, A3                                       peak  -13.2 dBFS (0.220) · RMS  -16.5 dBFS · clipped 0 · over 0.95 0
Pitch Match: Play target, low E2                                   peak  -13.2 dBFS (0.220) · RMS  -16.5 dBFS · clipped 0 · over 0.95 0
Pitch Match: Play target, high C6                                  peak  -13.2 dBFS (0.220) · RMS  -16.5 dBFS · clipped 0 · over 0.95 0
Interval Match: Play root + interval                               peak  -13.2 dBFS (0.220) · RMS  -16.8 dBFS · clipped 0 · over 0.95 0
Key Trainer: Play note                                             peak  -13.2 dBFS (0.220) · RMS  -16.5 dBFS · clipped 0 · over 0.95 0
Key Trainer: Play major scale                                      peak  -13.2 dBFS (0.220) · RMS  -17.1 dBFS · clipped 0 · over 0.95 0
Ear Training: Play interval                                        peak  -13.2 dBFS (0.220) · RMS  -16.8 dBFS · clipped 0 · over 0.95 0
Ear Training: block chord, 4 notes (A3 maj7)                       peak   -1.2 dBFS (0.876) · RMS  -10.5 dBFS · clipped 0 · over 0.95 0
Smart Warmup: siren                                                peak  -14.9 dBFS (0.180) · RMS  -18.1 dBFS · clipped 0 · over 0.95 0
Smart Warmup: 5-note scale                                         peak  -13.2 dBFS (0.220) · RMS  -17.0 dBFS · clipped 0 · over 0.95 0
Pitch Dragon training: Play the note                               peak  -13.2 dBFS (0.220) · RMS  -16.5 dBFS · clipped 0 · over 0.95 0
Guide note (Harmony piano guide, plays while the mic listens)      peak  -20.0 dBFS (0.100) · RMS  -23.4 dBFS · clipped 0 · over 0.95 0
Count-in click (880 Hz, first beat)                                peak  -14.0 dBFS (0.200) · RMS  -19.3 dBFS · clipped 0 · over 0.95 0
Cue tick (1320 Hz, before listening)                               peak  -18.4 dBFS (0.120) · RMS  -25.5 dBFS · clipped 0 · over 0.95 0
Backing pad, hymn (Karaoke / Stay in Key / Harmony)                peak   -0.5 dBFS (0.945) · RMS   -9.6 dBFS · clipped 0 · over 0.95 0
Choir World mixer, hymn, all parts at default                      peak   -1.0 dBFS (0.894) · RMS  -10.6 dBFS · clipped 0 · over 0.95 0
Backing pad, ballad (Karaoke / Stay in Key / Harmony)              peak   -0.6 dBFS (0.933) · RMS   -9.6 dBFS · clipped 0 · over 0.95 0
Choir World mixer, ballad, all parts at default                    peak   -0.6 dBFS (0.936) · RMS  -10.0 dBFS · clipped 0 · over 0.95 0
Overlap: reference tone over the backing pad (hymn)                peak    1.0 dBFS (1.124) · RMS   -9.4 dBFS · clipped 92 · over 0.95 218
Overlap: block chord over the backing pad (hymn)                   peak    2.8 dBFS (1.374) · RMS   -9.2 dBFS · clipped 434 · over 0.95 644
Overlap: Harmony Memory starting note over the choir (hymn)        peak    0.6 dBFS (1.077) · RMS  -10.2 dBFS · clipped 22 · over 0.95 57

loudest peak 1.374 (Overlap: block chord over the backing pad (hymn)); clipped samples in total 548; samples over 0.95 919

log: /Users/alegramusenge/Documents/voxcoach-app/scripts/vq-verify/logs/levels-ref-2026-10-05T14-06-29.log  json: /Users/alegramusenge/Documents/voxcoach-app/scripts/vq-verify/logs/levels-ref-2026-10-05T14-06-29.json
