listenwin 2026-10-04T09-17-04  before: master  after: working tree

-- Pitch Match: score (attack / landing), singer starting 0.3 … 1.2 s after the cue
   beginner      before: 0.3s 95  0.6s 94  0.9s 92  1.2s 86
                 after:  0.3s 100  0.6s 100  0.9s 100  1.2s 100
  ✓ pitch beginner 0.3s late: held note scores ≥ 90, attack ≥ 85 when split, counted once 100 (NaN/NaN) counted 1 · 4414 ms
  ✓ pitch beginner 0.6s late: held note scores ≥ 90, attack ≥ 85 when split, counted once 100 (NaN/NaN) counted 1 · 4702 ms
  ✓ pitch beginner 0.9s late: held note scores ≥ 90, attack ≥ 85 when split, counted once 100 (NaN/NaN) counted 1 · 4994 ms
  ✓ pitch beginner 1.2s late: held note scores ≥ 90, attack ≥ 85 when split, counted once 100 (NaN/NaN) counted 1 · 5300 ms
   intermediate  before: 0.3s 94 (84/100)  0.6s 92 (65/99)  0.9s 89 (98/89)  1.2s 81 (100/80)
                 after:  0.3s 100 (100/100)  0.6s 100 (100/100)  0.9s 100 (100/100)  1.2s 100 (100/100)
  ✓ pitch intermediate 0.3s late: held note scores ≥ 90, attack ≥ 85 when split, counted once 100 (100/100) counted 1 · 3881 ms
  ✓ pitch intermediate 0.6s late: held note scores ≥ 90, attack ≥ 85 when split, counted once 100 (100/100) counted 1 · 4198 ms
  ✓ pitch intermediate 0.9s late: held note scores ≥ 90, attack ≥ 85 when split, counted once 100 (100/100) counted 1 · 4515 ms
  ✓ pitch intermediate 1.2s late: held note scores ≥ 90, attack ≥ 85 when split, counted once 100 (100/100) counted 1 · 4798 ms
   professional  before: 0.3s 90 (75/100)  0.6s 89 (48/99)  0.9s 83 (100/82)  1.2s 71 (98/70)
                 after:  0.3s 100 (100/100)  0.6s 100 (100/100)  0.9s 100 (100/100)  1.2s 100 (100/100)
  ✓ pitch professional 0.3s late: held note scores ≥ 90, attack ≥ 85 when split, counted once 100 (100/100) counted 1 · 3383 ms
  ✓ pitch professional 0.6s late: held note scores ≥ 90, attack ≥ 85 when split, counted once 100 (100/100) counted 1 · 3698 ms
  ✓ pitch professional 0.9s late: held note scores ≥ 90, attack ≥ 85 when split, counted once 100 (100/100) counted 1 · 4016 ms
  ✓ pitch professional 1.2s late: held note scores ≥ 90, attack ≥ 85 when split, counted once 100 (100/100) counted 1 · 4282 ms
   nobody sings  before: "97%" "Right on it." counted 1 · 1627 ms  |  after: "—" "I didn't hear you, try again." counted 0 · 6266 ms
  ✓ pitch: nobody sings → "I didn't hear you, try again", no score, not counted, same note "—" "I didn't hear you, try again." counted 0 next 60

-- Interval Match: score (attack / landing), singer starting 0.3 … 1.2 s after the cue
   beginner      before: 0.3s 95  0.6s 94  0.9s 92  1.2s 86
                 after:  0.3s 100  0.6s 100  0.9s 100  1.2s 100
  ✓ interval beginner 0.3s late: held note scores ≥ 90, attack ≥ 85 when split, counted once 100 (NaN/NaN) counted 1 · 4718 ms
  ✓ interval beginner 0.6s late: held note scores ≥ 90, attack ≥ 85 when split, counted once 100 (NaN/NaN) counted 1 · 4995 ms
  ✓ interval beginner 0.9s late: held note scores ≥ 90, attack ≥ 85 when split, counted once 100 (NaN/NaN) counted 1 · 5282 ms
  ✓ interval beginner 1.2s late: held note scores ≥ 90, attack ≥ 85 when split, counted once 100 (NaN/NaN) counted 1 · 5613 ms
   intermediate  before: 0.3s 94 (84/100)  0.6s 92 (65/99)  0.9s 89 (99/89)  1.2s 81 (99/80)
                 after:  0.3s 100 (100/100)  0.6s 100 (100/100)  0.9s 100 (100/100)  1.2s 100 (100/100)
  ✓ interval intermediate 0.3s late: held note scores ≥ 90, attack ≥ 85 when split, counted once 100 (100/100) counted 1 · 4213 ms
  ✓ interval intermediate 0.6s late: held note scores ≥ 90, attack ≥ 85 when split, counted once 100 (100/100) counted 1 · 4516 ms
  ✓ interval intermediate 0.9s late: held note scores ≥ 90, attack ≥ 85 when split, counted once 100 (100/100) counted 1 · 4801 ms
  ✓ interval intermediate 1.2s late: held note scores ≥ 90, attack ≥ 85 when split, counted once 100 (100/100) counted 1 · 5098 ms
   professional  before: 0.3s 90 (75/100)  0.6s 88 (52/99)  0.9s 84 (99/83)  1.2s 70 (99/69)
                 after:  0.3s 100 (100/100)  0.6s 100 (100/100)  0.9s 100 (100/100)  1.2s 100 (100/100)
  ✓ interval professional 0.3s late: held note scores ≥ 90, attack ≥ 85 when split, counted once 100 (100/100) counted 1 · 3699 ms
  ✓ interval professional 0.6s late: held note scores ≥ 90, attack ≥ 85 when split, counted once 100 (100/100) counted 1 · 3999 ms
  ✓ interval professional 0.9s late: held note scores ≥ 90, attack ≥ 85 when split, counted once 100 (100/100) counted 1 · 4295 ms
  ✓ interval professional 1.2s late: held note scores ≥ 90, attack ≥ 85 when split, counted once 100 (100/100) counted 1 · 4615 ms
   nobody sings  before: "0%" "Didn't catch a clear pitch — try again a little louder or closer to the mic." counted 1 · 1628 ms  |  after: "—" "I didn't hear you, try again." counted 0 · 6593 ms
  ✓ interval: nobody sings → "I didn't hear you, try again", no score, not counted, same note "—" "I didn't hear you, try again." counted 0 next 60
  ✓ Pitch Match: a scored attempt moves to a new note; "Sing it again" sings the same one next 45 · again on 62 → 100

==== VERDICT: 27 passed, 0 failed
log: /Users/alegramusenge/Documents/voxcoach-app/scripts/vq-verify/logs/listenwin-local-2026-10-04T09-17-04.log
