loopback 2026-10-06T13-01-49 · url: https://deploy-alegra1122.vercel.app/ · nobody singing · song: hymn, Harmony part Alto, rehearsal part Lead

== prod, coupling -20 dB
   Harmony, piano guide (as built)              heard 0/1602 frames · notes scored 0 · landed 0 · Timing 0% · Part 0%
   Harmony, distraction (as built)              heard 0/1602 frames · notes scored 0 · landed 0 · Timing 0% · Part 0%
   Harmony, no guide (the choir only: baseline) heard 0/1602 frames · notes scored 0 · landed 0 · Timing 0% · Part 0%
   Scale Run, professional                      steps heard 10/10 · scores 93/94/95/97/95/94/91/94/95/96 · shown 94%
   Entrance Trainer                             bleed hits 0 · entrances 8/8 · warning false
   Harmony Memory stage 1                       held 3/8 · frames with a pitch per note 182/182/182/182/182/182/182/182
   Harmony Memory stage 6                       held 0/8 · frames with a pitch per note 0/0/0/0/0/0/0/0
   page errors: none

== prod, coupling -10 dB
   Harmony, piano guide (as built)              heard 1183/1599 frames · notes scored 8 · landed 8 · Timing 74% · Part 100%
   Harmony, distraction (as built)              heard 1167/1601 frames · notes scored 8 · landed 0 · Timing 73% · Part 0%
   Harmony, no guide (the choir only: baseline) heard 0/1602 frames · notes scored 0 · landed 0 · Timing 0% · Part 0%
   Scale Run, professional                      steps heard 10/10 · scores 96/97/97/98/97/97/96/97/97/98 · shown 97%
   Entrance Trainer                             bleed hits 4 · entrances 8/8 · warning true
   Harmony Memory stage 1                       held 3/8 · frames with a pitch per note 182/182/182/182/182/182/182/182
   Harmony Memory stage 6                       held 0/8 · frames with a pitch per note 0/0/0/0/0/0/0/0
   page errors: none
log: /Users/alegramusenge/Documents/voxcoach-app/scripts/vq-verify/logs/loopback-prod-2026-10-06T13-01-49.log
