loopback 2026-10-05T14-30-19 · before: master · after: working tree · nobody singing · song: hymn, Harmony part Alto, rehearsal part Lead

== after, coupling -20 dB
   Harmony, piano guide at -23.4 dBFS (gain 0.096) heard 337/1602 frames · notes scored 3 · landed 3 · Timing 21% · Part 38%
   Harmony, distraction at -23.4 dBFS           heard 0/1602 frames · notes scored 0 · landed 0 · Timing 0% · Part 0%
   Harmony, piano guide at -20 dBFS (gain 0.142) heard 1159/1602 frames · notes scored 8 · landed 8 · Timing 72% · Part 100%
   Harmony, distraction at -20 dBFS             heard 922/1602 frames · notes scored 8 · landed 0 · Timing 58% · Part 0%
   Harmony, piano guide at -18 dBFS (gain 0.1788) heard 1178/1601 frames · notes scored 8 · landed 8 · Timing 74% · Part 100%
   Harmony, distraction at -18 dBFS             heard 1009/1602 frames · notes scored 8 · landed 0 · Timing 63% · Part 0%
   Harmony, piano guide at -16 dBFS (gain 0.225) heard 1177/1602 frames · notes scored 8 · landed 8 · Timing 73% · Part 100%
   Harmony, distraction at -16 dBFS             heard 1076/1602 frames · notes scored 8 · landed 0 · Timing 67% · Part 0%
   Harmony, piano guide at -14 dBFS (gain 0.2833) heard 1189/1601 frames · notes scored 8 · landed 8 · Timing 74% · Part 100%
   Harmony, distraction at -14 dBFS             heard 1127/1602 frames · notes scored 8 · landed 0 · Timing 70% · Part 0%
   Harmony, piano guide at -12 dBFS (gain 0.3567) heard 1194/1602 frames · notes scored 8 · landed 8 · Timing 75% · Part 100%
   Harmony, distraction at -12 dBFS             heard 1174/1601 frames · notes scored 8 · landed 0 · Timing 73% · Part 0%
   Harmony, no guide (the choir only: baseline) heard 6/1601 frames · notes scored 1 · landed 0 · Timing 0% · Part 0%
   Entrance Trainer                             bleed hits 0 · entrances 8/8 · warning false
   Harmony Memory stage 1                       held 3/8 · frames with a pitch per note 182/182/182/182/182/182/182/182
   Harmony Memory stage 6                       held 0/8 · frames with a pitch per note 0/0/0/0/0/0/0/0
   page errors: none

== after, coupling -10 dB
   Harmony, piano guide at -23.4 dBFS (gain 0.096) heard 1181/1599 frames · notes scored 8 · landed 8 · Timing 74% · Part 100%
   Harmony, distraction at -23.4 dBFS           heard 1172/1602 frames · notes scored 8 · landed 0 · Timing 73% · Part 0%
   Harmony, piano guide at -20 dBFS (gain 0.142) heard 1202/1601 frames · notes scored 8 · landed 8 · Timing 75% · Part 100%
   Harmony, distraction at -20 dBFS             heard 1228/1602 frames · notes scored 8 · landed 0 · Timing 77% · Part 0%
   Harmony, piano guide at -18 dBFS (gain 0.1788) heard 1205/1601 frames · notes scored 8 · landed 8 · Timing 75% · Part 100%
   Harmony, distraction at -18 dBFS             heard 1259/1602 frames · notes scored 8 · landed 0 · Timing 79% · Part 0%
   Harmony, piano guide at -16 dBFS (gain 0.225) heard 1205/1601 frames · notes scored 8 · landed 8 · Timing 75% · Part 100%
   Harmony, distraction at -16 dBFS             heard 1288/1602 frames · notes scored 8 · landed 0 · Timing 80% · Part 0%
   Harmony, piano guide at -14 dBFS (gain 0.2833) heard 1208/1601 frames · notes scored 8 · landed 8 · Timing 75% · Part 100%
   Harmony, distraction at -14 dBFS             heard 1302/1602 frames · notes scored 8 · landed 0 · Timing 81% · Part 0%
   Harmony, piano guide at -12 dBFS (gain 0.3567) heard 1212/1602 frames · notes scored 8 · landed 8 · Timing 76% · Part 100%
   Harmony, distraction at -12 dBFS             heard 1317/1602 frames · notes scored 8 · landed 0 · Timing 82% · Part 0%
   Harmony, no guide (the choir only: baseline) heard 10/1602 frames · notes scored 1 · landed 0 · Timing 1% · Part 0%
   Entrance Trainer                             bleed hits 4 · entrances 8/8 · warning true
   Harmony Memory stage 1                       held 3/8 · frames with a pitch per note 183/182/182/182/182/183/183/183
   Harmony Memory stage 6                       held 0/8 · frames with a pitch per note 0/0/0/0/0/0/0/0
   page errors: none
log: /Users/alegramusenge/Documents/voxcoach-app/scripts/vq-verify/logs/loopback-local-2026-10-05T14-30-19.log
