loopback 2026-10-06T14-05-45 · before: master · after: working tree · nobody singing · song: hymn, Harmony part Alto, rehearsal part Lead

== before, coupling -20 dB
   Scale Run, beginner                          steps heard 0/9 · scores 0/0/0/0/0/0/0/0/0 · shown 0% · "Average across the run"
   Scale Run, intermediate                      steps heard 8/8 · scores 94/97/96/99/97/98/98/98 · shown 97% · "Average across the run"
   Scale Run, professional                      steps heard 10/10 · scores 96/96/98/98/97/97/96/97/97/98 · shown 97% · "Average across the run"
   page errors: none

== after, coupling -20 dB
   Scale Run, beginner                          steps heard 0/9 · scores 0/0/0/0/0/0/0/0/0 · shown 0% · "Average across the run"
   Scale Run, intermediate                      steps heard 0/8 · scores 0/0/0/0/0/0/0/0 · shown 0% · "Average across the run"
   Scale Run, professional                      steps heard 0/10 · scores 0/0/0/0/0/0/0/0/0/0 · shown 0% · "Average across the run"
   page errors: none

== before, coupling -10 dB
   Scale Run, beginner                          steps heard 0/9 · scores 0/0/0/0/0/0/0/0/0 · shown 0% · "Average across the run"
   Scale Run, intermediate                      steps heard 8/8 · scores 91/95/96/94/97/95/96/98 · shown 95% · "Average across the run"
   Scale Run, professional                      steps heard 10/10 · scores 96/98/97/98/98/98/98/98/97/98 · shown 98% · "Average across the run"
   page errors: none

== after, coupling -10 dB
   Scale Run, beginner                          steps heard 0/9 · scores 0/0/0/0/0/0/0/0/0 · shown 0% · "Average across the run"
   Scale Run, intermediate                      steps heard 0/8 · scores 0/0/0/0/0/0/0/0 · shown 0% · "Average across the run"
   Scale Run, professional                      steps heard 0/10 · scores 0/0/0/0/0/0/0/0/0/0 · shown 0% · "Average across the run"
   page errors: none
log: /Users/alegramusenge/Documents/voxcoach-app/scripts/vq-verify/logs/loopback-local-2026-10-06T14-05-45.log
