noisegate 2026-10-07T01-50-48  sides: before, after  before: master  target MIDI 57

== noise-white-10 (broadband)
   before #1 Pitch Match —/— | Drills —/—/—/—/— | RTF heard 0% in tune 0% | Tuner heard 0% in tune 0% | Stay in Key heard 0% in key 0% | Choir World heard 0% of frames, held 0/2
   after #1  Pitch Match —/— | Drills —/—/—/—/— | RTF heard 0% in tune 0% | Tuner heard 0% in tune 0% | Stay in Key heard 0% in key 0% | Choir World heard 0% of frames, held 0/2
   before #2 Pitch Match —/— | Drills —/—/—/—/— | RTF heard 0% in tune 0% | Tuner heard 0% in tune 0% | Stay in Key heard 0% in key 0% | Choir World heard 0% of frames, held 0/2
   after #2  Pitch Match —/— | Drills —/—/—/—/— | RTF heard 0% in tune 0% | Tuner heard 0% in tune 0% | Stay in Key heard 0% in key 0% | Choir World heard 0% of frames, held 0/2
   before #3 Pitch Match —/— | Drills —/—/—/—/— | RTF heard 0% in tune 0% | Tuner heard 0% in tune 0% | Stay in Key heard 0% in key 0% | Choir World heard 0% of frames, held 0/2
   after #3  Pitch Match —/— | Drills —/—/—/—/— | RTF heard 0% in tune 0% | Tuner heard 0% in tune 0% | Stay in Key heard 0% in key 0% | Choir World heard 0% of frames, held 0/2

== noise-pink-10 (broadband)
   before #1 Pitch Match —/0 | Drills 0/0/0/0/0 | RTF heard 57% in tune 9% | Tuner heard 0% in tune 0% | Stay in Key heard 10% in key 0% | Choir World heard 9% of frames, held 0/2
   after #1  Pitch Match —/0 | Drills 9/0/0/0/0 | RTF heard 58% in tune 12% | Tuner heard 0% in tune 0% | Stay in Key heard 11% in key 0% | Choir World heard 9% of frames, held 0/2
   before #2 Pitch Match —/0 | Drills 9/0/0/0/0 | RTF heard 58% in tune 14% | Tuner heard 0% in tune 0% | Stay in Key heard 12% in key 0% | Choir World heard 9% of frames, held 0/2
   after #2  Pitch Match —/0 | Drills 0/0/0/0/0 | RTF heard 58% in tune 12% | Tuner heard 0% in tune 0% | Stay in Key heard 14% in key 0% | Choir World heard 9% of frames, held 0/2
   before #3 Pitch Match —/0 | Drills 22/0/0/0/0 | RTF heard 58% in tune 6% | Tuner heard 0% in tune 0% | Stay in Key heard 12% in key 0% | Choir World heard 9% of frames, held 0/2
   after #3  Pitch Match —/0 | Drills 15/0/0/0/0 | RTF heard 56% in tune 10% | Tuner heard 0% in tune 0% | Stay in Key heard 9% in key 0% | Choir World heard 9% of frames, held 0/2

== noise-traffic-10 (broadband)
   before #1 Pitch Match —/— | Drills 20/0/22/0/12 | RTF heard 77% in tune 21% | Tuner heard 0% in tune 0% | Stay in Key heard 0% in key 0% | Choir World heard 0% of frames, held 0/2
   after #1  Pitch Match —/— | Drills 24/0/23/9/13 | RTF heard 81% in tune 17% | Tuner heard 0% in tune 0% | Stay in Key heard 0% in key 0% | Choir World heard 0% of frames, held 0/2
   before #2 Pitch Match —/— | Drills 23/0/35/0/16 | RTF heard 79% in tune 17% | Tuner heard 0% in tune 0% | Stay in Key heard 0% in key 0% | Choir World heard 0% of frames, held 0/2
   after #2  Pitch Match —/— | Drills 22/0/0/0/14 | RTF heard 79% in tune 18% | Tuner heard 0% in tune 0% | Stay in Key heard 0% in key 0% | Choir World heard 0% of frames, held 0/2
   before #3 Pitch Match —/— | Drills 27/0/23/0/13 | RTF heard 79% in tune 14% | Tuner heard 0% in tune 0% | Stay in Key heard 0% in key 0% | Choir World heard 0% of frames, held 0/2
   after #3  Pitch Match —/— | Drills 18/0/0/5/18 | RTF heard 79% in tune 28% | Tuner heard 0% in tune 0% | Stay in Key heard 0% in key 0% | Choir World heard 0% of frames, held 0/2

== noise-rumble-10 (broadband)
   before #1 Pitch Match —/— | Drills 0/0/0/—/— | RTF heard 4% in tune 3% | Tuner heard 0% in tune 0% | Stay in Key heard 0% in key 0% | Choir World heard 0% of frames, held 0/2
   after #1  Pitch Match —/— | Drills —/—/0/—/— | RTF heard 11% in tune 1% | Tuner heard 0% in tune 0% | Stay in Key heard 0% in key 0% | Choir World heard 0% of frames, held 0/2
   before #2 Pitch Match —/— | Drills —/—/0/—/— | RTF heard 2% in tune 0% | Tuner heard 0% in tune 0% | Stay in Key heard 0% in key 0% | Choir World heard 0% of frames, held 0/2
   after #2  Pitch Match —/— | Drills 0/—/0/—/— | RTF heard 5% in tune 2% | Tuner heard 0% in tune 0% | Stay in Key heard 0% in key 0% | Choir World heard 0% of frames, held 0/2
   before #3 Pitch Match —/— | Drills 0/0/0/—/— | RTF heard 6% in tune 0% | Tuner heard 0% in tune 0% | Stay in Key heard 0% in key 0% | Choir World heard 0% of frames, held 0/2
   after #3  Pitch Match —/— | Drills 0/0/0/—/— | RTF heard 7% in tune 0% | Tuner heard 0% in tune 0% | Stay in Key heard 0% in key 0% | Choir World heard 0% of frames, held 0/2

== noise-babble-10 (voices)
   before #1 Pitch Match 9/22 | Drills 0/47/0/—/— | RTF heard 53% in tune 14% | Tuner heard 70% in tune 14% | Stay in Key heard 64% in key 1% | Choir World heard 67% of frames, held 0/2
   after #1  Pitch Match 10/4 | Drills 0/48/4/—/— | RTF heard 50% in tune 16% | Tuner heard 77% in tune 9% | Stay in Key heard 65% in key 1% | Choir World heard 66% of frames, held 0/2
   before #2 Pitch Match 7/4 | Drills 0/48/2/—/— | RTF heard 52% in tune 15% | Tuner heard 76% in tune 10% | Stay in Key heard 66% in key 1% | Choir World heard 66% of frames, held 0/2
   after #2  Pitch Match 11/22 | Drills 0/47/2/—/— | RTF heard 52% in tune 12% | Tuner heard 72% in tune 9% | Stay in Key heard 64% in key 0% | Choir World heard 66% of frames, held 0/2
   before #3 Pitch Match 7/4 | Drills 0/51/5/—/— | RTF heard 56% in tune 15% | Tuner heard 72% in tune 17% | Stay in Key heard 62% in key 1% | Choir World heard 65% of frames, held 0/2
   after #3  Pitch Match 9/22 | Drills 0/48/0/—/— | RTF heard 53% in tune 17% | Tuner heard 76% in tune 12% | Stay in Key heard 69% in key 0% | Choir World heard 66% of frames, held 0/2

== noise-talker-10 (voices)
   before #1 Pitch Match 16/0 | Drills 5/0/13/0/0 | RTF heard 50% in tune 17% | Tuner heard 58% in tune 11% | Stay in Key heard 48% in key 1% | Choir World heard 59% of frames, held 1/2
   after #1  Pitch Match 14/0 | Drills 7/0/10/0/0 | RTF heard 52% in tune 12% | Tuner heard 58% in tune 8% | Stay in Key heard 49% in key 2% | Choir World heard 60% of frames, held 1/2
   before #2 Pitch Match 16/0 | Drills 4/0/5/0/0 | RTF heard 52% in tune 11% | Tuner heard 59% in tune 7% | Stay in Key heard 49% in key 1% | Choir World heard 59% of frames, held 1/2
   after #2  Pitch Match 16/0 | Drills 4/0/15/0/0 | RTF heard 50% in tune 8% | Tuner heard 58% in tune 9% | Stay in Key heard 47% in key 1% | Choir World heard 59% of frames, held 1/2
   before #3 Pitch Match 14/0 | Drills 6/0/13/0/0 | RTF heard 53% in tune 13% | Tuner heard 58% in tune 3% | Stay in Key heard 49% in key 1% | Choir World heard 59% of frames, held 1/2
   after #3  Pitch Match 17/0 | Drills 4/0/16/0/0 | RTF heard 52% in tune 6% | Tuner heard 59% in tune 13% | Stay in Key heard 50% in key 2% | Choir World heard 59% of frames, held 1/2

== noise-tv-10 (voices)
   before #1 Pitch Match 16/0 | Drills 4/0/12/0/0 | RTF heard 68% in tune 24% | Tuner heard 62% in tune 13% | Stay in Key heard 65% in key 4% | Choir World heard 84% of frames, held 0/2
   after #1  Pitch Match 13/0 | Drills 4/0/12/0/0 | RTF heard 68% in tune 27% | Tuner heard 62% in tune 13% | Stay in Key heard 65% in key 5% | Choir World heard 85% of frames, held 0/2
   before #2 Pitch Match 14/0 | Drills 4/0/11/0/0 | RTF heard 71% in tune 20% | Tuner heard 65% in tune 15% | Stay in Key heard 67% in key 7% | Choir World heard 82% of frames, held 0/2
   after #2  Pitch Match 14/0 | Drills 3/0/9/0/0 | RTF heard 71% in tune 25% | Tuner heard 65% in tune 17% | Stay in Key heard 65% in key 5% | Choir World heard 83% of frames, held 0/2
   before #3 Pitch Match 14/0 | Drills 4/0/12/0/0 | RTF heard 66% in tune 21% | Tuner heard 62% in tune 16% | Stay in Key heard 64% in key 5% | Choir World heard 83% of frames, held 0/2
   after #3  Pitch Match 14/0 | Drills 2/0/10/0/0 | RTF heard 67% in tune 27% | Tuner heard 64% in tune 11% | Stay in Key heard 68% in key 7% | Choir World heard 83% of frames, held 0/2

== noise-realspeech-alice-10 (real)
   before #1 Pitch Match 0/20 | Drills 0/20/0/0/0 | RTF heard 56% in tune 14% | Tuner heard 55% in tune 8% | Stay in Key heard 58% in key 1% | Choir World heard 65% of frames, held 0/2
   after #1  Pitch Match 0/25 | Drills 0/26/1/0/0 | RTF heard 61% in tune 18% | Tuner heard 53% in tune 9% | Stay in Key heard 59% in key 1% | Choir World heard 64% of frames, held 0/2
   before #2 Pitch Match 0/22 | Drills 0/27/2/0/0 | RTF heard 60% in tune 14% | Tuner heard 54% in tune 7% | Stay in Key heard 64% in key 1% | Choir World heard 64% of frames, held 0/2
   after #2  Pitch Match 0/14 | Drills 0/23/0/0/0 | RTF heard 60% in tune 13% | Tuner heard 53% in tune 9% | Stay in Key heard 63% in key 1% | Choir World heard 66% of frames, held 0/2
   before #3 Pitch Match 0/22 | Drills 0/26/7/0/0 | RTF heard 62% in tune 13% | Tuner heard 55% in tune 9% | Stay in Key heard 65% in key 1% | Choir World heard 66% of frames, held 0/2
   after #3  Pitch Match 0/22 | Drills 0/23/0/0/0 | RTF heard 59% in tune 13% | Tuner heard 51% in tune 4% | Stay in Key heard 60% in key 1% | Choir World heard 65% of frames, held 0/2

== noise-realspeech-holmes-10 (real)
   before #1 Pitch Match 0/29 | Drills 0/13/20/22/40 | RTF heard 54% in tune 11% | Tuner heard 46% in tune 4% | Stay in Key heard 59% in key 9% | Choir World heard 60% of frames, held 2/2
   after #1  Pitch Match 0/30 | Drills 0/18/22/22/34 | RTF heard 54% in tune 7% | Tuner heard 48% in tune 4% | Stay in Key heard 61% in key 9% | Choir World heard 61% of frames, held 2/2
   before #2 Pitch Match 0/30 | Drills 0/26/24/28/32 | RTF heard 55% in tune 12% | Tuner heard 45% in tune 6% | Stay in Key heard 57% in key 7% | Choir World heard 60% of frames, held 2/2
   after #2  Pitch Match 0/31 | Drills 0/23/26/29/34 | RTF heard 54% in tune 11% | Tuner heard 46% in tune 4% | Stay in Key heard 58% in key 5% | Choir World heard 61% of frames, held 2/2
   before #3 Pitch Match 0/31 | Drills 0/14/22/21/30 | RTF heard 55% in tune 12% | Tuner heard 48% in tune 5% | Stay in Key heard 58% in key 6% | Choir World heard 60% of frames, held 2/2
   after #3  Pitch Match 0/31 | Drills 0/27/26/26/34 | RTF heard 56% in tune 9% | Tuner heard 48% in tune 3% | Stay in Key heard 59% in key 4% | Choir World heard 60% of frames, held 2/2

== noise-realtv-bonanza-a-10 (real)
   before #1 Pitch Match 0/0 | Drills 0/64/45/27/26 | RTF heard 37% in tune 4% | Tuner heard 46% in tune 5% | Stay in Key heard 44% in key 2% | Choir World heard 22% of frames, held 0/2
   after #1  Pitch Match 0/0 | Drills 0/64/46/27/29 | RTF heard 39% in tune 6% | Tuner heard 41% in tune 4% | Stay in Key heard 43% in key 3% | Choir World heard 22% of frames, held 0/2
   before #2 Pitch Match 0/3 | Drills 0/65/34/11/41 | RTF heard 39% in tune 4% | Tuner heard 39% in tune 6% | Stay in Key heard 44% in key 4% | Choir World heard 23% of frames, held 0/2
   after #2  Pitch Match 0/0 | Drills 0/65/43/21/33 | RTF heard 37% in tune 4% | Tuner heard 48% in tune 7% | Stay in Key heard 46% in key 4% | Choir World heard 21% of frames, held 0/2
   before #3 Pitch Match 0/0 | Drills 0/65/44/21/32 | RTF heard 37% in tune 7% | Tuner heard 45% in tune 4% | Stay in Key heard 42% in key 1% | Choir World heard 22% of frames, held 0/2
   after #3  Pitch Match 0/18 | Drills 0/64/47/14/33 | RTF heard 35% in tune 4% | Tuner heard 45% in tune 9% | Stay in Key heard 43% in key 4% | Choir World heard 22% of frames, held 0/2

== noise-realtv-bonanza-b-10 (real)
   before #1 Pitch Match 0/6 | Drills —/35/29/50/75 | RTF heard 53% in tune 12% | Tuner heard 8% in tune 2% | Stay in Key heard 30% in key 1% | Choir World heard 43% of frames, held 1/2
   after #1  Pitch Match 0/6 | Drills —/26/62/44/75 | RTF heard 53% in tune 8% | Tuner heard 8% in tune 3% | Stay in Key heard 28% in key 4% | Choir World heard 45% of frames, held 1/2
   before #2 Pitch Match 0/6 | Drills —/34/40/46/67 | RTF heard 50% in tune 4% | Tuner heard 8% in tune 1% | Stay in Key heard 28% in key 3% | Choir World heard 43% of frames, held 1/2
   after #2  Pitch Match 0/0 | Drills —/39/28/46/68 | RTF heard 50% in tune 6% | Tuner heard 10% in tune 2% | Stay in Key heard 25% in key 1% | Choir World heard 43% of frames, held 0/2
   before #3 Pitch Match 0/6 | Drills —/27/5/48/73 | RTF heard 47% in tune 9% | Tuner heard 9% in tune 2% | Stay in Key heard 29% in key 4% | Choir World heard 43% of frames, held 1/2
   after #3  Pitch Match 0/11 | Drills —/36/14/53/75 | RTF heard 50% in tune 9% | Tuner heard 6% in tune 2% | Stay in Key heard 30% in key 3% | Choir World heard 43% of frames, held 1/2

== sing-breathy-5 (soft)
   before #1 Pitch Match 0/0 | Drills 0/0/0/0/0 | RTF heard 96% in tune 32% | Tuner heard 94% in tune 23% | Stay in Key heard 84% in key 0% | Choir World heard 84% of frames, held 0/2
   after #1  Pitch Match 0/0 | Drills 0/0/0/0/0 | RTF heard 96% in tune 43% | Tuner heard 94% in tune 21% | Stay in Key heard 84% in key 1% | Choir World heard 84% of frames, held 0/2
   before #2 Pitch Match 0/0 | Drills 0/0/0/0/0 | RTF heard 96% in tune 38% | Tuner heard 94% in tune 25% | Stay in Key heard 84% in key 1% | Choir World heard 84% of frames, held 0/2
   after #2  Pitch Match 0/0 | Drills 0/0/0/0/0 | RTF heard 96% in tune 37% | Tuner heard 93% in tune 21% | Stay in Key heard 83% in key 0% | Choir World heard 84% of frames, held 0/2
   before #3 Pitch Match 0/0 | Drills 0/0/0/0/0 | RTF heard 96% in tune 36% | Tuner heard 93% in tune 23% | Stay in Key heard 83% in key 0% | Choir World heard 84% of frames, held 0/2
   after #3  Pitch Match 0/0 | Drills 0/0/0/0/0 | RTF heard 96% in tune 40% | Tuner heard 94% in tune 26% | Stay in Key heard 84% in key 1% | Choir World heard 83% of frames, held 0/2

== sing-breathy-562 (soft)
   before #1 Pitch Match 0/0 | Drills 0/0/0/0/0 | RTF heard 96% in tune 10% | Tuner heard 88% in tune 4% | Stay in Key heard 88% in key 0% | Choir World heard 90% of frames, held 0/2
   after #1  Pitch Match 0/0 | Drills 0/0/0/0/0 | RTF heard 97% in tune 11% | Tuner heard 88% in tune 8% | Stay in Key heard 88% in key 0% | Choir World heard 90% of frames, held 0/2
   before #2 Pitch Match 0/0 | Drills 0/0/0/0/0 | RTF heard 98% in tune 9% | Tuner heard 88% in tune 6% | Stay in Key heard 88% in key 0% | Choir World heard 90% of frames, held 0/2
   after #2  Pitch Match 0/0 | Drills 0/0/0/0/0 | RTF heard 96% in tune 11% | Tuner heard 88% in tune 8% | Stay in Key heard 88% in key 0% | Choir World heard 90% of frames, held 0/2
   before #3 Pitch Match 0/0 | Drills 0/0/0/0/0 | RTF heard 95% in tune 10% | Tuner heard 88% in tune 6% | Stay in Key heard 88% in key 0% | Choir World heard 90% of frames, held 0/2
   after #3  Pitch Match 0/0 | Drills 0/0/0/0/0 | RTF heard 96% in tune 11% | Tuner heard 88% in tune 7% | Stay in Key heard 88% in key 0% | Choir World heard 90% of frames, held 0/2

== sing-breathy-1197 (soft)
   before #1 Pitch Match 33/0 | Drills —/0/27/0/0 | RTF heard 94% in tune 27% | Tuner heard 87% in tune 15% | Stay in Key heard 74% in key 8% | Choir World heard 91% of frames, held 0/2
   after #1  Pitch Match 34/0 | Drills —/0/28/0/0 | RTF heard 94% in tune 32% | Tuner heard 88% in tune 13% | Stay in Key heard 74% in key 9% | Choir World heard 91% of frames, held 0/2
   before #2 Pitch Match 33/0 | Drills —/0/27/0/0 | RTF heard 94% in tune 29% | Tuner heard 88% in tune 14% | Stay in Key heard 74% in key 9% | Choir World heard 91% of frames, held 0/2
   after #2  Pitch Match 34/0 | Drills —/0/27/0/0 | RTF heard 94% in tune 32% | Tuner heard 88% in tune 17% | Stay in Key heard 74% in key 9% | Choir World heard 91% of frames, held 0/2
   before #3 Pitch Match 34/0 | Drills —/0/27/0/0 | RTF heard 94% in tune 27% | Tuner heard 88% in tune 14% | Stay in Key heard 75% in key 8% | Choir World heard 91% of frames, held 0/2
   after #3  Pitch Match 35/0 | Drills —/0/29/0/0 | RTF heard 94% in tune 32% | Tuner heard 89% in tune 14% | Stay in Key heard 74% in key 8% | Choir World heard 91% of frames, held 0/2

== sing-breathy-1743 (soft)
   before #1 Pitch Match 0/9 | Drills 0/0/0/11/0 | RTF heard 92% in tune 25% | Tuner heard 71% in tune 6% | Stay in Key heard 90% in key 6% | Choir World heard 72% of frames, held 0/2
   after #1  Pitch Match 0/9 | Drills 0/0/0/11/0 | RTF heard 93% in tune 25% | Tuner heard 71% in tune 2% | Stay in Key heard 90% in key 5% | Choir World heard 72% of frames, held 0/2
   before #2 Pitch Match 0/8 | Drills 0/0/0/10/0 | RTF heard 91% in tune 23% | Tuner heard 72% in tune 7% | Stay in Key heard 92% in key 6% | Choir World heard 72% of frames, held 0/2
ERROR locator.isVisible: Target page, context or browser has been closed
Call log:
[2m    - checking visibility of locator('#languageSelectOverlay [data-lang="en"]')[22m

    at withPage (/Users/alegramusenge/Documents/voxcoach-app/scripts/vq-verify/noisegate.js:86:90)
    at async /Users/alegramusenge/Documents/voxcoach-app/scripts/vq-verify/noisegate.js:228:23
