noisegate 2026-10-07T08-03-01  sides: before, after  before: master  target MIDI 57

== noise-white-10 (broadband)
   before #1 Pitch Match —/— | Drills —/—/—/—/— | RTF heard 0% in tune 0% | Tuner heard 0% in tune 0% | Stay in Key heard 0% in key 0% | Choir World heard 0% of frames, held 0/2
   after #1  Pitch Match —/— | Drills —/—/—/—/— | RTF heard 0% in tune 0% | Tuner heard 0% in tune 0% | Stay in Key heard 0% in key 0% | Choir World heard 0% of frames, held 0/2
   before #2 Pitch Match —/— | Drills —/—/—/—/— | RTF heard 0% in tune 0% | Tuner heard 0% in tune 0% | Stay in Key heard 0% in key 0% | Choir World heard 0% of frames, held 0/2
   after #2  Pitch Match —/— | Drills —/—/—/—/— | RTF heard 0% in tune 0% | Tuner heard 0% in tune 0% | Stay in Key heard 0% in key 0% | Choir World heard 0% of frames, held 0/2
   before #3 Pitch Match —/— | Drills —/—/—/—/— | RTF heard 0% in tune 0% | Tuner heard 0% in tune 0% | Stay in Key heard 0% in key 0% | Choir World heard 0% of frames, held 0/2
   after #3  Pitch Match —/— | Drills —/—/—/—/— | RTF heard 0% in tune 0% | Tuner heard 0% in tune 0% | Stay in Key heard 0% in key 0% | Choir World heard 0% of frames, held 0/2

== noise-pink-10 (broadband)
   before #1 Pitch Match —/0 | Drills 0/0/10/0/4 | RTF heard 59% in tune 10% | Tuner heard 0% in tune 0% | Stay in Key heard 11% in key 0% | Choir World heard 9% of frames, held 0/2
   after #1  Pitch Match —/0 | Drills 0/0/46/0/6 | RTF heard 60% in tune 11% | Tuner heard 0% in tune 0% | Stay in Key heard 12% in key 0% | Choir World heard 9% of frames, held 0/2
   before #2 Pitch Match —/0 | Drills 0/6/5/0/13 | RTF heard 58% in tune 11% | Tuner heard 0% in tune 0% | Stay in Key heard 11% in key 0% | Choir World heard 8% of frames, held 0/2
   after #2  Pitch Match —/0 | Drills 21/0/0/0/0 | RTF heard 53% in tune 13% | Tuner heard 0% in tune 0% | Stay in Key heard 12% in key 0% | Choir World heard 9% of frames, held 0/2
   before #3 Pitch Match —/0 | Drills 5/0/2/0/0 | RTF heard 63% in tune 11% | Tuner heard 0% in tune 0% | Stay in Key heard 13% in key 0% | Choir World heard 8% of frames, held 0/2
   after #3  Pitch Match —/0 | Drills 12/0/25/0/25 | RTF heard 53% in tune 14% | Tuner heard 0% in tune 0% | Stay in Key heard 12% in key 0% | Choir World heard 9% of frames, held 0/2

== noise-traffic-10 (broadband)
   before #1 Pitch Match —/— | Drills 3/0/0/0/25 | RTF heard 81% in tune 12% | Tuner heard 0% in tune 0% | Stay in Key heard 0% in key 0% | Choir World heard 0% of frames, held 0/2
   after #1  Pitch Match —/— | Drills 0/0/0/22/33 | RTF heard 81% in tune 20% | Tuner heard 0% in tune 0% | Stay in Key heard 0% in key 0% | Choir World heard 0% of frames, held 0/2
   before #2 Pitch Match —/— | Drills 21/0/0/0/25 | RTF heard 79% in tune 25% | Tuner heard 0% in tune 0% | Stay in Key heard 0% in key 0% | Choir World heard 0% of frames, held 0/2
   after #2  Pitch Match —/— | Drills 0/0/0/0/25 | RTF heard 79% in tune 20% | Tuner heard 0% in tune 0% | Stay in Key heard 0% in key 0% | Choir World heard 0% of frames, held 0/2
   before #3 Pitch Match —/— | Drills 16/0/0/0/23 | RTF heard 77% in tune 17% | Tuner heard 0% in tune 0% | Stay in Key heard 0% in key 0% | Choir World heard 0% of frames, held 0/2
   after #3  Pitch Match —/— | Drills 0/0/0/5/28 | RTF heard 79% in tune 12% | Tuner heard 0% in tune 0% | Stay in Key heard 0% in key 0% | Choir World heard 0% of frames, held 0/2

== noise-rumble-10 (broadband)
   before #1 Pitch Match —/— | Drills 0/0/0/—/— | RTF heard 4% in tune 0% | Tuner heard 0% in tune 0% | Stay in Key heard 0% in key 0% | Choir World heard 0% of frames, held 0/2
   after #1  Pitch Match —/— | Drills 0/0/0/—/— | RTF heard 9% in tune 0% | Tuner heard 0% in tune 0% | Stay in Key heard 0% in key 0% | Choir World heard 0% of frames, held 0/2
   before #2 Pitch Match —/— | Drills 0/0/0/—/— | RTF heard 8% in tune 0% | Tuner heard 0% in tune 0% | Stay in Key heard 0% in key 0% | Choir World heard 0% of frames, held 0/2
   after #2  Pitch Match —/— | Drills 0/0/0/—/— | RTF heard 12% in tune 0% | Tuner heard 0% in tune 0% | Stay in Key heard 0% in key 0% | Choir World heard 0% of frames, held 0/2
   before #3 Pitch Match —/— | Drills 0/0/0/—/— | RTF heard 4% in tune 0% | Tuner heard 0% in tune 0% | Stay in Key heard 0% in key 0% | Choir World heard 0% of frames, held 0/2
   after #3  Pitch Match —/— | Drills —/—/0/—/— | RTF heard 5% in tune 0% | Tuner heard 0% in tune 0% | Stay in Key heard 0% in key 0% | Choir World heard 0% of frames, held 0/2

== noise-babble-10 (voices)
   before #1 Pitch Match 11/14 | Drills 0/47/0/—/— | RTF heard 55% in tune 14% | Tuner heard 79% in tune 14% | Stay in Key heard 59% in key 1% | Choir World heard 67% of frames, held 0/2
   after #1  Pitch Match 12/22 | Drills 0/47/0/—/— | RTF heard 57% in tune 16% | Tuner heard 72% in tune 10% | Stay in Key heard 66% in key 0% | Choir World heard 69% of frames, held 0/2
   before #2 Pitch Match 7/4 | Drills 0/48/0/—/— | RTF heard 52% in tune 14% | Tuner heard 75% in tune 13% | Stay in Key heard 63% in key 1% | Choir World heard 67% of frames, held 0/2
   after #2  Pitch Match 6/4 | Drills 0/46/2/—/— | RTF heard 58% in tune 12% | Tuner heard 71% in tune 14% | Stay in Key heard 64% in key 1% | Choir World heard 65% of frames, held 0/2
   before #3 Pitch Match 8/15 | Drills 0/48/0/—/— | RTF heard 54% in tune 14% | Tuner heard 73% in tune 10% | Stay in Key heard 64% in key 1% | Choir World heard 67% of frames, held 0/2
   after #3  Pitch Match 14/4 | Drills 0/48/2/—/— | RTF heard 58% in tune 15% | Tuner heard 75% in tune 13% | Stay in Key heard 64% in key 1% | Choir World heard 66% of frames, held 0/2

== noise-talker-10 (voices)
   before #1 Pitch Match 13/0 | Drills 4/0/13/0/0 | RTF heard 51% in tune 8% | Tuner heard 61% in tune 8% | Stay in Key heard 49% in key 2% | Choir World heard 59% of frames, held 1/2
   after #1  Pitch Match 14/0 | Drills 4/0/10/0/0 | RTF heard 53% in tune 11% | Tuner heard 61% in tune 7% | Stay in Key heard 50% in key 2% | Choir World heard 59% of frames, held 1/2
   before #2 Pitch Match 16/0 | Drills 4/0/13/0/0 | RTF heard 52% in tune 5% | Tuner heard 60% in tune 10% | Stay in Key heard 50% in key 2% | Choir World heard 59% of frames, held 1/2
   after #2  Pitch Match 15/0 | Drills 4/0/11/0/0 | RTF heard 51% in tune 10% | Tuner heard 61% in tune 5% | Stay in Key heard 49% in key 1% | Choir World heard 60% of frames, held 1/2
   before #3 Pitch Match 13/0 | Drills 6/0/10/0/0 | RTF heard 52% in tune 10% | Tuner heard 58% in tune 8% | Stay in Key heard 48% in key 1% | Choir World heard 59% of frames, held 1/2
   after #3  Pitch Match 14/0 | Drills 5/0/9/0/0 | RTF heard 52% in tune 12% | Tuner heard 61% in tune 5% | Stay in Key heard 49% in key 3% | Choir World heard 59% of frames, held 1/2

== noise-tv-10 (voices)
   before #1 Pitch Match 14/0 | Drills 5/0/14/0/0 | RTF heard 68% in tune 22% | Tuner heard 64% in tune 13% | Stay in Key heard 68% in key 5% | Choir World heard 83% of frames, held 0/2
   after #1  Pitch Match 14/0 | Drills 4/0/11/0/0 | RTF heard 70% in tune 21% | Tuner heard 64% in tune 12% | Stay in Key heard 67% in key 5% | Choir World heard 83% of frames, held 0/2
   before #2 Pitch Match 14/0 | Drills 3/0/5/0/0 | RTF heard 68% in tune 21% | Tuner heard 63% in tune 14% | Stay in Key heard 67% in key 4% | Choir World heard 83% of frames, held 0/2
   after #2  Pitch Match 15/0 | Drills 1/0/12/0/0 | RTF heard 69% in tune 19% | Tuner heard 63% in tune 12% | Stay in Key heard 67% in key 6% | Choir World heard 84% of frames, held 0/2
   before #3 Pitch Match 13/0 | Drills 4/0/11/0/0 | RTF heard 67% in tune 22% | Tuner heard 61% in tune 14% | Stay in Key heard 66% in key 4% | Choir World heard 84% of frames, held 0/2
   after #3  Pitch Match 15/0 | Drills 4/0/10/0/0 | RTF heard 65% in tune 24% | Tuner heard 64% in tune 11% | Stay in Key heard 67% in key 4% | Choir World heard 83% of frames, held 0/2

== noise-realspeech-alice-10 (real)
   before #1 Pitch Match 0/21 | Drills 0/24/11/13/24 | RTF heard 58% in tune 14% | Tuner heard 53% in tune 4% | Stay in Key heard 62% in key 1% | Choir World heard 66% of frames, held 0/2
   after #1  Pitch Match 0/15 | Drills 0/20/0/23/0 | RTF heard 58% in tune 17% | Tuner heard 54% in tune 10% | Stay in Key heard 60% in key 2% | Choir World heard 64% of frames, held 0/2
   before #2 Pitch Match 0/22 | Drills 0/26/5/0/0 | RTF heard 60% in tune 15% | Tuner heard 55% in tune 7% | Stay in Key heard 62% in key 3% | Choir World heard 65% of frames, held 0/2
   after #2  Pitch Match 0/11 | Drills 0/24/12/0/0 | RTF heard 60% in tune 17% | Tuner heard 54% in tune 6% | Stay in Key heard 63% in key 1% | Choir World heard 65% of frames, held 0/2
   before #3 Pitch Match 0/20 | Drills 0/23/0/3/0 | RTF heard 57% in tune 20% | Tuner heard 52% in tune 7% | Stay in Key heard 63% in key 2% | Choir World heard 65% of frames, held 0/2
   after #3  Pitch Match 0/25 | Drills 8/16/0/1/0 | RTF heard 60% in tune 13% | Tuner heard 58% in tune 16% | Stay in Key heard 60% in key 1% | Choir World heard 64% of frames, held 0/2

== noise-realspeech-holmes-10 (real)
   before #1 Pitch Match 0/31 | Drills 0/15/28/25/37 | RTF heard 55% in tune 10% | Tuner heard 46% in tune 4% | Stay in Key heard 63% in key 11% | Choir World heard 61% of frames, held 2/2
   after #1  Pitch Match 0/28 | Drills 0/24/26/22/35 | RTF heard 56% in tune 8% | Tuner heard 46% in tune 5% | Stay in Key heard 59% in key 5% | Choir World heard 60% of frames, held 2/2
   before #2 Pitch Match 0/30 | Drills 0/18/21/28/39 | RTF heard 54% in tune 11% | Tuner heard 47% in tune 8% | Stay in Key heard 58% in key 7% | Choir World heard 61% of frames, held 2/2
   after #2  Pitch Match 0/31 | Drills 0/12/26/24/38 | RTF heard 52% in tune 11% | Tuner heard 47% in tune 7% | Stay in Key heard 60% in key 7% | Choir World heard 61% of frames, held 2/2
   before #3 Pitch Match 0/30 | Drills 0/22/22/25/33 | RTF heard 57% in tune 11% | Tuner heard 46% in tune 6% | Stay in Key heard 59% in key 3% | Choir World heard 61% of frames, held 2/2
   after #3  Pitch Match 0/32 | Drills 0/21/25/29/29 | RTF heard 56% in tune 13% | Tuner heard 46% in tune 4% | Stay in Key heard 58% in key 5% | Choir World heard 61% of frames, held 2/2

== noise-realtv-bonanza-a-10 (real)
   before #1 Pitch Match 0/0 | Drills 0/65/34/26/23 | RTF heard 37% in tune 6% | Tuner heard 41% in tune 5% | Stay in Key heard 47% in key 5% | Choir World heard 21% of frames, held 0/2
   after #1  Pitch Match 0/0 | Drills 0/65/43/24/35 | RTF heard 36% in tune 12% | Tuner heard 47% in tune 3% | Stay in Key heard 42% in key 4% | Choir World heard 22% of frames, held 0/2
   before #2 Pitch Match 0/0 | Drills 0/65/45/17/31 | RTF heard 35% in tune 4% | Tuner heard 41% in tune 9% | Stay in Key heard 40% in key 4% | Choir World heard 22% of frames, held 0/2
   after #2  Pitch Match 0/0 | Drills 0/65/32/18/34 | RTF heard 37% in tune 8% | Tuner heard 43% in tune 4% | Stay in Key heard 44% in key 4% | Choir World heard 22% of frames, held 0/2
   before #3 Pitch Match 0/0 | Drills 0/66/33/9/28 | RTF heard 38% in tune 3% | Tuner heard 42% in tune 6% | Stay in Key heard 39% in key 4% | Choir World heard 21% of frames, held 0/2
   after #3  Pitch Match 0/0 | Drills 0/66/36/17/33 | RTF heard 36% in tune 4% | Tuner heard 46% in tune 8% | Stay in Key heard 45% in key 2% | Choir World heard 23% of frames, held 0/2

== noise-realtv-bonanza-b-10 (real)
   before #1 Pitch Match 0/8 | Drills —/36/0/48/65 | RTF heard 48% in tune 8% | Tuner heard 8% in tune 1% | Stay in Key heard 31% in key 3% | Choir World heard 43% of frames, held 1/2
   after #1  Pitch Match 0/8 | Drills —/37/0/47/68 | RTF heard 50% in tune 10% | Tuner heard 8% in tune 2% | Stay in Key heard 27% in key 5% | Choir World heard 43% of frames, held 1/2
   before #2 Pitch Match 0/12 | Drills —/35/28/50/65 | RTF heard 44% in tune 7% | Tuner heard 6% in tune 0% | Stay in Key heard 27% in key 3% | Choir World heard 43% of frames, held 1/2
   after #2  Pitch Match 3/0 | Drills —/37/0/41/67 | RTF heard 50% in tune 12% | Tuner heard 8% in tune 2% | Stay in Key heard 30% in key 3% | Choir World heard 44% of frames, held 0/2
   before #3 Pitch Match 0/6 | Drills —/37/8/50/67 | RTF heard 47% in tune 4% | Tuner heard 6% in tune 2% | Stay in Key heard 30% in key 4% | Choir World heard 43% of frames, held 1/2
   after #3  Pitch Match 0/6 | Drills —/30/5/48/72 | RTF heard 50% in tune 7% | Tuner heard 7% in tune 2% | Stay in Key heard 33% in key 3% | Choir World heard 43% of frames, held 1/2

== sing-breathy-5 (soft)
   before #1 Pitch Match 0/0 | Drills 0/0/0/0/0 | RTF heard 96% in tune 37% | Tuner heard 93% in tune 21% | Stay in Key heard 84% in key 0% | Choir World heard 84% of frames, held 0/2
   after #1  Pitch Match 0/0 | Drills 0/0/0/0/0 | RTF heard 96% in tune 37% | Tuner heard 93% in tune 27% | Stay in Key heard 84% in key 0% | Choir World heard 84% of frames, held 0/2
   before #2 Pitch Match 0/0 | Drills 0/0/0/0/0 | RTF heard 97% in tune 43% | Tuner heard 93% in tune 26% | Stay in Key heard 84% in key 0% | Choir World heard 84% of frames, held 0/2
   after #2  Pitch Match 0/0 | Drills 0/0/0/0/0 | RTF heard 96% in tune 34% | Tuner heard 93% in tune 23% | Stay in Key heard 84% in key 0% | Choir World heard 84% of frames, held 0/2
   before #3 Pitch Match 0/0 | Drills 0/0/0/0/0 | RTF heard 96% in tune 35% | Tuner heard 93% in tune 16% | Stay in Key heard 84% in key 0% | Choir World heard 84% of frames, held 0/2
   after #3  Pitch Match 0/0 | Drills 0/0/0/0/0 | RTF heard 96% in tune 39% | Tuner heard 94% in tune 22% | Stay in Key heard 84% in key 0% | Choir World heard 83% of frames, held 0/2

== sing-breathy-562 (soft)
   before #1 Pitch Match 0/0 | Drills 0/0/0/0/0 | RTF heard 96% in tune 6% | Tuner heard 88% in tune 4% | Stay in Key heard 88% in key 0% | Choir World heard 90% of frames, held 0/2
   after #1  Pitch Match 0/0 | Drills 0/0/0/0/0 | RTF heard 95% in tune 8% | Tuner heard 88% in tune 4% | Stay in Key heard 88% in key 0% | Choir World heard 90% of frames, held 0/2
   before #2 Pitch Match 0/0 | Drills 0/0/0/0/0 | RTF heard 96% in tune 9% | Tuner heard 88% in tune 7% | Stay in Key heard 88% in key 0% | Choir World heard 90% of frames, held 0/2
   after #2  Pitch Match 0/0 | Drills 0/0/0/0/0 | RTF heard 96% in tune 11% | Tuner heard 89% in tune 4% | Stay in Key heard 88% in key 0% | Choir World heard 90% of frames, held 0/2
   before #3 Pitch Match 0/0 | Drills 0/0/0/0/0 | RTF heard 96% in tune 8% | Tuner heard 88% in tune 4% | Stay in Key heard 88% in key 1% | Choir World heard 90% of frames, held 0/2
   after #3  Pitch Match 0/0 | Drills 0/0/0/0/0 | RTF heard 97% in tune 6% | Tuner heard 88% in tune 5% | Stay in Key heard 89% in key 0% | Choir World heard 90% of frames, held 0/2

== sing-breathy-1197 (soft)
   before #1 Pitch Match 34/0 | Drills —/0/27/0/0 | RTF heard 94% in tune 29% | Tuner heard 88% in tune 16% | Stay in Key heard 74% in key 8% | Choir World heard 91% of frames, held 0/2
   after #1  Pitch Match 34/0 | Drills —/0/27/0/0 | RTF heard 94% in tune 28% | Tuner heard 88% in tune 14% | Stay in Key heard 74% in key 8% | Choir World heard 91% of frames, held 0/2
   before #2 Pitch Match 34/0 | Drills —/0/29/0/0 | RTF heard 94% in tune 27% | Tuner heard 89% in tune 14% | Stay in Key heard 74% in key 9% | Choir World heard 91% of frames, held 0/2
   after #2  Pitch Match 34/0 | Drills —/0/28/0/0 | RTF heard 94% in tune 31% | Tuner heard 88% in tune 17% | Stay in Key heard 74% in key 9% | Choir World heard 91% of frames, held 0/2
   before #3 Pitch Match 34/0 | Drills —/0/27/0/0 | RTF heard 94% in tune 29% | Tuner heard 88% in tune 17% | Stay in Key heard 74% in key 9% | Choir World heard 91% of frames, held 0/2
   after #3  Pitch Match 34/0 | Drills —/0/29/0/0 | RTF heard 94% in tune 29% | Tuner heard 88% in tune 11% | Stay in Key heard 73% in key 8% | Choir World heard 91% of frames, held 0/2

== sing-breathy-1743 (soft)
   before #1 Pitch Match 0/9 | Drills 0/0/0/11/0 | RTF heard 94% in tune 26% | Tuner heard 70% in tune 4% | Stay in Key heard 91% in key 5% | Choir World heard 72% of frames, held 0/2
   after #1  Pitch Match 0/9 | Drills 0/0/0/11/0 | RTF heard 95% in tune 23% | Tuner heard 71% in tune 7% | Stay in Key heard 90% in key 5% | Choir World heard 72% of frames, held 0/2
   before #2 Pitch Match 0/9 | Drills 0/0/0/11/0 | RTF heard 93% in tune 26% | Tuner heard 70% in tune 7% | Stay in Key heard 91% in key 5% | Choir World heard 72% of frames, held 0/2
   after #2  Pitch Match 0/8 | Drills 0/0/0/11/0 | RTF heard 94% in tune 26% | Tuner heard 71% in tune 6% | Stay in Key heard 90% in key 5% | Choir World heard 72% of frames, held 0/2
   before #3 Pitch Match 0/9 | Drills 0/0/0/11/0 | RTF heard 94% in tune 23% | Tuner heard 70% in tune 6% | Stay in Key heard 90% in key 5% | Choir World heard 72% of frames, held 0/2
   after #3  Pitch Match 0/9 | Drills 0/0/0/11/0 | RTF heard 96% in tune 21% | Tuner heard 71% in tune 6% | Stay in Key heard 91% in key 5% | Choir World heard 72% of frames, held 0/2

== sing-breathy-2353 (soft)
   before #1 Pitch Match 0/0 | Drills 0/0/0/0/0 | RTF heard 91% in tune 12% | Tuner heard 90% in tune 11% | Stay in Key heard 83% in key 0% | Choir World heard 87% of frames, held 0/2
   after #1  Pitch Match 0/0 | Drills 0/0/0/0/0 | RTF heard 91% in tune 13% | Tuner heard 91% in tune 7% | Stay in Key heard 84% in key 0% | Choir World heard 87% of frames, held 0/2
   before #2 Pitch Match 0/0 | Drills 0/0/0/0/0 | RTF heard 91% in tune 11% | Tuner heard 90% in tune 8% | Stay in Key heard 83% in key 0% | Choir World heard 87% of frames, held 0/2
   after #2  Pitch Match 0/0 | Drills 0/0/0/0/0 | RTF heard 91% in tune 14% | Tuner heard 90% in tune 10% | Stay in Key heard 84% in key 0% | Choir World heard 87% of frames, held 0/2
   before #3 Pitch Match 0/0 | Drills 0/0/0/0/0 | RTF heard 92% in tune 16% | Tuner heard 90% in tune 12% | Stay in Key heard 84% in key 0% | Choir World heard 87% of frames, held 0/2
   after #3  Pitch Match 0/0 | Drills 0/0/0/0/0 | RTF heard 92% in tune 14% | Tuner heard 89% in tune 6% | Stay in Key heard 84% in key 0% | Choir World heard 87% of frames, held 0/2

== sing-breathy-3002 (soft)
   before #1 Pitch Match 30/0 | Drills —/0/13/—/— | RTF heard 100% in tune 10% | Tuner heard 95% in tune 12% | Stay in Key heard 58% in key 0% | Choir World heard 85% of frames, held 0/2
   after #1  Pitch Match 30/0 | Drills —/0/12/—/— | RTF heard 100% in tune 14% | Tuner heard 95% in tune 9% | Stay in Key heard 60% in key 0% | Choir World heard 82% of frames, held 0/2
   before #2 Pitch Match 30/0 | Drills —/0/13/—/— | RTF heard 100% in tune 12% | Tuner heard 95% in tune 11% | Stay in Key heard 59% in key 0% | Choir World heard 83% of frames, held 0/2
   after #2  Pitch Match 30/0 | Drills —/0/12/—/— | RTF heard 100% in tune 16% | Tuner heard 95% in tune 7% | Stay in Key heard 59% in key 0% | Choir World heard 83% of frames, held 0/2
   before #3 Pitch Match 30/0 | Drills —/0/11/—/— | RTF heard 100% in tune 14% | Tuner heard 95% in tune 11% | Stay in Key heard 61% in key 0% | Choir World heard 82% of frames, held 0/2
   after #3  Pitch Match 30/0 | Drills —/0/13/—/— | RTF heard 100% in tune 12% | Tuner heard 95% in tune 12% | Stay in Key heard 60% in key 0% | Choir World heard 83% of frames, held 0/2

== sing-pp-92 (soft)
   before #1 Pitch Match 0/0 | Drills —/0/0/0/0 | RTF heard 11% in tune 6% | Tuner heard 70% in tune 16% | Stay in Key heard 60% in key 0% | Choir World heard 73% of frames, held 0/2
   after #1  Pitch Match 0/0 | Drills —/0/0/0/0 | RTF heard 11% in tune 4% | Tuner heard 71% in tune 23% | Stay in Key heard 62% in key 0% | Choir World heard 72% of frames, held 0/2
   before #2 Pitch Match 0/0 | Drills —/0/0/0/0 | RTF heard 13% in tune 9% | Tuner heard 70% in tune 24% | Stay in Key heard 60% in key 0% | Choir World heard 72% of frames, held 0/2
   after #2  Pitch Match 0/0 | Drills —/0/0/0/0 | RTF heard 11% in tune 6% | Tuner heard 70% in tune 22% | Stay in Key heard 58% in key 0% | Choir World heard 72% of frames, held 0/2
   before #3 Pitch Match 0/0 | Drills —/0/0/0/0 | RTF heard 11% in tune 2% | Tuner heard 70% in tune 18% | Stay in Key heard 59% in key 0% | Choir World heard 72% of frames, held 0/2
   after #3  Pitch Match 0/0 | Drills —/0/0/0/0 | RTF heard 12% in tune 7% | Tuner heard 70% in tune 21% | Stay in Key heard 59% in key 0% | Choir World heard 72% of frames, held 0/2

== sing-pp-646 (soft)
   before #1 Pitch Match 0/0 | Drills 0/0/0/0/0 | RTF heard 80% in tune 46% | Tuner heard 71% in tune 27% | Stay in Key heard 53% in key 0% | Choir World heard 80% of frames, held 0/2
   after #1  Pitch Match 0/0 | Drills 0/0/0/0/0 | RTF heard 80% in tune 48% | Tuner heard 70% in tune 25% | Stay in Key heard 53% in key 0% | Choir World heard 80% of frames, held 0/2
   before #2 Pitch Match 0/0 | Drills 0/0/0/0/0 | RTF heard 81% in tune 48% | Tuner heard 70% in tune 29% | Stay in Key heard 52% in key 0% | Choir World heard 78% of frames, held 0/2
   after #2  Pitch Match 0/0 | Drills 0/0/0/0/0 | RTF heard 80% in tune 47% | Tuner heard 70% in tune 24% | Stay in Key heard 52% in key 0% | Choir World heard 80% of frames, held 0/2
   before #3 Pitch Match 0/0 | Drills 0/0/0/0/0 | RTF heard 80% in tune 45% | Tuner heard 70% in tune 28% | Stay in Key heard 52% in key 0% | Choir World heard 80% of frames, held 0/2
   after #3  Pitch Match 0/0 | Drills 0/0/0/0/0 | RTF heard 78% in tune 44% | Tuner heard 70% in tune 27% | Stay in Key heard 52% in key 0% | Choir World heard 78% of frames, held 0/2

== sing-pp-1717 (soft)
   before #1 Pitch Match 0/0 | Drills 0/0/—/0/0 | RTF heard 90% in tune 4% | Tuner heard 75% in tune 2% | Stay in Key heard 79% in key 0% | Choir World heard 96% of frames, held 0/2
   after #1  Pitch Match 0/0 | Drills 0/0/—/0/0 | RTF heard 90% in tune 4% | Tuner heard 74% in tune 1% | Stay in Key heard 79% in key 0% | Choir World heard 96% of frames, held 0/2
   before #2 Pitch Match 0/0 | Drills 0/0/—/0/0 | RTF heard 91% in tune 2% | Tuner heard 75% in tune 4% | Stay in Key heard 79% in key 0% | Choir World heard 96% of frames, held 0/2
   after #2  Pitch Match 0/0 | Drills 0/0/—/0/0 | RTF heard 91% in tune 1% | Tuner heard 75% in tune 4% | Stay in Key heard 79% in key 0% | Choir World heard 96% of frames, held 0/2
   before #3 Pitch Match 0/0 | Drills 0/0/—/0/0 | RTF heard 91% in tune 2% | Tuner heard 74% in tune 1% | Stay in Key heard 80% in key 0% | Choir World heard 96% of frames, held 0/2
   after #3  Pitch Match 0/0 | Drills 0/0/—/0/0 | RTF heard 91% in tune 3% | Tuner heard 73% in tune 4% | Stay in Key heard 79% in key 0% | Choir World heard 96% of frames, held 0/2

== sing-pp-2977 (soft)
   before #1 Pitch Match 0/— | Drills 0/0/0/—/— | RTF heard 81% in tune 3% | Tuner heard 67% in tune 23% | Stay in Key heard 81% in key 0% | Choir World heard 65% of frames, held 0/2
   after #1  Pitch Match 0/— | Drills 0/0/0/—/— | RTF heard 80% in tune 3% | Tuner heard 67% in tune 24% | Stay in Key heard 80% in key 0% | Choir World heard 65% of frames, held 0/2
   before #2 Pitch Match 0/— | Drills 0/0/0/—/— | RTF heard 81% in tune 4% | Tuner heard 68% in tune 25% | Stay in Key heard 81% in key 0% | Choir World heard 65% of frames, held 0/2
   after #2  Pitch Match 0/— | Drills 0/0/0/—/— | RTF heard 81% in tune 4% | Tuner heard 68% in tune 22% | Stay in Key heard 81% in key 0% | Choir World heard 65% of frames, held 0/2
   before #3 Pitch Match 0/— | Drills 0/0/0/—/— | RTF heard 80% in tune 4% | Tuner heard 67% in tune 21% | Stay in Key heard 81% in key 0% | Choir World heard 65% of frames, held 0/2
   after #3  Pitch Match 0/— | Drills 0/0/0/—/— | RTF heard 81% in tune 4% | Tuner heard 68% in tune 22% | Stay in Key heard 81% in key 0% | Choir World heard 65% of frames, held 0/2

== mix-breathy-1197-white-10 (soft)
   before #1 Pitch Match 33/0 | Drills —/0/28/0/0 | RTF heard 94% in tune 32% | Tuner heard 83% in tune 13% | Stay in Key heard 74% in key 8% | Choir World heard 91% of frames, held 0/2
   after #1  Pitch Match 32/0 | Drills —/0/27/0/0 | RTF heard 94% in tune 27% | Tuner heard 82% in tune 16% | Stay in Key heard 73% in key 7% | Choir World heard 91% of frames, held 0/2
   before #2 Pitch Match 34/0 | Drills —/0/26/0/0 | RTF heard 94% in tune 28% | Tuner heard 82% in tune 14% | Stay in Key heard 74% in key 7% | Choir World heard 91% of frames, held 0/2
   after #2  Pitch Match 32/2 | Drills —/0/27/0/0 | RTF heard 94% in tune 26% | Tuner heard 82% in tune 16% | Stay in Key heard 75% in key 9% | Choir World heard 91% of frames, held 0/2
   before #3 Pitch Match 32/0 | Drills —/0/28/0/0 | RTF heard 94% in tune 25% | Tuner heard 83% in tune 14% | Stay in Key heard 74% in key 8% | Choir World heard 91% of frames, held 0/2
   after #3  Pitch Match 34/0 | Drills —/0/27/0/0 | RTF heard 94% in tune 30% | Tuner heard 82% in tune 14% | Stay in Key heard 74% in key 7% | Choir World heard 91% of frames, held 0/2

== mix-breathy-1743-traffic-10 (soft)
   before #1 Pitch Match 0/8 | Drills 0/0/0/11/0 | RTF heard 98% in tune 27% | Tuner heard 70% in tune 5% | Stay in Key heard 90% in key 6% | Choir World heard 69% of frames, held 0/2
   after #1  Pitch Match 0/9 | Drills 0/0/0/10/0 | RTF heard 99% in tune 24% | Tuner heard 71% in tune 6% | Stay in Key heard 90% in key 7% | Choir World heard 70% of frames, held 0/2
   before #2 Pitch Match 0/9 | Drills 0/0/0/11/0 | RTF heard 99% in tune 24% | Tuner heard 71% in tune 6% | Stay in Key heard 91% in key 5% | Choir World heard 70% of frames, held 0/2
   after #2  Pitch Match 0/8 | Drills 0/0/0/11/0 | RTF heard 99% in tune 26% | Tuner heard 72% in tune 7% | Stay in Key heard 90% in key 5% | Choir World heard 70% of frames, held 0/2
   before #3 Pitch Match 0/9 | Drills 0/0/0/11/0 | RTF heard 97% in tune 24% | Tuner heard 71% in tune 2% | Stay in Key heard 90% in key 6% | Choir World heard 70% of frames, held 0/2
   after #3  Pitch Match 0/9 | Drills 0/0/0/11/0 | RTF heard 98% in tune 26% | Tuner heard 70% in tune 4% | Stay in Key heard 91% in key 7% | Choir World heard 69% of frames, held 0/2

== mix-breathy-3002-talker-10 (soft)
   before #1 Pitch Match 31/0 | Drills 0/0/13/0/0 | RTF heard 100% in tune 18% | Tuner heard 85% in tune 10% | Stay in Key heard 66% in key 0% | Choir World heard 87% of frames, held 0/2
   after #1  Pitch Match 31/0 | Drills 0/0/12/0/0 | RTF heard 100% in tune 14% | Tuner heard 87% in tune 11% | Stay in Key heard 67% in key 0% | Choir World heard 85% of frames, held 0/2
   before #2 Pitch Match 32/0 | Drills —/0/11/0/0 | RTF heard 100% in tune 18% | Tuner heard 87% in tune 9% | Stay in Key heard 68% in key 1% | Choir World heard 86% of frames, held 0/2
   after #2  Pitch Match 32/0 | Drills 0/0/12/0/0 | RTF heard 100% in tune 17% | Tuner heard 87% in tune 9% | Stay in Key heard 68% in key 1% | Choir World heard 86% of frames, held 0/2
   before #3 Pitch Match 31/0 | Drills 0/0/12/0/0 | RTF heard 100% in tune 14% | Tuner heard 86% in tune 9% | Stay in Key heard 69% in key 0% | Choir World heard 85% of frames, held 0/2
   after #3  Pitch Match 33/0 | Drills —/0/12/0/0 | RTF heard 100% in tune 16% | Tuner heard 86% in tune 8% | Stay in Key heard 70% in key 1% | Choir World heard 85% of frames, held 0/2

==== Regression: passes on master and fails on the branch, or moves past the tolerance the wrong way (blocks a deploy)
REGRESSION noise-rumble-10 rtfVoiced: master 4/8/4 (median 4, spread 4) → branch 9/12/5 (median 9) · no pitch in it: heard on ≤5% of frames

==== Fixed: fails on master and passes on the branch, or moves past the tolerance the right way
FIXED noise-pink-10 rtfVoiced: master 59/58/63 (median 59, spread 5) → branch 60/53/53 (median 53), change -6 (±5) · noise alone: must not get worse past the tolerance

==== Already failing: fails on master and on the branch (not caused by the branch)
ALREADY noise-pink-10 rtfVoiced: master 59/58/63 (median 59, spread 5) → branch 60/53/53 (median 53) · no pitch in it: heard on ≤5% of frames
ALREADY noise-pink-10 skVoiced: master 11/11/13 (median 11, spread 2) → branch 12/12/12 (median 12) · no pitch in it: heard on ≤5% of frames
ALREADY noise-pink-10 cwFrames: master 9/8/8 (median 8, spread 1) → branch 9/9/9 (median 9) · no pitch in it: heard on ≤5% of frames
ALREADY noise-pink-10 scores: Pitch Match scored 1/1/1 → 1/1/1, Drills heard 5/5/5 → 5/5/5, Choir held 0/0/0 → 0/0/0 · nothing may be scored or held (medians)
ALREADY noise-traffic-10 rtfVoiced: master 81/79/77 (median 79, spread 4) → branch 81/79/79 (median 79) · no pitch in it: heard on ≤5% of frames
ALREADY noise-traffic-10 scores: Pitch Match scored 0/0/0 → 0/0/0, Drills heard 5/5/5 → 5/5/5, Choir held 0/0/0 → 0/0/0 · nothing may be scored or held (medians)
ALREADY noise-rumble-10 scores: Pitch Match scored 0/0/0 → 0/0/0, Drills heard 3/3/3 → 3/3/1, Choir held 0/0/0 → 0/0/0 · nothing may be scored or held (medians)

==== VERDICT (regress, 3 runs per side, medians): 1 regression(s), 1 fixed, 7 already failing, 151 passed
pass noise-white-10 rtfVoiced: master 0/0/0 (median 0, spread 0) → branch 0/0/0 (median 0) · no pitch in it: heard on ≤5% of frames
pass noise-white-10 tunerVoiced: master 0/0/0 (median 0, spread 0) → branch 0/0/0 (median 0) · no pitch in it: heard on ≤5% of frames
pass noise-white-10 skVoiced: master 0/0/0 (median 0, spread 0) → branch 0/0/0 (median 0) · no pitch in it: heard on ≤5% of frames
pass noise-white-10 cwFrames: master 0/0/0 (median 0, spread 0) → branch 0/0/0 (median 0) · no pitch in it: heard on ≤5% of frames
pass noise-white-10 scores: Pitch Match scored 0/0/0 → 0/0/0, Drills heard 0/0/0 → 0/0/0, Choir held 0/0/0 → 0/0/0 · nothing may be scored or held (medians)
pass noise-white-10 rtfVoiced: master 0/0/0 (median 0, spread 0) → branch 0/0/0 (median 0), change 0 (±5) · noise alone: must not get worse past the tolerance
pass noise-white-10 tunerVoiced: master 0/0/0 (median 0, spread 0) → branch 0/0/0 (median 0), change 0 (±5) · noise alone: must not get worse past the tolerance
pass noise-white-10 skVoiced: master 0/0/0 (median 0, spread 0) → branch 0/0/0 (median 0), change 0 (±5) · noise alone: must not get worse past the tolerance
pass noise-white-10 cwFrames: master 0/0/0 (median 0, spread 0) → branch 0/0/0 (median 0), change 0 (±5) · noise alone: must not get worse past the tolerance
pass noise-white-10 rtfInTune: master 0/0/0 (median 0, spread 0) → branch 0/0/0 (median 0), change 0 (±5) · noise alone: must not get worse past the tolerance
pass noise-white-10 tunerInTune: master 0/0/0 (median 0, spread 0) → branch 0/0/0 (median 0), change 0 (±5) · noise alone: must not get worse past the tolerance
pass noise-white-10 skInKey: master 0/0/0 (median 0, spread 0) → branch 0/0/0 (median 0), change 0 (±5) · noise alone: must not get worse past the tolerance
pass noise-white-10 Choir World held: master 0/0/0 (median 0, spread 0) → branch 0/0/0 (median 0), change 0 (±0) · noise alone: the median held count must not rise past master's own spread
pass noise-pink-10 tunerVoiced: master 0/0/0 (median 0, spread 0) → branch 0/0/0 (median 0) · no pitch in it: heard on ≤5% of frames
pass noise-pink-10 tunerVoiced: master 0/0/0 (median 0, spread 0) → branch 0/0/0 (median 0), change 0 (±5) · noise alone: must not get worse past the tolerance
pass noise-pink-10 skVoiced: master 11/11/13 (median 11, spread 2) → branch 12/12/12 (median 12), change +1 (±5) · noise alone: must not get worse past the tolerance
pass noise-pink-10 cwFrames: master 9/8/8 (median 8, spread 1) → branch 9/9/9 (median 9), change +1 (±5) · noise alone: must not get worse past the tolerance
pass noise-pink-10 rtfInTune: master 10/11/11 (median 11, spread 1) → branch 11/13/14 (median 13), change +2 (±5) · noise alone: must not get worse past the tolerance
pass noise-pink-10 tunerInTune: master 0/0/0 (median 0, spread 0) → branch 0/0/0 (median 0), change 0 (±5) · noise alone: must not get worse past the tolerance
pass noise-pink-10 skInKey: master 0/0/0 (median 0, spread 0) → branch 0/0/0 (median 0), change 0 (±5) · noise alone: must not get worse past the tolerance
pass noise-pink-10 Choir World held: master 0/0/0 (median 0, spread 0) → branch 0/0/0 (median 0), change 0 (±0) · noise alone: the median held count must not rise past master's own spread
pass noise-traffic-10 tunerVoiced: master 0/0/0 (median 0, spread 0) → branch 0/0/0 (median 0) · no pitch in it: heard on ≤5% of frames
pass noise-traffic-10 skVoiced: master 0/0/0 (median 0, spread 0) → branch 0/0/0 (median 0) · no pitch in it: heard on ≤5% of frames
pass noise-traffic-10 cwFrames: master 0/0/0 (median 0, spread 0) → branch 0/0/0 (median 0) · no pitch in it: heard on ≤5% of frames
pass noise-traffic-10 rtfVoiced: master 81/79/77 (median 79, spread 4) → branch 81/79/79 (median 79), change 0 (±5) · noise alone: must not get worse past the tolerance
pass noise-traffic-10 tunerVoiced: master 0/0/0 (median 0, spread 0) → branch 0/0/0 (median 0), change 0 (±5) · noise alone: must not get worse past the tolerance
pass noise-traffic-10 skVoiced: master 0/0/0 (median 0, spread 0) → branch 0/0/0 (median 0), change 0 (±5) · noise alone: must not get worse past the tolerance
pass noise-traffic-10 cwFrames: master 0/0/0 (median 0, spread 0) → branch 0/0/0 (median 0), change 0 (±5) · noise alone: must not get worse past the tolerance
pass noise-traffic-10 rtfInTune: master 12/25/17 (median 17, spread 13) → branch 20/20/12 (median 20), change +3 (±10) · noise alone: must not get worse past the tolerance
pass noise-traffic-10 tunerInTune: master 0/0/0 (median 0, spread 0) → branch 0/0/0 (median 0), change 0 (±5) · noise alone: must not get worse past the tolerance
pass noise-traffic-10 skInKey: master 0/0/0 (median 0, spread 0) → branch 0/0/0 (median 0), change 0 (±5) · noise alone: must not get worse past the tolerance
pass noise-traffic-10 Choir World held: master 0/0/0 (median 0, spread 0) → branch 0/0/0 (median 0), change 0 (±0) · noise alone: the median held count must not rise past master's own spread
pass noise-rumble-10 tunerVoiced: master 0/0/0 (median 0, spread 0) → branch 0/0/0 (median 0) · no pitch in it: heard on ≤5% of frames
pass noise-rumble-10 skVoiced: master 0/0/0 (median 0, spread 0) → branch 0/0/0 (median 0) · no pitch in it: heard on ≤5% of frames
pass noise-rumble-10 cwFrames: master 0/0/0 (median 0, spread 0) → branch 0/0/0 (median 0) · no pitch in it: heard on ≤5% of frames
pass noise-rumble-10 rtfVoiced: master 4/8/4 (median 4, spread 4) → branch 9/12/5 (median 9), change +5 (±5) · noise alone: must not get worse past the tolerance
pass noise-rumble-10 tunerVoiced: master 0/0/0 (median 0, spread 0) → branch 0/0/0 (median 0), change 0 (±5) · noise alone: must not get worse past the tolerance
pass noise-rumble-10 skVoiced: master 0/0/0 (median 0, spread 0) → branch 0/0/0 (median 0), change 0 (±5) · noise alone: must not get worse past the tolerance
pass noise-rumble-10 cwFrames: master 0/0/0 (median 0, spread 0) → branch 0/0/0 (median 0), change 0 (±5) · noise alone: must not get worse past the tolerance
pass noise-rumble-10 rtfInTune: master 0/0/0 (median 0, spread 0) → branch 0/0/0 (median 0), change 0 (±5) · noise alone: must not get worse past the tolerance
pass noise-rumble-10 tunerInTune: master 0/0/0 (median 0, spread 0) → branch 0/0/0 (median 0), change 0 (±5) · noise alone: must not get worse past the tolerance
pass noise-rumble-10 skInKey: master 0/0/0 (median 0, spread 0) → branch 0/0/0 (median 0), change 0 (±5) · noise alone: must not get worse past the tolerance
pass noise-rumble-10 Choir World held: master 0/0/0 (median 0, spread 0) → branch 0/0/0 (median 0), change 0 (±0) · noise alone: the median held count must not rise past master's own spread
pass noise-babble-10 rtfVoiced: master 55/52/54 (median 54, spread 3) → branch 57/58/58 (median 58), change +4 (±5) · noise alone: must not get worse past the tolerance
pass noise-babble-10 tunerVoiced: master 79/75/73 (median 75, spread 6) → branch 72/71/75 (median 72), change -3 (±6) · noise alone: must not get worse past the tolerance
pass noise-babble-10 skVoiced: master 59/63/64 (median 63, spread 5) → branch 66/64/64 (median 64), change +1 (±5) · noise alone: must not get worse past the tolerance
pass noise-babble-10 cwFrames: master 67/67/67 (median 67, spread 0) → branch 69/65/66 (median 66), change -1 (±5) · noise alone: must not get worse past the tolerance
pass noise-babble-10 rtfInTune: master 14/14/14 (median 14, spread 0) → branch 16/12/15 (median 15), change +1 (±5) · noise alone: must not get worse past the tolerance
pass noise-babble-10 tunerInTune: master 14/13/10 (median 13, spread 4) → branch 10/14/13 (median 13), change 0 (±5) · noise alone: must not get worse past the tolerance
pass noise-babble-10 skInKey: master 1/1/1 (median 1, spread 0) → branch 0/1/1 (median 1), change 0 (±5) · noise alone: must not get worse past the tolerance
pass noise-babble-10 Choir World held: master 0/0/0 (median 0, spread 0) → branch 0/0/0 (median 0), change 0 (±0) · noise alone: the median held count must not rise past master's own spread
pass noise-talker-10 rtfVoiced: master 51/52/52 (median 52, spread 1) → branch 53/51/52 (median 52), change 0 (±5) · noise alone: must not get worse past the tolerance
pass noise-talker-10 tunerVoiced: master 61/60/58 (median 60, spread 3) → branch 61/61/61 (median 61), change +1 (±5) · noise alone: must not get worse past the tolerance
pass noise-talker-10 skVoiced: master 49/50/48 (median 49, spread 2) → branch 50/49/49 (median 49), change 0 (±5) · noise alone: must not get worse past the tolerance
pass noise-talker-10 cwFrames: master 59/59/59 (median 59, spread 0) → branch 59/60/59 (median 59), change 0 (±5) · noise alone: must not get worse past the tolerance
pass noise-talker-10 rtfInTune: master 8/5/10 (median 8, spread 5) → branch 11/10/12 (median 11), change +3 (±5) · noise alone: must not get worse past the tolerance
pass noise-talker-10 tunerInTune: master 8/10/8 (median 8, spread 2) → branch 7/5/5 (median 5), change -3 (±5) · noise alone: must not get worse past the tolerance
pass noise-talker-10 skInKey: master 2/2/1 (median 2, spread 1) → branch 2/1/3 (median 2), change 0 (±5) · noise alone: must not get worse past the tolerance
pass noise-talker-10 Choir World held: master 1/1/1 (median 1, spread 0) → branch 1/1/1 (median 1), change 0 (±0) · noise alone: the median held count must not rise past master's own spread
pass noise-tv-10 rtfVoiced: master 68/68/67 (median 68, spread 1) → branch 70/69/65 (median 69), change +1 (±5) · noise alone: must not get worse past the tolerance
pass noise-tv-10 tunerVoiced: master 64/63/61 (median 63, spread 3) → branch 64/63/64 (median 64), change +1 (±5) · noise alone: must not get worse past the tolerance
pass noise-tv-10 skVoiced: master 68/67/66 (median 67, spread 2) → branch 67/67/67 (median 67), change 0 (±5) · noise alone: must not get worse past the tolerance
pass noise-tv-10 cwFrames: master 83/83/84 (median 83, spread 1) → branch 83/84/83 (median 83), change 0 (±5) · noise alone: must not get worse past the tolerance
pass noise-tv-10 rtfInTune: master 22/21/22 (median 22, spread 1) → branch 21/19/24 (median 21), change -1 (±5) · noise alone: must not get worse past the tolerance
pass noise-tv-10 tunerInTune: master 13/14/14 (median 14, spread 1) → branch 12/12/11 (median 12), change -2 (±5) · noise alone: must not get worse past the tolerance
pass noise-tv-10 skInKey: master 5/4/4 (median 4, spread 1) → branch 5/6/4 (median 5), change +1 (±5) · noise alone: must not get worse past the tolerance
pass noise-tv-10 Choir World held: master 0/0/0 (median 0, spread 0) → branch 0/0/0 (median 0), change 0 (±0) · noise alone: the median held count must not rise past master's own spread
pass noise-realspeech-alice-10 rtfVoiced: master 58/60/57 (median 58, spread 3) → branch 58/60/60 (median 60), change +2 (±5) · noise alone: must not get worse past the tolerance
pass noise-realspeech-alice-10 tunerVoiced: master 53/55/52 (median 53, spread 3) → branch 54/54/58 (median 54), change +1 (±5) · noise alone: must not get worse past the tolerance
pass noise-realspeech-alice-10 skVoiced: master 62/62/63 (median 62, spread 1) → branch 60/63/60 (median 60), change -2 (±5) · noise alone: must not get worse past the tolerance
pass noise-realspeech-alice-10 cwFrames: master 66/65/65 (median 65, spread 1) → branch 64/65/64 (median 64), change -1 (±5) · noise alone: must not get worse past the tolerance
pass noise-realspeech-alice-10 rtfInTune: master 14/15/20 (median 15, spread 6) → branch 17/17/13 (median 17), change +2 (±6) · noise alone: must not get worse past the tolerance
pass noise-realspeech-alice-10 tunerInTune: master 4/7/7 (median 7, spread 3) → branch 10/6/16 (median 10), change +3 (±5) · noise alone: must not get worse past the tolerance
pass noise-realspeech-alice-10 skInKey: master 1/3/2 (median 2, spread 2) → branch 2/1/1 (median 1), change -1 (±5) · noise alone: must not get worse past the tolerance
pass noise-realspeech-alice-10 Choir World held: master 0/0/0 (median 0, spread 0) → branch 0/0/0 (median 0), change 0 (±0) · noise alone: the median held count must not rise past master's own spread
pass noise-realspeech-holmes-10 rtfVoiced: master 55/54/57 (median 55, spread 3) → branch 56/52/56 (median 56), change +1 (±5) · noise alone: must not get worse past the tolerance
pass noise-realspeech-holmes-10 tunerVoiced: master 46/47/46 (median 46, spread 1) → branch 46/47/46 (median 46), change 0 (±5) · noise alone: must not get worse past the tolerance
pass noise-realspeech-holmes-10 skVoiced: master 63/58/59 (median 59, spread 5) → branch 59/60/58 (median 59), change 0 (±5) · noise alone: must not get worse past the tolerance
pass noise-realspeech-holmes-10 cwFrames: master 61/61/61 (median 61, spread 0) → branch 60/61/61 (median 61), change 0 (±5) · noise alone: must not get worse past the tolerance
pass noise-realspeech-holmes-10 rtfInTune: master 10/11/11 (median 11, spread 1) → branch 8/11/13 (median 11), change 0 (±5) · noise alone: must not get worse past the tolerance
pass noise-realspeech-holmes-10 tunerInTune: master 4/8/6 (median 6, spread 4) → branch 5/7/4 (median 5), change -1 (±5) · noise alone: must not get worse past the tolerance
pass noise-realspeech-holmes-10 skInKey: master 11/7/3 (median 7, spread 8) → branch 5/7/5 (median 5), change -2 (±8) · noise alone: must not get worse past the tolerance
pass noise-realspeech-holmes-10 Choir World held: master 2/2/2 (median 2, spread 0) → branch 2/2/2 (median 2), change 0 (±0) · noise alone: the median held count must not rise past master's own spread
pass noise-realtv-bonanza-a-10 rtfVoiced: master 37/35/38 (median 37, spread 3) → branch 36/37/36 (median 36), change -1 (±5) · noise alone: must not get worse past the tolerance
pass noise-realtv-bonanza-a-10 tunerVoiced: master 41/41/42 (median 41, spread 1) → branch 47/43/46 (median 46), change +5 (±5) · noise alone: must not get worse past the tolerance
pass noise-realtv-bonanza-a-10 skVoiced: master 47/40/39 (median 40, spread 8) → branch 42/44/45 (median 44), change +4 (±8) · noise alone: must not get worse past the tolerance
pass noise-realtv-bonanza-a-10 cwFrames: master 21/22/21 (median 21, spread 1) → branch 22/22/23 (median 22), change +1 (±5) · noise alone: must not get worse past the tolerance
pass noise-realtv-bonanza-a-10 rtfInTune: master 6/4/3 (median 4, spread 3) → branch 12/8/4 (median 8), change +4 (±5) · noise alone: must not get worse past the tolerance
pass noise-realtv-bonanza-a-10 tunerInTune: master 5/9/6 (median 6, spread 4) → branch 3/4/8 (median 4), change -2 (±5) · noise alone: must not get worse past the tolerance
pass noise-realtv-bonanza-a-10 skInKey: master 5/4/4 (median 4, spread 1) → branch 4/4/2 (median 4), change 0 (±5) · noise alone: must not get worse past the tolerance
pass noise-realtv-bonanza-a-10 Choir World held: master 0/0/0 (median 0, spread 0) → branch 0/0/0 (median 0), change 0 (±0) · noise alone: the median held count must not rise past master's own spread
pass noise-realtv-bonanza-b-10 rtfVoiced: master 48/44/47 (median 47, spread 4) → branch 50/50/50 (median 50), change +3 (±5) · noise alone: must not get worse past the tolerance
pass noise-realtv-bonanza-b-10 tunerVoiced: master 8/6/6 (median 6, spread 2) → branch 8/8/7 (median 8), change +2 (±5) · noise alone: must not get worse past the tolerance
pass noise-realtv-bonanza-b-10 skVoiced: master 31/27/30 (median 30, spread 4) → branch 27/30/33 (median 30), change 0 (±5) · noise alone: must not get worse past the tolerance
pass noise-realtv-bonanza-b-10 cwFrames: master 43/43/43 (median 43, spread 0) → branch 43/44/43 (median 43), change 0 (±5) · noise alone: must not get worse past the tolerance
pass noise-realtv-bonanza-b-10 rtfInTune: master 8/7/4 (median 7, spread 4) → branch 10/12/7 (median 10), change +3 (±5) · noise alone: must not get worse past the tolerance
pass noise-realtv-bonanza-b-10 tunerInTune: master 1/0/2 (median 1, spread 2) → branch 2/2/2 (median 2), change +1 (±5) · noise alone: must not get worse past the tolerance
pass noise-realtv-bonanza-b-10 skInKey: master 3/3/4 (median 3, spread 1) → branch 5/3/3 (median 3), change 0 (±5) · noise alone: must not get worse past the tolerance
pass noise-realtv-bonanza-b-10 Choir World held: master 1/1/1 (median 1, spread 0) → branch 1/0/1 (median 1), change 0 (±0) · noise alone: the median held count must not rise past master's own spread
pass sing-breathy-5 rtfVoiced: master 96/97/96 (median 96, spread 1) → branch 96/96/96 (median 96), change 0 (±5) · real singing: must not lose frames past the tolerance
pass sing-breathy-5 tunerVoiced: master 93/93/93 (median 93, spread 0) → branch 93/93/94 (median 93), change 0 (±5) · real singing: must not lose frames past the tolerance
pass sing-breathy-5 skVoiced: master 84/84/84 (median 84, spread 0) → branch 84/84/84 (median 84), change 0 (±5) · real singing: must not lose frames past the tolerance
pass sing-breathy-5 cwFrames: master 84/84/84 (median 84, spread 0) → branch 84/84/83 (median 84), change 0 (±5) · real singing: must not lose frames past the tolerance
pass sing-breathy-562 rtfVoiced: master 96/96/96 (median 96, spread 0) → branch 95/96/97 (median 96), change 0 (±5) · real singing: must not lose frames past the tolerance
pass sing-breathy-562 tunerVoiced: master 88/88/88 (median 88, spread 0) → branch 88/89/88 (median 88), change 0 (±5) · real singing: must not lose frames past the tolerance
pass sing-breathy-562 skVoiced: master 88/88/88 (median 88, spread 0) → branch 88/88/89 (median 88), change 0 (±5) · real singing: must not lose frames past the tolerance
pass sing-breathy-562 cwFrames: master 90/90/90 (median 90, spread 0) → branch 90/90/90 (median 90), change 0 (±5) · real singing: must not lose frames past the tolerance
pass sing-breathy-1197 rtfVoiced: master 94/94/94 (median 94, spread 0) → branch 94/94/94 (median 94), change 0 (±5) · real singing: must not lose frames past the tolerance
pass sing-breathy-1197 tunerVoiced: master 88/89/88 (median 88, spread 1) → branch 88/88/88 (median 88), change 0 (±5) · real singing: must not lose frames past the tolerance
pass sing-breathy-1197 skVoiced: master 74/74/74 (median 74, spread 0) → branch 74/74/73 (median 74), change 0 (±5) · real singing: must not lose frames past the tolerance
pass sing-breathy-1197 cwFrames: master 91/91/91 (median 91, spread 0) → branch 91/91/91 (median 91), change 0 (±5) · real singing: must not lose frames past the tolerance
pass sing-breathy-1743 rtfVoiced: master 94/93/94 (median 94, spread 1) → branch 95/94/96 (median 95), change +1 (±5) · real singing: must not lose frames past the tolerance
pass sing-breathy-1743 tunerVoiced: master 70/70/70 (median 70, spread 0) → branch 71/71/71 (median 71), change +1 (±5) · real singing: must not lose frames past the tolerance
pass sing-breathy-1743 skVoiced: master 91/91/90 (median 91, spread 1) → branch 90/90/91 (median 90), change -1 (±5) · real singing: must not lose frames past the tolerance
pass sing-breathy-1743 cwFrames: master 72/72/72 (median 72, spread 0) → branch 72/72/72 (median 72), change 0 (±5) · real singing: must not lose frames past the tolerance
pass sing-breathy-2353 rtfVoiced: master 91/91/92 (median 91, spread 1) → branch 91/91/92 (median 91), change 0 (±5) · real singing: must not lose frames past the tolerance
pass sing-breathy-2353 tunerVoiced: master 90/90/90 (median 90, spread 0) → branch 91/90/89 (median 90), change 0 (±5) · real singing: must not lose frames past the tolerance
pass sing-breathy-2353 skVoiced: master 83/83/84 (median 83, spread 1) → branch 84/84/84 (median 84), change +1 (±5) · real singing: must not lose frames past the tolerance
pass sing-breathy-2353 cwFrames: master 87/87/87 (median 87, spread 0) → branch 87/87/87 (median 87), change 0 (±5) · real singing: must not lose frames past the tolerance
pass sing-breathy-3002 rtfVoiced: master 100/100/100 (median 100, spread 0) → branch 100/100/100 (median 100), change 0 (±5) · real singing: must not lose frames past the tolerance
pass sing-breathy-3002 tunerVoiced: master 95/95/95 (median 95, spread 0) → branch 95/95/95 (median 95), change 0 (±5) · real singing: must not lose frames past the tolerance
pass sing-breathy-3002 skVoiced: master 58/59/61 (median 59, spread 3) → branch 60/59/60 (median 60), change +1 (±5) · real singing: must not lose frames past the tolerance
pass sing-breathy-3002 cwFrames: master 85/83/82 (median 83, spread 3) → branch 82/83/83 (median 83), change 0 (±5) · real singing: must not lose frames past the tolerance
pass sing-pp-92 rtfVoiced: master 11/13/11 (median 11, spread 2) → branch 11/11/12 (median 11), change 0 (±5) · real singing: must not lose frames past the tolerance
pass sing-pp-92 tunerVoiced: master 70/70/70 (median 70, spread 0) → branch 71/70/70 (median 70), change 0 (±5) · real singing: must not lose frames past the tolerance
pass sing-pp-92 skVoiced: master 60/60/59 (median 60, spread 1) → branch 62/58/59 (median 59), change -1 (±5) · real singing: must not lose frames past the tolerance
pass sing-pp-92 cwFrames: master 73/72/72 (median 72, spread 1) → branch 72/72/72 (median 72), change 0 (±5) · real singing: must not lose frames past the tolerance
pass sing-pp-646 rtfVoiced: master 80/81/80 (median 80, spread 1) → branch 80/80/78 (median 80), change 0 (±5) · real singing: must not lose frames past the tolerance
pass sing-pp-646 tunerVoiced: master 71/70/70 (median 70, spread 1) → branch 70/70/70 (median 70), change 0 (±5) · real singing: must not lose frames past the tolerance
pass sing-pp-646 skVoiced: master 53/52/52 (median 52, spread 1) → branch 53/52/52 (median 52), change 0 (±5) · real singing: must not lose frames past the tolerance
pass sing-pp-646 cwFrames: master 80/78/80 (median 80, spread 2) → branch 80/80/78 (median 80), change 0 (±5) · real singing: must not lose frames past the tolerance
pass sing-pp-1717 rtfVoiced: master 90/91/91 (median 91, spread 1) → branch 90/91/91 (median 91), change 0 (±5) · real singing: must not lose frames past the tolerance
pass sing-pp-1717 tunerVoiced: master 75/75/74 (median 75, spread 1) → branch 74/75/73 (median 74), change -1 (±5) · real singing: must not lose frames past the tolerance
pass sing-pp-1717 skVoiced: master 79/79/80 (median 79, spread 1) → branch 79/79/79 (median 79), change 0 (±5) · real singing: must not lose frames past the tolerance
pass sing-pp-1717 cwFrames: master 96/96/96 (median 96, spread 0) → branch 96/96/96 (median 96), change 0 (±5) · real singing: must not lose frames past the tolerance
pass sing-pp-2977 rtfVoiced: master 81/81/80 (median 81, spread 1) → branch 80/81/81 (median 81), change 0 (±5) · real singing: must not lose frames past the tolerance
pass sing-pp-2977 tunerVoiced: master 67/68/67 (median 67, spread 1) → branch 67/68/68 (median 68), change +1 (±5) · real singing: must not lose frames past the tolerance
pass sing-pp-2977 skVoiced: master 81/81/81 (median 81, spread 0) → branch 80/81/81 (median 81), change 0 (±5) · real singing: must not lose frames past the tolerance
pass sing-pp-2977 cwFrames: master 65/65/65 (median 65, spread 0) → branch 65/65/65 (median 65), change 0 (±5) · real singing: must not lose frames past the tolerance
pass mix-breathy-1197-white-10 rtfVoiced: master 94/94/94 (median 94, spread 0) → branch 94/94/94 (median 94), change 0 (±5) · real singing: must not lose frames past the tolerance
pass mix-breathy-1197-white-10 tunerVoiced: master 83/82/83 (median 83, spread 1) → branch 82/82/82 (median 82), change -1 (±5) · real singing: must not lose frames past the tolerance
pass mix-breathy-1197-white-10 skVoiced: master 74/74/74 (median 74, spread 0) → branch 73/75/74 (median 74), change 0 (±5) · real singing: must not lose frames past the tolerance
pass mix-breathy-1197-white-10 cwFrames: master 91/91/91 (median 91, spread 0) → branch 91/91/91 (median 91), change 0 (±5) · real singing: must not lose frames past the tolerance
pass mix-breathy-1743-traffic-10 rtfVoiced: master 98/99/97 (median 98, spread 2) → branch 99/99/98 (median 99), change +1 (±5) · real singing: must not lose frames past the tolerance
pass mix-breathy-1743-traffic-10 tunerVoiced: master 70/71/71 (median 71, spread 1) → branch 71/72/70 (median 71), change 0 (±5) · real singing: must not lose frames past the tolerance
pass mix-breathy-1743-traffic-10 skVoiced: master 90/91/90 (median 90, spread 1) → branch 90/90/91 (median 90), change 0 (±5) · real singing: must not lose frames past the tolerance
pass mix-breathy-1743-traffic-10 cwFrames: master 69/70/70 (median 70, spread 1) → branch 70/70/69 (median 70), change 0 (±5) · real singing: must not lose frames past the tolerance
pass mix-breathy-3002-talker-10 rtfVoiced: master 100/100/100 (median 100, spread 0) → branch 100/100/100 (median 100), change 0 (±5) · real singing: must not lose frames past the tolerance
pass mix-breathy-3002-talker-10 tunerVoiced: master 85/87/86 (median 86, spread 2) → branch 87/87/86 (median 87), change +1 (±5) · real singing: must not lose frames past the tolerance
pass mix-breathy-3002-talker-10 skVoiced: master 66/68/69 (median 68, spread 3) → branch 67/68/70 (median 68), change 0 (±5) · real singing: must not lose frames past the tolerance
pass mix-breathy-3002-talker-10 cwFrames: master 87/86/85 (median 86, spread 2) → branch 85/86/85 (median 85), change -1 (±5) · real singing: must not lose frames past the tolerance

log: /Users/alegramusenge/Documents/voxcoach-app/scripts/vq-verify/logs/noisegate-local-2026-10-07T08-03-01.log  json: /Users/alegramusenge/Documents/voxcoach-app/scripts/vq-verify/logs/noisegate-local-2026-10-07T08-03-01.json
