noisegate 2026-10-02T13-27-01  sides: prod  url: https://deploy-alegra1122.vercel.app  target MIDI 57
resumed from scripts/vq-verify/logs/noisegate-prod-2026-10-02T13-14-12.json: noise-white-10, noise-pink-10, noise-traffic-10, noise-rumble-10, noise-babble-10, noise-talker-10, noise-tv-10, noise-realspeech-alice-10, noise-realspeech-holmes-10, noise-realtv-bonanza-a-10, noise-realtv-bonanza-b-10, sing-breathy-5, sing-breathy-562, sing-breathy-1197, sing-breathy-1743

== sing-breathy-2353 (soft)
   signed up voxcoach-noisegate-1790947621124@example.com on https://deploy-alegra1122.vercel.app
   prod   Pitch Match 0/0 | Drills 0/0/0/0/0 | RTF heard 100% in tune 15% | Tuner heard 90% in tune 7% | Stay in Key heard 90% in key 0% | Choir World heard 92% of frames, held 0/2

== sing-breathy-3002 (soft)
   prod   Pitch Match 0/0 | Drills 0/22/—/—/0 | RTF heard 89% in tune 18% | Tuner heard 100% in tune 11% | Stay in Key heard 38% in key 0% | Choir World heard 91% of frames, held 0/2

== sing-pp-92 (soft)
   prod   Pitch Match 0/0 | Drills 0/0/0/0/0 | RTF heard 0% in tune 0% | Tuner heard 68% in tune 26% | Stay in Key heard 78% in key 0% | Choir World heard 70% of frames, held 0/2

== sing-pp-646 (soft)
   prod   Pitch Match 0/0 | Drills 0/0/0/0/0 | RTF heard 63% in tune 45% | Tuner heard 76% in tune 1% | Stay in Key heard 55% in key 0% | Choir World heard 69% of frames, held 0/2

== sing-pp-1717 (soft)
   prod   Pitch Match 0/0 | Drills 0/—/0/0/0 | RTF heard 90% in tune 4% | Tuner heard 80% in tune 18% | Stay in Key heard 100% in key 0% | Choir World heard 72% of frames, held 0/2

== sing-pp-2977 (soft)
   prod   Pitch Match 0/0 | Drills 0/0/—/—/— | RTF heard 77% in tune 17% | Tuner heard 66% in tune 20% | Stay in Key heard 81% in key 0% | Choir World heard 67% of frames, held 0/2

== mix-breathy-1197-white-10 (soft)
   prod   Pitch Match 0/0 | Drills 0/31/0/0/0 | RTF heard 87% in tune 16% | Tuner heard 93% in tune 14% | Stay in Key heard 74% in key 10% | Choir World heard 85% of frames, held 0/2

== mix-breathy-1743-traffic-10 (soft)
   prod   Pitch Match 0/0 | Drills 5/0/15/0/0 | RTF heard 98% in tune 21% | Tuner heard 55% in tune 2% | Stay in Key heard 100% in key 6% | Choir World heard 69% of frames, held 0/2

== mix-breathy-3002-talker-10 (soft)
   prod   Pitch Match 0/0 | Drills 0/26/0/0/0 | RTF heard 91% in tune 23% | Tuner heard 100% in tune 15% | Stay in Key heard 71% in key 0% | Choir World heard 82% of frames, held 0/2
   note: sing-breathy-5 rtfVoiced 85%
   note: sing-breathy-5 tunerVoiced 86%
   note: sing-breathy-5 skVoiced 84%
   note: sing-breathy-5 cwFrames 90%
   note: sing-breathy-562 rtfVoiced 97%
   note: sing-breathy-562 tunerVoiced 92%
   note: sing-breathy-562 skVoiced 89%
   note: sing-breathy-562 cwFrames 79%
   note: sing-breathy-1197 rtfVoiced 87%
   note: sing-breathy-1197 tunerVoiced 94%
   note: sing-breathy-1197 skVoiced 74%
   note: sing-breathy-1197 cwFrames 84%
   note: sing-breathy-1743 rtfVoiced 96%
   note: sing-breathy-1743 tunerVoiced 56%
   note: sing-breathy-1743 skVoiced 100%
   note: sing-breathy-1743 cwFrames 72%
   note: sing-breathy-2353 rtfVoiced 100%
   note: sing-breathy-2353 tunerVoiced 90%
   note: sing-breathy-2353 skVoiced 90%
   note: sing-breathy-2353 cwFrames 92%
   note: sing-breathy-3002 rtfVoiced 89%
   note: sing-breathy-3002 tunerVoiced 100%
   note: sing-breathy-3002 skVoiced 38%
   note: sing-breathy-3002 cwFrames 91%
   note: sing-pp-92 rtfVoiced 0%
   note: sing-pp-92 tunerVoiced 68%
   note: sing-pp-92 skVoiced 78%
   note: sing-pp-92 cwFrames 70%
   note: sing-pp-646 rtfVoiced 63%
   note: sing-pp-646 tunerVoiced 76%
   note: sing-pp-646 skVoiced 55%
   note: sing-pp-646 cwFrames 69%
   note: sing-pp-1717 rtfVoiced 90%
   note: sing-pp-1717 tunerVoiced 80%
   note: sing-pp-1717 skVoiced 100%
   note: sing-pp-1717 cwFrames 72%
   note: sing-pp-2977 rtfVoiced 77%
   note: sing-pp-2977 tunerVoiced 66%
   note: sing-pp-2977 skVoiced 81%
   note: sing-pp-2977 cwFrames 67%
   note: mix-breathy-1197-white-10 rtfVoiced 87%
   note: mix-breathy-1197-white-10 tunerVoiced 93%
   note: mix-breathy-1197-white-10 skVoiced 74%
   note: mix-breathy-1197-white-10 cwFrames 85%
   note: mix-breathy-1743-traffic-10 rtfVoiced 98%
   note: mix-breathy-1743-traffic-10 tunerVoiced 55%
   note: mix-breathy-1743-traffic-10 skVoiced 100%
   note: mix-breathy-1743-traffic-10 cwFrames 69%
   note: mix-breathy-3002-talker-10 rtfVoiced 91%
   note: mix-breathy-3002-talker-10 tunerVoiced 100%
   note: mix-breathy-3002-talker-10 skVoiced 71%
   note: mix-breathy-3002-talker-10 cwFrames 82%

==== Summary (A = prod)
   noise-white-10               prod: PM —/— RTF 0% Tuner 0% SiK 0% CW 0% held 0/2
   noise-pink-10                prod: PM 32/66 RTF 67% Tuner 0% SiK 16% CW 9% held 0/2
   noise-traffic-10             prod: PM —/— RTF 50% Tuner 0% SiK 0% CW 0% held 0/2
   noise-rumble-10              prod: PM —/— RTF 15% Tuner 0% SiK 0% CW 0% held 0/2
   noise-babble-10              prod: PM 11/0 RTF 67% Tuner 76% SiK 78% CW 72% held 1/2
   noise-talker-10              prod: PM 0/14 RTF 49% Tuner 60% SiK 59% CW 53% held 0/2
   noise-tv-10                  prod: PM 0/16 RTF 56% Tuner 80% SiK 70% CW 63% held 1/2
   noise-realspeech-alice-10    prod: PM 0/0 RTF 47% Tuner 48% SiK 61% CW 55% held 0/2
   noise-realspeech-holmes-10   prod: PM 21/0 RTF 58% Tuner 44% SiK 65% CW 60% held 1/2
   noise-realtv-bonanza-a-10    prod: PM 0/0 RTF 34% Tuner 25% SiK 32% CW 44% held 0/2
   noise-realtv-bonanza-b-10    prod: PM 0/17 RTF 35% Tuner 35% SiK 21% CW 21% held 0/2
   sing-breathy-5               prod: PM 0/0 RTF 85% Tuner 86% SiK 84% CW 90% held 0/2
   sing-breathy-562             prod: PM 0/0 RTF 97% Tuner 92% SiK 89% CW 79% held 0/2
   sing-breathy-1197            prod: PM 0/0 RTF 87% Tuner 94% SiK 74% CW 84% held 0/2
   sing-breathy-1743            prod: PM 0/0 RTF 96% Tuner 56% SiK 100% CW 72% held 0/2
   sing-breathy-2353            prod: PM 0/0 RTF 100% Tuner 90% SiK 90% CW 92% held 0/2
   sing-breathy-3002            prod: PM 0/0 RTF 89% Tuner 100% SiK 38% CW 91% held 0/2
   sing-pp-92                   prod: PM 0/0 RTF 0% Tuner 68% SiK 78% CW 70% held 0/2
   sing-pp-646                  prod: PM 0/0 RTF 63% Tuner 76% SiK 55% CW 69% held 0/2
   sing-pp-1717                 prod: PM 0/0 RTF 90% Tuner 80% SiK 100% CW 72% held 0/2
   sing-pp-2977                 prod: PM 0/0 RTF 77% Tuner 66% SiK 81% CW 67% held 0/2
   mix-breathy-1197-white-10    prod: PM 0/0 RTF 87% Tuner 93% SiK 74% CW 85% held 0/2
   mix-breathy-1743-traffic-10  prod: PM 0/0 RTF 98% Tuner 55% SiK 100% CW 69% held 0/2
   mix-breathy-3002-talker-10   prod: PM 0/0 RTF 91% Tuner 100% SiK 71% CW 82% held 0/2

==== VERDICT: 12 passed, 8 failed
FAIL noise-pink-10 rtfVoiced: 67% (no pitch in it: heard on ≤5% of frames)
FAIL noise-pink-10 skVoiced: 16% (no pitch in it: heard on ≤5% of frames)
FAIL noise-pink-10 cwFrames: 9% (no pitch in it: heard on ≤5% of frames)
FAIL noise-pink-10 scores: Pitch Match 32/66, Drills 0/0/0/0/0, Choir held 0/2 (nothing may be scored or held)
FAIL noise-traffic-10 rtfVoiced: 50% (no pitch in it: heard on ≤5% of frames)
FAIL noise-traffic-10 scores: Pitch Match —/—, Drills 0/13/0/17/3, Choir held 0/2 (nothing may be scored or held)
FAIL noise-rumble-10 rtfVoiced: 15% (no pitch in it: heard on ≤5% of frames)
FAIL noise-rumble-10 scores: Pitch Match —/—, Drills —/0/—/—/—, Choir held 0/2 (nothing may be scored or held)
pass noise-white-10 rtfVoiced: 0% (no pitch in it: heard on ≤5% of frames)
pass noise-white-10 tunerVoiced: 0% (no pitch in it: heard on ≤5% of frames)
pass noise-white-10 skVoiced: 0% (no pitch in it: heard on ≤5% of frames)
pass noise-white-10 cwFrames: 0% (no pitch in it: heard on ≤5% of frames)
pass noise-white-10 scores: Pitch Match —/—, Drills —/—/—/—/—, Choir held 0/2 (nothing may be scored or held)
pass noise-pink-10 tunerVoiced: 0% (no pitch in it: heard on ≤5% of frames)
pass noise-traffic-10 tunerVoiced: 0% (no pitch in it: heard on ≤5% of frames)
pass noise-traffic-10 skVoiced: 0% (no pitch in it: heard on ≤5% of frames)
pass noise-traffic-10 cwFrames: 0% (no pitch in it: heard on ≤5% of frames)
pass noise-rumble-10 tunerVoiced: 0% (no pitch in it: heard on ≤5% of frames)
pass noise-rumble-10 skVoiced: 0% (no pitch in it: heard on ≤5% of frames)
pass noise-rumble-10 cwFrames: 0% (no pitch in it: heard on ≤5% of frames)

log: /Users/alegramusenge/Documents/voxcoach-app/scripts/vq-verify/logs/noisegate-prod-2026-10-02T13-27-01.log  json: /Users/alegramusenge/Documents/voxcoach-app/scripts/vq-verify/logs/noisegate-prod-2026-10-02T13-27-01.json
