noisegate 2026-10-05T17-37-19  sides: before, after  before: master  target MIDI 57

== noise-white-10 (broadband)
   before Pitch Match —/— | Drills —/—/—/—/— | RTF heard 0% in tune 0% | Tuner heard 0% in tune 0% | Stay in Key heard 0% in key 0% | Choir World heard 0% of frames, held 0/2
   after  Pitch Match —/— | Drills —/—/—/—/— | RTF heard 0% in tune 0% | Tuner heard 0% in tune 0% | Stay in Key heard 0% in key 0% | Choir World heard 0% of frames, held 0/2

== noise-pink-10 (broadband)
   before Pitch Match 0/17 | Drills 0/6/0/0/0 | RTF heard 57% in tune 19% | Tuner heard 1% in tune 1% | Stay in Key heard 0% in key 0% | Choir World heard 1% of frames, held 0/2
   after  Pitch Match 0/65 | Drills 0/0/0/23/0 | RTF heard 59% in tune 14% | Tuner heard 0% in tune 0% | Stay in Key heard 1% in key 0% | Choir World heard 2% of frames, held 0/2

== noise-traffic-10 (broadband)
   before Pitch Match —/— | Drills 50/0/0/57/14 | RTF heard 84% in tune 15% | Tuner heard 0% in tune 0% | Stay in Key heard 0% in key 0% | Choir World heard 0% of frames, held 0/2
   after  Pitch Match —/— | Drills 37/0/10/7/35 | RTF heard 82% in tune 16% | Tuner heard 0% in tune 0% | Stay in Key heard 0% in key 0% | Choir World heard 0% of frames, held 0/2

== noise-rumble-10 (broadband)
   before Pitch Match —/— | Drills —/—/0/—/— | RTF heard 20% in tune 1% | Tuner heard 0% in tune 0% | Stay in Key heard 0% in key 0% | Choir World heard 0% of frames, held 0/2
   after  Pitch Match —/— | Drills —/—/0/—/— | RTF heard 9% in tune 1% | Tuner heard 0% in tune 0% | Stay in Key heard 0% in key 0% | Choir World heard 0% of frames, held 0/2

== noise-babble-10 (voices)
   before Pitch Match 11/10 | Drills 0/50/4/—/— | RTF heard 55% in tune 14% | Tuner heard 75% in tune 17% | Stay in Key heard 62% in key 2% | Choir World heard 67% of frames, held 0/2
   after  Pitch Match 12/6 | Drills 0/48/1/—/— | RTF heard 57% in tune 13% | Tuner heard 75% in tune 8% | Stay in Key heard 62% in key 1% | Choir World heard 66% of frames, held 0/2

== noise-talker-10 (voices)
   before Pitch Match 16/0 | Drills 4/0/9/0/0 | RTF heard 51% in tune 12% | Tuner heard 60% in tune 5% | Stay in Key heard 51% in key 1% | Choir World heard 60% of frames, held 1/2
   after  Pitch Match 14/0 | Drills 6/0/8/0/0 | RTF heard 52% in tune 12% | Tuner heard 59% in tune 5% | Stay in Key heard 46% in key 2% | Choir World heard 60% of frames, held 1/2

== noise-tv-10 (voices)
   before Pitch Match 16/0 | Drills 5/0/9/0/0 | RTF heard 70% in tune 21% | Tuner heard 63% in tune 16% | Stay in Key heard 64% in key 5% | Choir World heard 83% of frames, held 0/2
   after  Pitch Match 14/0 | Drills 6/0/13/0/0 | RTF heard 68% in tune 20% | Tuner heard 65% in tune 13% | Stay in Key heard 67% in key 5% | Choir World heard 83% of frames, held 0/2

== noise-realspeech-alice-10 (real)
   before Pitch Match 0/15 | Drills 11/16/7/7/0 | RTF heard 60% in tune 17% | Tuner heard 60% in tune 11% | Stay in Key heard 63% in key 1% | Choir World heard 66% of frames, held 0/2
   after  Pitch Match 0/8 | Drills 7/22/0/0/0 | RTF heard 58% in tune 19% | Tuner heard 59% in tune 10% | Stay in Key heard 63% in key 1% | Choir World heard 68% of frames, held 0/2

== noise-realspeech-holmes-10 (real)
   before Pitch Match 0/26 | Drills 0/9/22/31/37 | RTF heard 57% in tune 13% | Tuner heard 52% in tune 10% | Stay in Key heard 63% in key 4% | Choir World heard 60% of frames, held 0/2
   after  Pitch Match 0/26 | Drills 0/11/18/28/37 | RTF heard 55% in tune 13% | Tuner heard 54% in tune 4% | Stay in Key heard 64% in key 8% | Choir World heard 60% of frames, held 0/2

== noise-realtv-bonanza-a-10 (real)
   before Pitch Match 0/5 | Drills 0/66/46/23/42 | RTF heard 38% in tune 10% | Tuner heard 42% in tune 8% | Stay in Key heard 39% in key 3% | Choir World heard 21% of frames, held 0/2
   after  Pitch Match 0/13 | Drills 0/66/30/23/35 | RTF heard 38% in tune 6% | Tuner heard 46% in tune 6% | Stay in Key heard 41% in key 2% | Choir World heard 23% of frames, held 0/2

== noise-realtv-bonanza-b-10 (real)
   before Pitch Match 11/1 | Drills —/36/12/43/66 | RTF heard 46% in tune 7% | Tuner heard 6% in tune 1% | Stay in Key heard 27% in key 2% | Choir World heard 46% of frames, held 0/2
   after  Pitch Match 12/0 | Drills —/33/5/48/65 | RTF heard 47% in tune 10% | Tuner heard 9% in tune 1% | Stay in Key heard 28% in key 3% | Choir World heard 45% of frames, held 1/2

== sing-breathy-5 (soft)
   before Pitch Match 0/0 | Drills 0/0/0/0/0 | RTF heard 97% in tune 41% | Tuner heard 93% in tune 21% | Stay in Key heard 83% in key 1% | Choir World heard 84% of frames, held 0/2
   after  Pitch Match 0/0 | Drills 0/0/0/0/0 | RTF heard 97% in tune 33% | Tuner heard 93% in tune 23% | Stay in Key heard 83% in key 1% | Choir World heard 84% of frames, held 0/2

== sing-breathy-562 (soft)
   before Pitch Match 0/0 | Drills 0/0/0/0/0 | RTF heard 96% in tune 8% | Tuner heard 88% in tune 6% | Stay in Key heard 89% in key 1% | Choir World heard 90% of frames, held 0/2
   after  Pitch Match 0/0 | Drills 0/0/0/0/0 | RTF heard 97% in tune 8% | Tuner heard 88% in tune 3% | Stay in Key heard 89% in key 1% | Choir World heard 90% of frames, held 0/2

== sing-breathy-1197 (soft)
   before Pitch Match 32/0 | Drills —/0/27/0/0 | RTF heard 94% in tune 28% | Tuner heard 88% in tune 16% | Stay in Key heard 75% in key 9% | Choir World heard 91% of frames, held 0/2
   after  Pitch Match 30/0 | Drills —/0/28/0/0 | RTF heard 94% in tune 29% | Tuner heard 89% in tune 20% | Stay in Key heard 75% in key 9% | Choir World heard 91% of frames, held 0/2

== sing-breathy-1743 (soft)
   before Pitch Match 0/8 | Drills 0/0/0/11/0 | RTF heard 95% in tune 25% | Tuner heard 66% in tune 6% | Stay in Key heard 91% in key 6% | Choir World heard 72% of frames, held 0/2
   after  Pitch Match 0/9 | Drills 0/0/0/11/0 | RTF heard 96% in tune 28% | Tuner heard 65% in tune 3% | Stay in Key heard 91% in key 6% | Choir World heard 72% of frames, held 0/2

== sing-breathy-2353 (soft)
   before Pitch Match 0/0 | Drills 0/0/0/0/0 | RTF heard 91% in tune 11% | Tuner heard 96% in tune 8% | Stay in Key heard 84% in key 0% | Choir World heard 87% of frames, held 0/2
   after  Pitch Match 0/0 | Drills 0/0/0/0/0 | RTF heard 91% in tune 14% | Tuner heard 96% in tune 9% | Stay in Key heard 83% in key 0% | Choir World heard 87% of frames, held 0/2

== sing-breathy-3002 (soft)
   before Pitch Match 29/— | Drills —/0/11/—/— | RTF heard 100% in tune 11% | Tuner heard 95% in tune 11% | Stay in Key heard 60% in key 0% | Choir World heard 83% of frames, held 0/2
   after  Pitch Match 29/— | Drills —/0/11/—/— | RTF heard 100% in tune 14% | Tuner heard 95% in tune 8% | Stay in Key heard 61% in key 0% | Choir World heard 83% of frames, held 0/2

== sing-pp-92 (soft)
   before Pitch Match 0/0 | Drills —/0/0/0/0 | RTF heard 11% in tune 6% | Tuner heard 69% in tune 20% | Stay in Key heard 58% in key 0% | Choir World heard 72% of frames, held 0/2
   after  Pitch Match 0/0 | Drills —/0/0/0/0 | RTF heard 10% in tune 6% | Tuner heard 72% in tune 24% | Stay in Key heard 60% in key 0% | Choir World heard 72% of frames, held 0/2

== sing-pp-646 (soft)
   before Pitch Match 0/0 | Drills 0/0/0/0/0 | RTF heard 80% in tune 46% | Tuner heard 70% in tune 26% | Stay in Key heard 53% in key 0% | Choir World heard 80% of frames, held 0/2
   after  Pitch Match 0/0 | Drills 0/0/0/0/0 | RTF heard 80% in tune 44% | Tuner heard 70% in tune 27% | Stay in Key heard 54% in key 0% | Choir World heard 80% of frames, held 0/2

== sing-pp-1717 (soft)
   before Pitch Match 0/0 | Drills 0/0/—/0/0 | RTF heard 89% in tune 4% | Tuner heard 76% in tune 2% | Stay in Key heard 79% in key 0% | Choir World heard 96% of frames, held 0/2
   after  Pitch Match 0/0 | Drills 0/0/—/0/0 | RTF heard 90% in tune 1% | Tuner heard 74% in tune 3% | Stay in Key heard 79% in key 0% | Choir World heard 96% of frames, held 0/2

== sing-pp-2977 (soft)
   before Pitch Match 0/— | Drills 0/0/0/—/— | RTF heard 81% in tune 3% | Tuner heard 68% in tune 22% | Stay in Key heard 81% in key 0% | Choir World heard 65% of frames, held 0/2
   after  Pitch Match 0/— | Drills 0/0/0/—/— | RTF heard 81% in tune 3% | Tuner heard 68% in tune 21% | Stay in Key heard 81% in key 0% | Choir World heard 65% of frames, held 0/2

== mix-breathy-1197-white-10 (soft)
   before Pitch Match 31/0 | Drills —/0/27/0/0 | RTF heard 95% in tune 28% | Tuner heard 87% in tune 18% | Stay in Key heard 74% in key 9% | Choir World heard 91% of frames, held 0/2
   after  Pitch Match 30/0 | Drills —/0/27/0/0 | RTF heard 94% in tune 27% | Tuner heard 88% in tune 18% | Stay in Key heard 75% in key 9% | Choir World heard 91% of frames, held 0/2

== mix-breathy-1743-traffic-10 (soft)
   before Pitch Match 0/9 | Drills 0/0/0/10/0 | RTF heard 99% in tune 25% | Tuner heard 65% in tune 6% | Stay in Key heard 90% in key 5% | Choir World heard 72% of frames, held 0/2
   after  Pitch Match 0/8 | Drills 0/0/0/11/0 | RTF heard 99% in tune 28% | Tuner heard 66% in tune 5% | Stay in Key heard 90% in key 6% | Choir World heard 72% of frames, held 0/2

== mix-breathy-3002-talker-10 (soft)
   before Pitch Match 30/0 | Drills —/0/13/0/0 | RTF heard 100% in tune 16% | Tuner heard 88% in tune 8% | Stay in Key heard 69% in key 0% | Choir World heard 87% of frames, held 0/2
   after  Pitch Match 29/0 | Drills 0/0/12/0/0 | RTF heard 100% in tune 21% | Tuner heard 87% in tune 10% | Stay in Key heard 67% in key 0% | Choir World heard 85% of frames, held 0/2

==== Summary (A = after)
   noise-white-10               before: PM —/— RTF 0% Tuner 0% SiK 0% CW 0% held 0/2  →  after: PM —/— RTF 0% Tuner 0% SiK 0% CW 0% held 0/2
   noise-pink-10                before: PM 0/17 RTF 57% Tuner 1% SiK 0% CW 1% held 0/2  →  after: PM 0/65 RTF 59% Tuner 0% SiK 1% CW 2% held 0/2
   noise-traffic-10             before: PM —/— RTF 84% Tuner 0% SiK 0% CW 0% held 0/2  →  after: PM —/— RTF 82% Tuner 0% SiK 0% CW 0% held 0/2
   noise-rumble-10              before: PM —/— RTF 20% Tuner 0% SiK 0% CW 0% held 0/2  →  after: PM —/— RTF 9% Tuner 0% SiK 0% CW 0% held 0/2
   noise-babble-10              before: PM 11/10 RTF 55% Tuner 75% SiK 62% CW 67% held 0/2  →  after: PM 12/6 RTF 57% Tuner 75% SiK 62% CW 66% held 0/2
   noise-talker-10              before: PM 16/0 RTF 51% Tuner 60% SiK 51% CW 60% held 1/2  →  after: PM 14/0 RTF 52% Tuner 59% SiK 46% CW 60% held 1/2
   noise-tv-10                  before: PM 16/0 RTF 70% Tuner 63% SiK 64% CW 83% held 0/2  →  after: PM 14/0 RTF 68% Tuner 65% SiK 67% CW 83% held 0/2
   noise-realspeech-alice-10    before: PM 0/15 RTF 60% Tuner 60% SiK 63% CW 66% held 0/2  →  after: PM 0/8 RTF 58% Tuner 59% SiK 63% CW 68% held 0/2
   noise-realspeech-holmes-10   before: PM 0/26 RTF 57% Tuner 52% SiK 63% CW 60% held 0/2  →  after: PM 0/26 RTF 55% Tuner 54% SiK 64% CW 60% held 0/2
   noise-realtv-bonanza-a-10    before: PM 0/5 RTF 38% Tuner 42% SiK 39% CW 21% held 0/2  →  after: PM 0/13 RTF 38% Tuner 46% SiK 41% CW 23% held 0/2
   noise-realtv-bonanza-b-10    before: PM 11/1 RTF 46% Tuner 6% SiK 27% CW 46% held 0/2  →  after: PM 12/0 RTF 47% Tuner 9% SiK 28% CW 45% held 1/2
   sing-breathy-5               before: PM 0/0 RTF 97% Tuner 93% SiK 83% CW 84% held 0/2  →  after: PM 0/0 RTF 97% Tuner 93% SiK 83% CW 84% held 0/2
   sing-breathy-562             before: PM 0/0 RTF 96% Tuner 88% SiK 89% CW 90% held 0/2  →  after: PM 0/0 RTF 97% Tuner 88% SiK 89% CW 90% held 0/2
   sing-breathy-1197            before: PM 32/0 RTF 94% Tuner 88% SiK 75% CW 91% held 0/2  →  after: PM 30/0 RTF 94% Tuner 89% SiK 75% CW 91% held 0/2
   sing-breathy-1743            before: PM 0/8 RTF 95% Tuner 66% SiK 91% CW 72% held 0/2  →  after: PM 0/9 RTF 96% Tuner 65% SiK 91% CW 72% held 0/2
   sing-breathy-2353            before: PM 0/0 RTF 91% Tuner 96% SiK 84% CW 87% held 0/2  →  after: PM 0/0 RTF 91% Tuner 96% SiK 83% CW 87% held 0/2
   sing-breathy-3002            before: PM 29/— RTF 100% Tuner 95% SiK 60% CW 83% held 0/2  →  after: PM 29/— RTF 100% Tuner 95% SiK 61% CW 83% held 0/2
   sing-pp-92                   before: PM 0/0 RTF 11% Tuner 69% SiK 58% CW 72% held 0/2  →  after: PM 0/0 RTF 10% Tuner 72% SiK 60% CW 72% held 0/2
   sing-pp-646                  before: PM 0/0 RTF 80% Tuner 70% SiK 53% CW 80% held 0/2  →  after: PM 0/0 RTF 80% Tuner 70% SiK 54% CW 80% held 0/2
   sing-pp-1717                 before: PM 0/0 RTF 89% Tuner 76% SiK 79% CW 96% held 0/2  →  after: PM 0/0 RTF 90% Tuner 74% SiK 79% CW 96% held 0/2
   sing-pp-2977                 before: PM 0/— RTF 81% Tuner 68% SiK 81% CW 65% held 0/2  →  after: PM 0/— RTF 81% Tuner 68% SiK 81% CW 65% held 0/2
   mix-breathy-1197-white-10    before: PM 31/0 RTF 95% Tuner 87% SiK 74% CW 91% held 0/2  →  after: PM 30/0 RTF 94% Tuner 88% SiK 75% CW 91% held 0/2
   mix-breathy-1743-traffic-10  before: PM 0/9 RTF 99% Tuner 65% SiK 90% CW 72% held 0/2  →  after: PM 0/8 RTF 99% Tuner 66% SiK 90% CW 72% held 0/2
   mix-breathy-3002-talker-10   before: PM 30/0 RTF 100% Tuner 88% SiK 69% CW 87% held 0/2  →  after: PM 29/0 RTF 100% Tuner 87% SiK 67% CW 85% held 0/2

==== VERDICT: 153 passed, 7 failed
FAIL noise-pink-10 rtfVoiced: 57% → 59% (no pitch in it: heard on ≤5% of frames)
FAIL noise-pink-10 scores: Pitch Match 0/65, Drills 0/0/0/23/0, Choir held 0/2 (nothing may be scored or held)
FAIL noise-traffic-10 rtfVoiced: 84% → 82% (no pitch in it: heard on ≤5% of frames)
FAIL noise-traffic-10 scores: Pitch Match —/—, Drills 37/0/10/7/35, Choir held 0/2 (nothing may be scored or held)
FAIL noise-rumble-10 rtfVoiced: 20% → 9% (no pitch in it: heard on ≤5% of frames)
FAIL noise-rumble-10 scores: Pitch Match —/—, Drills —/—/0/—/—, Choir held 0/2 (nothing may be scored or held)
FAIL noise-realtv-bonanza-b-10 Choir World held: 0 → 1 (holds or improves)
pass noise-white-10 rtfVoiced: 0% → 0% (no pitch in it: heard on ≤5% of frames)
pass noise-white-10 tunerVoiced: 0% → 0% (no pitch in it: heard on ≤5% of frames)
pass noise-white-10 skVoiced: 0% → 0% (no pitch in it: heard on ≤5% of frames)
pass noise-white-10 cwFrames: 0% → 0% (no pitch in it: heard on ≤5% of frames)
pass noise-white-10 scores: Pitch Match —/—, Drills —/—/—/—/—, Choir held 0/2 (nothing may be scored or held)
pass noise-white-10 rtfVoiced: 0% → 0% (noise alone: holds or improves, ±5)
pass noise-white-10 tunerVoiced: 0% → 0% (noise alone: holds or improves, ±5)
pass noise-white-10 skVoiced: 0% → 0% (noise alone: holds or improves, ±5)
pass noise-white-10 cwFrames: 0% → 0% (noise alone: holds or improves, ±5)
pass noise-white-10 rtfInTune: 0% → 0% (noise alone: holds or improves, ±5)
pass noise-white-10 tunerInTune: 0% → 0% (noise alone: holds or improves, ±5)
pass noise-white-10 skInKey: 0% → 0% (noise alone: holds or improves, ±5)
pass noise-white-10 Choir World held: 0 → 0 (holds or improves)
pass noise-pink-10 tunerVoiced: 1% → 0% (no pitch in it: heard on ≤5% of frames)
pass noise-pink-10 skVoiced: 0% → 1% (no pitch in it: heard on ≤5% of frames)
pass noise-pink-10 cwFrames: 1% → 2% (no pitch in it: heard on ≤5% of frames)
pass noise-pink-10 rtfVoiced: 57% → 59% (noise alone: holds or improves, ±5)
pass noise-pink-10 tunerVoiced: 1% → 0% (noise alone: holds or improves, ±5)
pass noise-pink-10 skVoiced: 0% → 1% (noise alone: holds or improves, ±5)
pass noise-pink-10 cwFrames: 1% → 2% (noise alone: holds or improves, ±5)
pass noise-pink-10 rtfInTune: 19% → 14% (noise alone: holds or improves, ±5)
pass noise-pink-10 tunerInTune: 1% → 0% (noise alone: holds or improves, ±5)
pass noise-pink-10 skInKey: 0% → 0% (noise alone: holds or improves, ±5)
pass noise-pink-10 Choir World held: 0 → 0 (holds or improves)
pass noise-traffic-10 tunerVoiced: 0% → 0% (no pitch in it: heard on ≤5% of frames)
pass noise-traffic-10 skVoiced: 0% → 0% (no pitch in it: heard on ≤5% of frames)
pass noise-traffic-10 cwFrames: 0% → 0% (no pitch in it: heard on ≤5% of frames)
pass noise-traffic-10 rtfVoiced: 84% → 82% (noise alone: holds or improves, ±5)
pass noise-traffic-10 tunerVoiced: 0% → 0% (noise alone: holds or improves, ±5)
pass noise-traffic-10 skVoiced: 0% → 0% (noise alone: holds or improves, ±5)
pass noise-traffic-10 cwFrames: 0% → 0% (noise alone: holds or improves, ±5)
pass noise-traffic-10 rtfInTune: 15% → 16% (noise alone: holds or improves, ±5)
pass noise-traffic-10 tunerInTune: 0% → 0% (noise alone: holds or improves, ±5)
pass noise-traffic-10 skInKey: 0% → 0% (noise alone: holds or improves, ±5)
pass noise-traffic-10 Choir World held: 0 → 0 (holds or improves)
pass noise-rumble-10 tunerVoiced: 0% → 0% (no pitch in it: heard on ≤5% of frames)
pass noise-rumble-10 skVoiced: 0% → 0% (no pitch in it: heard on ≤5% of frames)
pass noise-rumble-10 cwFrames: 0% → 0% (no pitch in it: heard on ≤5% of frames)
pass noise-rumble-10 rtfVoiced: 20% → 9% (noise alone: holds or improves, ±5)
pass noise-rumble-10 tunerVoiced: 0% → 0% (noise alone: holds or improves, ±5)
pass noise-rumble-10 skVoiced: 0% → 0% (noise alone: holds or improves, ±5)
pass noise-rumble-10 cwFrames: 0% → 0% (noise alone: holds or improves, ±5)
pass noise-rumble-10 rtfInTune: 1% → 1% (noise alone: holds or improves, ±5)
pass noise-rumble-10 tunerInTune: 0% → 0% (noise alone: holds or improves, ±5)
pass noise-rumble-10 skInKey: 0% → 0% (noise alone: holds or improves, ±5)
pass noise-rumble-10 Choir World held: 0 → 0 (holds or improves)
pass noise-babble-10 rtfVoiced: 55% → 57% (noise alone: holds or improves, ±5)
pass noise-babble-10 tunerVoiced: 75% → 75% (noise alone: holds or improves, ±5)
pass noise-babble-10 skVoiced: 62% → 62% (noise alone: holds or improves, ±5)
pass noise-babble-10 cwFrames: 67% → 66% (noise alone: holds or improves, ±5)
pass noise-babble-10 rtfInTune: 14% → 13% (noise alone: holds or improves, ±5)
pass noise-babble-10 tunerInTune: 17% → 8% (noise alone: holds or improves, ±5)
pass noise-babble-10 skInKey: 2% → 1% (noise alone: holds or improves, ±5)
pass noise-babble-10 Choir World held: 0 → 0 (holds or improves)
pass noise-talker-10 rtfVoiced: 51% → 52% (noise alone: holds or improves, ±5)
pass noise-talker-10 tunerVoiced: 60% → 59% (noise alone: holds or improves, ±5)
pass noise-talker-10 skVoiced: 51% → 46% (noise alone: holds or improves, ±5)
pass noise-talker-10 cwFrames: 60% → 60% (noise alone: holds or improves, ±5)
pass noise-talker-10 rtfInTune: 12% → 12% (noise alone: holds or improves, ±5)
pass noise-talker-10 tunerInTune: 5% → 5% (noise alone: holds or improves, ±5)
pass noise-talker-10 skInKey: 1% → 2% (noise alone: holds or improves, ±5)
pass noise-talker-10 Choir World held: 1 → 1 (holds or improves)
pass noise-tv-10 rtfVoiced: 70% → 68% (noise alone: holds or improves, ±5)
pass noise-tv-10 tunerVoiced: 63% → 65% (noise alone: holds or improves, ±5)
pass noise-tv-10 skVoiced: 64% → 67% (noise alone: holds or improves, ±5)
pass noise-tv-10 cwFrames: 83% → 83% (noise alone: holds or improves, ±5)
pass noise-tv-10 rtfInTune: 21% → 20% (noise alone: holds or improves, ±5)
pass noise-tv-10 tunerInTune: 16% → 13% (noise alone: holds or improves, ±5)
pass noise-tv-10 skInKey: 5% → 5% (noise alone: holds or improves, ±5)
pass noise-tv-10 Choir World held: 0 → 0 (holds or improves)
pass noise-realspeech-alice-10 rtfVoiced: 60% → 58% (noise alone: holds or improves, ±5)
pass noise-realspeech-alice-10 tunerVoiced: 60% → 59% (noise alone: holds or improves, ±5)
pass noise-realspeech-alice-10 skVoiced: 63% → 63% (noise alone: holds or improves, ±5)
pass noise-realspeech-alice-10 cwFrames: 66% → 68% (noise alone: holds or improves, ±5)
pass noise-realspeech-alice-10 rtfInTune: 17% → 19% (noise alone: holds or improves, ±5)
pass noise-realspeech-alice-10 tunerInTune: 11% → 10% (noise alone: holds or improves, ±5)
pass noise-realspeech-alice-10 skInKey: 1% → 1% (noise alone: holds or improves, ±5)
pass noise-realspeech-alice-10 Choir World held: 0 → 0 (holds or improves)
pass noise-realspeech-holmes-10 rtfVoiced: 57% → 55% (noise alone: holds or improves, ±5)
pass noise-realspeech-holmes-10 tunerVoiced: 52% → 54% (noise alone: holds or improves, ±5)
pass noise-realspeech-holmes-10 skVoiced: 63% → 64% (noise alone: holds or improves, ±5)
pass noise-realspeech-holmes-10 cwFrames: 60% → 60% (noise alone: holds or improves, ±5)
pass noise-realspeech-holmes-10 rtfInTune: 13% → 13% (noise alone: holds or improves, ±5)
pass noise-realspeech-holmes-10 tunerInTune: 10% → 4% (noise alone: holds or improves, ±5)
pass noise-realspeech-holmes-10 skInKey: 4% → 8% (noise alone: holds or improves, ±5)
pass noise-realspeech-holmes-10 Choir World held: 0 → 0 (holds or improves)
pass noise-realtv-bonanza-a-10 rtfVoiced: 38% → 38% (noise alone: holds or improves, ±5)
pass noise-realtv-bonanza-a-10 tunerVoiced: 42% → 46% (noise alone: holds or improves, ±5)
pass noise-realtv-bonanza-a-10 skVoiced: 39% → 41% (noise alone: holds or improves, ±5)
pass noise-realtv-bonanza-a-10 cwFrames: 21% → 23% (noise alone: holds or improves, ±5)
pass noise-realtv-bonanza-a-10 rtfInTune: 10% → 6% (noise alone: holds or improves, ±5)
pass noise-realtv-bonanza-a-10 tunerInTune: 8% → 6% (noise alone: holds or improves, ±5)
pass noise-realtv-bonanza-a-10 skInKey: 3% → 2% (noise alone: holds or improves, ±5)
pass noise-realtv-bonanza-a-10 Choir World held: 0 → 0 (holds or improves)
pass noise-realtv-bonanza-b-10 rtfVoiced: 46% → 47% (noise alone: holds or improves, ±5)
pass noise-realtv-bonanza-b-10 tunerVoiced: 6% → 9% (noise alone: holds or improves, ±5)
pass noise-realtv-bonanza-b-10 skVoiced: 27% → 28% (noise alone: holds or improves, ±5)
pass noise-realtv-bonanza-b-10 cwFrames: 46% → 45% (noise alone: holds or improves, ±5)
pass noise-realtv-bonanza-b-10 rtfInTune: 7% → 10% (noise alone: holds or improves, ±5)
pass noise-realtv-bonanza-b-10 tunerInTune: 1% → 1% (noise alone: holds or improves, ±5)
pass noise-realtv-bonanza-b-10 skInKey: 2% → 3% (noise alone: holds or improves, ±5)
pass sing-breathy-5 rtfVoiced: 97% → 97% (real singing: keeps ≥95% of what was heard)
pass sing-breathy-5 tunerVoiced: 93% → 93% (real singing: keeps ≥95% of what was heard)
pass sing-breathy-5 skVoiced: 83% → 83% (real singing: keeps ≥95% of what was heard)
pass sing-breathy-5 cwFrames: 84% → 84% (real singing: keeps ≥95% of what was heard)
pass sing-breathy-562 rtfVoiced: 96% → 97% (real singing: keeps ≥95% of what was heard)
pass sing-breathy-562 tunerVoiced: 88% → 88% (real singing: keeps ≥95% of what was heard)
pass sing-breathy-562 skVoiced: 89% → 89% (real singing: keeps ≥95% of what was heard)
pass sing-breathy-562 cwFrames: 90% → 90% (real singing: keeps ≥95% of what was heard)
pass sing-breathy-1197 rtfVoiced: 94% → 94% (real singing: keeps ≥95% of what was heard)
pass sing-breathy-1197 tunerVoiced: 88% → 89% (real singing: keeps ≥95% of what was heard)
pass sing-breathy-1197 skVoiced: 75% → 75% (real singing: keeps ≥95% of what was heard)
pass sing-breathy-1197 cwFrames: 91% → 91% (real singing: keeps ≥95% of what was heard)
pass sing-breathy-1743 rtfVoiced: 95% → 96% (real singing: keeps ≥95% of what was heard)
pass sing-breathy-1743 tunerVoiced: 66% → 65% (real singing: keeps ≥95% of what was heard)
pass sing-breathy-1743 skVoiced: 91% → 91% (real singing: keeps ≥95% of what was heard)
pass sing-breathy-1743 cwFrames: 72% → 72% (real singing: keeps ≥95% of what was heard)
pass sing-breathy-2353 rtfVoiced: 91% → 91% (real singing: keeps ≥95% of what was heard)
pass sing-breathy-2353 tunerVoiced: 96% → 96% (real singing: keeps ≥95% of what was heard)
pass sing-breathy-2353 skVoiced: 84% → 83% (real singing: keeps ≥95% of what was heard)
pass sing-breathy-2353 cwFrames: 87% → 87% (real singing: keeps ≥95% of what was heard)
pass sing-breathy-3002 rtfVoiced: 100% → 100% (real singing: keeps ≥95% of what was heard)
pass sing-breathy-3002 tunerVoiced: 95% → 95% (real singing: keeps ≥95% of what was heard)
pass sing-breathy-3002 skVoiced: 60% → 61% (real singing: keeps ≥95% of what was heard)
pass sing-breathy-3002 cwFrames: 83% → 83% (real singing: keeps ≥95% of what was heard)
pass sing-pp-92 rtfVoiced: 11% → 10% (real singing: keeps ≥95% of what was heard)
pass sing-pp-92 tunerVoiced: 69% → 72% (real singing: keeps ≥95% of what was heard)
pass sing-pp-92 skVoiced: 58% → 60% (real singing: keeps ≥95% of what was heard)
pass sing-pp-92 cwFrames: 72% → 72% (real singing: keeps ≥95% of what was heard)
pass sing-pp-646 rtfVoiced: 80% → 80% (real singing: keeps ≥95% of what was heard)
pass sing-pp-646 tunerVoiced: 70% → 70% (real singing: keeps ≥95% of what was heard)
pass sing-pp-646 skVoiced: 53% → 54% (real singing: keeps ≥95% of what was heard)
pass sing-pp-646 cwFrames: 80% → 80% (real singing: keeps ≥95% of what was heard)
pass sing-pp-1717 rtfVoiced: 89% → 90% (real singing: keeps ≥95% of what was heard)
pass sing-pp-1717 tunerVoiced: 76% → 74% (real singing: keeps ≥95% of what was heard)
pass sing-pp-1717 skVoiced: 79% → 79% (real singing: keeps ≥95% of what was heard)
pass sing-pp-1717 cwFrames: 96% → 96% (real singing: keeps ≥95% of what was heard)
pass sing-pp-2977 rtfVoiced: 81% → 81% (real singing: keeps ≥95% of what was heard)
pass sing-pp-2977 tunerVoiced: 68% → 68% (real singing: keeps ≥95% of what was heard)
pass sing-pp-2977 skVoiced: 81% → 81% (real singing: keeps ≥95% of what was heard)
pass sing-pp-2977 cwFrames: 65% → 65% (real singing: keeps ≥95% of what was heard)
pass mix-breathy-1197-white-10 rtfVoiced: 95% → 94% (real singing: keeps ≥95% of what was heard)
pass mix-breathy-1197-white-10 tunerVoiced: 87% → 88% (real singing: keeps ≥95% of what was heard)
pass mix-breathy-1197-white-10 skVoiced: 74% → 75% (real singing: keeps ≥95% of what was heard)
pass mix-breathy-1197-white-10 cwFrames: 91% → 91% (real singing: keeps ≥95% of what was heard)
pass mix-breathy-1743-traffic-10 rtfVoiced: 99% → 99% (real singing: keeps ≥95% of what was heard)
pass mix-breathy-1743-traffic-10 tunerVoiced: 65% → 66% (real singing: keeps ≥95% of what was heard)
pass mix-breathy-1743-traffic-10 skVoiced: 90% → 90% (real singing: keeps ≥95% of what was heard)
pass mix-breathy-1743-traffic-10 cwFrames: 72% → 72% (real singing: keeps ≥95% of what was heard)
pass mix-breathy-3002-talker-10 rtfVoiced: 100% → 100% (real singing: keeps ≥95% of what was heard)
pass mix-breathy-3002-talker-10 tunerVoiced: 88% → 87% (real singing: keeps ≥95% of what was heard)
pass mix-breathy-3002-talker-10 skVoiced: 69% → 67% (real singing: keeps ≥95% of what was heard)
pass mix-breathy-3002-talker-10 cwFrames: 87% → 85% (real singing: keeps ≥95% of what was heard)

log: /Users/alegramusenge/Documents/voxcoach-app/scripts/vq-verify/logs/noisegate-local-2026-10-05T17-37-19.log  json: /Users/alegramusenge/Documents/voxcoach-app/scripts/vq-verify/logs/noisegate-local-2026-10-05T17-37-19.json
