noisegate 2026-10-04T10-14-49  sides: before, after  before: master  target MIDI 57

== noise-white-10 (broadband)
   before Pitch Match —/— | Drills —/—/—/—/— | RTF heard 0% in tune 0% | Tuner heard 0% in tune 0% | Stay in Key heard 0% in key 0% | Choir World heard 0% of frames, held 0/2
   after  Pitch Match —/— | Drills —/—/—/—/— | RTF heard 0% in tune 0% | Tuner heard 0% in tune 0% | Stay in Key heard 0% in key 0% | Choir World heard 0% of frames, held 0/2

== noise-pink-10 (broadband)
   before Pitch Match 31/— | Drills 0/0/0/0/23 | RTF heard 58% in tune 18% | Tuner heard 0% in tune 0% | Stay in Key heard 16% in key 0% | Choir World heard 8% of frames, held 0/2
   after  Pitch Match —/0 | Drills 0/0/0/0/0 | RTF heard 55% in tune 15% | Tuner heard 0% in tune 0% | Stay in Key heard 11% in key 0% | Choir World heard 10% of frames, held 0/2

== noise-traffic-10 (broadband)
   before Pitch Match —/— | Drills 4/0/0/26/5 | RTF heard 77% in tune 14% | Tuner heard 0% in tune 0% | Stay in Key heard 0% in key 0% | Choir World heard 0% of frames, held 0/2
   after  Pitch Match —/— | Drills 0/0/10/1/21 | RTF heard 83% in tune 19% | Tuner heard 0% in tune 0% | Stay in Key heard 0% in key 0% | Choir World heard 0% of frames, held 0/2

== noise-rumble-10 (broadband)
   before Pitch Match —/— | Drills —/—/0/—/— | RTF heard 17% in tune 1% | Tuner heard 0% in tune 0% | Stay in Key heard 0% in key 0% | Choir World heard 0% of frames, held 0/2
   after  Pitch Match —/— | Drills —/—/0/—/— | RTF heard 7% in tune 0% | Tuner heard 0% in tune 0% | Stay in Key heard 0% in key 0% | Choir World heard 0% of frames, held 0/2

== noise-babble-10 (voices)
   before Pitch Match 10/0 | Drills 0/47/0/—/— | RTF heard 54% in tune 17% | Tuner heard 75% in tune 4% | Stay in Key heard 83% in key 0% | Choir World heard 72% of frames, held 1/2
   after  Pitch Match 10/17 | Drills 0/48/0/—/— | RTF heard 56% in tune 16% | Tuner heard 68% in tune 6% | Stay in Key heard 71% in key 3% | Choir World heard 81% of frames, held 0/2

== noise-talker-10 (voices)
   before Pitch Match 0/16 | Drills 5/0/10/0/0 | RTF heard 51% in tune 10% | Tuner heard 60% in tune 6% | Stay in Key heard 61% in key 0% | Choir World heard 52% of frames, held 0/2
   after  Pitch Match 16/0 | Drills 4/0/7/0/0 | RTF heard 53% in tune 14% | Tuner heard 51% in tune 8% | Stay in Key heard 59% in key 0% | Choir World heard 47% of frames, held 0/2

== noise-tv-10 (voices)
   before Pitch Match 0/14 | Drills 3/0/9/0/0 | RTF heard 72% in tune 23% | Tuner heard 83% in tune 5% | Stay in Key heard 72% in key 0% | Choir World heard 64% of frames, held 1/2
   after  Pitch Match 17/82 | Drills 4/0/11/0/0 | RTF heard 66% in tune 22% | Tuner heard 61% in tune 12% | Stay in Key heard 65% in key 1% | Choir World heard 73% of frames, held 1/2

== noise-realspeech-alice-10 (real)
   before Pitch Match 1/0 | Drills 10/26/0/14/0 | RTF heard 58% in tune 16% | Tuner heard 51% in tune 9% | Stay in Key heard 64% in key 4% | Choir World heard 55% of frames, held 0/2
   after  Pitch Match 0/0 | Drills 0/22/0/0/0 | RTF heard 59% in tune 10% | Tuner heard 43% in tune 3% | Stay in Key heard 65% in key 4% | Choir World heard 60% of frames, held 0/2

== noise-realspeech-holmes-10 (real)
   before Pitch Match 42/0 | Drills 0/4/22/24/33 | RTF heard 54% in tune 10% | Tuner heard 45% in tune 6% | Stay in Key heard 66% in key 3% | Choir World heard 59% of frames, held 2/2
   after  Pitch Match 0/45 | Drills 0/18/19/19/33 | RTF heard 55% in tune 13% | Tuner heard 61% in tune 11% | Stay in Key heard 57% in key 5% | Choir World heard 60% of frames, held 1/2

== noise-realtv-bonanza-a-10 (real)
   before Pitch Match 0/0 | Drills 0/65/32/13/34 | RTF heard 37% in tune 4% | Tuner heard 24% in tune 3% | Stay in Key heard 33% in key 4% | Choir World heard 46% of frames, held 0/2
   after  Pitch Match 0/39 | Drills 0/65/32/13/32 | RTF heard 37% in tune 5% | Tuner heard 19% in tune 2% | Stay in Key heard 63% in key 5% | Choir World heard 31% of frames, held 0/2

== noise-realtv-bonanza-b-10 (real)
   before Pitch Match 0/20 | Drills —/37/7/53/75 | RTF heard 48% in tune 9% | Tuner heard 35% in tune 2% | Stay in Key heard 23% in key 0% | Choir World heard 21% of frames, held 0/2
   after  Pitch Match 0/8 | Drills —/29/0/45/72 | RTF heard 43% in tune 10% | Tuner heard 32% in tune 4% | Stay in Key heard 10% in key 0% | Choir World heard 35% of frames, held 1/2

== sing-breathy-5 (soft)
   before Pitch Match 0/0 | Drills 0/0/0/0/0 | RTF heard 96% in tune 32% | Tuner heard 86% in tune 18% | Stay in Key heard 84% in key 0% | Choir World heard 90% of frames, held 0/2
   after  Pitch Match 0/0 | Drills 0/0/0/0/0 | RTF heard 96% in tune 38% | Tuner heard 99% in tune 28% | Stay in Key heard 94% in key 0% | Choir World heard 83% of frames, held 0/2

== sing-breathy-562 (soft)
   before Pitch Match 0/0 | Drills 0/0/0/0/0 | RTF heard 96% in tune 8% | Tuner heard 94% in tune 5% | Stay in Key heard 88% in key 0% | Choir World heard 81% of frames, held 0/2
   after  Pitch Match 0/0 | Drills 0/0/0/0/0 | RTF heard 96% in tune 9% | Tuner heard 89% in tune 5% | Stay in Key heard 88% in key 0% | Choir World heard 90% of frames, held 0/2

== sing-breathy-1197 (soft)
   before Pitch Match 0/0 | Drills —/0/27/0/0 | RTF heard 94% in tune 27% | Tuner heard 94% in tune 19% | Stay in Key heard 74% in key 9% | Choir World heard 85% of frames, held 0/2
   after  Pitch Match 32/7 | Drills —/0/29/0/0 | RTF heard 95% in tune 33% | Tuner heard 75% in tune 8% | Stay in Key heard 94% in key 18% | Choir World heard 91% of frames, held 0/2

== sing-breathy-1743 (soft)
   before Pitch Match 0/0 | Drills 0/0/0/11/0 | RTF heard 94% in tune 21% | Tuner heard 60% in tune 3% | Stay in Key heard 99% in key 7% | Choir World heard 73% of frames, held 0/2
   after  Pitch Match 0/5 | Drills 0/0/0/11/0 | RTF heard 95% in tune 25% | Tuner heard 79% in tune 6% | Stay in Key heard 71% in key 0% | Choir World heard 88% of frames, held 1/2

== sing-breathy-2353 (soft)
   before Pitch Match 0/0 | Drills 0/0/0/0/0 | RTF heard 91% in tune 12% | Tuner heard 91% in tune 9% | Stay in Key heard 91% in key 0% | Choir World heard 92% of frames, held 0/2
   after  Pitch Match 0/0 | Drills 0/0/0/0/0 | RTF heard 91% in tune 15% | Tuner heard 85% in tune 10% | Stay in Key heard 96% in key 0% | Choir World heard 79% of frames, held 0/2

== sing-breathy-3002 (soft)
   before Pitch Match 0/4 | Drills —/0/12/—/— | RTF heard 100% in tune 16% | Tuner heard 100% in tune 10% | Stay in Key heard 39% in key 0% | Choir World heard 91% of frames, held 0/2
   after  Pitch Match 29/0 | Drills —/0/14/—/— | RTF heard 100% in tune 13% | Tuner heard 50% in tune 4% | Stay in Key heard 96% in key 1% | Choir World heard 89% of frames, held 0/2

== sing-pp-92 (soft)
   before Pitch Match 0/0 | Drills —/0/0/0/0 | RTF heard 11% in tune 4% | Tuner heard 66% in tune 25% | Stay in Key heard 77% in key 0% | Choir World heard 72% of frames, held 0/2
   after  Pitch Match 0/0 | Drills —/0/0/0/0 | RTF heard 11% in tune 5% | Tuner heard 59% in tune 20% | Stay in Key heard 62% in key 0% | Choir World heard 75% of frames, held 0/2

== sing-pp-646 (soft)
   before Pitch Match 0/0 | Drills 0/0/0/0/0 | RTF heard 79% in tune 45% | Tuner heard 80% in tune 1% | Stay in Key heard 58% in key 0% | Choir World heard 69% of frames, held 0/2
   after  Pitch Match 0/0 | Drills 0/0/0/0/0 | RTF heard 79% in tune 48% | Tuner heard 66% in tune 1% | Stay in Key heard 62% in key 0% | Choir World heard 82% of frames, held 0/2

== sing-pp-1717 (soft)
   before Pitch Match 0/0 | Drills 0/0/—/0/0 | RTF heard 90% in tune 3% | Tuner heard 79% in tune 17% | Stay in Key heard 100% in key 0% | Choir World heard 73% of frames, held 0/2
   after  Pitch Match 0/0 | Drills 0/0/—/0/0 | RTF heard 91% in tune 5% | Tuner heard 96% in tune 17% | Stay in Key heard 73% in key 0% | Choir World heard 82% of frames, held 0/2

== sing-pp-2977 (soft)
   before Pitch Match 0/0 | Drills 0/0/0/—/— | RTF heard 81% in tune 4% | Tuner heard 65% in tune 14% | Stay in Key heard 81% in key 0% | Choir World heard 66% of frames, held 0/2
   after  Pitch Match 0/0 | Drills 0/0/0/—/— | RTF heard 80% in tune 2% | Tuner heard 71% in tune 4% | Stay in Key heard 79% in key 0% | Choir World heard 70% of frames, held 0/2

== mix-breathy-1197-white-10 (soft)
   before Pitch Match 0/0 | Drills —/0/28/0/0 | RTF heard 95% in tune 27% | Tuner heard 93% in tune 18% | Stay in Key heard 74% in key 4% | Choir World heard 85% of frames, held 0/2
   after  Pitch Match 31/6 | Drills —/0/28/0/0 | RTF heard 94% in tune 28% | Tuner heard 69% in tune 8% | Stay in Key heard 94% in key 17% | Choir World heard 91% of frames, held 0/2

== mix-breathy-1743-traffic-10 (soft)
   before Pitch Match 0/0 | Drills 0/0/0/11/0 | RTF heard 98% in tune 22% | Tuner heard 55% in tune 4% | Stay in Key heard 96% in key 7% | Choir World heard 75% of frames, held 0/2
   after  Pitch Match 0/3 | Drills 0/0/0/11/0 | RTF heard 99% in tune 26% | Tuner heard 80% in tune 5% | Stay in Key heard 69% in key 0% | Choir World heard 88% of frames, held 1/2

== mix-breathy-3002-talker-10 (soft)
   before Pitch Match 0/8 | Drills 0/0/13/0/0 | RTF heard 100% in tune 20% | Tuner heard 100% in tune 10% | Stay in Key heard 71% in key 0% | Choir World heard 83% of frames, held 0/2
   after  Pitch Match 32/0 | Drills 0/0/12/0/0 | RTF heard 100% in tune 17% | Tuner heard 67% in tune 10% | Stay in Key heard 84% in key 1% | Choir World heard 89% of frames, held 0/2

==== Summary (A = after)
   noise-white-10               before: PM —/— RTF 0% Tuner 0% SiK 0% CW 0% held 0/2  →  after: PM —/— RTF 0% Tuner 0% SiK 0% CW 0% held 0/2
   noise-pink-10                before: PM 31/— RTF 58% Tuner 0% SiK 16% CW 8% held 0/2  →  after: PM —/0 RTF 55% Tuner 0% SiK 11% CW 10% held 0/2
   noise-traffic-10             before: PM —/— RTF 77% Tuner 0% SiK 0% CW 0% held 0/2  →  after: PM —/— RTF 83% Tuner 0% SiK 0% CW 0% held 0/2
   noise-rumble-10              before: PM —/— RTF 17% Tuner 0% SiK 0% CW 0% held 0/2  →  after: PM —/— RTF 7% Tuner 0% SiK 0% CW 0% held 0/2
   noise-babble-10              before: PM 10/0 RTF 54% Tuner 75% SiK 83% CW 72% held 1/2  →  after: PM 10/17 RTF 56% Tuner 68% SiK 71% CW 81% held 0/2
   noise-talker-10              before: PM 0/16 RTF 51% Tuner 60% SiK 61% CW 52% held 0/2  →  after: PM 16/0 RTF 53% Tuner 51% SiK 59% CW 47% held 0/2
   noise-tv-10                  before: PM 0/14 RTF 72% Tuner 83% SiK 72% CW 64% held 1/2  →  after: PM 17/82 RTF 66% Tuner 61% SiK 65% CW 73% held 1/2
   noise-realspeech-alice-10    before: PM 1/0 RTF 58% Tuner 51% SiK 64% CW 55% held 0/2  →  after: PM 0/0 RTF 59% Tuner 43% SiK 65% CW 60% held 0/2
   noise-realspeech-holmes-10   before: PM 42/0 RTF 54% Tuner 45% SiK 66% CW 59% held 2/2  →  after: PM 0/45 RTF 55% Tuner 61% SiK 57% CW 60% held 1/2
   noise-realtv-bonanza-a-10    before: PM 0/0 RTF 37% Tuner 24% SiK 33% CW 46% held 0/2  →  after: PM 0/39 RTF 37% Tuner 19% SiK 63% CW 31% held 0/2
   noise-realtv-bonanza-b-10    before: PM 0/20 RTF 48% Tuner 35% SiK 23% CW 21% held 0/2  →  after: PM 0/8 RTF 43% Tuner 32% SiK 10% CW 35% held 1/2
   sing-breathy-5               before: PM 0/0 RTF 96% Tuner 86% SiK 84% CW 90% held 0/2  →  after: PM 0/0 RTF 96% Tuner 99% SiK 94% CW 83% held 0/2
   sing-breathy-562             before: PM 0/0 RTF 96% Tuner 94% SiK 88% CW 81% held 0/2  →  after: PM 0/0 RTF 96% Tuner 89% SiK 88% CW 90% held 0/2
   sing-breathy-1197            before: PM 0/0 RTF 94% Tuner 94% SiK 74% CW 85% held 0/2  →  after: PM 32/7 RTF 95% Tuner 75% SiK 94% CW 91% held 0/2
   sing-breathy-1743            before: PM 0/0 RTF 94% Tuner 60% SiK 99% CW 73% held 0/2  →  after: PM 0/5 RTF 95% Tuner 79% SiK 71% CW 88% held 1/2
   sing-breathy-2353            before: PM 0/0 RTF 91% Tuner 91% SiK 91% CW 92% held 0/2  →  after: PM 0/0 RTF 91% Tuner 85% SiK 96% CW 79% held 0/2
   sing-breathy-3002            before: PM 0/4 RTF 100% Tuner 100% SiK 39% CW 91% held 0/2  →  after: PM 29/0 RTF 100% Tuner 50% SiK 96% CW 89% held 0/2
   sing-pp-92                   before: PM 0/0 RTF 11% Tuner 66% SiK 77% CW 72% held 0/2  →  after: PM 0/0 RTF 11% Tuner 59% SiK 62% CW 75% held 0/2
   sing-pp-646                  before: PM 0/0 RTF 79% Tuner 80% SiK 58% CW 69% held 0/2  →  after: PM 0/0 RTF 79% Tuner 66% SiK 62% CW 82% held 0/2
   sing-pp-1717                 before: PM 0/0 RTF 90% Tuner 79% SiK 100% CW 73% held 0/2  →  after: PM 0/0 RTF 91% Tuner 96% SiK 73% CW 82% held 0/2
   sing-pp-2977                 before: PM 0/0 RTF 81% Tuner 65% SiK 81% CW 66% held 0/2  →  after: PM 0/0 RTF 80% Tuner 71% SiK 79% CW 70% held 0/2
   mix-breathy-1197-white-10    before: PM 0/0 RTF 95% Tuner 93% SiK 74% CW 85% held 0/2  →  after: PM 31/6 RTF 94% Tuner 69% SiK 94% CW 91% held 0/2
   mix-breathy-1743-traffic-10  before: PM 0/0 RTF 98% Tuner 55% SiK 96% CW 75% held 0/2  →  after: PM 0/3 RTF 99% Tuner 80% SiK 69% CW 88% held 1/2
   mix-breathy-3002-talker-10   before: PM 0/8 RTF 100% Tuner 100% SiK 71% CW 83% held 0/2  →  after: PM 32/0 RTF 100% Tuner 67% SiK 84% CW 89% held 0/2

==== VERDICT: 131 passed, 29 failed
FAIL noise-pink-10 rtfVoiced: 58% → 55% (no pitch in it: heard on ≤5% of frames)
FAIL noise-pink-10 skVoiced: 16% → 11% (no pitch in it: heard on ≤5% of frames)
FAIL noise-pink-10 cwFrames: 8% → 10% (no pitch in it: heard on ≤5% of frames)
FAIL noise-pink-10 scores: Pitch Match —/0, Drills 0/0/0/0/0, Choir held 0/2 (nothing may be scored or held)
FAIL noise-traffic-10 rtfVoiced: 77% → 83% (no pitch in it: heard on ≤5% of frames)
FAIL noise-traffic-10 scores: Pitch Match —/—, Drills 0/0/10/1/21, Choir held 0/2 (nothing may be scored or held)
FAIL noise-traffic-10 rtfVoiced: 77% → 83% (noise alone: holds or improves, ±5)
FAIL noise-rumble-10 rtfVoiced: 17% → 7% (no pitch in it: heard on ≤5% of frames)
FAIL noise-rumble-10 scores: Pitch Match —/—, Drills —/—/0/—/—, Choir held 0/2 (nothing may be scored or held)
FAIL noise-babble-10 cwFrames: 72% → 81% (noise alone: holds or improves, ±5)
FAIL noise-tv-10 cwFrames: 64% → 73% (noise alone: holds or improves, ±5)
FAIL noise-tv-10 tunerInTune: 5% → 12% (noise alone: holds or improves, ±5)
FAIL noise-realspeech-holmes-10 tunerVoiced: 45% → 61% (noise alone: holds or improves, ±5)
FAIL noise-realtv-bonanza-a-10 skVoiced: 33% → 63% (noise alone: holds or improves, ±5)
FAIL noise-realtv-bonanza-b-10 cwFrames: 21% → 35% (noise alone: holds or improves, ±5)
FAIL noise-realtv-bonanza-b-10 Choir World held: 0 → 1 (holds or improves)
FAIL sing-breathy-5 cwFrames: 90% → 83% (real singing: keeps ≥95% of what was heard)
FAIL sing-breathy-1197 tunerVoiced: 94% → 75% (real singing: keeps ≥95% of what was heard)
FAIL sing-breathy-1743 skVoiced: 99% → 71% (real singing: keeps ≥95% of what was heard)
FAIL sing-breathy-2353 tunerVoiced: 91% → 85% (real singing: keeps ≥95% of what was heard)
FAIL sing-breathy-2353 cwFrames: 92% → 79% (real singing: keeps ≥95% of what was heard)
FAIL sing-breathy-3002 tunerVoiced: 100% → 50% (real singing: keeps ≥95% of what was heard)
FAIL sing-pp-92 tunerVoiced: 66% → 59% (real singing: keeps ≥95% of what was heard)
FAIL sing-pp-92 skVoiced: 77% → 62% (real singing: keeps ≥95% of what was heard)
FAIL sing-pp-646 tunerVoiced: 80% → 66% (real singing: keeps ≥95% of what was heard)
FAIL sing-pp-1717 skVoiced: 100% → 73% (real singing: keeps ≥95% of what was heard)
FAIL mix-breathy-1197-white-10 tunerVoiced: 93% → 69% (real singing: keeps ≥95% of what was heard)
FAIL mix-breathy-1743-traffic-10 skVoiced: 96% → 69% (real singing: keeps ≥95% of what was heard)
FAIL mix-breathy-3002-talker-10 tunerVoiced: 100% → 67% (real singing: keeps ≥95% of what was heard)
pass noise-white-10 rtfVoiced: 0% → 0% (no pitch in it: heard on ≤5% of frames)
pass noise-white-10 tunerVoiced: 0% → 0% (no pitch in it: heard on ≤5% of frames)
pass noise-white-10 skVoiced: 0% → 0% (no pitch in it: heard on ≤5% of frames)
pass noise-white-10 cwFrames: 0% → 0% (no pitch in it: heard on ≤5% of frames)
pass noise-white-10 scores: Pitch Match —/—, Drills —/—/—/—/—, Choir held 0/2 (nothing may be scored or held)
pass noise-white-10 rtfVoiced: 0% → 0% (noise alone: holds or improves, ±5)
pass noise-white-10 tunerVoiced: 0% → 0% (noise alone: holds or improves, ±5)
pass noise-white-10 skVoiced: 0% → 0% (noise alone: holds or improves, ±5)
pass noise-white-10 cwFrames: 0% → 0% (noise alone: holds or improves, ±5)
pass noise-white-10 rtfInTune: 0% → 0% (noise alone: holds or improves, ±5)
pass noise-white-10 tunerInTune: 0% → 0% (noise alone: holds or improves, ±5)
pass noise-white-10 skInKey: 0% → 0% (noise alone: holds or improves, ±5)
pass noise-white-10 Choir World held: 0 → 0 (holds or improves)
pass noise-pink-10 tunerVoiced: 0% → 0% (no pitch in it: heard on ≤5% of frames)
pass noise-pink-10 rtfVoiced: 58% → 55% (noise alone: holds or improves, ±5)
pass noise-pink-10 tunerVoiced: 0% → 0% (noise alone: holds or improves, ±5)
pass noise-pink-10 skVoiced: 16% → 11% (noise alone: holds or improves, ±5)
pass noise-pink-10 cwFrames: 8% → 10% (noise alone: holds or improves, ±5)
pass noise-pink-10 rtfInTune: 18% → 15% (noise alone: holds or improves, ±5)
pass noise-pink-10 tunerInTune: 0% → 0% (noise alone: holds or improves, ±5)
pass noise-pink-10 skInKey: 0% → 0% (noise alone: holds or improves, ±5)
pass noise-pink-10 Choir World held: 0 → 0 (holds or improves)
pass noise-traffic-10 tunerVoiced: 0% → 0% (no pitch in it: heard on ≤5% of frames)
pass noise-traffic-10 skVoiced: 0% → 0% (no pitch in it: heard on ≤5% of frames)
pass noise-traffic-10 cwFrames: 0% → 0% (no pitch in it: heard on ≤5% of frames)
pass noise-traffic-10 tunerVoiced: 0% → 0% (noise alone: holds or improves, ±5)
pass noise-traffic-10 skVoiced: 0% → 0% (noise alone: holds or improves, ±5)
pass noise-traffic-10 cwFrames: 0% → 0% (noise alone: holds or improves, ±5)
pass noise-traffic-10 rtfInTune: 14% → 19% (noise alone: holds or improves, ±5)
pass noise-traffic-10 tunerInTune: 0% → 0% (noise alone: holds or improves, ±5)
pass noise-traffic-10 skInKey: 0% → 0% (noise alone: holds or improves, ±5)
pass noise-traffic-10 Choir World held: 0 → 0 (holds or improves)
pass noise-rumble-10 tunerVoiced: 0% → 0% (no pitch in it: heard on ≤5% of frames)
pass noise-rumble-10 skVoiced: 0% → 0% (no pitch in it: heard on ≤5% of frames)
pass noise-rumble-10 cwFrames: 0% → 0% (no pitch in it: heard on ≤5% of frames)
pass noise-rumble-10 rtfVoiced: 17% → 7% (noise alone: holds or improves, ±5)
pass noise-rumble-10 tunerVoiced: 0% → 0% (noise alone: holds or improves, ±5)
pass noise-rumble-10 skVoiced: 0% → 0% (noise alone: holds or improves, ±5)
pass noise-rumble-10 cwFrames: 0% → 0% (noise alone: holds or improves, ±5)
pass noise-rumble-10 rtfInTune: 1% → 0% (noise alone: holds or improves, ±5)
pass noise-rumble-10 tunerInTune: 0% → 0% (noise alone: holds or improves, ±5)
pass noise-rumble-10 skInKey: 0% → 0% (noise alone: holds or improves, ±5)
pass noise-rumble-10 Choir World held: 0 → 0 (holds or improves)
pass noise-babble-10 rtfVoiced: 54% → 56% (noise alone: holds or improves, ±5)
pass noise-babble-10 tunerVoiced: 75% → 68% (noise alone: holds or improves, ±5)
pass noise-babble-10 skVoiced: 83% → 71% (noise alone: holds or improves, ±5)
pass noise-babble-10 rtfInTune: 17% → 16% (noise alone: holds or improves, ±5)
pass noise-babble-10 tunerInTune: 4% → 6% (noise alone: holds or improves, ±5)
pass noise-babble-10 skInKey: 0% → 3% (noise alone: holds or improves, ±5)
pass noise-babble-10 Choir World held: 1 → 0 (holds or improves)
pass noise-talker-10 rtfVoiced: 51% → 53% (noise alone: holds or improves, ±5)
pass noise-talker-10 tunerVoiced: 60% → 51% (noise alone: holds or improves, ±5)
pass noise-talker-10 skVoiced: 61% → 59% (noise alone: holds or improves, ±5)
pass noise-talker-10 cwFrames: 52% → 47% (noise alone: holds or improves, ±5)
pass noise-talker-10 rtfInTune: 10% → 14% (noise alone: holds or improves, ±5)
pass noise-talker-10 tunerInTune: 6% → 8% (noise alone: holds or improves, ±5)
pass noise-talker-10 skInKey: 0% → 0% (noise alone: holds or improves, ±5)
pass noise-talker-10 Choir World held: 0 → 0 (holds or improves)
pass noise-tv-10 rtfVoiced: 72% → 66% (noise alone: holds or improves, ±5)
pass noise-tv-10 tunerVoiced: 83% → 61% (noise alone: holds or improves, ±5)
pass noise-tv-10 skVoiced: 72% → 65% (noise alone: holds or improves, ±5)
pass noise-tv-10 rtfInTune: 23% → 22% (noise alone: holds or improves, ±5)
pass noise-tv-10 skInKey: 0% → 1% (noise alone: holds or improves, ±5)
pass noise-tv-10 Choir World held: 1 → 1 (holds or improves)
pass noise-realspeech-alice-10 rtfVoiced: 58% → 59% (noise alone: holds or improves, ±5)
pass noise-realspeech-alice-10 tunerVoiced: 51% → 43% (noise alone: holds or improves, ±5)
pass noise-realspeech-alice-10 skVoiced: 64% → 65% (noise alone: holds or improves, ±5)
pass noise-realspeech-alice-10 cwFrames: 55% → 60% (noise alone: holds or improves, ±5)
pass noise-realspeech-alice-10 rtfInTune: 16% → 10% (noise alone: holds or improves, ±5)
pass noise-realspeech-alice-10 tunerInTune: 9% → 3% (noise alone: holds or improves, ±5)
pass noise-realspeech-alice-10 skInKey: 4% → 4% (noise alone: holds or improves, ±5)
pass noise-realspeech-alice-10 Choir World held: 0 → 0 (holds or improves)
pass noise-realspeech-holmes-10 rtfVoiced: 54% → 55% (noise alone: holds or improves, ±5)
pass noise-realspeech-holmes-10 skVoiced: 66% → 57% (noise alone: holds or improves, ±5)
pass noise-realspeech-holmes-10 cwFrames: 59% → 60% (noise alone: holds or improves, ±5)
pass noise-realspeech-holmes-10 rtfInTune: 10% → 13% (noise alone: holds or improves, ±5)
pass noise-realspeech-holmes-10 tunerInTune: 6% → 11% (noise alone: holds or improves, ±5)
pass noise-realspeech-holmes-10 skInKey: 3% → 5% (noise alone: holds or improves, ±5)
pass noise-realspeech-holmes-10 Choir World held: 2 → 1 (holds or improves)
pass noise-realtv-bonanza-a-10 rtfVoiced: 37% → 37% (noise alone: holds or improves, ±5)
pass noise-realtv-bonanza-a-10 tunerVoiced: 24% → 19% (noise alone: holds or improves, ±5)
pass noise-realtv-bonanza-a-10 cwFrames: 46% → 31% (noise alone: holds or improves, ±5)
pass noise-realtv-bonanza-a-10 rtfInTune: 4% → 5% (noise alone: holds or improves, ±5)
pass noise-realtv-bonanza-a-10 tunerInTune: 3% → 2% (noise alone: holds or improves, ±5)
pass noise-realtv-bonanza-a-10 skInKey: 4% → 5% (noise alone: holds or improves, ±5)
pass noise-realtv-bonanza-a-10 Choir World held: 0 → 0 (holds or improves)
pass noise-realtv-bonanza-b-10 rtfVoiced: 48% → 43% (noise alone: holds or improves, ±5)
pass noise-realtv-bonanza-b-10 tunerVoiced: 35% → 32% (noise alone: holds or improves, ±5)
pass noise-realtv-bonanza-b-10 skVoiced: 23% → 10% (noise alone: holds or improves, ±5)
pass noise-realtv-bonanza-b-10 rtfInTune: 9% → 10% (noise alone: holds or improves, ±5)
pass noise-realtv-bonanza-b-10 tunerInTune: 2% → 4% (noise alone: holds or improves, ±5)
pass noise-realtv-bonanza-b-10 skInKey: 0% → 0% (noise alone: holds or improves, ±5)
pass sing-breathy-5 rtfVoiced: 96% → 96% (real singing: keeps ≥95% of what was heard)
pass sing-breathy-5 tunerVoiced: 86% → 99% (real singing: keeps ≥95% of what was heard)
pass sing-breathy-5 skVoiced: 84% → 94% (real singing: keeps ≥95% of what was heard)
pass sing-breathy-562 rtfVoiced: 96% → 96% (real singing: keeps ≥95% of what was heard)
pass sing-breathy-562 tunerVoiced: 94% → 89% (real singing: keeps ≥95% of what was heard)
pass sing-breathy-562 skVoiced: 88% → 88% (real singing: keeps ≥95% of what was heard)
pass sing-breathy-562 cwFrames: 81% → 90% (real singing: keeps ≥95% of what was heard)
pass sing-breathy-1197 rtfVoiced: 94% → 95% (real singing: keeps ≥95% of what was heard)
pass sing-breathy-1197 skVoiced: 74% → 94% (real singing: keeps ≥95% of what was heard)
pass sing-breathy-1197 cwFrames: 85% → 91% (real singing: keeps ≥95% of what was heard)
pass sing-breathy-1743 rtfVoiced: 94% → 95% (real singing: keeps ≥95% of what was heard)
pass sing-breathy-1743 tunerVoiced: 60% → 79% (real singing: keeps ≥95% of what was heard)
pass sing-breathy-1743 cwFrames: 73% → 88% (real singing: keeps ≥95% of what was heard)
pass sing-breathy-2353 rtfVoiced: 91% → 91% (real singing: keeps ≥95% of what was heard)
pass sing-breathy-2353 skVoiced: 91% → 96% (real singing: keeps ≥95% of what was heard)
pass sing-breathy-3002 rtfVoiced: 100% → 100% (real singing: keeps ≥95% of what was heard)
pass sing-breathy-3002 skVoiced: 39% → 96% (real singing: keeps ≥95% of what was heard)
pass sing-breathy-3002 cwFrames: 91% → 89% (real singing: keeps ≥95% of what was heard)
pass sing-pp-92 rtfVoiced: 11% → 11% (real singing: keeps ≥95% of what was heard)
pass sing-pp-92 cwFrames: 72% → 75% (real singing: keeps ≥95% of what was heard)
pass sing-pp-646 rtfVoiced: 79% → 79% (real singing: keeps ≥95% of what was heard)
pass sing-pp-646 skVoiced: 58% → 62% (real singing: keeps ≥95% of what was heard)
pass sing-pp-646 cwFrames: 69% → 82% (real singing: keeps ≥95% of what was heard)
pass sing-pp-1717 rtfVoiced: 90% → 91% (real singing: keeps ≥95% of what was heard)
pass sing-pp-1717 tunerVoiced: 79% → 96% (real singing: keeps ≥95% of what was heard)
pass sing-pp-1717 cwFrames: 73% → 82% (real singing: keeps ≥95% of what was heard)
pass sing-pp-2977 rtfVoiced: 81% → 80% (real singing: keeps ≥95% of what was heard)
pass sing-pp-2977 tunerVoiced: 65% → 71% (real singing: keeps ≥95% of what was heard)
pass sing-pp-2977 skVoiced: 81% → 79% (real singing: keeps ≥95% of what was heard)
pass sing-pp-2977 cwFrames: 66% → 70% (real singing: keeps ≥95% of what was heard)
pass mix-breathy-1197-white-10 rtfVoiced: 95% → 94% (real singing: keeps ≥95% of what was heard)
pass mix-breathy-1197-white-10 skVoiced: 74% → 94% (real singing: keeps ≥95% of what was heard)
pass mix-breathy-1197-white-10 cwFrames: 85% → 91% (real singing: keeps ≥95% of what was heard)
pass mix-breathy-1743-traffic-10 rtfVoiced: 98% → 99% (real singing: keeps ≥95% of what was heard)
pass mix-breathy-1743-traffic-10 tunerVoiced: 55% → 80% (real singing: keeps ≥95% of what was heard)
pass mix-breathy-1743-traffic-10 cwFrames: 75% → 88% (real singing: keeps ≥95% of what was heard)
pass mix-breathy-3002-talker-10 rtfVoiced: 100% → 100% (real singing: keeps ≥95% of what was heard)
pass mix-breathy-3002-talker-10 skVoiced: 71% → 84% (real singing: keeps ≥95% of what was heard)
pass mix-breathy-3002-talker-10 cwFrames: 83% → 89% (real singing: keeps ≥95% of what was heard)

log: /Users/alegramusenge/Documents/voxcoach-app/scripts/vq-verify/logs/noisegate-local-2026-10-04T10-14-49.log  json: /Users/alegramusenge/Documents/voxcoach-app/scripts/vq-verify/logs/noisegate-local-2026-10-04T10-14-49.json
