noisegate 2026-10-04T16-21-07  sides: before, after  before: master  target MIDI 57

== noise-white-10 (broadband)
   before Pitch Match —/— | Drills —/—/—/—/— | RTF heard 0% in tune 0% | Tuner heard 0% in tune 0% | Stay in Key heard 0% in key 0% | Choir World heard 0% of frames, held 0/2
   after  Pitch Match —/— | Drills —/—/—/—/— | RTF heard 0% in tune 0% | Tuner heard 0% in tune 0% | Stay in Key heard 0% in key 0% | Choir World heard 0% of frames, held 0/2

== noise-pink-10 (broadband)
   before Pitch Match 0/0 | Drills 0/0/1/0/0 | RTF heard 56% in tune 9% | Tuner heard 0% in tune 0% | Stay in Key heard 11% in key 0% | Choir World heard 9% of frames, held 0/2
   after  Pitch Match —/0 | Drills 0/2/17/0/0 | RTF heard 58% in tune 12% | Tuner heard 0% in tune 0% | Stay in Key heard 11% in key 0% | Choir World heard 7% of frames, held 0/2

== noise-traffic-10 (broadband)
   before Pitch Match —/— | Drills 0/0/0/0/24 | RTF heard 80% in tune 23% | Tuner heard 0% in tune 0% | Stay in Key heard 0% in key 0% | Choir World heard 0% of frames, held 0/2
   after  Pitch Match —/— | Drills 22/0/0/0/15 | RTF heard 78% in tune 18% | Tuner heard 0% in tune 0% | Stay in Key heard 0% in key 0% | Choir World heard 0% of frames, held 0/2

== noise-rumble-10 (broadband)
   before Pitch Match —/— | Drills 0/0/0/—/— | RTF heard 10% in tune 1% | Tuner heard 0% in tune 0% | Stay in Key heard 0% in key 0% | Choir World heard 0% of frames, held 0/2
   after  Pitch Match —/— | Drills 0/0/0/—/— | RTF heard 7% in tune 0% | Tuner heard 0% in tune 0% | Stay in Key heard 0% in key 0% | Choir World heard 0% of frames, held 0/2

== noise-babble-10 (voices)
   before Pitch Match 1/— | Drills 0/49/4/—/— | RTF heard 54% in tune 13% | Tuner heard 80% in tune 15% | Stay in Key heard 75% in key 2% | Choir World heard 67% of frames, held 0/2
   after  Pitch Match 12/11 | Drills 0/49/5/—/— | RTF heard 54% in tune 15% | Tuner heard 74% in tune 14% | Stay in Key heard 76% in key 1% | Choir World heard 69% of frames, held 0/2

== noise-talker-10 (voices)
   before Pitch Match 0/4 | Drills 4/0/10/0/0 | RTF heard 54% in tune 9% | Tuner heard 59% in tune 9% | Stay in Key heard 50% in key 1% | Choir World heard 59% of frames, held 1/2
   after  Pitch Match 16/0 | Drills 5/0/7/0/0 | RTF heard 54% in tune 13% | Tuner heard 61% in tune 10% | Stay in Key heard 48% in key 2% | Choir World heard 59% of frames, held 1/2

== noise-tv-10 (voices)
   before Pitch Match 0/8 | Drills 4/0/10/0/0 | RTF heard 71% in tune 23% | Tuner heard 64% in tune 14% | Stay in Key heard 65% in key 4% | Choir World heard 83% of frames, held 0/2
   after  Pitch Match 14/0 | Drills 4/0/12/0/0 | RTF heard 70% in tune 28% | Tuner heard 64% in tune 14% | Stay in Key heard 68% in key 4% | Choir World heard 82% of frames, held 0/2

== noise-realspeech-alice-10 (real)
   before Pitch Match 2/0 | Drills 0/22/10/0/0 | RTF heard 60% in tune 12% | Tuner heard 56% in tune 9% | Stay in Key heard 61% in key 1% | Choir World heard 68% of frames, held 0/2
   after  Pitch Match 0/24 | Drills 0/20/0/0/0 | RTF heard 61% in tune 10% | Tuner heard 54% in tune 7% | Stay in Key heard 57% in key 1% | Choir World heard 66% of frames, held 0/2

== noise-realspeech-holmes-10 (real)
   before Pitch Match 35/10 | Drills 0/23/22/25/33 | RTF heard 55% in tune 15% | Tuner heard 44% in tune 4% | Stay in Key heard 59% in key 5% | Choir World heard 60% of frames, held 2/2
   after  Pitch Match 0/32 | Drills 0/14/26/20/36 | RTF heard 51% in tune 8% | Tuner heard 47% in tune 9% | Stay in Key heard 57% in key 4% | Choir World heard 61% of frames, held 2/2

== noise-realtv-bonanza-a-10 (real)
   before Pitch Match 0/0 | Drills 0/66/37/12/26 | RTF heard 38% in tune 10% | Tuner heard 41% in tune 7% | Stay in Key heard 41% in key 3% | Choir World heard 23% of frames, held 0/2
   after  Pitch Match 0/2 | Drills 0/65/41/15/27 | RTF heard 34% in tune 5% | Tuner heard 43% in tune 8% | Stay in Key heard 41% in key 4% | Choir World heard 21% of frames, held 0/2

== noise-realtv-bonanza-b-10 (real)
   before Pitch Match 0/23 | Drills —/34/35/50/63 | RTF heard 46% in tune 4% | Tuner heard 6% in tune 2% | Stay in Key heard 26% in key 3% | Choir World heard 44% of frames, held 0/2
   after  Pitch Match 0/0 | Drills —/31/32/49/63 | RTF heard 47% in tune 6% | Tuner heard 6% in tune 1% | Stay in Key heard 31% in key 4% | Choir World heard 43% of frames, held 0/2

== sing-breathy-5 (soft)
   before Pitch Match 0/0 | Drills 0/0/0/0/0 | RTF heard 96% in tune 33% | Tuner heard 93% in tune 25% | Stay in Key heard 84% in key 1% | Choir World heard 84% of frames, held 0/2
   after  Pitch Match 0/0 | Drills 0/0/0/0/0 | RTF heard 96% in tune 31% | Tuner heard 93% in tune 21% | Stay in Key heard 84% in key 0% | Choir World heard 84% of frames, held 0/2

== sing-breathy-562 (soft)
   before Pitch Match 0/0 | Drills 0/0/0/0/0 | RTF heard 95% in tune 7% | Tuner heard 88% in tune 4% | Stay in Key heard 88% in key 0% | Choir World heard 90% of frames, held 0/2
   after  Pitch Match 0/0 | Drills 0/0/0/0/0 | RTF heard 96% in tune 6% | Tuner heard 87% in tune 5% | Stay in Key heard 88% in key 0% | Choir World heard 90% of frames, held 0/2

== sing-breathy-1197 (soft)
   before Pitch Match 0/0 | Drills —/0/28/0/0 | RTF heard 94% in tune 29% | Tuner heard 88% in tune 19% | Stay in Key heard 74% in key 8% | Choir World heard 91% of frames, held 0/2
   after  Pitch Match 34/0 | Drills —/0/27/0/0 | RTF heard 94% in tune 27% | Tuner heard 89% in tune 17% | Stay in Key heard 74% in key 9% | Choir World heard 91% of frames, held 0/2

== sing-breathy-1743 (soft)
   before Pitch Match 0/0 | Drills 0/0/0/11/0 | RTF heard 95% in tune 26% | Tuner heard 70% in tune 4% | Stay in Key heard 91% in key 5% | Choir World heard 72% of frames, held 0/2
   after  Pitch Match 0/9 | Drills 0/0/0/10/0 | RTF heard 93% in tune 22% | Tuner heard 70% in tune 6% | Stay in Key heard 90% in key 6% | Choir World heard 72% of frames, held 0/2

== sing-breathy-2353 (soft)
   before Pitch Match 0/0 | Drills 0/0/0/0/0 | RTF heard 91% in tune 13% | Tuner heard 88% in tune 11% | Stay in Key heard 81% in key 0% | Choir World heard 87% of frames, held 0/2
   after  Pitch Match 0/0 | Drills 0/0/0/0/0 | RTF heard 91% in tune 11% | Tuner heard 89% in tune 7% | Stay in Key heard 81% in key 0% | Choir World heard 87% of frames, held 0/2

== sing-breathy-3002 (soft)
   before Pitch Match 0/23 | Drills —/0/11/—/— | RTF heard 100% in tune 9% | Tuner heard 95% in tune 8% | Stay in Key heard 59% in key 0% | Choir World heard 84% of frames, held 0/2
   after  Pitch Match 31/— | Drills —/0/12/—/— | RTF heard 100% in tune 12% | Tuner heard 95% in tune 9% | Stay in Key heard 60% in key 0% | Choir World heard 83% of frames, held 0/2

== sing-pp-92 (soft)
   before Pitch Match 0/0 | Drills —/0/0/0/0 | RTF heard 10% in tune 6% | Tuner heard 71% in tune 21% | Stay in Key heard 60% in key 0% | Choir World heard 72% of frames, held 0/2
   after  Pitch Match 0/0 | Drills —/0/0/0/0 | RTF heard 12% in tune 5% | Tuner heard 71% in tune 20% | Stay in Key heard 61% in key 0% | Choir World heard 73% of frames, held 0/2

== sing-pp-646 (soft)
   before Pitch Match 0/0 | Drills 0/0/0/0/0 | RTF heard 79% in tune 45% | Tuner heard 69% in tune 27% | Stay in Key heard 52% in key 0% | Choir World heard 80% of frames, held 0/2
   after  Pitch Match 0/0 | Drills 0/0/0/0/0 | RTF heard 80% in tune 46% | Tuner heard 71% in tune 24% | Stay in Key heard 53% in key 0% | Choir World heard 78% of frames, held 0/2

== sing-pp-1717 (soft)
   before Pitch Match 0/— | Drills 0/0/—/0/0 | RTF heard 91% in tune 3% | Tuner heard 75% in tune 4% | Stay in Key heard 79% in key 0% | Choir World heard 96% of frames, held 0/2
   after  Pitch Match 0/0 | Drills 0/0/—/0/0 | RTF heard 91% in tune 1% | Tuner heard 73% in tune 1% | Stay in Key heard 79% in key 0% | Choir World heard 96% of frames, held 0/2

== sing-pp-2977 (soft)
   before Pitch Match 0/— | Drills 0/0/0/—/— | RTF heard 80% in tune 6% | Tuner heard 68% in tune 21% | Stay in Key heard 81% in key 0% | Choir World heard 65% of frames, held 0/2
   after  Pitch Match 0/— | Drills 0/0/0/—/— | RTF heard 80% in tune 3% | Tuner heard 67% in tune 22% | Stay in Key heard 80% in key 0% | Choir World heard 65% of frames, held 0/2

== mix-breathy-1197-white-10 (soft)
   before Pitch Match 6/0 | Drills —/0/28/0/0 | RTF heard 94% in tune 29% | Tuner heard 82% in tune 13% | Stay in Key heard 74% in key 9% | Choir World heard 90% of frames, held 0/2
   after  Pitch Match 33/0 | Drills —/0/27/0/0 | RTF heard 95% in tune 31% | Tuner heard 83% in tune 15% | Stay in Key heard 74% in key 9% | Choir World heard 91% of frames, held 0/2

== mix-breathy-1743-traffic-10 (soft)
   before Pitch Match 0/0 | Drills 0/0/0/11/0 | RTF heard 98% in tune 22% | Tuner heard 71% in tune 4% | Stay in Key heard 90% in key 6% | Choir World heard 72% of frames, held 0/2
   after  Pitch Match 0/9 | Drills 0/0/0/10/0 | RTF heard 99% in tune 24% | Tuner heard 71% in tune 4% | Stay in Key heard 90% in key 5% | Choir World heard 72% of frames, held 0/2

== mix-breathy-3002-talker-10 (soft)
   before Pitch Match 0/15 | Drills 0/0/14/0/0 | RTF heard 100% in tune 18% | Tuner heard 85% in tune 9% | Stay in Key heard 69% in key 0% | Choir World heard 86% of frames, held 0/2
   after  Pitch Match 31/0 | Drills 0/0/12/0/0 | RTF heard 100% in tune 16% | Tuner heard 85% in tune 6% | Stay in Key heard 68% in key 1% | Choir World heard 86% of frames, held 0/2

==== Summary (A = after)
   noise-white-10               before: PM —/— RTF 0% Tuner 0% SiK 0% CW 0% held 0/2  →  after: PM —/— RTF 0% Tuner 0% SiK 0% CW 0% held 0/2
   noise-pink-10                before: PM 0/0 RTF 56% Tuner 0% SiK 11% CW 9% held 0/2  →  after: PM —/0 RTF 58% Tuner 0% SiK 11% CW 7% held 0/2
   noise-traffic-10             before: PM —/— RTF 80% Tuner 0% SiK 0% CW 0% held 0/2  →  after: PM —/— RTF 78% Tuner 0% SiK 0% CW 0% held 0/2
   noise-rumble-10              before: PM —/— RTF 10% Tuner 0% SiK 0% CW 0% held 0/2  →  after: PM —/— RTF 7% Tuner 0% SiK 0% CW 0% held 0/2
   noise-babble-10              before: PM 1/— RTF 54% Tuner 80% SiK 75% CW 67% held 0/2  →  after: PM 12/11 RTF 54% Tuner 74% SiK 76% CW 69% held 0/2
   noise-talker-10              before: PM 0/4 RTF 54% Tuner 59% SiK 50% CW 59% held 1/2  →  after: PM 16/0 RTF 54% Tuner 61% SiK 48% CW 59% held 1/2
   noise-tv-10                  before: PM 0/8 RTF 71% Tuner 64% SiK 65% CW 83% held 0/2  →  after: PM 14/0 RTF 70% Tuner 64% SiK 68% CW 82% held 0/2
   noise-realspeech-alice-10    before: PM 2/0 RTF 60% Tuner 56% SiK 61% CW 68% held 0/2  →  after: PM 0/24 RTF 61% Tuner 54% SiK 57% CW 66% held 0/2
   noise-realspeech-holmes-10   before: PM 35/10 RTF 55% Tuner 44% SiK 59% CW 60% held 2/2  →  after: PM 0/32 RTF 51% Tuner 47% SiK 57% CW 61% held 2/2
   noise-realtv-bonanza-a-10    before: PM 0/0 RTF 38% Tuner 41% SiK 41% CW 23% held 0/2  →  after: PM 0/2 RTF 34% Tuner 43% SiK 41% CW 21% held 0/2
   noise-realtv-bonanza-b-10    before: PM 0/23 RTF 46% Tuner 6% SiK 26% CW 44% held 0/2  →  after: PM 0/0 RTF 47% Tuner 6% SiK 31% CW 43% held 0/2
   sing-breathy-5               before: PM 0/0 RTF 96% Tuner 93% SiK 84% CW 84% held 0/2  →  after: PM 0/0 RTF 96% Tuner 93% SiK 84% CW 84% held 0/2
   sing-breathy-562             before: PM 0/0 RTF 95% Tuner 88% SiK 88% CW 90% held 0/2  →  after: PM 0/0 RTF 96% Tuner 87% SiK 88% CW 90% held 0/2
   sing-breathy-1197            before: PM 0/0 RTF 94% Tuner 88% SiK 74% CW 91% held 0/2  →  after: PM 34/0 RTF 94% Tuner 89% SiK 74% CW 91% held 0/2
   sing-breathy-1743            before: PM 0/0 RTF 95% Tuner 70% SiK 91% CW 72% held 0/2  →  after: PM 0/9 RTF 93% Tuner 70% SiK 90% CW 72% held 0/2
   sing-breathy-2353            before: PM 0/0 RTF 91% Tuner 88% SiK 81% CW 87% held 0/2  →  after: PM 0/0 RTF 91% Tuner 89% SiK 81% CW 87% held 0/2
   sing-breathy-3002            before: PM 0/23 RTF 100% Tuner 95% SiK 59% CW 84% held 0/2  →  after: PM 31/— RTF 100% Tuner 95% SiK 60% CW 83% held 0/2
   sing-pp-92                   before: PM 0/0 RTF 10% Tuner 71% SiK 60% CW 72% held 0/2  →  after: PM 0/0 RTF 12% Tuner 71% SiK 61% CW 73% held 0/2
   sing-pp-646                  before: PM 0/0 RTF 79% Tuner 69% SiK 52% CW 80% held 0/2  →  after: PM 0/0 RTF 80% Tuner 71% SiK 53% CW 78% held 0/2
   sing-pp-1717                 before: PM 0/— RTF 91% Tuner 75% SiK 79% CW 96% held 0/2  →  after: PM 0/0 RTF 91% Tuner 73% SiK 79% CW 96% held 0/2
   sing-pp-2977                 before: PM 0/— RTF 80% Tuner 68% SiK 81% CW 65% held 0/2  →  after: PM 0/— RTF 80% Tuner 67% SiK 80% CW 65% held 0/2
   mix-breathy-1197-white-10    before: PM 6/0 RTF 94% Tuner 82% SiK 74% CW 90% held 0/2  →  after: PM 33/0 RTF 95% Tuner 83% SiK 74% CW 91% held 0/2
   mix-breathy-1743-traffic-10  before: PM 0/0 RTF 98% Tuner 71% SiK 90% CW 72% held 0/2  →  after: PM 0/9 RTF 99% Tuner 71% SiK 90% CW 72% held 0/2
   mix-breathy-3002-talker-10   before: PM 0/15 RTF 100% Tuner 85% SiK 69% CW 86% held 0/2  →  after: PM 31/0 RTF 100% Tuner 85% SiK 68% CW 86% held 0/2

==== VERDICT: 152 passed, 8 failed
FAIL noise-pink-10 rtfVoiced: 56% → 58% (no pitch in it: heard on ≤5% of frames)
FAIL noise-pink-10 skVoiced: 11% → 11% (no pitch in it: heard on ≤5% of frames)
FAIL noise-pink-10 cwFrames: 9% → 7% (no pitch in it: heard on ≤5% of frames)
FAIL noise-pink-10 scores: Pitch Match —/0, Drills 0/2/17/0/0, Choir held 0/2 (nothing may be scored or held)
FAIL noise-traffic-10 rtfVoiced: 80% → 78% (no pitch in it: heard on ≤5% of frames)
FAIL noise-traffic-10 scores: Pitch Match —/—, Drills 22/0/0/0/15, Choir held 0/2 (nothing may be scored or held)
FAIL noise-rumble-10 rtfVoiced: 10% → 7% (no pitch in it: heard on ≤5% of frames)
FAIL noise-rumble-10 scores: Pitch Match —/—, Drills 0/0/0/—/—, Choir held 0/2 (nothing may be scored or held)
pass noise-white-10 rtfVoiced: 0% → 0% (no pitch in it: heard on ≤5% of frames)
pass noise-white-10 tunerVoiced: 0% → 0% (no pitch in it: heard on ≤5% of frames)
pass noise-white-10 skVoiced: 0% → 0% (no pitch in it: heard on ≤5% of frames)
pass noise-white-10 cwFrames: 0% → 0% (no pitch in it: heard on ≤5% of frames)
pass noise-white-10 scores: Pitch Match —/—, Drills —/—/—/—/—, Choir held 0/2 (nothing may be scored or held)
pass noise-white-10 rtfVoiced: 0% → 0% (noise alone: holds or improves, ±5)
pass noise-white-10 tunerVoiced: 0% → 0% (noise alone: holds or improves, ±5)
pass noise-white-10 skVoiced: 0% → 0% (noise alone: holds or improves, ±5)
pass noise-white-10 cwFrames: 0% → 0% (noise alone: holds or improves, ±5)
pass noise-white-10 rtfInTune: 0% → 0% (noise alone: holds or improves, ±5)
pass noise-white-10 tunerInTune: 0% → 0% (noise alone: holds or improves, ±5)
pass noise-white-10 skInKey: 0% → 0% (noise alone: holds or improves, ±5)
pass noise-white-10 Choir World held: 0 → 0 (holds or improves)
pass noise-pink-10 tunerVoiced: 0% → 0% (no pitch in it: heard on ≤5% of frames)
pass noise-pink-10 rtfVoiced: 56% → 58% (noise alone: holds or improves, ±5)
pass noise-pink-10 tunerVoiced: 0% → 0% (noise alone: holds or improves, ±5)
pass noise-pink-10 skVoiced: 11% → 11% (noise alone: holds or improves, ±5)
pass noise-pink-10 cwFrames: 9% → 7% (noise alone: holds or improves, ±5)
pass noise-pink-10 rtfInTune: 9% → 12% (noise alone: holds or improves, ±5)
pass noise-pink-10 tunerInTune: 0% → 0% (noise alone: holds or improves, ±5)
pass noise-pink-10 skInKey: 0% → 0% (noise alone: holds or improves, ±5)
pass noise-pink-10 Choir World held: 0 → 0 (holds or improves)
pass noise-traffic-10 tunerVoiced: 0% → 0% (no pitch in it: heard on ≤5% of frames)
pass noise-traffic-10 skVoiced: 0% → 0% (no pitch in it: heard on ≤5% of frames)
pass noise-traffic-10 cwFrames: 0% → 0% (no pitch in it: heard on ≤5% of frames)
pass noise-traffic-10 rtfVoiced: 80% → 78% (noise alone: holds or improves, ±5)
pass noise-traffic-10 tunerVoiced: 0% → 0% (noise alone: holds or improves, ±5)
pass noise-traffic-10 skVoiced: 0% → 0% (noise alone: holds or improves, ±5)
pass noise-traffic-10 cwFrames: 0% → 0% (noise alone: holds or improves, ±5)
pass noise-traffic-10 rtfInTune: 23% → 18% (noise alone: holds or improves, ±5)
pass noise-traffic-10 tunerInTune: 0% → 0% (noise alone: holds or improves, ±5)
pass noise-traffic-10 skInKey: 0% → 0% (noise alone: holds or improves, ±5)
pass noise-traffic-10 Choir World held: 0 → 0 (holds or improves)
pass noise-rumble-10 tunerVoiced: 0% → 0% (no pitch in it: heard on ≤5% of frames)
pass noise-rumble-10 skVoiced: 0% → 0% (no pitch in it: heard on ≤5% of frames)
pass noise-rumble-10 cwFrames: 0% → 0% (no pitch in it: heard on ≤5% of frames)
pass noise-rumble-10 rtfVoiced: 10% → 7% (noise alone: holds or improves, ±5)
pass noise-rumble-10 tunerVoiced: 0% → 0% (noise alone: holds or improves, ±5)
pass noise-rumble-10 skVoiced: 0% → 0% (noise alone: holds or improves, ±5)
pass noise-rumble-10 cwFrames: 0% → 0% (noise alone: holds or improves, ±5)
pass noise-rumble-10 rtfInTune: 1% → 0% (noise alone: holds or improves, ±5)
pass noise-rumble-10 tunerInTune: 0% → 0% (noise alone: holds or improves, ±5)
pass noise-rumble-10 skInKey: 0% → 0% (noise alone: holds or improves, ±5)
pass noise-rumble-10 Choir World held: 0 → 0 (holds or improves)
pass noise-babble-10 rtfVoiced: 54% → 54% (noise alone: holds or improves, ±5)
pass noise-babble-10 tunerVoiced: 80% → 74% (noise alone: holds or improves, ±5)
pass noise-babble-10 skVoiced: 75% → 76% (noise alone: holds or improves, ±5)
pass noise-babble-10 cwFrames: 67% → 69% (noise alone: holds or improves, ±5)
pass noise-babble-10 rtfInTune: 13% → 15% (noise alone: holds or improves, ±5)
pass noise-babble-10 tunerInTune: 15% → 14% (noise alone: holds or improves, ±5)
pass noise-babble-10 skInKey: 2% → 1% (noise alone: holds or improves, ±5)
pass noise-babble-10 Choir World held: 0 → 0 (holds or improves)
pass noise-talker-10 rtfVoiced: 54% → 54% (noise alone: holds or improves, ±5)
pass noise-talker-10 tunerVoiced: 59% → 61% (noise alone: holds or improves, ±5)
pass noise-talker-10 skVoiced: 50% → 48% (noise alone: holds or improves, ±5)
pass noise-talker-10 cwFrames: 59% → 59% (noise alone: holds or improves, ±5)
pass noise-talker-10 rtfInTune: 9% → 13% (noise alone: holds or improves, ±5)
pass noise-talker-10 tunerInTune: 9% → 10% (noise alone: holds or improves, ±5)
pass noise-talker-10 skInKey: 1% → 2% (noise alone: holds or improves, ±5)
pass noise-talker-10 Choir World held: 1 → 1 (holds or improves)
pass noise-tv-10 rtfVoiced: 71% → 70% (noise alone: holds or improves, ±5)
pass noise-tv-10 tunerVoiced: 64% → 64% (noise alone: holds or improves, ±5)
pass noise-tv-10 skVoiced: 65% → 68% (noise alone: holds or improves, ±5)
pass noise-tv-10 cwFrames: 83% → 82% (noise alone: holds or improves, ±5)
pass noise-tv-10 rtfInTune: 23% → 28% (noise alone: holds or improves, ±5)
pass noise-tv-10 tunerInTune: 14% → 14% (noise alone: holds or improves, ±5)
pass noise-tv-10 skInKey: 4% → 4% (noise alone: holds or improves, ±5)
pass noise-tv-10 Choir World held: 0 → 0 (holds or improves)
pass noise-realspeech-alice-10 rtfVoiced: 60% → 61% (noise alone: holds or improves, ±5)
pass noise-realspeech-alice-10 tunerVoiced: 56% → 54% (noise alone: holds or improves, ±5)
pass noise-realspeech-alice-10 skVoiced: 61% → 57% (noise alone: holds or improves, ±5)
pass noise-realspeech-alice-10 cwFrames: 68% → 66% (noise alone: holds or improves, ±5)
pass noise-realspeech-alice-10 rtfInTune: 12% → 10% (noise alone: holds or improves, ±5)
pass noise-realspeech-alice-10 tunerInTune: 9% → 7% (noise alone: holds or improves, ±5)
pass noise-realspeech-alice-10 skInKey: 1% → 1% (noise alone: holds or improves, ±5)
pass noise-realspeech-alice-10 Choir World held: 0 → 0 (holds or improves)
pass noise-realspeech-holmes-10 rtfVoiced: 55% → 51% (noise alone: holds or improves, ±5)
pass noise-realspeech-holmes-10 tunerVoiced: 44% → 47% (noise alone: holds or improves, ±5)
pass noise-realspeech-holmes-10 skVoiced: 59% → 57% (noise alone: holds or improves, ±5)
pass noise-realspeech-holmes-10 cwFrames: 60% → 61% (noise alone: holds or improves, ±5)
pass noise-realspeech-holmes-10 rtfInTune: 15% → 8% (noise alone: holds or improves, ±5)
pass noise-realspeech-holmes-10 tunerInTune: 4% → 9% (noise alone: holds or improves, ±5)
pass noise-realspeech-holmes-10 skInKey: 5% → 4% (noise alone: holds or improves, ±5)
pass noise-realspeech-holmes-10 Choir World held: 2 → 2 (holds or improves)
pass noise-realtv-bonanza-a-10 rtfVoiced: 38% → 34% (noise alone: holds or improves, ±5)
pass noise-realtv-bonanza-a-10 tunerVoiced: 41% → 43% (noise alone: holds or improves, ±5)
pass noise-realtv-bonanza-a-10 skVoiced: 41% → 41% (noise alone: holds or improves, ±5)
pass noise-realtv-bonanza-a-10 cwFrames: 23% → 21% (noise alone: holds or improves, ±5)
pass noise-realtv-bonanza-a-10 rtfInTune: 10% → 5% (noise alone: holds or improves, ±5)
pass noise-realtv-bonanza-a-10 tunerInTune: 7% → 8% (noise alone: holds or improves, ±5)
pass noise-realtv-bonanza-a-10 skInKey: 3% → 4% (noise alone: holds or improves, ±5)
pass noise-realtv-bonanza-a-10 Choir World held: 0 → 0 (holds or improves)
pass noise-realtv-bonanza-b-10 rtfVoiced: 46% → 47% (noise alone: holds or improves, ±5)
pass noise-realtv-bonanza-b-10 tunerVoiced: 6% → 6% (noise alone: holds or improves, ±5)
pass noise-realtv-bonanza-b-10 skVoiced: 26% → 31% (noise alone: holds or improves, ±5)
pass noise-realtv-bonanza-b-10 cwFrames: 44% → 43% (noise alone: holds or improves, ±5)
pass noise-realtv-bonanza-b-10 rtfInTune: 4% → 6% (noise alone: holds or improves, ±5)
pass noise-realtv-bonanza-b-10 tunerInTune: 2% → 1% (noise alone: holds or improves, ±5)
pass noise-realtv-bonanza-b-10 skInKey: 3% → 4% (noise alone: holds or improves, ±5)
pass noise-realtv-bonanza-b-10 Choir World held: 0 → 0 (holds or improves)
pass sing-breathy-5 rtfVoiced: 96% → 96% (real singing: keeps ≥95% of what was heard)
pass sing-breathy-5 tunerVoiced: 93% → 93% (real singing: keeps ≥95% of what was heard)
pass sing-breathy-5 skVoiced: 84% → 84% (real singing: keeps ≥95% of what was heard)
pass sing-breathy-5 cwFrames: 84% → 84% (real singing: keeps ≥95% of what was heard)
pass sing-breathy-562 rtfVoiced: 95% → 96% (real singing: keeps ≥95% of what was heard)
pass sing-breathy-562 tunerVoiced: 88% → 87% (real singing: keeps ≥95% of what was heard)
pass sing-breathy-562 skVoiced: 88% → 88% (real singing: keeps ≥95% of what was heard)
pass sing-breathy-562 cwFrames: 90% → 90% (real singing: keeps ≥95% of what was heard)
pass sing-breathy-1197 rtfVoiced: 94% → 94% (real singing: keeps ≥95% of what was heard)
pass sing-breathy-1197 tunerVoiced: 88% → 89% (real singing: keeps ≥95% of what was heard)
pass sing-breathy-1197 skVoiced: 74% → 74% (real singing: keeps ≥95% of what was heard)
pass sing-breathy-1197 cwFrames: 91% → 91% (real singing: keeps ≥95% of what was heard)
pass sing-breathy-1743 rtfVoiced: 95% → 93% (real singing: keeps ≥95% of what was heard)
pass sing-breathy-1743 tunerVoiced: 70% → 70% (real singing: keeps ≥95% of what was heard)
pass sing-breathy-1743 skVoiced: 91% → 90% (real singing: keeps ≥95% of what was heard)
pass sing-breathy-1743 cwFrames: 72% → 72% (real singing: keeps ≥95% of what was heard)
pass sing-breathy-2353 rtfVoiced: 91% → 91% (real singing: keeps ≥95% of what was heard)
pass sing-breathy-2353 tunerVoiced: 88% → 89% (real singing: keeps ≥95% of what was heard)
pass sing-breathy-2353 skVoiced: 81% → 81% (real singing: keeps ≥95% of what was heard)
pass sing-breathy-2353 cwFrames: 87% → 87% (real singing: keeps ≥95% of what was heard)
pass sing-breathy-3002 rtfVoiced: 100% → 100% (real singing: keeps ≥95% of what was heard)
pass sing-breathy-3002 tunerVoiced: 95% → 95% (real singing: keeps ≥95% of what was heard)
pass sing-breathy-3002 skVoiced: 59% → 60% (real singing: keeps ≥95% of what was heard)
pass sing-breathy-3002 cwFrames: 84% → 83% (real singing: keeps ≥95% of what was heard)
pass sing-pp-92 rtfVoiced: 10% → 12% (real singing: keeps ≥95% of what was heard)
pass sing-pp-92 tunerVoiced: 71% → 71% (real singing: keeps ≥95% of what was heard)
pass sing-pp-92 skVoiced: 60% → 61% (real singing: keeps ≥95% of what was heard)
pass sing-pp-92 cwFrames: 72% → 73% (real singing: keeps ≥95% of what was heard)
pass sing-pp-646 rtfVoiced: 79% → 80% (real singing: keeps ≥95% of what was heard)
pass sing-pp-646 tunerVoiced: 69% → 71% (real singing: keeps ≥95% of what was heard)
pass sing-pp-646 skVoiced: 52% → 53% (real singing: keeps ≥95% of what was heard)
pass sing-pp-646 cwFrames: 80% → 78% (real singing: keeps ≥95% of what was heard)
pass sing-pp-1717 rtfVoiced: 91% → 91% (real singing: keeps ≥95% of what was heard)
pass sing-pp-1717 tunerVoiced: 75% → 73% (real singing: keeps ≥95% of what was heard)
pass sing-pp-1717 skVoiced: 79% → 79% (real singing: keeps ≥95% of what was heard)
pass sing-pp-1717 cwFrames: 96% → 96% (real singing: keeps ≥95% of what was heard)
pass sing-pp-2977 rtfVoiced: 80% → 80% (real singing: keeps ≥95% of what was heard)
pass sing-pp-2977 tunerVoiced: 68% → 67% (real singing: keeps ≥95% of what was heard)
pass sing-pp-2977 skVoiced: 81% → 80% (real singing: keeps ≥95% of what was heard)
pass sing-pp-2977 cwFrames: 65% → 65% (real singing: keeps ≥95% of what was heard)
pass mix-breathy-1197-white-10 rtfVoiced: 94% → 95% (real singing: keeps ≥95% of what was heard)
pass mix-breathy-1197-white-10 tunerVoiced: 82% → 83% (real singing: keeps ≥95% of what was heard)
pass mix-breathy-1197-white-10 skVoiced: 74% → 74% (real singing: keeps ≥95% of what was heard)
pass mix-breathy-1197-white-10 cwFrames: 90% → 91% (real singing: keeps ≥95% of what was heard)
pass mix-breathy-1743-traffic-10 rtfVoiced: 98% → 99% (real singing: keeps ≥95% of what was heard)
pass mix-breathy-1743-traffic-10 tunerVoiced: 71% → 71% (real singing: keeps ≥95% of what was heard)
pass mix-breathy-1743-traffic-10 skVoiced: 90% → 90% (real singing: keeps ≥95% of what was heard)
pass mix-breathy-1743-traffic-10 cwFrames: 72% → 72% (real singing: keeps ≥95% of what was heard)
pass mix-breathy-3002-talker-10 rtfVoiced: 100% → 100% (real singing: keeps ≥95% of what was heard)
pass mix-breathy-3002-talker-10 tunerVoiced: 85% → 85% (real singing: keeps ≥95% of what was heard)
pass mix-breathy-3002-talker-10 skVoiced: 69% → 68% (real singing: keeps ≥95% of what was heard)
pass mix-breathy-3002-talker-10 cwFrames: 86% → 86% (real singing: keeps ≥95% of what was heard)

log: /Users/alegramusenge/Documents/voxcoach-app/scripts/vq-verify/logs/noisegate-local-2026-10-04T16-21-07.log  json: /Users/alegramusenge/Documents/voxcoach-app/scripts/vq-verify/logs/noisegate-local-2026-10-04T16-21-07.json
