noisegate 2026-10-01T07-58-47  sides: before, after  before: HEAD  target MIDI 57
resumed from scripts/vq-verify/logs/noisegate-local-2026-10-01T07-45-44.json: noise-white-10

== noise-pink-10 (broadband)
   before Pitch Match 0/0 | Drills 0/0/0/0/0 | RTF heard 100% in tune 21% | Tuner heard 2% in tune 0% | Stay in Key heard 19% in key 0% | Choir World heard 8% of frames, held 0/2
   after  Pitch Match 0/— | Drills 8/0/0/0/0 | RTF heard 59% in tune 11% | Tuner heard 0% in tune 0% | Stay in Key heard 17% in key 0% | Choir World heard 9% of frames, held 0/2

== noise-traffic-10 (broadband)
   before Pitch Match 18/7 | Drills 19/0/23/0/26 | RTF heard 100% in tune 17% | Tuner heard 35% in tune 2% | Stay in Key heard 48% in key 3% | Choir World heard 37% of frames, held 1/2
   after  Pitch Match —/— | Drills 0/0/0/11/15 | RTF heard 78% in tune 27% | Tuner heard 0% in tune 0% | Stay in Key heard 0% in key 0% | Choir World heard 0% of frames, held 0/2

== noise-rumble-10 (broadband)
   before Pitch Match 0/3 | Drills 0/0/0/2/1 | RTF heard 100% in tune 27% | Tuner heard 0% in tune 0% | Stay in Key heard 0% in key 0% | Choir World heard 0% of frames, held 0/2
   after  Pitch Match —/— | Drills —/—/0/—/— | RTF heard 7% in tune 4% | Tuner heard 0% in tune 0% | Stay in Key heard 0% in key 0% | Choir World heard 0% of frames, held 0/2

== noise-babble-10 (voices)
   before Pitch Match 8/0 | Drills 0/48/4/30/22 | RTF heard 100% in tune 28% | Tuner heard 98% in tune 5% | Stay in Key heard 99% in key 1% | Choir World heard 97% of frames, held 1/2
   after  Pitch Match 1/0 | Drills 0/46/4/—/30 | RTF heard 54% in tune 15% | Tuner heard 75% in tune 3% | Stay in Key heard 73% in key 0% | Choir World heard 71% of frames, held 1/2

== noise-talker-10 (voices)
   before Pitch Match 0/16 | Drills 3/0/8/0/0 | RTF heard 52% in tune 10% | Tuner heard 62% in tune 8% | Stay in Key heard 61% in key 0% | Choir World heard 54% of frames, held 0/2
   after  Pitch Match 0/14 | Drills 6/0/9/0/0 | RTF heard 51% in tune 14% | Tuner heard 59% in tune 5% | Stay in Key heard 60% in key 0% | Choir World heard 52% of frames, held 0/2

== noise-tv-10 (voices)
   before Pitch Match 0/13 | Drills 11/0/29/32/0 | RTF heard 100% in tune 47% | Tuner heard 94% in tune 11% | Stay in Key heard 78% in key 0% | Choir World heard 70% of frames, held 2/2
   after  Pitch Match 0/15 | Drills 4/0/3/0/0 | RTF heard 67% in tune 23% | Tuner heard 78% in tune 4% | Stay in Key heard 68% in key 0% | Choir World heard 65% of frames, held 1/2

== noise-realspeech-alice-10 (real)
   PAGE LOAD ERRORS (before, attempt 1): ["load failed: https://fonts.googleapis.com/css2?family=Fraunces:opsz,wght@9..144,400;9..144,500;9..144,600&family=Space+Mono:wght@400;700&family=Inter:wght@400;500;600;700&display=swap (net::ERR_NETWORK_CHANGED)","load failed: https://cdnjs.cloudflare.com/ajax/libs/html2canvas/1.4.1/html2canvas.min.js (net::ERR_NETWORK_CHANGED)","load failed: https://cdn.jsdelivr.net/npm/@supabase/supabase-js@2.45.4/dist/umd/supabase.js (net::ERR_NAME_NOT_RESOLVED)","TypeError: Cannot read properties of undefined (reading 'createClient')"]
   offline — waiting for the network (up to 30 min)
   before Pitch Match 0/0 | Drills 0/16/2/16/10 | RTF heard 71% in tune 15% | Tuner heard 51% in tune 7% | Stay in Key heard 79% in key 8% | Choir World heard 78% of frames, held 0/2
   PAGE LOAD ERRORS (after, attempt 1): ["load failed: https://fonts.googleapis.com/css2?family=Fraunces:opsz,wght@9..144,400;9..144,500;9..144,600&family=Space+Mono:wght@400;700&family=Inter:wght@400;500;600;700&display=swap (net::ERR_INTERNET_DISCONNECTED)","load failed: https://cdnjs.cloudflare.com/ajax/libs/html2canvas/1.4.1/html2canvas.min.js (net::ERR_INTERNET_DISCONNECTED)","load failed: https://cdn.jsdelivr.net/npm/@supabase/supabase-js@2.45.4/dist/umd/supabase.js (net::ERR_INTERNET_DISCONNECTED)","TypeError: Cannot read properties of undefined (reading 'createClient')"]
   offline — waiting for the network (up to 30 min)
