noisegate 2026-10-02T12-11-18  sides: before, after  before: b37cd57  target MIDI 57

== noise-white-10 (broadband)
   before Pitch Match 3/4 | Drills 9/2/16/26/8 | RTF heard 100% in tune 13% | Tuner heard 5% in tune 1% | Stay in Key heard 75% in key 2% | Choir World heard 76% of frames, held 0/2
   after  Pitch Match —/— | Drills —/—/—/—/— | RTF heard 0% in tune 0% | Tuner heard 0% in tune 0% | Stay in Key heard 0% in key 0% | Choir World heard 0% of frames, held 0/2

== noise-pink-10 (broadband)
   before Pitch Match 0/4 | Drills 0/0/0/7/0 | RTF heard 100% in tune 18% | Tuner heard 1% in tune 0% | Stay in Key heard 20% in key 0% | Choir World heard 10% of frames, held 0/2
   after  Pitch Match 0/71 | Drills 0/0/0/0/0 | RTF heard 57% in tune 11% | Tuner heard 0% in tune 0% | Stay in Key heard 17% in key 0% | Choir World heard 9% of frames, held 0/2

== noise-traffic-10 (broadband)
   PAGE LOAD ERRORS (before, attempt 1): ["load failed: https://fonts.googleapis.com/css2?family=Fraunces:opsz,wght@9..144,400;9..144,500;9..144,600&family=Space+Mono:wght@400;700&family=Inter:wght@400;500;600;700&display=swap (net::ERR_NETWORK_CHANGED)","load failed: https://cdn.jsdelivr.net/npm/@supabase/supabase-js@2.45.4/dist/umd/supabase.js (net::ERR_NETWORK_CHANGED)","load failed: https://cdnjs.cloudflare.com/ajax/libs/html2canvas/1.4.1/html2canvas.min.js (net::ERR_NETWORK_CHANGED)","TypeError: Cannot read properties of undefined (reading 'createClient')"]
   offline — waiting for the network (up to 30 min)
   before Pitch Match —/— | Drills —/—/—/—/— | RTF heard 0% in tune 0% | Tuner heard 0% in tune 0% | Stay in Key heard 0% in key 0% | Choir World heard 0% of frames, held 0/2
   after  Pitch Match —/— | Drills —/—/—/—/— | RTF heard 0% in tune 0% | Tuner heard 0% in tune 0% | Stay in Key heard 0% in key 0% | Choir World heard 0% of frames, held 0/2

== noise-rumble-10 (broadband)
   PAGE LOAD ERRORS (before, attempt 1): ["load failed: https://fonts.googleapis.com/css2?family=Fraunces:opsz,wght@9..144,400;9..144,500;9..144,600&family=Space+Mono:wght@400;700&family=Inter:wght@400;500;600;700&display=swap (net::ERR_INTERNET_DISCONNECTED)","load failed: https://cdnjs.cloudflare.com/ajax/libs/html2canvas/1.4.1/html2canvas.min.js (net::ERR_INTERNET_DISCONNECTED)","load failed: https://cdn.jsdelivr.net/npm/@supabase/supabase-js@2.45.4/dist/umd/supabase.js (net::ERR_INTERNET_DISCONNECTED)","TypeError: Cannot read properties of undefined (reading 'createClient')"]
   offline — waiting for the network (up to 30 min)
   before Pitch Match 4/4 | Drills 0/0/0/2/1 | RTF heard 100% in tune 34% | Tuner heard 0% in tune 0% | Stay in Key heard 0% in key 0% | Choir World heard 0% of frames, held 0/2
   after  Pitch Match —/— | Drills —/—/0/—/— | RTF heard 9% in tune 1% | Tuner heard 0% in tune 0% | Stay in Key heard 0% in key 0% | Choir World heard 0% of frames, held 0/2

== noise-babble-10 (voices)
   before Pitch Match 13/0 | Drills 0/48/6/36/16 | RTF heard 100% in tune 34% | Tuner heard 98% in tune 8% | Stay in Key heard 99% in key 0% | Choir World heard 96% of frames, held 1/2
   after  Pitch Match 10/0 | Drills 0/48/2/—/— | RTF heard 53% in tune 13% | Tuner heard 72% in tune 3% | Stay in Key heard 77% in key 1% | Choir World heard 73% of frames, held 1/2

== noise-talker-10 (voices)
   before Pitch Match 0/14 | Drills 4/0/12/0/0 | RTF heard 57% in tune 10% | Tuner heard 61% in tune 9% | Stay in Key heard 63% in key 0% | Choir World heard 55% of frames, held 0/2
   after  Pitch Match 0/16 | Drills 4/0/15/0/0 | RTF heard 51% in tune 8% | Tuner heard 58% in tune 9% | Stay in Key heard 60% in key 0% | Choir World heard 52% of frames, held 0/2

== noise-tv-10 (voices)
   before Pitch Match 0/14 | Drills 10/0/31/32/0 | RTF heard 100% in tune 47% | Tuner heard 95% in tune 12% | Stay in Key heard 77% in key 0% | Choir World heard 72% of frames, held 1/2
   after  Pitch Match 0/15 | Drills 4/0/14/0/0 | RTF heard 70% in tune 22% | Tuner heard 81% in tune 8% | Stay in Key heard 72% in key 0% | Choir World heard 64% of frames, held 1/2

== noise-realspeech-alice-10 (real)
   before Pitch Match 0/0 | Drills 0/18/0/5/9 | RTF heard 72% in tune 19% | Tuner heard 56% in tune 3% | Stay in Key heard 79% in key 4% | Choir World heard 80% of frames, held 0/2
   after  Pitch Match 0/0 | Drills 0/22/0/0/0 | RTF heard 57% in tune 15% | Tuner heard 47% in tune 5% | Stay in Key heard 61% in key 3% | Choir World heard 55% of frames, held 1/2

== noise-realspeech-holmes-10 (real)
   before Pitch Match 22/0 | Drills 0/0/5/0/6 | RTF heard 100% in tune 13% | Tuner heard 48% in tune 10% | Stay in Key heard 74% in key 4% | Choir World heard 65% of frames, held 1/2
   after  Pitch Match 29/0 | Drills 0/5/22/24/33 | RTF heard 53% in tune 12% | Tuner heard 46% in tune 9% | Stay in Key heard 67% in key 5% | Choir World heard 59% of frames, held 0/2

== noise-realtv-bonanza-a-10 (real)
   before Pitch Match 0/0 | Drills 0/52/14/17/33 | RTF heard 50% in tune 7% | Tuner heard 35% in tune 3% | Stay in Key heard 58% in key 7% | Choir World heard 64% of frames, held 0/2
   after  Pitch Match 0/0 | Drills 0/66/35/11/36 | RTF heard 37% in tune 5% | Tuner heard 24% in tune 2% | Stay in Key heard 32% in key 6% | Choir World heard 46% of frames, held 0/2

== noise-realtv-bonanza-b-10 (real)
   before Pitch Match 20/28 | Drills 74/27/10/37/53 | RTF heard 82% in tune 13% | Tuner heard 49% in tune 5% | Stay in Key heard 40% in key 0% | Choir World heard 42% of frames, held 1/2
   after  Pitch Match 0/33 | Drills —/30/9/48/73 | RTF heard 54% in tune 9% | Tuner heard 34% in tune 4% | Stay in Key heard 24% in key 0% | Choir World heard 21% of frames, held 1/2

== sing-breathy-5 (soft)
   before Pitch Match 0/0 | Drills 0/0/0/0/0 | RTF heard 97% in tune 39% | Tuner heard 86% in tune 17% | Stay in Key heard 84% in key 1% | Choir World heard 90% of frames, held 0/2
   after  Pitch Match 0/0 | Drills 0/0/0/0/0 | RTF heard 97% in tune 32% | Tuner heard 86% in tune 17% | Stay in Key heard 84% in key 0% | Choir World heard 90% of frames, held 0/2

== sing-breathy-562 (soft)
   before Pitch Match 0/0 | Drills 0/0/0/0/0 | RTF heard 100% in tune 11% | Tuner heard 92% in tune 7% | Stay in Key heard 88% in key 1% | Choir World heard 82% of frames, held 0/2
   after  Pitch Match 0/0 | Drills 0/0/0/0/0 | RTF heard 97% in tune 10% | Tuner heard 92% in tune 7% | Stay in Key heard 89% in key 1% | Choir World heard 81% of frames, held 0/2

== sing-breathy-1197 (soft)
   before Pitch Match 0/0 | Drills —/0/28/0/0 | RTF heard 94% in tune 28% | Tuner heard 94% in tune 17% | Stay in Key heard 74% in key 9% | Choir World heard 85% of frames, held 0/2
   after  Pitch Match 0/0 | Drills —/0/28/0/0 | RTF heard 94% in tune 28% | Tuner heard 94% in tune 19% | Stay in Key heard 74% in key 9% | Choir World heard 85% of frames, held 0/2

== sing-breathy-1743 (soft)
   before Pitch Match 0/0 | Drills 0/0/0/11/0 | RTF heard 97% in tune 26% | Tuner heard 58% in tune 4% | Stay in Key heard 100% in key 7% | Choir World heard 75% of frames, held 0/2
   after  Pitch Match 0/0 | Drills 0/0/0/10/0 | RTF heard 95% in tune 28% | Tuner heard 57% in tune 4% | Stay in Key heard 100% in key 7% | Choir World heard 72% of frames, held 0/2

== sing-breathy-2353 (soft)
   before Pitch Match 0/0 | Drills 0/0/0/0/0 | RTF heard 91% in tune 16% | Tuner heard 91% in tune 7% | Stay in Key heard 91% in key 0% | Choir World heard 92% of frames, held 0/2
   after  Pitch Match 0/0 | Drills 0/0/0/0/0 | RTF heard 91% in tune 15% | Tuner heard 90% in tune 7% | Stay in Key heard 91% in key 0% | Choir World heard 92% of frames, held 0/2

== sing-breathy-3002 (soft)
   before Pitch Match 0/0 | Drills —/0/12/0/0 | RTF heard 100% in tune 13% | Tuner heard 100% in tune 11% | Stay in Key heard 38% in key 0% | Choir World heard 92% of frames, held 0/2
   after  Pitch Match 0/0 | Drills —/0/12/—/— | RTF heard 100% in tune 11% | Tuner heard 100% in tune 12% | Stay in Key heard 39% in key 0% | Choir World heard 92% of frames, held 0/2

== sing-pp-92 (soft)
   before Pitch Match 0/0 | Drills —/0/0/0/0 | RTF heard 12% in tune 6% | Tuner heard 67% in tune 26% | Stay in Key heard 77% in key 0% | Choir World heard 72% of frames, held 0/2
   after  Pitch Match 0/0 | Drills —/0/0/0/0 | RTF heard 11% in tune 5% | Tuner heard 67% in tune 26% | Stay in Key heard 77% in key 0% | Choir World heard 72% of frames, held 0/2

== sing-pp-646 (soft)
   before Pitch Match 0/0 | Drills 0/0/0/0/0 | RTF heard 80% in tune 47% | Tuner heard 78% in tune 2% | Stay in Key heard 58% in key 0% | Choir World heard 69% of frames, held 0/2
   after  Pitch Match 0/0 | Drills 0/0/0/0/0 | RTF heard 80% in tune 47% | Tuner heard 78% in tune 0% | Stay in Key heard 57% in key 0% | Choir World heard 69% of frames, held 0/2

== sing-pp-1717 (soft)
   before Pitch Match 0/0 | Drills 0/0/—/0/0 | RTF heard 91% in tune 4% | Tuner heard 79% in tune 16% | Stay in Key heard 100% in key 0% | Choir World heard 73% of frames, held 0/2
   after  Pitch Match 0/0 | Drills 0/0/—/0/0 | RTF heard 91% in tune 2% | Tuner heard 79% in tune 21% | Stay in Key heard 100% in key 0% | Choir World heard 73% of frames, held 0/2

== sing-pp-2977 (soft)
   before Pitch Match 0/0 | Drills 0/0/0/—/— | RTF heard 81% in tune 3% | Tuner heard 66% in tune 17% | Stay in Key heard 81% in key 0% | Choir World heard 66% of frames, held 0/2
   after  Pitch Match 0/0 | Drills 0/0/0/—/— | RTF heard 80% in tune 4% | Tuner heard 66% in tune 16% | Stay in Key heard 81% in key 0% | Choir World heard 66% of frames, held 0/2

== mix-breathy-1197-white-10 (soft)
   before Pitch Match 19/0 | Drills —/0/27/2/0 | RTF heard 100% in tune 28% | Tuner heard 94% in tune 16% | Stay in Key heard 74% in key 7% | Choir World heard 85% of frames, held 1/2
   after  Pitch Match 0/0 | Drills —/0/28/0/0 | RTF heard 94% in tune 31% | Tuner heard 94% in tune 15% | Stay in Key heard 74% in key 7% | Choir World heard 85% of frames, held 0/2

== mix-breathy-1743-traffic-10 (soft)
   before Pitch Match 0/0 | Drills 0/0/0/11/0 | RTF heard 100% in tune 25% | Tuner heard 57% in tune 2% | Stay in Key heard 100% in key 7% | Choir World heard 73% of frames, held 0/2
   after  Pitch Match 0/0 | Drills 0/0/0/11/0 | RTF heard 98% in tune 27% | Tuner heard 56% in tune 2% | Stay in Key heard 100% in key 7% | Choir World heard 71% of frames, held 0/2

== mix-breathy-3002-talker-10 (soft)
   before Pitch Match 0/13 | Drills 0/0/11/0/0 | RTF heard 100% in tune 14% | Tuner heard 100% in tune 10% | Stay in Key heard 76% in key 0% | Choir World heard 92% of frames, held 0/2
   after  Pitch Match 0/6 | Drills —/0/13/0/0 | RTF heard 100% in tune 16% | Tuner heard 100% in tune 13% | Stay in Key heard 70% in key 0% | Choir World heard 83% of frames, held 0/2

==== Summary (A = after)
   noise-white-10               before: PM 3/4 RTF 100% Tuner 5% SiK 75% CW 76% held 0/2  →  after: PM —/— RTF 0% Tuner 0% SiK 0% CW 0% held 0/2
   noise-pink-10                before: PM 0/4 RTF 100% Tuner 1% SiK 20% CW 10% held 0/2  →  after: PM 0/71 RTF 57% Tuner 0% SiK 17% CW 9% held 0/2
   noise-traffic-10             before: PM —/— RTF 0% Tuner 0% SiK 0% CW 0% held 0/2  →  after: PM —/— RTF 0% Tuner 0% SiK 0% CW 0% held 0/2
   noise-rumble-10              before: PM 4/4 RTF 100% Tuner 0% SiK 0% CW 0% held 0/2  →  after: PM —/— RTF 9% Tuner 0% SiK 0% CW 0% held 0/2
   noise-babble-10              before: PM 13/0 RTF 100% Tuner 98% SiK 99% CW 96% held 1/2  →  after: PM 10/0 RTF 53% Tuner 72% SiK 77% CW 73% held 1/2
   noise-talker-10              before: PM 0/14 RTF 57% Tuner 61% SiK 63% CW 55% held 0/2  →  after: PM 0/16 RTF 51% Tuner 58% SiK 60% CW 52% held 0/2
   noise-tv-10                  before: PM 0/14 RTF 100% Tuner 95% SiK 77% CW 72% held 1/2  →  after: PM 0/15 RTF 70% Tuner 81% SiK 72% CW 64% held 1/2
   noise-realspeech-alice-10    before: PM 0/0 RTF 72% Tuner 56% SiK 79% CW 80% held 0/2  →  after: PM 0/0 RTF 57% Tuner 47% SiK 61% CW 55% held 1/2
   noise-realspeech-holmes-10   before: PM 22/0 RTF 100% Tuner 48% SiK 74% CW 65% held 1/2  →  after: PM 29/0 RTF 53% Tuner 46% SiK 67% CW 59% held 0/2
   noise-realtv-bonanza-a-10    before: PM 0/0 RTF 50% Tuner 35% SiK 58% CW 64% held 0/2  →  after: PM 0/0 RTF 37% Tuner 24% SiK 32% CW 46% held 0/2
   noise-realtv-bonanza-b-10    before: PM 20/28 RTF 82% Tuner 49% SiK 40% CW 42% held 1/2  →  after: PM 0/33 RTF 54% Tuner 34% SiK 24% CW 21% held 1/2
   sing-breathy-5               before: PM 0/0 RTF 97% Tuner 86% SiK 84% CW 90% held 0/2  →  after: PM 0/0 RTF 97% Tuner 86% SiK 84% CW 90% held 0/2
   sing-breathy-562             before: PM 0/0 RTF 100% Tuner 92% SiK 88% CW 82% held 0/2  →  after: PM 0/0 RTF 97% Tuner 92% SiK 89% CW 81% held 0/2
   sing-breathy-1197            before: PM 0/0 RTF 94% Tuner 94% SiK 74% CW 85% held 0/2  →  after: PM 0/0 RTF 94% Tuner 94% SiK 74% CW 85% held 0/2
   sing-breathy-1743            before: PM 0/0 RTF 97% Tuner 58% SiK 100% CW 75% held 0/2  →  after: PM 0/0 RTF 95% Tuner 57% SiK 100% CW 72% held 0/2
   sing-breathy-2353            before: PM 0/0 RTF 91% Tuner 91% SiK 91% CW 92% held 0/2  →  after: PM 0/0 RTF 91% Tuner 90% SiK 91% CW 92% held 0/2
   sing-breathy-3002            before: PM 0/0 RTF 100% Tuner 100% SiK 38% CW 92% held 0/2  →  after: PM 0/0 RTF 100% Tuner 100% SiK 39% CW 92% held 0/2
   sing-pp-92                   before: PM 0/0 RTF 12% Tuner 67% SiK 77% CW 72% held 0/2  →  after: PM 0/0 RTF 11% Tuner 67% SiK 77% CW 72% held 0/2
   sing-pp-646                  before: PM 0/0 RTF 80% Tuner 78% SiK 58% CW 69% held 0/2  →  after: PM 0/0 RTF 80% Tuner 78% SiK 57% CW 69% held 0/2
   sing-pp-1717                 before: PM 0/0 RTF 91% Tuner 79% SiK 100% CW 73% held 0/2  →  after: PM 0/0 RTF 91% Tuner 79% SiK 100% CW 73% held 0/2
   sing-pp-2977                 before: PM 0/0 RTF 81% Tuner 66% SiK 81% CW 66% held 0/2  →  after: PM 0/0 RTF 80% Tuner 66% SiK 81% CW 66% held 0/2
   mix-breathy-1197-white-10    before: PM 19/0 RTF 100% Tuner 94% SiK 74% CW 85% held 1/2  →  after: PM 0/0 RTF 94% Tuner 94% SiK 74% CW 85% held 0/2
   mix-breathy-1743-traffic-10  before: PM 0/0 RTF 100% Tuner 57% SiK 100% CW 73% held 0/2  →  after: PM 0/0 RTF 98% Tuner 56% SiK 100% CW 71% held 0/2
   mix-breathy-3002-talker-10   before: PM 0/13 RTF 100% Tuner 100% SiK 76% CW 92% held 0/2  →  after: PM 0/6 RTF 100% Tuner 100% SiK 70% CW 83% held 0/2

==== VERDICT: 150 passed, 10 failed
FAIL noise-pink-10 rtfVoiced: 100% → 57% (no pitch in it: heard on ≤5% of frames)
FAIL noise-pink-10 skVoiced: 20% → 17% (no pitch in it: heard on ≤5% of frames)
FAIL noise-pink-10 cwFrames: 10% → 9% (no pitch in it: heard on ≤5% of frames)
FAIL noise-pink-10 scores: Pitch Match 0/71, Drills 0/0/0/0/0, Choir held 0/2 (nothing may be scored or held)
FAIL noise-rumble-10 rtfVoiced: 100% → 9% (no pitch in it: heard on ≤5% of frames)
FAIL noise-rumble-10 scores: Pitch Match —/—, Drills —/—/0/—/—, Choir held 0/2 (nothing may be scored or held)
FAIL noise-realspeech-alice-10 Choir World held: 0 → 1 (holds or improves)
FAIL mix-breathy-1197-white-10 rtfVoiced: 100% → 94% (real singing: keeps ≥95% of what was heard)
FAIL mix-breathy-3002-talker-10 skVoiced: 76% → 70% (real singing: keeps ≥95% of what was heard)
FAIL mix-breathy-3002-talker-10 cwFrames: 92% → 83% (real singing: keeps ≥95% of what was heard)
pass noise-white-10 rtfVoiced: 100% → 0% (no pitch in it: heard on ≤5% of frames)
pass noise-white-10 tunerVoiced: 5% → 0% (no pitch in it: heard on ≤5% of frames)
pass noise-white-10 skVoiced: 75% → 0% (no pitch in it: heard on ≤5% of frames)
pass noise-white-10 cwFrames: 76% → 0% (no pitch in it: heard on ≤5% of frames)
pass noise-white-10 scores: Pitch Match —/—, Drills —/—/—/—/—, Choir held 0/2 (nothing may be scored or held)
pass noise-white-10 rtfVoiced: 100% → 0% (noise alone: holds or improves, ±5)
pass noise-white-10 tunerVoiced: 5% → 0% (noise alone: holds or improves, ±5)
pass noise-white-10 skVoiced: 75% → 0% (noise alone: holds or improves, ±5)
pass noise-white-10 cwFrames: 76% → 0% (noise alone: holds or improves, ±5)
pass noise-white-10 rtfInTune: 13% → 0% (noise alone: holds or improves, ±5)
pass noise-white-10 tunerInTune: 1% → 0% (noise alone: holds or improves, ±5)
pass noise-white-10 skInKey: 2% → 0% (noise alone: holds or improves, ±5)
pass noise-white-10 Choir World held: 0 → 0 (holds or improves)
pass noise-pink-10 tunerVoiced: 1% → 0% (no pitch in it: heard on ≤5% of frames)
pass noise-pink-10 rtfVoiced: 100% → 57% (noise alone: holds or improves, ±5)
pass noise-pink-10 tunerVoiced: 1% → 0% (noise alone: holds or improves, ±5)
pass noise-pink-10 skVoiced: 20% → 17% (noise alone: holds or improves, ±5)
pass noise-pink-10 cwFrames: 10% → 9% (noise alone: holds or improves, ±5)
pass noise-pink-10 rtfInTune: 18% → 11% (noise alone: holds or improves, ±5)
pass noise-pink-10 tunerInTune: 0% → 0% (noise alone: holds or improves, ±5)
pass noise-pink-10 skInKey: 0% → 0% (noise alone: holds or improves, ±5)
pass noise-pink-10 Choir World held: 0 → 0 (holds or improves)
pass noise-traffic-10 rtfVoiced: 0% → 0% (no pitch in it: heard on ≤5% of frames)
pass noise-traffic-10 tunerVoiced: 0% → 0% (no pitch in it: heard on ≤5% of frames)
pass noise-traffic-10 skVoiced: 0% → 0% (no pitch in it: heard on ≤5% of frames)
pass noise-traffic-10 cwFrames: 0% → 0% (no pitch in it: heard on ≤5% of frames)
pass noise-traffic-10 scores: Pitch Match —/—, Drills —/—/—/—/—, Choir held 0/2 (nothing may be scored or held)
pass noise-traffic-10 rtfVoiced: 0% → 0% (noise alone: holds or improves, ±5)
pass noise-traffic-10 tunerVoiced: 0% → 0% (noise alone: holds or improves, ±5)
pass noise-traffic-10 skVoiced: 0% → 0% (noise alone: holds or improves, ±5)
pass noise-traffic-10 cwFrames: 0% → 0% (noise alone: holds or improves, ±5)
pass noise-traffic-10 rtfInTune: 0% → 0% (noise alone: holds or improves, ±5)
pass noise-traffic-10 tunerInTune: 0% → 0% (noise alone: holds or improves, ±5)
pass noise-traffic-10 skInKey: 0% → 0% (noise alone: holds or improves, ±5)
pass noise-traffic-10 Choir World held: 0 → 0 (holds or improves)
pass noise-rumble-10 tunerVoiced: 0% → 0% (no pitch in it: heard on ≤5% of frames)
pass noise-rumble-10 skVoiced: 0% → 0% (no pitch in it: heard on ≤5% of frames)
pass noise-rumble-10 cwFrames: 0% → 0% (no pitch in it: heard on ≤5% of frames)
pass noise-rumble-10 rtfVoiced: 100% → 9% (noise alone: holds or improves, ±5)
pass noise-rumble-10 tunerVoiced: 0% → 0% (noise alone: holds or improves, ±5)
pass noise-rumble-10 skVoiced: 0% → 0% (noise alone: holds or improves, ±5)
pass noise-rumble-10 cwFrames: 0% → 0% (noise alone: holds or improves, ±5)
pass noise-rumble-10 rtfInTune: 34% → 1% (noise alone: holds or improves, ±5)
pass noise-rumble-10 tunerInTune: 0% → 0% (noise alone: holds or improves, ±5)
pass noise-rumble-10 skInKey: 0% → 0% (noise alone: holds or improves, ±5)
pass noise-rumble-10 Choir World held: 0 → 0 (holds or improves)
pass noise-babble-10 rtfVoiced: 100% → 53% (noise alone: holds or improves, ±5)
pass noise-babble-10 tunerVoiced: 98% → 72% (noise alone: holds or improves, ±5)
pass noise-babble-10 skVoiced: 99% → 77% (noise alone: holds or improves, ±5)
pass noise-babble-10 cwFrames: 96% → 73% (noise alone: holds or improves, ±5)
pass noise-babble-10 rtfInTune: 34% → 13% (noise alone: holds or improves, ±5)
pass noise-babble-10 tunerInTune: 8% → 3% (noise alone: holds or improves, ±5)
pass noise-babble-10 skInKey: 0% → 1% (noise alone: holds or improves, ±5)
pass noise-babble-10 Choir World held: 1 → 1 (holds or improves)
pass noise-talker-10 rtfVoiced: 57% → 51% (noise alone: holds or improves, ±5)
pass noise-talker-10 tunerVoiced: 61% → 58% (noise alone: holds or improves, ±5)
pass noise-talker-10 skVoiced: 63% → 60% (noise alone: holds or improves, ±5)
pass noise-talker-10 cwFrames: 55% → 52% (noise alone: holds or improves, ±5)
pass noise-talker-10 rtfInTune: 10% → 8% (noise alone: holds or improves, ±5)
pass noise-talker-10 tunerInTune: 9% → 9% (noise alone: holds or improves, ±5)
pass noise-talker-10 skInKey: 0% → 0% (noise alone: holds or improves, ±5)
pass noise-talker-10 Choir World held: 0 → 0 (holds or improves)
pass noise-tv-10 rtfVoiced: 100% → 70% (noise alone: holds or improves, ±5)
pass noise-tv-10 tunerVoiced: 95% → 81% (noise alone: holds or improves, ±5)
pass noise-tv-10 skVoiced: 77% → 72% (noise alone: holds or improves, ±5)
pass noise-tv-10 cwFrames: 72% → 64% (noise alone: holds or improves, ±5)
pass noise-tv-10 rtfInTune: 47% → 22% (noise alone: holds or improves, ±5)
pass noise-tv-10 tunerInTune: 12% → 8% (noise alone: holds or improves, ±5)
pass noise-tv-10 skInKey: 0% → 0% (noise alone: holds or improves, ±5)
pass noise-tv-10 Choir World held: 1 → 1 (holds or improves)
pass noise-realspeech-alice-10 rtfVoiced: 72% → 57% (noise alone: holds or improves, ±5)
pass noise-realspeech-alice-10 tunerVoiced: 56% → 47% (noise alone: holds or improves, ±5)
pass noise-realspeech-alice-10 skVoiced: 79% → 61% (noise alone: holds or improves, ±5)
pass noise-realspeech-alice-10 cwFrames: 80% → 55% (noise alone: holds or improves, ±5)
pass noise-realspeech-alice-10 rtfInTune: 19% → 15% (noise alone: holds or improves, ±5)
pass noise-realspeech-alice-10 tunerInTune: 3% → 5% (noise alone: holds or improves, ±5)
pass noise-realspeech-alice-10 skInKey: 4% → 3% (noise alone: holds or improves, ±5)
pass noise-realspeech-holmes-10 rtfVoiced: 100% → 53% (noise alone: holds or improves, ±5)
pass noise-realspeech-holmes-10 tunerVoiced: 48% → 46% (noise alone: holds or improves, ±5)
pass noise-realspeech-holmes-10 skVoiced: 74% → 67% (noise alone: holds or improves, ±5)
pass noise-realspeech-holmes-10 cwFrames: 65% → 59% (noise alone: holds or improves, ±5)
pass noise-realspeech-holmes-10 rtfInTune: 13% → 12% (noise alone: holds or improves, ±5)
pass noise-realspeech-holmes-10 tunerInTune: 10% → 9% (noise alone: holds or improves, ±5)
pass noise-realspeech-holmes-10 skInKey: 4% → 5% (noise alone: holds or improves, ±5)
pass noise-realspeech-holmes-10 Choir World held: 1 → 0 (holds or improves)
pass noise-realtv-bonanza-a-10 rtfVoiced: 50% → 37% (noise alone: holds or improves, ±5)
pass noise-realtv-bonanza-a-10 tunerVoiced: 35% → 24% (noise alone: holds or improves, ±5)
pass noise-realtv-bonanza-a-10 skVoiced: 58% → 32% (noise alone: holds or improves, ±5)
pass noise-realtv-bonanza-a-10 cwFrames: 64% → 46% (noise alone: holds or improves, ±5)
pass noise-realtv-bonanza-a-10 rtfInTune: 7% → 5% (noise alone: holds or improves, ±5)
pass noise-realtv-bonanza-a-10 tunerInTune: 3% → 2% (noise alone: holds or improves, ±5)
pass noise-realtv-bonanza-a-10 skInKey: 7% → 6% (noise alone: holds or improves, ±5)
pass noise-realtv-bonanza-a-10 Choir World held: 0 → 0 (holds or improves)
pass noise-realtv-bonanza-b-10 rtfVoiced: 82% → 54% (noise alone: holds or improves, ±5)
pass noise-realtv-bonanza-b-10 tunerVoiced: 49% → 34% (noise alone: holds or improves, ±5)
pass noise-realtv-bonanza-b-10 skVoiced: 40% → 24% (noise alone: holds or improves, ±5)
pass noise-realtv-bonanza-b-10 cwFrames: 42% → 21% (noise alone: holds or improves, ±5)
pass noise-realtv-bonanza-b-10 rtfInTune: 13% → 9% (noise alone: holds or improves, ±5)
pass noise-realtv-bonanza-b-10 tunerInTune: 5% → 4% (noise alone: holds or improves, ±5)
pass noise-realtv-bonanza-b-10 skInKey: 0% → 0% (noise alone: holds or improves, ±5)
pass noise-realtv-bonanza-b-10 Choir World held: 1 → 1 (holds or improves)
pass sing-breathy-5 rtfVoiced: 97% → 97% (real singing: keeps ≥95% of what was heard)
pass sing-breathy-5 tunerVoiced: 86% → 86% (real singing: keeps ≥95% of what was heard)
pass sing-breathy-5 skVoiced: 84% → 84% (real singing: keeps ≥95% of what was heard)
pass sing-breathy-5 cwFrames: 90% → 90% (real singing: keeps ≥95% of what was heard)
pass sing-breathy-562 rtfVoiced: 100% → 97% (real singing: keeps ≥95% of what was heard)
pass sing-breathy-562 tunerVoiced: 92% → 92% (real singing: keeps ≥95% of what was heard)
pass sing-breathy-562 skVoiced: 88% → 89% (real singing: keeps ≥95% of what was heard)
pass sing-breathy-562 cwFrames: 82% → 81% (real singing: keeps ≥95% of what was heard)
pass sing-breathy-1197 rtfVoiced: 94% → 94% (real singing: keeps ≥95% of what was heard)
pass sing-breathy-1197 tunerVoiced: 94% → 94% (real singing: keeps ≥95% of what was heard)
pass sing-breathy-1197 skVoiced: 74% → 74% (real singing: keeps ≥95% of what was heard)
pass sing-breathy-1197 cwFrames: 85% → 85% (real singing: keeps ≥95% of what was heard)
pass sing-breathy-1743 rtfVoiced: 97% → 95% (real singing: keeps ≥95% of what was heard)
pass sing-breathy-1743 tunerVoiced: 58% → 57% (real singing: keeps ≥95% of what was heard)
pass sing-breathy-1743 skVoiced: 100% → 100% (real singing: keeps ≥95% of what was heard)
pass sing-breathy-1743 cwFrames: 75% → 72% (real singing: keeps ≥95% of what was heard)
pass sing-breathy-2353 rtfVoiced: 91% → 91% (real singing: keeps ≥95% of what was heard)
pass sing-breathy-2353 tunerVoiced: 91% → 90% (real singing: keeps ≥95% of what was heard)
pass sing-breathy-2353 skVoiced: 91% → 91% (real singing: keeps ≥95% of what was heard)
pass sing-breathy-2353 cwFrames: 92% → 92% (real singing: keeps ≥95% of what was heard)
pass sing-breathy-3002 rtfVoiced: 100% → 100% (real singing: keeps ≥95% of what was heard)
pass sing-breathy-3002 tunerVoiced: 100% → 100% (real singing: keeps ≥95% of what was heard)
pass sing-breathy-3002 skVoiced: 38% → 39% (real singing: keeps ≥95% of what was heard)
pass sing-breathy-3002 cwFrames: 92% → 92% (real singing: keeps ≥95% of what was heard)
pass sing-pp-92 rtfVoiced: 12% → 11% (real singing: keeps ≥95% of what was heard)
pass sing-pp-92 tunerVoiced: 67% → 67% (real singing: keeps ≥95% of what was heard)
pass sing-pp-92 skVoiced: 77% → 77% (real singing: keeps ≥95% of what was heard)
pass sing-pp-92 cwFrames: 72% → 72% (real singing: keeps ≥95% of what was heard)
pass sing-pp-646 rtfVoiced: 80% → 80% (real singing: keeps ≥95% of what was heard)
pass sing-pp-646 tunerVoiced: 78% → 78% (real singing: keeps ≥95% of what was heard)
pass sing-pp-646 skVoiced: 58% → 57% (real singing: keeps ≥95% of what was heard)
pass sing-pp-646 cwFrames: 69% → 69% (real singing: keeps ≥95% of what was heard)
pass sing-pp-1717 rtfVoiced: 91% → 91% (real singing: keeps ≥95% of what was heard)
pass sing-pp-1717 tunerVoiced: 79% → 79% (real singing: keeps ≥95% of what was heard)
pass sing-pp-1717 skVoiced: 100% → 100% (real singing: keeps ≥95% of what was heard)
pass sing-pp-1717 cwFrames: 73% → 73% (real singing: keeps ≥95% of what was heard)
pass sing-pp-2977 rtfVoiced: 81% → 80% (real singing: keeps ≥95% of what was heard)
pass sing-pp-2977 tunerVoiced: 66% → 66% (real singing: keeps ≥95% of what was heard)
pass sing-pp-2977 skVoiced: 81% → 81% (real singing: keeps ≥95% of what was heard)
pass sing-pp-2977 cwFrames: 66% → 66% (real singing: keeps ≥95% of what was heard)
pass mix-breathy-1197-white-10 tunerVoiced: 94% → 94% (real singing: keeps ≥95% of what was heard)
pass mix-breathy-1197-white-10 skVoiced: 74% → 74% (real singing: keeps ≥95% of what was heard)
pass mix-breathy-1197-white-10 cwFrames: 85% → 85% (real singing: keeps ≥95% of what was heard)
pass mix-breathy-1743-traffic-10 rtfVoiced: 100% → 98% (real singing: keeps ≥95% of what was heard)
pass mix-breathy-1743-traffic-10 tunerVoiced: 57% → 56% (real singing: keeps ≥95% of what was heard)
pass mix-breathy-1743-traffic-10 skVoiced: 100% → 100% (real singing: keeps ≥95% of what was heard)
pass mix-breathy-1743-traffic-10 cwFrames: 73% → 71% (real singing: keeps ≥95% of what was heard)
pass mix-breathy-3002-talker-10 rtfVoiced: 100% → 100% (real singing: keeps ≥95% of what was heard)
pass mix-breathy-3002-talker-10 tunerVoiced: 100% → 100% (real singing: keeps ≥95% of what was heard)

log: /Users/alegramusenge/Documents/voxcoach-app/scripts/vq-verify/logs/noisegate-local-2026-10-02T12-11-18.log  json: /Users/alegramusenge/Documents/voxcoach-app/scripts/vq-verify/logs/noisegate-local-2026-10-02T12-11-18.json
