pageload 2026-10-02T16-51-04  url: https://deploy-alegra1122.vercel.app  loads: 20  pace 30000 ms  timeout 60000 ms
sign-up load: ready 5274 ms  (voxcoach-pageload-1790959864815@example.com)
load  1  ready 3177 ms  | /me/progress 200 1608 ms  | /me 200 1155 ms  | auth none
load  2  ready 2924 ms  | /me/progress 200 1157 ms  | /me 200 1298 ms  | auth none
load  3  ready 3420 ms  | /me/progress 200 1520 ms  | /me 200 1352 ms  | auth none
load  4  ready 2762 ms  | /me/progress 200 1154 ms  | /me 200 1205 ms  | auth none
load  5  ready 2863 ms  | /me/progress 200 1225 ms  | /me 200 1253 ms  | auth none
load  6  ready 3471 ms  | /me/progress 200 1190 ms  | /me 200 1860 ms  | auth none
load  7  ready 2658 ms  | /me/progress 200 1023 ms  | /me 200 1244 ms  | auth none
load  8  ready 3801 ms  | /me/progress 200 1712 ms  | /me 200 1627 ms  | auth none
load  9  ready 3006 ms  | /me/progress 200 1057 ms  | /me 200 1497 ms  | auth none
load 10  ready 2881 ms  | /me/progress 200 1122 ms  | /me 200 1283 ms  | auth none
load 11  ready 3309 ms  | /me/progress 200 1325 ms  | /me 200 1517 ms  | auth none
load 12  ready 3619 ms  | /me/progress 200 1680 ms  | /me 200 1533 ms  | auth none
load 13  ready 3299 ms  | /me/progress 200 1153 ms  | /me 200 1698 ms  | auth none
load 14  ready 3263 ms  | /me/progress 200 1137 ms  | /me 200 1640 ms  | auth none
load 15  ready 3171 ms  | /me/progress 200 1150 ms  | /me 200 1550 ms  | auth none
load 16  ready 3534 ms  | /me/progress 200 1486 ms  | /me 200 1648 ms  | auth none
load 17  ready 3492 ms  | /me/progress 200 1340 ms  | /me 200 1661 ms  | auth none
load 18  ready 3210 ms  | /me/progress 200 1138 ms  | /me 200 1663 ms  | auth none
load 19  ready 3421 ms  | /me/progress 200 1490 ms  | /me 200 1477 ms  | auth none
load 20  ready 3893 ms  | /me/progress 200 1560 ms  | /me 200 1856 ms  | auth none

== 20 loads: ready (profile+progress) min 2658 / median 3299 / p90 3801 / max 3893 ms; over 20 s: 0; timeouts: 0
   /me/progress: min 1023 / median 1225 / max 1712 ms over 20 requests
   401 / 403 / 429: none

log: /Users/alegramusenge/Documents/voxcoach-app/scripts/vq-verify/logs/pageload-prod-2026-10-02T16-51-04.log  json: /Users/alegramusenge/Documents/voxcoach-app/scripts/vq-verify/logs/pageload-prod-2026-10-02T16-51-04.json
