pmframes 2026-10-04T19-21-58  stimulus STEADY40 (/var/folders/gn/v4bmhrkx4rj608jy9jv_rv780000gn/T/vq-verify/vibfix/stim-STEADY40.wav), target 69, before: master, after: working tree
A steady 40 ct error under Professional: 100 − 40 × 0.9 = 64; under Intermediate: 100 − 40 × 0.6 = 76

== before
   intermediate shown 75 · recomputed 75 · 87 frames scored, t 174–1603 ms (page's own clock: since the click before, since the first voiced frame after) · first 400 ms of the scored stretch: 25 frames, mean |c| 42.6 · mean c 42.5, mean |c| 42.5, min 39.9, max 50.3 · vibratoTolerantCents changed 0 · first pitched frame 194 ms after the click
      take, mean c per 250 ms since the click: 0:43 250:42 500:43 750:42 1000:42 1250:42 1500:43
   intermediate shown 75 · recomputed 75 · 98 frames scored, t 6–1611 ms (page's own clock: since the click before, since the first voiced frame after) · first 400 ms of the scored stretch: 25 frames, mean |c| 42.5 · mean c 42.4, mean |c| 42.4, min 41.7, max 43.1 · vibratoTolerantCents changed 0 · first pitched frame 6 ms after the click
      take, mean c per 250 ms since the click: 0:42 250:43 500:42 750:42 1000:42 1250:42 1500:42
   professional shown 62 · recomputed 62 · 98 frames scored, t 10–1611 ms (page's own clock: since the click before, since the first voiced frame after) · first 400 ms of the scored stretch: 25 frames, mean |c| 42.3 · mean c 42.4, mean |c| 42.4, min 41.7, max 43.1 · vibratoTolerantCents changed 0 · first pitched frame 10 ms after the click
      take, mean c per 250 ms since the click: 0:42 250:42 500:42 750:42 1000:42 1250:43 1500:42
   professional shown 62 · recomputed 62 · 98 frames scored, t 10–1611 ms (page's own clock: since the click before, since the first voiced frame after) · first 400 ms of the scored stretch: 25 frames, mean |c| 42.5 · mean c 42.4, mean |c| 42.4, min 41.7, max 43.1 · vibratoTolerantCents changed 0 · first pitched frame 10 ms after the click
      take, mean c per 250 ms since the click: 0:42 250:43 500:42 750:42 1000:42 1250:42 1500:42

== after
   intermediate shown 75 · recomputed 75 · 127 frames scored, t 415–2515 ms (page's own clock: since the click before, since the first voiced frame after) · first 400 ms of the scored stretch: 25 frames, mean |c| 42.4 · mean c 42.4, mean |c| 42.4, min 41.6, max 43.1 · vibratoTolerantCents changed 0 · first pitched frame 1292 ms after the click
      take, mean c per 250 ms since the click: 1250:42 1500:43 1750:42 2000:42 2250:42 2500:42 2750:42 3000:42 3250:42 3500:43 3750:42
   intermediate shown 75 · recomputed 75 · 127 frames scored, t 404–2504 ms (page's own clock: since the click before, since the first voiced frame after) · first 400 ms of the scored stretch: 24 frames, mean |c| 42.4 · mean c 42.4, mean |c| 42.4, min 41.7, max 43.1 · vibratoTolerantCents changed 0 · first pitched frame 1266 ms after the click
      take, mean c per 250 ms since the click: 1250:42 1500:42 1750:42 2000:42 2250:42 2500:43 2750:42 3000:42 3250:42 3500:42 3750:42
   professional shown 62 · recomputed 62 · 97 frames scored, t 404–2002 ms (page's own clock: since the click before, since the first voiced frame after) · first 400 ms of the scored stretch: 25 frames, mean |c| 42.4 · mean c 42.4, mean |c| 42.4, min 41.7, max 43.1 · vibratoTolerantCents changed 0 · first pitched frame 1265 ms after the click
      take, mean c per 250 ms since the click: 1250:43 1500:42 1750:42 2000:42 2250:42 2500:42 2750:43 3000:42 3250:43
   professional shown 62 · recomputed 62 · 97 frames scored, t 409–2009 ms (page's own clock: since the click before, since the first voiced frame after) · first 400 ms of the scored stretch: 25 frames, mean |c| 42.5 · mean c 42.4, mean |c| 42.4, min 41.7, max 43.1 · vibratoTolerantCents changed 0 · first pitched frame 1262 ms after the click
      take, mean c per 250 ms since the click: 1250:42 1500:43 1750:42 2000:42 2250:42 2500:42 2750:42 3000:42 3250:43

log: /Users/alegramusenge/Documents/voxcoach-app/scripts/vq-verify/logs/pmframes-local-2026-10-04T19-21-58.log  json: /Users/alegramusenge/Documents/voxcoach-app/scripts/vq-verify/logs/pmframes-local-2026-10-04T19-21-58.json
