pmframes 2026-10-04T19-20-19  stimulus W2 (/var/folders/gn/v4bmhrkx4rj608jy9jv_rv780000gn/T/vq-verify/vibfix/stim-W2.wav), target 69, before: master, after: working tree
A steady 40 ct error under Professional: 100 − 40 × 0.9 = 64; under Intermediate: 100 − 40 × 0.6 = 76

== before
   intermediate shown 75 · recomputed 75 · 84 frames scored, t 240–1611 ms (page's own clock: since the click before, since the first voiced frame after) · first 400 ms of the scored stretch: 25 frames, mean |c| 39.4 · mean c 42.1, mean |c| 42.1, min 22.3, max 59.2 · vibratoTolerantCents changed 0 · first pitched frame 266 ms after the click
      take, mean c per 250 ms since the click: 250:40 500:39 750:43 1000:43 1250:41 1500:49
   intermediate shown 77 · recomputed 77 · 98 frames scored, t 11–1608 ms (page's own clock: since the click before, since the first voiced frame after) · first 400 ms of the scored stretch: 26 frames, mean |c| 43.5 · mean c 38.6, mean |c| 38.6, min 20.9, max 59.9 · vibratoTolerantCents changed 0 · first pitched frame 11 ms after the click
      take, mean c per 250 ms since the click: 0:42 250:43 500:39 750:31 1000:35 1250:39 1500:46
   professional shown 60 · recomputed 60 · 97 frames scored, t 8–1603 ms (page's own clock: since the click before, since the first voiced frame after) · first 400 ms of the scored stretch: 25 frames, mean |c| 46.5 · mean c 44.1, mean |c| 44.1, min 37.2, max 52.2 · vibratoTolerantCents changed 96 · first pitched frame 8 ms after the click
      take, mean c per 250 ms since the click: 0:44 250:48 500:52 750:40 1000:47 1250:39 1500:39
   professional shown 60 · recomputed 60 · 98 frames scored, t 8–1609 ms (page's own clock: since the click before, since the first voiced frame after) · first 400 ms of the scored stretch: 25 frames, mean |c| 40.9 · mean c 44.0, mean |c| 44.0, min 37.9, max 52.1 · vibratoTolerantCents changed 97 · first pitched frame 8 ms after the click
      take, mean c per 250 ms since the click: 0:38 250:47 500:39 750:47 1000:47 1250:43 1500:52

== after
   intermediate shown 76 · recomputed 76 · 127 frames scored, t 413–2513 ms (page's own clock: since the click before, since the first voiced frame after) · first 400 ms of the scored stretch: 24 frames, mean |c| 41.6 · mean c 39.4, mean |c| 39.4, min 19.4, max 59.9 · vibratoTolerantCents changed 0 · first pitched frame 1291 ms after the click
      take, mean c per 250 ms since the click: 1250:43 1500:41 1750:45 2000:41 2250:44 2500:38 2750:41 3000:26 3250:41 3500:39 3750:52
   intermediate shown 74 · recomputed 74 · 127 frames scored, t 413–2512 ms (page's own clock: since the click before, since the first voiced frame after) · first 400 ms of the scored stretch: 24 frames, mean |c| 40.5 · mean c 43.1, mean |c| 43.1, min 37.7, max 52.6 · vibratoTolerantCents changed 127 · first pitched frame 1263 ms after the click
      take, mean c per 250 ms since the click: 1250:38 1500:47 1750:40 2000:45 2250:48 2500:44 2750:43 3000:40 3250:48 3500:38 3750:44
   professional shown 65 · recomputed 65 · 97 frames scored, t 411–2012 ms (page's own clock: since the click before, since the first voiced frame after) · first 400 ms of the scored stretch: 24 frames, mean |c| 31.3 · mean c 39.1, mean |c| 39.1, min 18.0, max 62.3 · vibratoTolerantCents changed 0 · first pitched frame 1263 ms after the click
      take, mean c per 250 ms since the click: 1250:39 1500:37 1750:29 2000:39 2250:41 2500:43 2750:44 3000:42 3250:39
   professional shown 66 · recomputed 66 · 97 frames scored, t 402–2003 ms (page's own clock: since the click before, since the first voiced frame after) · first 400 ms of the scored stretch: 25 frames, mean |c| 43.0 · mean c 38.2, mean |c| 38.2, min 18.4, max 65.1 · vibratoTolerantCents changed 0 · first pitched frame 1271 ms after the click
      take, mean c per 250 ms since the click: 1250:43 1500:45 1750:39 2000:46 2250:38 2500:33 2750:34 3000:38 3250:44

log: /Users/alegramusenge/Documents/voxcoach-app/scripts/vq-verify/logs/pmframes-local-2026-10-04T19-20-19.log  json: /Users/alegramusenge/Documents/voxcoach-app/scripts/vq-verify/logs/pmframes-local-2026-10-04T19-20-19.json
