listenwin 2026-10-05T01-06-21  url: https://deploy-alegra1122.vercel.app/ (no before side)

-- Pitch Match: score (attack / landing), singer starting 0.3 … 1.2 s after the cue
   beginner      prod:  0.3s 100  0.6s 100  0.9s 100  1.2s 100
  ✓ pitch beginner 0.3s late: held note scores ≥ 90, attack ≥ 85 when split, counted once 100 (NaN/NaN) counted 1 · 4394 ms
  ✓ pitch beginner 0.6s late: held note scores ≥ 90, attack ≥ 85 when split, counted once 100 (NaN/NaN) counted 1 · 4705 ms
  ✓ pitch beginner 0.9s late: held note scores ≥ 90, attack ≥ 85 when split, counted once 100 (NaN/NaN) counted 1 · 5002 ms
  ✓ pitch beginner 1.2s late: held note scores ≥ 90, attack ≥ 85 when split, counted once 100 (NaN/NaN) counted 1 · 5312 ms
   intermediate  prod:  0.3s 100 (100/100)  0.6s 100 (100/100)  0.9s 100 (100/100)  1.2s 100 (100/100)
  ✓ pitch intermediate 0.3s late: held note scores ≥ 90, attack ≥ 85 when split, counted once 100 (100/100) counted 1 · 3915 ms
  ✓ pitch intermediate 0.6s late: held note scores ≥ 90, attack ≥ 85 when split, counted once 100 (100/100) counted 1 · 4232 ms
  ✓ pitch intermediate 0.9s late: held note scores ≥ 90, attack ≥ 85 when split, counted once 100 (100/100) counted 1 · 4485 ms
  ✓ pitch intermediate 1.2s late: held note scores ≥ 90, attack ≥ 85 when split, counted once 100 (100/100) counted 1 · 4812 ms
   professional  prod:  0.3s 100 (100/100)  0.6s 100 (100/100)  0.9s 100 (100/100)  1.2s 100 (100/100)
  ✓ pitch professional 0.3s late: held note scores ≥ 90, attack ≥ 85 when split, counted once 100 (100/100) counted 1 · 3415 ms
  ✓ pitch professional 0.6s late: held note scores ≥ 90, attack ≥ 85 when split, counted once 100 (100/100) counted 1 · 3718 ms
  ✓ pitch professional 0.9s late: held note scores ≥ 90, attack ≥ 85 when split, counted once 100 (100/100) counted 1 · 3998 ms
  ✓ pitch professional 1.2s late: held note scores ≥ 90, attack ≥ 85 when split, counted once 100 (100/100) counted 1 · 4313 ms
   nobody sings  after: "—" "I didn't hear you, try again." counted 0 · 6287 ms
  ✓ pitch: nobody sings → "I didn't hear you, try again", no score, not counted, same note "—" "I didn't hear you, try again." counted 0 next 60

-- Interval Match: score (attack / landing), singer starting 0.3 … 1.2 s after the cue
   beginner      prod:  0.3s 100  0.6s 100  0.9s 100  1.2s 100
  ✓ interval beginner 0.3s late: held note scores ≥ 90, attack ≥ 85 when split, counted once 100 (NaN/NaN) counted 1 · 4716 ms
  ✓ interval beginner 0.6s late: held note scores ≥ 90, attack ≥ 85 when split, counted once 100 (NaN/NaN) counted 1 · 5017 ms
  ✓ interval beginner 0.9s late: held note scores ≥ 90, attack ≥ 85 when split, counted once 100 (NaN/NaN) counted 1 · 5311 ms
  ✓ interval beginner 1.2s late: held note scores ≥ 90, attack ≥ 85 when split, counted once 100 (NaN/NaN) counted 1 · 5602 ms
   intermediate  prod:  0.3s 100 (100/100)  0.6s 100 (100/100)  0.9s 100 (100/100)  1.2s 100 (100/100)
  ✓ interval intermediate 0.3s late: held note scores ≥ 90, attack ≥ 85 when split, counted once 100 (100/100) counted 1 · 4212 ms
  ✓ interval intermediate 0.6s late: held note scores ≥ 90, attack ≥ 85 when split, counted once 100 (100/100) counted 1 · 4514 ms
  ✓ interval intermediate 0.9s late: held note scores ≥ 90, attack ≥ 85 when split, counted once 100 (100/100) counted 1 · 4815 ms
  ✓ interval intermediate 1.2s late: held note scores ≥ 90, attack ≥ 85 when split, counted once 100 (100/100) counted 1 · 5099 ms
   professional  prod:  0.3s 100 (100/100)  0.6s 100 (100/100)  0.9s 100 (100/100)  1.2s 100 (100/100)
  ✓ interval professional 0.3s late: held note scores ≥ 90, attack ≥ 85 when split, counted once 100 (100/100) counted 1 · 3686 ms
  ✓ interval professional 0.6s late: held note scores ≥ 90, attack ≥ 85 when split, counted once 100 (100/100) counted 1 · 4011 ms
  ✓ interval professional 0.9s late: held note scores ≥ 90, attack ≥ 85 when split, counted once 100 (100/100) counted 1 · 4302 ms
  ✓ interval professional 1.2s late: held note scores ≥ 90, attack ≥ 85 when split, counted once 100 (100/100) counted 1 · 4598 ms
   nobody sings  after: "—" "I didn't hear you, try again." counted 0 · 6576 ms
  ✓ interval: nobody sings → "I didn't hear you, try again", no score, not counted, same note "—" "I didn't hear you, try again." counted 0 next 60
  ✓ Pitch Match: a scored attempt moves to a new note; "Sing it again" sings the same one next 54 · again on 62 → 100

==== VERDICT: 27 passed, 0 failed
log: /Users/alegramusenge/Documents/voxcoach-app/scripts/vq-verify/logs/listenwin-prod-2026-10-05T01-06-21.log
