== https://deploy-alegra1122.vercel.app/
   mic: 261.63 Hz (MIDI 60)
   signed up voxcoach-vlh-1791164204520@example.com
  ✓ sidecar allowed in this browser (desktop Chromium)                 

-- Tuner (listens until stopped: 7 s)
  ✓ reached through its hub, start button visible                      
  ✓ gauge visible in the panel, today's total so far                   "Vocal load today" "0% of daily budget"
  ✓ load feed stubbed out: no session stored, no register input opened opened [], rows 0
  ✓ feature result identical with the load feed live                   off {"pitch":"100%","freq":261.7,"stability":96} | on {"pitch":"100%","freq":261.7,"stability":96}
  ✓ both live at once: the feature's own mic + the register input      opened this run [{"audio":{"echoCancellation":true,"noiseSuppression":false,"autoGainControl":false}}]
  ✓ feature's own track still live, unmuted, NS/AGC/EC unchanged       on: ns true agc true ec true muted false | off: ns true agc true ec true
  ✓ feature's own analyser hears the same tone                         on 261.9 Hz rms 0.0294 | off 261.7 Hz rms 0.0294
  ✓ stored: exactly 1 new session, ended                               [{"active_seconds":6.98,"ended":true,"load":13.4444842813065,"median_rms":0.270571614575209,"p5_midi":60.0024520349916,"p95_midi":60.0028500351473}]
  ✓ active seconds ≈ time the feature listened (7.05 s, −1.8/+0.3)     6.980 s
  ✓ stored load = active × 1.925926 (hand), within 0.5%                stored 13.4445 vs hand 13.4430
  ✓ pitch stored ≈ 60                                                  p5 60.002, p95 60.003
  ✓ gauge moved while the feature ran                                  mid-run 0.0834% vs before 0.0000%
  ✓ gauge = today's stored total / 6800                                "0.2% of daily budget" pct 0.197713 vs 0.197713

-- Interval Match: target C4, a pass
  ✓ reached through its hub, start button visible                      
  ✓ gauge visible in the panel, today's total so far                   "Vocal load today" "0.2% of daily budget"
  ✓ load feed stubbed out: no session stored, no register input opened opened [], rows 1
  ✓ feature result identical with the load feed live                   off {"acc":"99%","fb":"Right on it."} | on {"acc":"99%","fb":"Right on it."}
  ✓ both live at once: the feature's own mic + the register input      opened this run [{"audio":{"echoCancellation":true,"noiseSuppression":false,"autoGainControl":false}}]
  ✓ feature's own track still live, unmuted, NS/AGC/EC unchanged       on: ns true agc true ec true muted false | off: ns true agc true ec true
  ✓ feature's own analyser hears the same tone                         on 261.7 Hz rms 0.0294 | off 261.8 Hz rms 0.0295
  ✓ stored: exactly 1 new session, ended                               [{"active_seconds":2.954,"ended":true,"load":5.68907132687626,"median_rms":0.270535622992881,"p5_midi":60.0024429082422,"p95_midi":60.0026401729256}]
  ✓ active seconds ≈ time the feature listened (3.09 s, −1.8/+0.3)     2.954 s
  ✓ stored load = active × 1.925926 (hand), within 0.5%                stored 5.6891 vs hand 5.6892
  ✓ pitch stored ≈ 60                                                  p5 60.002, p95 60.003
  ✓ gauge = today's stored total / 6800                                "0.3% of daily budget" pct 0.281376 vs 0.281376

-- Scale Run from C4 (every note captured, runs to the end)
  ✓ reached through its hub, start button visible                      
  ✓ gauge visible in the panel, today's total so far                   "Vocal load today" "0.3% of daily budget"
  ✓ load feed stubbed out: no session stored, no register input opened opened [], rows 2
  ✓ feature result identical with the load feed live                   off {"avg":"24%","dots":"scale-dot done-good,scale-dot done-low,scale-dot done-low,scale-dot done-low,scale-dot done-low,scale-dot done-low,scale-dot done-low,scale-dot done-low,scale-dot done-good"} | on {"avg":"24%","dots":"scale-dot done-good,scale-dot done-low,scale-dot done-low,scale-dot done-low,scale-dot done-low,scale-dot done-low,scale-dot done-low,scale-dot done-low,scale-dot done-good"}
  ✓ both live at once: the feature's own mic + the register input      opened this run [{"audio":{"echoCancellation":true,"noiseSuppression":false,"autoGainControl":false}}]
  ✓ feature's own track still live, unmuted, NS/AGC/EC unchanged       on: ns true agc true ec true muted false | off: ns true agc true ec true
  ✓ feature's own analyser hears the same tone                         on 261.8 Hz rms 0.0294 | off 261.7 Hz rms 0.0294
  ✓ stored: exactly 1 new session, ended                               [{"active_seconds":15.382,"ended":true,"load":29.6277072261339,"median_rms":0.270538033594698,"p5_midi":60.0025224086787,"p95_midi":60.0028256104039}]
  ✓ active seconds ≈ time the feature listened (15.51 s, −1.8/+0.3)    15.382 s
  ✓ stored load = active × 1.925926 (hand), within 0.5%                stored 29.6277 vs hand 29.6246
  ✓ pitch stored ≈ 60                                                  p5 60.003, p95 60.003
  ✓ gauge moved while the feature ran                                  mid-run 0.3649% vs before 0.2814%
  ✓ gauge = today's stored total / 6800                                "0.7% of daily budget" pct 0.717077 vs 0.717077

-- Breath Control (a held tone, stopped at 8 s)
  ✓ reached through its hub, start button visible                      
  ✓ gauge visible in the panel, today's total so far                   "Vocal load today" "0.7% of daily budget"
  ✓ load feed stubbed out: no session stored, no register input opened opened [], rows 3
  ✓ feature result identical with the load feed live                   off {"acc":"80%","samples":484} | on {"acc":"80%","samples":483}
  ✓ both live at once: the feature's own mic + the register input      opened this run [{"audio":{"echoCancellation":true,"noiseSuppression":false,"autoGainControl":false}}]
  ✓ feature's own track still live, unmuted, NS/AGC/EC unchanged       on: ns true agc true ec true muted false | off: ns true agc true ec true
  ✓ feature's own analyser hears the same tone                         on 261.7 Hz rms 0.0294 | off 262 Hz rms 0.0302
  ✓ stored: exactly 1 new session, ended                               [{"active_seconds":7.965,"ended":true,"load":15.3409354470091,"median_rms":0.270587417856179,"p5_midi":60.0025325370237,"p95_midi":60.0028163759416}]
  ✓ active seconds ≈ time the feature listened (8.04 s, −1.8/+0.3)     7.965 s
  ✓ stored load = active × 1.925926 (hand), within 0.5%                stored 15.3409 vs hand 15.3400
  ✓ pitch stored ≈ 60                                                  p5 60.003, p95 60.003
  ✓ gauge moved while the feature ran                                  mid-run 0.8001% vs before 0.7171%
  ✓ gauge = today's stored total / 6800                                "0.9% of daily budget" pct 0.942679 vs 0.942679

-- Custom Exercise: 6 notes (seeded), runs to the end
  ✓ reached through its hub, start button visible                      
  ✓ gauge visible in the panel, today's total so far                   "Vocal load today" "0.9% of daily budget"
  ✓ load feed stubbed out: no session stored, no register input opened opened [], rows 4
  ✓ feature result identical with the load feed live                   off {"avg":"50%","rows":"C399%D30%A#40%F4No signalE4No signalC499%"} | on {"avg":"50%","rows":"C399%D30%A#40%F4No signalE4No signalC499%"}
  ✓ both live at once: the feature's own mic + the register input      opened this run [{"audio":{"echoCancellation":true,"noiseSuppression":false,"autoGainControl":false}}]
  ✓ feature's own track still live, unmuted, NS/AGC/EC unchanged       on: ns true agc true ec true muted false | off: ns true agc true ec true
  ✓ feature's own analyser hears the same tone                         on 261.7 Hz rms 0.0295 | off 262 Hz rms 0.0295
  ✓ stored: exactly 1 new session, ended                               [{"active_seconds":15.03,"ended":true,"load":28.9497012978219,"median_rms":0.270575504880231,"p5_midi":60.0024623139863,"p95_midi":60.0028714371362}]
  ✓ active seconds ≈ time the feature listened (15.16 s, −1.8/+0.3)    15.030 s
  ✓ stored load = active × 1.925926 (hand), within 0.5%                stored 28.9497 vs hand 28.9467
  ✓ pitch stored ≈ 60                                                  p5 60.002, p95 60.003
  ✓ gauge moved while the feature ran                                  mid-run 1.0261% vs before 0.9427%
  ✓ gauge = today's stored total / 6800                                "1.4% of daily budget" pct 1.368410 vs 1.368410

-- Rhythm Trainer (runs to the end)
  ✓ reached through its hub, start button visible                      
  ✓ gauge visible in the panel, today's total so far                   "Vocal load today" "1.4% of daily budget"
  ✓ load feed stubbed out: no session stored, no register input opened opened [], rows 5
  ✓ feature result identical with the load feed live                   off {"claimed":"00000000","card":"block"} | on {"claimed":"00000000","card":"block"}
  ✓ both live at once: the feature's own mic + the register input      opened this run [{"audio":{"echoCancellation":true,"noiseSuppression":false,"autoGainControl":false}}]
  ✓ feature's own track still live, unmuted, NS/AGC/EC unchanged       on: ns true agc true ec true muted false | off: ns true agc true ec true
  ✓ feature's own analyser hears the same tone                         on 261.7 Hz rms 0.0294 | off 262.3 Hz rms 0.0298
  ✓ stored: exactly 1 new session, ended                               [{"active_seconds":5.996,"ended":true,"load":11.5495985440582,"median_rms":0.270612515249966,"p5_midi":60.0025053900361,"p95_midi":60.0027156940587}]
  ✓ active seconds ≈ time the feature listened (6.10 s, −1.8/+0.3)     5.996 s
  ✓ stored load = active × 1.925926 (hand), within 0.5%                stored 11.5496 vs hand 11.5479
  ✓ pitch stored ≈ 60                                                  p5 60.003, p95 60.003
  ✓ gauge moved while the feature ran                                  mid-run 1.4519% vs before 1.3684%
  ✓ gauge = today's stored total / 6800                                "1.5% of daily budget" pct 1.538257 vs 1.538257

-- Mirror Mode (seeded phrase, the echo runs to the end)
  ✓ reached through its hub, start button visible                      
  ✓ gauge visible in the panel, today's total so far                   "Vocal load today" "1.5% of daily budget"
  ✓ load feed stubbed out: no session stored, no register input opened opened [], rows 6
  ✓ feature result identical with the load feed live                   off {"acc":"0%"} | on {"acc":"0%"}
  ✓ both live at once: the feature's own mic + the register input      opened this run [{"audio":{"echoCancellation":true,"noiseSuppression":false,"autoGainControl":false}}]
  ✓ feature's own track still live, unmuted, NS/AGC/EC unchanged       on: ns true agc true ec true muted false | off: ns true agc true ec true
  ✓ feature's own analyser hears the same tone                         on 261.7 Hz rms 0.0294 | off 261.9 Hz rms 0.0294
  ✓ stored: exactly 1 new session, ended                               [{"active_seconds":2.73,"ended":true,"load":5.25898613345974,"median_rms":0.270664888499034,"p5_midi":60.0024842388754,"p95_midi":60.0027657986305}]
  ✓ active seconds ≈ time the feature listened (2.87 s, −1.8/+0.3)     2.730 s
  ✓ stored load = active × 1.925926 (hand), within 0.5%                stored 5.2590 vs hand 5.2578
  ✓ pitch stored ≈ 60                                                  p5 60.002, p95 60.003
  ✓ gauge moved while the feature ran                                  mid-run 1.5383% vs before 1.5383%
  ✓ gauge = today's stored total / 6800                                "1.6% of daily budget" pct 1.615595 vs 1.615595

-- Real-Time Feedback (register input; stopped at 7 s)
  ✓ reached through its hub, start button visible                      
  ✓ gauge visible in the panel, today's total so far                   "Vocal load today" "1.6% of daily budget"
  ✓ load feed stubbed out: no session stored                           opened [{"audio":{"echoCancellation":true,"noiseSuppression":false,"autoGainControl":false}}], rows 7
  ✓ feature result identical with the load feed live                   off {"Pitch":"checklist-icon good In tune","Stability":"checklist-icon good Steady","Breath":"checklist-icon good Steady breath support","Register":"checklist-icon good Balanced tone"} | on {"Pitch":"checklist-icon good In tune","Stability":"checklist-icon good Steady","Breath":"checklist-icon good Steady breath support","Register":"checklist-icon good Balanced tone"}
  ✓ no second register stream opened for the load                      on [{"audio":{"echoCancellation":true,"noiseSuppression":false,"autoGainControl":false}}] | off [{"audio":{"echoCancellation":true,"noiseSuppression":false,"autoGainControl":false}}]
  ✓ stored: exactly 1 new session, ended                               [{"active_seconds":6.998,"ended":true,"load":13.4795489772921,"median_rms":0.270564981715507,"p5_midi":60.0024411697421,"p95_midi":60.0030121885432}]
  ✓ active seconds ≈ time the feature listened (7.04 s, −1.8/+0.3)     6.998 s
  ✓ stored load = active × 1.925926 (hand), within 0.5%                stored 13.4795 vs hand 13.4776
  ✓ pitch stored ≈ 60                                                  p5 60.002, p95 60.003
  ✓ gauge moved while the feature ran                                  mid-run 1.6996% vs before 1.6156%
  ✓ gauge = today's stored total / 6800                                "1.8% of daily budget" pct 1.813824 vs 1.813824

-- Emotional Singing (song, runs to the end)
  ✓ reached through its hub, start button visible                      
  ✓ gauge visible in the panel, today's total so far                   "Vocal load today" "1.8% of daily budget"
  ✓ load feed stubbed out: no session stored, no register input opened opened [], rows 8
  ✓ feature result identical with the load feed live                   off {"pitch":"70%","all":"PITCH 70% EXPRESSION 2%"} | on {"pitch":"70%","all":"PITCH 70% EXPRESSION 3%"}
  ✓ both live at once: the feature's own mic + the register input      opened this run [{"audio":{"echoCancellation":true,"noiseSuppression":false,"autoGainControl":false}}]
  ✓ feature's own track still live, unmuted, NS/AGC/EC unchanged       on: ns true agc true ec true muted false | off: ns true agc true ec true
  ✓ feature's own analyser hears the same tone                         on 261.7 Hz rms 0.0294 | off 261.7 Hz rms 0.0295
  ✓ stored: exactly 1 new session, ended                               [{"active_seconds":26.616,"ended":true,"load":51.2642377527065,"median_rms":0.270571839756478,"p5_midi":60.0024842195495,"p95_midi":60.0028342817553}]
  ✓ active seconds ≈ time the feature listened (26.77 s, −1.8/+0.3)    26.616 s
  ✓ stored load = active × 1.925926 (hand), within 0.5%                stored 51.2642 vs hand 51.2604
  ✓ pitch stored ≈ 60                                                  p5 60.002, p95 60.003
  ✓ gauge moved while the feature ran                                  mid-run 1.8978% vs before 1.8138%
  ✓ gauge = today's stored total / 6800                                "2.6% of daily budget" pct 2.567710 vs 2.567710

-- Range Finder (low captured at 3.5 s, high at 6 s)
  ✓ reached through its hub, start button visible                      
  ✓ gauge visible in the panel, today's total so far                   "Vocal load today" "2.6% of daily budget"
  ✓ load feed stubbed out: no session stored, no register input opened opened [], rows 9
  ✓ feature result identical with the load feed live                   off {"type":"Tenor","span":"C4 → C4"} | on {"type":"Tenor","span":"C4 → C4"}
  ✓ both live at once: the feature's own mic + the register input      opened this run [{"audio":{"echoCancellation":true,"noiseSuppression":false,"autoGainControl":false}}]
  ✓ feature's own track still live, unmuted, NS/AGC/EC unchanged       on: ns true agc true ec true muted false | off: ns true agc true ec true
  ✓ feature's own analyser hears the same tone                         on 261.7 Hz rms 0.0295 | off 261.8 Hz rms 0.0295
  ✓ stored: exactly 1 new session, ended                               [{"active_seconds":6.03,"ended":true,"load":11.6151172750237,"median_rms":0.270672449832542,"p5_midi":60.0025274749422,"p95_midi":60.0028721749931}]
  ✓ active seconds ≈ time the feature listened (6.08 s, −1.8/+0.3)     6.030 s
  ✓ stored load = active × 1.925926 (hand), within 0.5%                stored 11.6151 vs hand 11.6133
  ✓ pitch stored ≈ 60                                                  p5 60.003, p95 60.003
  ✓ gauge moved while the feature ran                                  mid-run 2.6517% vs before 2.5677%
  ✓ gauge = today's stored total / 6800                                "2.7% of daily budget" pct 2.738520 vs 2.738520
  ✓ page errors                                                        none

-- reload: every gauge resumes today's total from the server
  ✓ tuner: same total after reload, not 0                              "2.7% of daily budget"
  ✓ interval: same total after reload, not 0                           "2.7% of daily budget"
  ✓ scale: same total after reload, not 0                              "2.7% of daily budget"
  ✓ breath: same total after reload, not 0                             "2.7% of daily budget"
  ✓ custom: same total after reload, not 0                             "2.7% of daily budget"
  ✓ rhythm: same total after reload, not 0                             "2.7% of daily budget"
  ✓ mirror: same total after reload, not 0                             "2.7% of daily budget"
  ✓ livefb: same total after reload, not 0                             "2.7% of daily budget"
  ✓ emotion: same total after reload, not 0                            "2.7% of daily budget"
  ✓ range: same total after reload, not 0                              "2.7% of daily budget"
  ✓ coach: same total after reload, not 0                              "2.7% of daily budget"
  ✓ daily table = sum of every session                                 [{"day":"2026-10-05","total_load":186.219388261688}] vs 186.2194

-- all four languages (switched with the Profile language buttons)
  ✓ fr: all 11 gauges' label and value in fr                           "Charge vocale du jour" "2,7 % du budget quotidien"
  ✓ es: all 11 gauges' label and value in es                           "Carga vocal de hoy" "2,7 % del presupuesto diario"
  ✓ tr: all 11 gauges' label and value in tr                           "Bugünkü ses yükü" "Günlük bütçe: %2,7"
  ✓ en: all 11 gauges' label and value in en                           "Vocal load today" "2.7% of daily budget"
  ✓ page errors                                                        none

-- Safari user agent: sidecar features open no second stream, store nothing, hide their gauge
  ✓ sidecar blocked for this user agent                                
  ✓ tuner ran on its own stream only, no session stored                opened [], rows 10→10
  ✓ sidecar features' gauges hidden, register-input features' still shown ok

-- signed out
  ✓ every gauge hidden when signed out                                 all hidden

[cleanup] deleted 1 test account(s) this run created; 0 left of voxcoach-vlh-1791164204520@example.com

150 passed, 0 failed
