== https://deploy-alegra1122.vercel.app/
   mic: 261.63 Hz (MIDI 60)
   signed up voxcoach-vlh-1791311695167@example.com
  ✓ sidecar allowed in this browser (desktop Chromium)                 

-- Tuner (listens until stopped: 7 s)
  ✓ reached through its hub, start button visible                      
  ✓ gauge visible in the panel, today's total so far                   "Vocal load today" "0% of daily budget"
  ✓ load feed stubbed out: no session stored, no register input opened opened [], rows 0
  ✓ feature result identical with the load feed live                   off {"pitch":"98%","freq":261.8,"stability":96} | on {"pitch":"98%","freq":261.8,"stability":96}
  ✓ both live at once: the feature's own mic + the register input      opened this run [{"audio":{"echoCancellation":true,"noiseSuppression":false,"autoGainControl":false}}]
  ✓ feature's own track still live, unmuted, NS/AGC/EC unchanged       on: ns true agc true ec true muted false | off: ns true agc true ec true
  ✓ feature's own analyser hears the same tone                         on 261.7 Hz rms 0.0294 | off 261.9 Hz rms 0.0302
  ✓ stored: exactly 1 new session, ended                               [{"active_seconds":7.104,"ended":true,"load":13.6827312040705,"median_rms":0.270538802860451,"p5_midi":60.0024276462191,"p95_midi":60.0029238371003}]
  ✓ active seconds ≈ time the feature listened (7.15 s, −1.8/+0.3)     7.104 s
  ✓ stored load = active × 1.925926 (hand), within 0.5%                stored 13.6827 vs hand 13.6818
  ✓ pitch stored ≈ 60                                                  p5 60.002, p95 60.003
  ✓ gauge moved while the feature ran                                  mid-run 0.0842% vs before 0.0000%
  ✓ gauge = today's stored total / 6800                                "0.2% of daily budget" pct 0.201217 vs 0.201217

-- Interval Match: target C4, a pass
  ✓ reached through its hub, start button visible                      
  ✓ gauge visible in the panel, today's total so far                   "Vocal load today" "0.2% of daily budget"
  ✓ load feed stubbed out: no session stored, no register input opened opened [], rows 1
  ✓ feature result identical with the load feed live                   off {"acc":"99%","fb":"Right on it."} | on {"acc":"99%","fb":"Right on it."}
  ✓ both live at once: the feature's own mic + the register input      opened this run [{"audio":{"echoCancellation":true,"noiseSuppression":false,"autoGainControl":false}}]
  ✓ feature's own track still live, unmuted, NS/AGC/EC unchanged       on: ns true agc true ec true muted false | off: ns true agc true ec true
  ✓ feature's own analyser hears the same tone                         on 261.7 Hz rms 0.0294 | off 261.8 Hz rms 0.0295
  ✓ stored: exactly 1 new session, ended                               [{"active_seconds":2.954,"ended":true,"load":5.6890743428002,"median_rms":0.270453457544159,"p5_midi":60.0024319221476,"p95_midi":60.00268378899}]
  ✓ active seconds ≈ time the feature listened (3.10 s, −1.8/+0.3)     2.954 s
  ✓ stored load = active × 1.925926 (hand), within 0.5%                stored 5.6891 vs hand 5.6892
  ✓ pitch stored ≈ 60                                                  p5 60.002, p95 60.003
  ✓ gauge = today's stored total / 6800                                "0.3% of daily budget" pct 0.284879 vs 0.284879

-- Scale Run from C4 (every note captured, runs to the end)
  ✓ reached through its hub, start button visible                      
  ✓ gauge visible in the panel, today's total so far                   "Vocal load today" "0.3% of daily budget"
  ✓ load feed stubbed out: no session stored, no register input opened opened [], rows 2
  ✓ feature result identical with the load feed live                   off {"avg":"24%","dots":"scale-dot done-good,scale-dot done-low,scale-dot done-low,scale-dot done-low,scale-dot done-low,scale-dot done-low,scale-dot done-low,scale-dot done-low,scale-dot done-good"} | on {"avg":"24%","dots":"scale-dot done-good,scale-dot done-low,scale-dot done-low,scale-dot done-low,scale-dot done-low,scale-dot done-low,scale-dot done-low,scale-dot done-low,scale-dot done-good"}
  ✓ both live at once: the feature's own mic + the register input      opened this run [{"audio":{"echoCancellation":true,"noiseSuppression":false,"autoGainControl":false}}]
  ✓ feature's own track still live, unmuted, NS/AGC/EC unchanged       on: ns true agc true ec true muted false | off: ns true agc true ec true
  ✓ feature's own analyser hears the same tone                         on 261.9 Hz rms 0.0295 | off 261.8 Hz rms 0.0295
  ✓ stored: exactly 1 new session, ended                               [{"active_seconds":15.531,"ended":true,"load":29.9135457383406,"median_rms":0.27057290215542,"p5_midi":60.0024609110827,"p95_midi":60.002897884497}]
  ✓ active seconds ≈ time the feature listened (15.62 s, −1.8/+0.3)    15.531 s
  ✓ stored load = active × 1.925926 (hand), within 0.5%                stored 29.9135 vs hand 29.9116
  ✓ pitch stored ≈ 60                                                  p5 60.002, p95 60.003
  ✓ gauge moved while the feature ran                                  mid-run 0.3684% vs before 0.2849%
  ✓ gauge = today's stored total / 6800                                "0.7% of daily budget" pct 0.724785 vs 0.724785

-- Breath Control (a held tone, stopped at 8 s)
  ✓ reached through its hub, start button visible                      
  ✓ gauge visible in the panel, today's total so far                   "Vocal load today" "0.7% of daily budget"
  ✓ load feed stubbed out: no session stored, no register input opened opened [], rows 3
  ✓ feature result identical with the load feed live                   off {"acc":"80%","samples":484} | on {"acc":"79%","samples":483}
  ✓ both live at once: the feature's own mic + the register input      opened this run [{"audio":{"echoCancellation":true,"noiseSuppression":false,"autoGainControl":false}}]
  ✓ feature's own track still live, unmuted, NS/AGC/EC unchanged       on: ns true agc true ec true muted false | off: ns true agc true ec true
  ✓ feature's own analyser hears the same tone                         on 262.2 Hz rms 0.0305 | off 261.7 Hz rms 0.0294
  ✓ stored: exactly 1 new session, ended                               [{"active_seconds":7.989,"ended":true,"load":15.3867385695508,"median_rms":0.270555093942631,"p5_midi":60.0024061663468,"p95_midi":60.0028981368764}]
  ✓ active seconds ≈ time the feature listened (8.04 s, −1.8/+0.3)     7.989 s
  ✓ stored load = active × 1.925926 (hand), within 0.5%                stored 15.3867 vs hand 15.3862
  ✓ pitch stored ≈ 60                                                  p5 60.002, p95 60.003
  ✓ gauge moved while the feature ran                                  mid-run 0.8085% vs before 0.7248%
  ✓ gauge = today's stored total / 6800                                "1% of daily budget" pct 0.951060 vs 0.951060

-- Custom Exercise: 6 notes (seeded), runs to the end
  ✓ reached through its hub, start button visible                      
  ✓ gauge visible in the panel, today's total so far                   "Vocal load today" "1% of daily budget"
  ✓ load feed stubbed out: no session stored, no register input opened opened [], rows 4
  ✓ feature result identical with the load feed live                   off {"avg":"50%","rows":"C399%D30%A#40%F4No signalE4No signalC499%"} | on {"avg":"50%","rows":"C399%D30%A#40%F4No signalE4No signalC499%"}
  ✓ both live at once: the feature's own mic + the register input      opened this run [{"audio":{"echoCancellation":true,"noiseSuppression":false,"autoGainControl":false}}]
  ✓ feature's own track still live, unmuted, NS/AGC/EC unchanged       on: ns true agc true ec true muted false | off: ns true agc true ec true
  ✓ feature's own analyser hears the same tone                         on 261.9 Hz rms 0.0302 | off 262.2 Hz rms 0.03
  ✓ stored: exactly 1 new session, ended                               [{"active_seconds":15.049,"ended":true,"load":28.9857566587932,"median_rms":0.27057612197982,"p5_midi":60.0024805802325,"p95_midi":60.0031403602929}]
  ✓ active seconds ≈ time the feature listened (15.17 s, −1.8/+0.3)    15.049 s
  ✓ stored load = active × 1.925926 (hand), within 0.5%                stored 28.9858 vs hand 28.9833
  ✓ pitch stored ≈ 60                                                  p5 60.002, p95 60.003
  ✓ gauge moved while the feature ran                                  mid-run 0.9511% vs before 0.9511%
  ✓ gauge = today's stored total / 6800                                "1.4% of daily budget" pct 1.377321 vs 1.377321

-- Rhythm Trainer (runs to the end)
  ✓ reached through its hub, start button visible                      
  ✓ gauge visible in the panel, today's total so far                   "Vocal load today" "1.4% of daily budget"
  ✓ load feed stubbed out: no session stored, no register input opened opened [], rows 5
  ✓ feature result identical with the load feed live                   off {"claimed":"00000000","card":"block"} | on {"claimed":"00000000","card":"block"}
  ✓ both live at once: the feature's own mic + the register input      opened this run [{"audio":{"echoCancellation":true,"noiseSuppression":false,"autoGainControl":false}}]
  ✓ feature's own track still live, unmuted, NS/AGC/EC unchanged       on: ns true agc true ec true muted false | off: ns true agc true ec true
  ✓ feature's own analyser hears the same tone                         on 261.8 Hz rms 0.0295 | off 261.7 Hz rms 0.0294
  ✓ stored: exactly 1 new session, ended                               [{"active_seconds":5.998,"ended":true,"load":11.5519047648952,"median_rms":0.27051074539,"p5_midi":60.0024680802829,"p95_midi":60.0026988329776}]
  ✓ active seconds ≈ time the feature listened (6.11 s, −1.8/+0.3)     5.998 s
  ✓ stored load = active × 1.925926 (hand), within 0.5%                stored 11.5519 vs hand 11.5517
  ✓ pitch stored ≈ 60                                                  p5 60.002, p95 60.003
  ✓ gauge moved while the feature ran                                  mid-run 1.4608% vs before 1.3773%
  ✓ gauge = today's stored total / 6800                                "1.5% of daily budget" pct 1.547202 vs 1.547202

-- Mirror Mode (seeded phrase, the echo runs to the end)
  ✓ reached through its hub, start button visible                      
  ✓ gauge visible in the panel, today's total so far                   "Vocal load today" "1.5% of daily budget"
  ✓ load feed stubbed out: no session stored, no register input opened opened [], rows 6
  ✓ feature result identical with the load feed live                   off {"acc":"0%"} | on {"acc":"0%"}
  ✓ both live at once: the feature's own mic + the register input      opened this run [{"audio":{"echoCancellation":true,"noiseSuppression":false,"autoGainControl":false}}]
  ✓ feature's own track still live, unmuted, NS/AGC/EC unchanged       on: ns true agc true ec true muted false | off: ns true agc true ec true
  ✓ feature's own analyser hears the same tone                         on 261.7 Hz rms 0.0294 | off 262 Hz rms 0.0302
  ✓ stored: exactly 1 new session, ended                               [{"active_seconds":2.731,"ended":true,"load":5.26017013371803,"median_rms":0.270618587984299,"p5_midi":60.002386972882,"p95_midi":60.0031310263299}]
  ✓ active seconds ≈ time the feature listened (2.86 s, −1.8/+0.3)     2.731 s
  ✓ stored load = active × 1.925926 (hand), within 0.5%                stored 5.2602 vs hand 5.2597
  ✓ pitch stored ≈ 60                                                  p5 60.002, p95 60.003
  ✓ gauge moved while the feature ran                                  mid-run 1.5882% vs before 1.5472%
  ✓ gauge = today's stored total / 6800                                "1.6% of daily budget" pct 1.624558 vs 1.624558

-- Real-Time Feedback (register input; stopped at 7 s)
  ✓ reached through its hub, start button visible                      
  ✓ gauge visible in the panel, today's total so far                   "Vocal load today" "1.6% of daily budget"
  ✓ load feed stubbed out: no session stored                           opened [{"audio":{"echoCancellation":true,"noiseSuppression":false,"autoGainControl":false}}], rows 7
  ✓ feature result identical with the load feed live                   off {"Pitch":"checklist-icon good In tune","Stability":"checklist-icon good Steady","Breath":"checklist-icon good Steady breath support","Register":"checklist-icon good Balanced tone"} | on {"Pitch":"checklist-icon good In tune","Stability":"checklist-icon good Steady","Breath":"checklist-icon good Steady breath support","Register":"checklist-icon good Balanced tone"}
  ✓ no second register stream opened for the load                      on [{"audio":{"echoCancellation":true,"noiseSuppression":false,"autoGainControl":false}}] | off [{"audio":{"echoCancellation":true,"noiseSuppression":false,"autoGainControl":false}}]
  ✓ stored: exactly 1 new session, ended                               [{"active_seconds":7.038,"ended":true,"load":13.5565996002892,"median_rms":0.270547458327167,"p5_midi":60.0025775316607,"p95_midi":60.0028033639208}]
  ✓ active seconds ≈ time the feature listened (7.04 s, −1.8/+0.3)     7.038 s
  ✓ stored load = active × 1.925926 (hand), within 0.5%                stored 13.5566 vs hand 13.5547
  ✓ pitch stored ≈ 60                                                  p5 60.003, p95 60.003
  ✓ gauge moved while the feature ran                                  mid-run 1.7097% vs before 1.6246%
  ✓ gauge = today's stored total / 6800                                "1.8% of daily budget" pct 1.823919 vs 1.823919

-- Emotional Singing (song, runs to the end)
  ✓ reached through its hub, start button visible                      
  ✓ gauge visible in the panel, today's total so far                   "Vocal load today" "1.8% of daily budget"
  ✓ load feed stubbed out: no session stored, no register input opened opened [], rows 8
  ✓ feature result identical with the load feed live                   off {"pitch":"70%","all":"PITCH 70% EXPRESSION 3%"} | on {"pitch":"70%","all":"PITCH 70% EXPRESSION 2%"}
  ✓ both live at once: the feature's own mic + the register input      opened this run [{"audio":{"echoCancellation":true,"noiseSuppression":false,"autoGainControl":false}}]
  ✓ feature's own track still live, unmuted, NS/AGC/EC unchanged       on: ns true agc true ec true muted false | off: ns true agc true ec true
  ✓ feature's own analyser hears the same tone                         on 261.7 Hz rms 0.0294 | off 262 Hz rms 0.0295
  ✓ stored: exactly 1 new session, ended                               [{"active_seconds":26.621,"ended":true,"load":51.2744576645683,"median_rms":0.270563237572889,"p5_midi":60.0024540031665,"p95_midi":60.0028568796627}]
  ✓ active seconds ≈ time the feature listened (26.73 s, −1.8/+0.3)    26.621 s
  ✓ stored load = active × 1.925926 (hand), within 0.5%                stored 51.2745 vs hand 51.2701
  ✓ pitch stored ≈ 60                                                  p5 60.002, p95 60.003
  ✓ gauge moved while the feature ran                                  mid-run 1.9081% vs before 1.8239%
  ✓ gauge = today's stored total / 6800                                "2.6% of daily budget" pct 2.577956 vs 2.577956

-- Range Finder (low captured at 3.5 s, high at 6 s)
  ✓ reached through its hub, start button visible                      
  ✓ gauge visible in the panel, today's total so far                   "Vocal load today" "2.6% of daily budget"
  ✓ load feed stubbed out: no session stored, no register input opened opened [], rows 9
  ✓ feature result identical with the load feed live                   off {"type":"Tenor","span":"C4 → C4"} | on {"type":"Tenor","span":"C4 → C4"}
  ✓ both live at once: the feature's own mic + the register input      opened this run [{"audio":{"echoCancellation":true,"noiseSuppression":false,"autoGainControl":false}}]
  ✓ feature's own track still live, unmuted, NS/AGC/EC unchanged       on: ns true agc true ec true muted false | off: ns true agc true ec true
  ✓ feature's own analyser hears the same tone                         on 261.7 Hz rms 0.0294 | off 261.8 Hz rms 0.0294
  ✓ stored: exactly 1 new session, ended                               [{"active_seconds":6.032,"ended":true,"load":11.6177869096217,"median_rms":0.270628123828653,"p5_midi":60.0025306438659,"p95_midi":60.0029328959732}]
  ✓ active seconds ≈ time the feature listened (6.08 s, −1.8/+0.3)     6.032 s
  ✓ stored load = active × 1.925926 (hand), within 0.5%                stored 11.6178 vs hand 11.6172
  ✓ pitch stored ≈ 60                                                  p5 60.003, p95 60.003
  ✓ gauge moved while the feature ran                                  mid-run 2.6619% vs before 2.5780%
  ✓ gauge = today's stored total / 6800                                "2.7% of daily budget" pct 2.748805 vs 2.748805
  ✓ page errors                                                        none

-- reload: every gauge resumes today's total from the server
  ✓ tuner: same total after reload, not 0                              "2.7% of daily budget"
  ✓ interval: same total after reload, not 0                           "2.7% of daily budget"
  ✓ scale: same total after reload, not 0                              "2.7% of daily budget"
  ✓ breath: same total after reload, not 0                             "2.7% of daily budget"
  ✓ custom: same total after reload, not 0                             "2.7% of daily budget"
  ✓ rhythm: same total after reload, not 0                             "2.7% of daily budget"
  ✓ mirror: same total after reload, not 0                             "2.7% of daily budget"
  ✓ livefb: same total after reload, not 0                             "2.7% of daily budget"
  ✓ emotion: same total after reload, not 0                            "2.7% of daily budget"
  ✓ range: same total after reload, not 0                              "2.7% of daily budget"
  ✓ coach: same total after reload, not 0                              "2.7% of daily budget"
  ✓ daily table = sum of every session                                 [{"day":"2026-10-06","total_load":186.918765586648}] vs 186.9188

-- all four languages (switched with the Profile language buttons)
  ✓ fr: all 11 gauges' label and value in fr                           "Charge vocale du jour" "2,7 % du budget quotidien"
  ✓ es: all 11 gauges' label and value in es                           "Carga vocal de hoy" "2,7 % del presupuesto diario"
  ✓ tr: all 11 gauges' label and value in tr                           "Bugünkü ses yükü" "Günlük bütçe: %2,7"
  ✓ en: all 11 gauges' label and value in en                           "Vocal load today" "2.7% of daily budget"
  ✓ page errors                                                        none

-- Safari user agent: sidecar features open no second stream, store nothing, hide their gauge
  ✓ sidecar blocked for this user agent                                
  ✓ tuner ran on its own stream only, no session stored                opened [], rows 10→10
  ✓ sidecar features' gauges hidden, register-input features' still shown ok

-- signed out
  ✓ every gauge hidden when signed out                                 all hidden

[cleanup] deleted 1 test account(s) this run created; 0 left of voxcoach-vlh-1791311695167@example.com

150 passed, 0 failed
