== local deploy/ + production backend
   mic: 261.63 Hz (MIDI 60)
   signed up voxcoach-vlh-1791327215485@example.com
  ✓ sidecar allowed in this browser (desktop Chromium)                 

-- Entrance & Cutoff Trainer, entrances, Lead (runs to the end of the song)
  ✓ reached through its hub, start button visible                      
  ✓ gauge visible in the panel, today's total so far                   "Vocal load today" "0% of daily budget"
  ✓ load feed stubbed out: no session stored, no register input opened opened [], rows 0
  ✓ feature result identical with the load feed live                   off {"ticks":true,"laterEdges":0,"claimed":"00000000"} | on {"ticks":true,"laterEdges":0,"claimed":"00000000"}
  ✓ both live at once: the feature's own mic + the register input      opened this run [{"audio":{"echoCancellation":true,"noiseSuppression":false,"autoGainControl":false}}]
  ✓ feature's own track still live, unmuted, NS/AGC/EC unchanged       on: ns true agc true ec true muted false | off: ns true agc true ec true
  ✓ feature's own analyser hears the same tone                         on 261.7 Hz rms 0.0294 | off 261.9 Hz rms 0.0302
  ✓ stored: exactly 1 new session, ended                               [{"active_seconds":30.639,"ended":true,"load":59.0138281856511,"median_rms":0.270595731804827,"p5_midi":60.0024266127706,"p95_midi":60.002821356131}]
  ✓ active seconds ≈ time the feature listened (30.78 s, −1.8/+0.3)    30.639 s
  ✓ stored load = active × 1.925926 (hand), within 0.5%                stored 59.0138 vs hand 59.0084
  ✓ pitch stored ≈ 60                                                  p5 60.002, p95 60.003
  ✓ gauge moved while the feature ran                                  mid-run 0.0837% vs before 0.0000%
  ✓ gauge = today's stored total / 6800                                "0.9% of daily budget" pct 0.867850 vs 0.867850

-- Choir Bosses, the first boss, Lead (runs to the end or the boss wins)
  ✓ reached through its hub, start button visible                      
  ✓ gauge visible in the panel, today's total so far                   "Vocal load today" "0.9% of daily budget"
  ✓ load feed stubbed out: no session stored, no register input opened opened [], rows 1
  ✓ feature result identical with the load feed live                   off {"held":"10111101","score":75,"passed":true,"stoppedAt":null} | on {"held":"10111101","score":75,"passed":true,"stoppedAt":null}
  ✓ both live at once: the feature's own mic + the register input      opened this run [{"audio":{"echoCancellation":true,"noiseSuppression":false,"autoGainControl":false}}]
  ✓ feature's own track still live, unmuted, NS/AGC/EC unchanged       on: ns true agc true ec true muted false | off: ns true agc true ec true
  ✓ feature's own analyser hears the same tone                         on 261.7 Hz rms 0.0294 | off 262.2 Hz rms 0.03
  ✓ stored: exactly 1 new session, ended                               [{"active_seconds":30.333,"ended":true,"load":58.4236850124877,"median_rms":0.270559634300842,"p5_midi":60.0023502225123,"p95_midi":60.0029089972202}]
  ✓ active seconds ≈ time the feature listened (30.41 s, −1.8/+0.3)    30.333 s
  ✓ stored load = active × 1.925926 (hand), within 0.5%                stored 58.4237 vs hand 58.4191
  ✓ pitch stored ≈ 60                                                  p5 60.002, p95 60.003
  ✓ gauge moved while the feature ran                                  mid-run 0.9518% vs before 0.8679%
  ✓ gauge = today's stored total / 6800                                "1.7% of daily budget" pct 1.727022 vs 1.727022

-- Chaos Mode, Lead (seeded plan, runs to the end)
  ✓ reached through its hub, start button visible                      
  ✓ gauge visible in the panel, today's total so far                   "Vocal load today" "1.7% of daily budget"
  ✓ load feed stubbed out: no session stored, no register input opened opened [], rows 2
  ✓ feature result identical with the load feed live                   off {"held":"10111101","score":75,"passed":true,"stoppedAt":null} | on {"held":"10111101","score":75,"passed":true,"stoppedAt":null}
  ✓ both live at once: the feature's own mic + the register input      opened this run [{"audio":{"echoCancellation":true,"noiseSuppression":false,"autoGainControl":false}}]
  ✓ feature's own track still live, unmuted, NS/AGC/EC unchanged       on: ns true agc true ec true muted false | off: ns true agc true ec true
  ✓ feature's own analyser hears the same tone                         on 261.7 Hz rms 0.0299 | off 262.2 Hz rms 0.0296
  ✓ stored: exactly 1 new session, ended                               [{"active_seconds":30.332,"ended":true,"load":58.4212051868506,"median_rms":0.270574466722231,"p5_midi":60.0024566533434,"p95_midi":60.0029437411451}]
  ✓ active seconds ≈ time the feature listened (30.42 s, −1.8/+0.3)    30.332 s
  ✓ stored load = active × 1.925926 (hand), within 0.5%                stored 58.4212 vs hand 58.4172
  ✓ pitch stored ≈ 60                                                  p5 60.002, p95 60.003
  ✓ gauge moved while the feature ran                                  mid-run 1.8110% vs before 1.7270%
  ✓ gauge = today's stored total / 6800                                "2.6% of daily budget" pct 2.586158 vs 2.586158

-- Tempo/Key Ladder, rung 1 up, Lead (runs to the end)
  ✓ reached through its hub, start button visible                      
  ✓ gauge visible in the panel, today's total so far                   "Vocal load today" "2.6% of daily budget"
  ✓ load feed stubbed out: no session stored, no register input opened opened [], rows 3
  ✓ feature result identical with the load feed live                   off {"held":"10111101","score":75,"passed":true,"stoppedAt":null} | on {"held":"10111101","score":75,"passed":true,"stoppedAt":null}
  ✓ both live at once: the feature's own mic + the register input      opened this run [{"audio":{"echoCancellation":true,"noiseSuppression":false,"autoGainControl":false}}]
  ✓ feature's own track still live, unmuted, NS/AGC/EC unchanged       on: ns true agc true ec true muted false | off: ns true agc true ec true
  ✓ feature's own analyser hears the same tone                         on 261.9 Hz rms 0.0302 | off 261.7 Hz rms 0.0294
  ✓ stored: exactly 1 new session, ended                               [{"active_seconds":30.353,"ended":true,"load":58.4635937744591,"median_rms":0.270587932739746,"p5_midi":60.0024714147451,"p95_midi":60.0029131633777}]
  ✓ active seconds ≈ time the feature listened (30.46 s, −1.8/+0.3)    30.353 s
  ✓ stored load = active × 1.925926 (hand), within 0.5%                stored 58.4636 vs hand 58.4576
  ✓ pitch stored ≈ 60                                                  p5 60.002, p95 60.003
  ✓ gauge moved while the feature ran                                  mid-run 2.6704% vs before 2.5862%
  ✓ gauge = today's stored total / 6800                                "3.4% of daily budget" pct 3.445916 vs 3.445916

-- The Vocal Rift (seeded rounds, runs the full 60 s)
  ✓ reached through its hub, start button visible                      
  ✓ gauge visible in the panel, today's total so far                   "Vocal load today" "3.4% of daily budget"
  ✓ load feed stubbed out: no session stored, no register input opened opened [], rows 4
  ✓ feature result identical with the load feed live                   off [{"type":"Pitch","target":48,"acc":99},{"type":"Quick Catch","target":65,"acc":null},{"type":"Sustain Hold","target":58,"acc":0},{"type":"Pitch","target":50,"acc":0},{"type":"Interval Jump","target":52,"acc":null},{"type":"Pitch","target":56,"acc":null},{"type":"Sustain Hold","target":55,"acc":null},{"type":"Quick Catch","target":65,"acc":null},{"type":"Quick Catch","target":57,"acc":null},{"type":"Interval Jump","target":59,"acc":39},{"type":"Quick Catch","target":66,"acc":null},{"type":"Pitch","target":59,"acc":39},{"type":"Interval Jump","target":52,"acc":null},{"type":"Interval Jump","target":56,"acc":null},{"type":"Quick Catch","target":68,"acc":null},{"type":"Pitch","target":71,"acc":39},{"type":"Quick Catch","target":62,"acc":0},{"type":"Sustain Hold","target":57,"acc":null},{"type":"Sustain Hold","target":64,"acc":null},{"type":"Sustain Hold","target":55,"acc":null},{"type":"Sustain Hold","target":57,"acc":null},{"type":"Quick Catch","target":47,"acc":39},{"type":"Pitch","target":50,"acc":0},{"type":"Sustain Hold","target":58,"acc":0},{"type":"Sustain Hold","target":57,"acc":null},{"type":"Quick Catch","target":48,"acc":99}] | on [{"type":"Pitch","target":48,"acc":99},{"type":"Quick Catch","target":65,"acc":null},{"type":"Sustain Hold","target":58,"acc":0},{"type":"Pitch","target":50,"acc":0},{"type":"Interval Jump","target":52,"acc":null},{"type":"Pitch","target":56,"acc":null},{"type":"Sustain Hold","target":55,"acc":null},{"type":"Quick Catch","target":65,"acc":null},{"type":"Quick Catch","target":57,"acc":null},{"type":"Interval Jump","target":59,"acc":39},{"type":"Quick Catch","target":66,"acc":null},{"type":"Pitch","target":59,"acc":39},{"type":"Interval Jump","target":52,"acc":null},{"type":"Interval Jump","target":56,"acc":null},{"type":"Quick Catch","target":68,"acc":null},{"type":"Pitch","target":71,"acc":39},{"type":"Quick Catch","target":62,"acc":0},{"type":"Sustain Hold","target":57,"acc":null},{"type":"Sustain Hold","target":64,"acc":null},{"type":"Sustain Hold","target":55,"acc":null},{"type":"Sustain Hold","target":57,"acc":null},{"type":"Quick Catch","target":47,"acc":39},{"type":"Pitch","target":50,"acc":0},{"type":"Sustain Hold","target":58,"acc":0},{"type":"Sustain Hold","target":57,"acc":null},{"type":"Quick Catch","target":48,"acc":99}]
  ✓ both live at once: the feature's own mic + the register input      opened this run [{"audio":{"echoCancellation":true,"noiseSuppression":false,"autoGainControl":false}}]
  ✓ feature's own track still live, unmuted, NS/AGC/EC unchanged       on: ns true agc true ec true muted false | off: ns true agc true ec true
  ✓ feature's own analyser hears the same tone                         on 261.9 Hz rms 0.0306 | off 261.7 Hz rms 0.0295
  ✓ stored: exactly 1 new session, ended                               [{"active_seconds":59.949,"ended":true,"load":115.473048998625,"median_rms":0.27060686143971,"p5_midi":60.0024184382086,"p95_midi":60.0028742042611}]
  ✓ active seconds ≈ time the feature listened (60.04 s, −1.8/+0.3)    59.949 s
  ✓ stored load = active × 1.925926 (hand), within 0.5%                stored 115.4730 vs hand 115.4573
  ✓ pitch stored ≈ 60                                                  p5 60.002, p95 60.003
  ✓ gauge moved while the feature ran                                  mid-run 3.5294% vs before 3.4459%
  ✓ gauge = today's stored total / 6800                                "5.1% of daily budget" pct 5.144049 vs 5.144049

-- Pitch Dragon weakest-note training: Listen & score (C4, 1.6 s)
  ✓ reached through its hub, start button visible                      
  ✓ gauge visible in the panel, today's total so far                   "Vocal load today" "5.1% of daily budget"
  ✓ load feed stubbed out: no session stored, no register input opened opened [], rows 5
  ✓ feature result identical with the load feed live                   off {"acc":"99%"} | on {"acc":"99%"}
  ✓ both live at once: the feature's own mic + the register input      opened this run [{"audio":{"echoCancellation":true,"noiseSuppression":false,"autoGainControl":false}}]
  ✓ feature's own track still live, unmuted, NS/AGC/EC unchanged       on: ns true agc true ec true muted false | off: ns true agc true ec true
  ✓ feature's own analyser hears the same tone                         on 261.8 Hz rms 0.0295 | off 261.6 Hz rms 0.0294
  ✓ stored: exactly 1 new session, ended                               [{"active_seconds":1.53,"ended":true,"load":2.94613614522177,"median_rms":0.269156519100139,"p5_midi":60.002123557888,"p95_midi":60.0027522416156}]
  ✓ active seconds ≈ time the feature listened (1.64 s, −1.8/+0.3)     1.530 s
  ✓ stored load = active × 1.925926 (hand), within 0.5%                stored 2.9461 vs hand 2.9467
  ✓ pitch stored ≈ 60                                                  p5 60.002, p95 60.003
  ✓ gauge = today's stored total / 6800                                "5.2% of daily budget" pct 5.187375 vs 5.187375

-- Ear → Voice → Ear (seeded notes, runs to the end)
  ✓ reached through its hub, start button visible                      
  ✓ gauge visible in the panel, today's total so far                   "Vocal load today" "5.2% of daily budget"
  ✓ load feed stubbed out: no session stored, no register input opened opened [], rows 6
  ✓ feature result identical with the load feed live                   off {"first":"99%","second":"99%","note":"Your unaided step held up just as well — exactly the same. Real retained pitch memory."} | on {"first":"99%","second":"99%","note":"Your unaided step held up just as well — exactly the same. Real retained pitch memory."}
  ✓ both live at once: the feature's own mic + the register input      opened this run [{"audio":{"echoCancellation":true,"noiseSuppression":false,"autoGainControl":false}}]
  ✓ feature's own track still live, unmuted, NS/AGC/EC unchanged       on: ns true agc true ec true muted false | off: ns true agc true ec true
  ✓ feature's own analyser hears the same tone                         on 261.8 Hz rms 0.0295 | off 261.7 Hz rms 0.0294
  ✓ stored: exactly 1 new session, ended                               [{"active_seconds":6.965,"ended":true,"load":13.4150168406959,"median_rms":0.270574730717771,"p5_midi":60.0025289897509,"p95_midi":60.0027082565019}]
  ✓ active seconds ≈ time the feature listened (7.03 s, −1.8/+0.3)     6.965 s
  ✓ stored load = active × 1.925926 (hand), within 0.5%                stored 13.4150 vs hand 13.4141
  ✓ pitch stored ≈ 60                                                  p5 60.003, p95 60.003
  ✓ gauge moved while the feature ran                                  mid-run 5.2709% vs before 5.1874%
  ✓ gauge = today's stored total / 6800                                "5.4% of daily budget" pct 5.384655 vs 5.384655

-- Sing It 5 Ways (runs to the end)
  ✓ reached through its hub, start button visible                      
  ✓ gauge visible in the panel, today's total so far                   "Vocal load today" "5.4% of daily budget"
  ✓ load feed stubbed out: no session stored, no register input opened opened [], rows 7
  ✓ feature result identical with the load feed live                   off [{"midi":59,"heard":true,"acc":39},{"midi":60,"heard":true,"acc":99},{"midi":58,"heard":true,"acc":0},{"midi":59,"heard":true,"acc":39},{"midi":59,"heard":true,"acc":39}] | on [{"midi":59,"heard":true,"acc":39},{"midi":60,"heard":true,"acc":99},{"midi":58,"heard":true,"acc":0},{"midi":59,"heard":true,"acc":39},{"midi":59,"heard":true,"acc":39}]
  ✓ both live at once: the feature's own mic + the register input      opened this run [{"audio":{"echoCancellation":true,"noiseSuppression":false,"autoGainControl":false}}]
  ✓ feature's own track still live, unmuted, NS/AGC/EC unchanged       on: ns true agc true ec true muted false | off: ns true agc true ec true
  ✓ feature's own analyser hears the same tone                         on 261.7 Hz rms 0.0294 | off 261.7 Hz rms 0.0295
  ✓ stored: exactly 1 new session, ended                               [{"active_seconds":15.014,"ended":true,"load":28.918891109745,"median_rms":0.270572259341243,"p5_midi":60.0024737811058,"p95_midi":60.0028529182602}]
  ✓ active seconds ≈ time the feature listened (15.16 s, −1.8/+0.3)    15.014 s
  ✓ stored load = active × 1.925926 (hand), within 0.5%                stored 28.9189 vs hand 28.9159
  ✓ pitch stored ≈ 60                                                  p5 60.002, p95 60.003
  ✓ gauge moved while the feature ran                                  mid-run 5.4682% vs before 5.3847%
  ✓ gauge = today's stored total / 6800                                "5.8% of daily budget" pct 5.809932 vs 5.809932

-- One Take (today's take cleared before each run)
  ✓ reached through its hub, start button visible                      
  ✓ gauge visible in the panel, today's total so far                   "Vocal load today" "5.8% of daily budget"
  ✓ load feed stubbed out: no session stored, no register input opened opened [], rows 8
  ✓ feature result identical with the load feed live                   off {"pitch":99,"stability":96,"timing":100,"heard":true} | on {"pitch":99,"stability":96,"timing":100,"heard":true}
  ✓ both live at once: the feature's own mic + the register input      opened this run [{"audio":{"echoCancellation":true,"noiseSuppression":false,"autoGainControl":false}}]
  ✓ feature's own track still live, unmuted, NS/AGC/EC unchanged       on: ns true agc true ec true muted false | off: ns true agc true ec true
  ✓ feature's own analyser hears the same tone                         on 262.3 Hz rms 0.0298 | off 261.7 Hz rms 0.0299
  ✓ stored: exactly 1 new session, ended                               [{"active_seconds":7.272,"ended":true,"load":14.0057488236345,"median_rms":0.27059956963086,"p5_midi":60.0025615466518,"p95_midi":60.0027172694108}]
  ✓ active seconds ≈ time the feature listened (7.40 s, −1.8/+0.3)     7.272 s
  ✓ stored load = active × 1.925926 (hand), within 0.5%                stored 14.0057 vs hand 14.0053
  ✓ pitch stored ≈ 60                                                  p5 60.003, p95 60.003
  ✓ gauge moved while the feature ran                                  mid-run 5.8936% vs before 5.8099%
  ✓ gauge = today's stored total / 6800                                "6% of daily budget" pct 6.015899 vs 6.015899

-- Can You Hear Your Mistake: the right pick, then the sing-back (1.6 s)
  ✓ reached through its hub, start button visible                      
  ✓ gauge visible in the panel, today's total so far                   "Vocal load today" "6% of daily budget"
  ✓ load feed stubbed out: no session stored, no register input opened opened [], rows 9
  ✓ feature result identical with the load feed live                   off {"acc":"99%","title":"Correct pick!"} | on {"acc":"99%","title":"Correct pick!"}
  ✓ both live at once: the feature's own mic + the register input      opened this run [{"audio":{"echoCancellation":true,"noiseSuppression":false,"autoGainControl":false}}]
  ✓ feature's own track still live, unmuted, NS/AGC/EC unchanged       on: ns true agc true ec true muted false | off: ns true agc true ec true
  ✓ feature's own analyser hears the same tone                         on 261.6 Hz rms 0.0294 | off 262.1 Hz rms 0.0301
  ✓ stored: exactly 1 new session, ended                               [{"active_seconds":1.537,"ended":true,"load":2.96040222277453,"median_rms":0.269241689943942,"p5_midi":60.0025286925533,"p95_midi":60.0027572781382}]
  ✓ active seconds ≈ time the feature listened (1.66 s, −1.8/+0.3)     1.537 s
  ✓ stored load = active × 1.925926 (hand), within 0.5%                stored 2.9604 vs hand 2.9601
  ✓ pitch stored ≈ 60                                                  p5 60.003, p95 60.003
  ✓ gauge = today's stored total / 6800                                "6.1% of daily budget" pct 6.059435 vs 6.059435

-- Emotion Mode: Tender, then a seeded second intention (runs to the end)
  ✓ reached through its hub, start button visible                      
  ✓ gauge visible in the panel, today's total so far                   "Vocal load today" "6.1% of daily budget"
  ✓ load feed stubbed out: no session stored, no register input opened opened [], rows 10
  ✓ feature result identical with the load feed live                   off [{"intent":"tender","heard":true,"stability":96},{"intent":"powerful","heard":true,"stability":96}] | on [{"intent":"tender","heard":true,"stability":96},{"intent":"powerful","heard":true,"stability":96}]
  ✓ both live at once: the feature's own mic + the register input      opened this run [{"audio":{"echoCancellation":true,"noiseSuppression":false,"autoGainControl":false}}]
  ✓ feature's own track still live, unmuted, NS/AGC/EC unchanged       on: ns true agc true ec true muted false | off: ns true agc true ec true
  ✓ feature's own analyser hears the same tone                         on 262 Hz rms 0.0302 | off 261.9 Hz rms 0.0295
  ✓ stored: exactly 1 new session, ended                               [{"active_seconds":7.748,"ended":true,"load":14.9243214774863,"median_rms":0.270618833180306,"p5_midi":60.002416569311,"p95_midi":60.0030126383478}]
  ✓ active seconds ≈ time the feature listened (7.86 s, −1.8/+0.3)     7.748 s
  ✓ stored load = active × 1.925926 (hand), within 0.5%                stored 14.9243 vs hand 14.9221
  ✓ pitch stored ≈ 60                                                  p5 60.002, p95 60.003
  ✓ gauge moved while the feature ran                                  mid-run 6.1424% vs before 6.0594%
  ✓ gauge = today's stored total / 6800                                "6.3% of daily budget" pct 6.278910 vs 6.278910

-- Performance Director (runs to the end of the song)
  ✓ reached through its hub, start button visible                      
  ✓ gauge visible in the panel, today's total so far                   "Vocal load today" "6.3% of daily budget"
  ✓ load feed stubbed out: no session stored, no register input opened opened [], rows 11
  ✓ feature result identical with the load feed live                   off {"notes":"99/100 0/100 99/100 99/100 99/100 99/100 0/100 99/100"} | on {"notes":"99/100 0/100 99/100 99/100 99/100 99/100 0/100 99/100"}
  ✓ both live at once: the feature's own mic + the register input      opened this run [{"audio":{"echoCancellation":true,"noiseSuppression":false,"autoGainControl":false}}]
  ✓ feature's own track still live, unmuted, NS/AGC/EC unchanged       on: ns true agc true ec true muted false | off: ns true agc true ec true
  ✓ feature's own analyser hears the same tone                         on 261.7 Hz rms 0.0294 | off 261.8 Hz rms 0.0295
  ✓ stored: exactly 1 new session, ended                               [{"active_seconds":26.598,"ended":true,"load":51.2310999094314,"median_rms":0.270566227047871,"p5_midi":60.0025036358456,"p95_midi":60.0028693257939}]
  ✓ active seconds ≈ time the feature listened (26.73 s, −1.8/+0.3)    26.598 s
  ✓ stored load = active × 1.925926 (hand), within 0.5%                stored 51.2311 vs hand 51.2258
  ✓ pitch stored ≈ 60                                                  p5 60.003, p95 60.003
  ✓ gauge moved while the feature ran                                  mid-run 6.3620% vs before 6.2789%
  ✓ gauge = today's stored total / 6800                                "7% of daily budget" pct 7.032308 vs 7.032308
  ✓ page errors                                                        none

-- reload: every gauge resumes today's total from the server
  ✓ tt: same total after reload, not 0                                 "7% of daily budget"
  ✓ cb: same total after reload, not 0                                 "7% of daily budget"
  ✓ cx: same total after reload, not 0                                 "7% of daily budget"
  ✓ tk: same total after reload, not 0                                 "7% of daily budget"
  ✓ rift: same total after reload, not 0                               "7% of daily budget"
  ✓ bosstrain: same total after reload, not 0                          "7% of daily budget"
  ✓ eve: same total after reload, not 0                                "7% of daily budget"
  ✓ five: same total after reload, not 0                               "7% of daily budget"
  ✓ onetake: same total after reload, not 0                            "7% of daily budget"
  ✓ hm: same total after reload, not 0                                 "7% of daily budget"
  ✓ emo: same total after reload, not 0                                "7% of daily budget"
  ✓ pd: same total after reload, not 0                                 "7% of daily budget"
  ✓ coach: same total after reload, not 0                              "7% of daily budget"
  ✓ daily table = sum of every session                                 [{"day":"2026-10-06","total_load":478.196977687063}] vs 478.1970

-- all four languages (switched with the Profile language buttons)
  ✓ fr: all 13 gauges' label and value in fr                           "Charge vocale du jour" "7 % du budget quotidien"
  ✓ es: all 13 gauges' label and value in es                           "Carga vocal de hoy" "7 % del presupuesto diario"
  ✓ tr: all 13 gauges' label and value in tr                           "Bugünkü ses yükü" "Günlük bütçe: %7"
  ✓ en: all 13 gauges' label and value in en                           "Vocal load today" "7% of daily budget"
  ✓ page errors                                                        none

-- Safari user agent: sidecar features open no second stream, store nothing, hide their gauge
  ✓ sidecar blocked for this user agent                                
  ✓ eve ran on its own stream only, no session stored                  opened [], rows 12→12
  ✓ sidecar features' gauges hidden, register-input features' still shown ok

-- signed out
  ✓ every gauge hidden when signed out                                 all hidden

[cleanup] deleted 1 test account(s) this run created; 0 left of voxcoach-vlh-1791327215485@example.com

179 passed, 0 failed
