noisegate 2026-10-06T23-20-31  sides: before, after  before: master  target MIDI 57

== noise-white-10 (broadband)
   before #1 Pitch Match —/— | Drills —/—/—/—/— | RTF heard 0% in tune 0% | Tuner heard 0% in tune 0% | Stay in Key heard 0% in key 0% | Choir World heard 0% of frames, held 0/2
   after #1  Pitch Match —/— | Drills —/—/—/—/— | RTF heard 0% in tune 0% | Tuner heard 0% in tune 0% | Stay in Key heard 0% in key 0% | Choir World heard 0% of frames, held 0/2
   before #2 Pitch Match —/— | Drills —/—/—/—/— | RTF heard 0% in tune 0% | Tuner heard 0% in tune 0% | Stay in Key heard 0% in key 0% | Choir World heard 0% of frames, held 0/2
   after #2  Pitch Match —/— | Drills —/—/—/—/— | RTF heard 0% in tune 0% | Tuner heard 0% in tune 0% | Stay in Key heard 0% in key 0% | Choir World heard 0% of frames, held 0/2
   before #3 Pitch Match —/— | Drills —/—/—/—/— | RTF heard 0% in tune 0% | Tuner heard 0% in tune 0% | Stay in Key heard 0% in key 0% | Choir World heard 0% of frames, held 0/2
   after #3  Pitch Match —/— | Drills —/—/—/—/— | RTF heard 0% in tune 0% | Tuner heard 0% in tune 0% | Stay in Key heard 0% in key 0% | Choir World heard 0% of frames, held 0/2

== noise-pink-10 (broadband)
   before #1 Pitch Match —/0 | Drills 0/0/0/0/0 | RTF heard 58% in tune 12% | Tuner heard 0% in tune 0% | Stay in Key heard 11% in key 0% | Choir World heard 9% of frames, held 0/2
   after #1  Pitch Match —/0 | Drills 0/0/0/0/0 | RTF heard 60% in tune 15% | Tuner heard 0% in tune 0% | Stay in Key heard 11% in key 0% | Choir World heard 8% of frames, held 0/2
   before #2 Pitch Match —/0 | Drills 5/0/0/0/0 | RTF heard 55% in tune 6% | Tuner heard 0% in tune 0% | Stay in Key heard 12% in key 0% | Choir World heard 9% of frames, held 0/2
   after #2  Pitch Match —/0 | Drills 3/0/0/0/2 | RTF heard 58% in tune 9% | Tuner heard 0% in tune 0% | Stay in Key heard 12% in key 0% | Choir World heard 9% of frames, held 0/2
   before #3 Pitch Match —/0 | Drills 0/8/0/0/9 | RTF heard 57% in tune 9% | Tuner heard 0% in tune 0% | Stay in Key heard 12% in key 0% | Choir World heard 9% of frames, held 0/2
   after #3  Pitch Match —/0 | Drills 15/0/0/0/0 | RTF heard 55% in tune 10% | Tuner heard 0% in tune 0% | Stay in Key heard 13% in key 0% | Choir World heard 9% of frames, held 0/2

== noise-traffic-10 (broadband)
   before #1 Pitch Match —/— | Drills 10/0/5/0/12 | RTF heard 76% in tune 12% | Tuner heard 0% in tune 0% | Stay in Key heard 0% in key 0% | Choir World heard 0% of frames, held 0/2
   after #1  Pitch Match —/— | Drills 14/0/5/5/21 | RTF heard 78% in tune 16% | Tuner heard 0% in tune 0% | Stay in Key heard 0% in key 0% | Choir World heard 0% of frames, held 0/2
   before #2 Pitch Match —/— | Drills 25/0/0/8/8 | RTF heard 84% in tune 21% | Tuner heard 0% in tune 0% | Stay in Key heard 0% in key 0% | Choir World heard 0% of frames, held 0/2
   after #2  Pitch Match —/— | Drills 0/0/5/10/17 | RTF heard 79% in tune 16% | Tuner heard 0% in tune 0% | Stay in Key heard 0% in key 0% | Choir World heard 0% of frames, held 0/2
   before #3 Pitch Match —/— | Drills 43/0/0/0/18 | RTF heard 83% in tune 18% | Tuner heard 0% in tune 0% | Stay in Key heard 0% in key 0% | Choir World heard 0% of frames, held 0/2
   after #3  Pitch Match —/— | Drills 23/0/0/0/25 | RTF heard 79% in tune 13% | Tuner heard 0% in tune 0% | Stay in Key heard 0% in key 0% | Choir World heard 0% of frames, held 0/2

== noise-rumble-10 (broadband)
   before #1 Pitch Match —/— | Drills 0/0/0/—/— | RTF heard 10% in tune 0% | Tuner heard 0% in tune 0% | Stay in Key heard 0% in key 0% | Choir World heard 0% of frames, held 0/2
   after #1  Pitch Match —/— | Drills —/—/0/—/— | RTF heard 11% in tune 1% | Tuner heard 0% in tune 0% | Stay in Key heard 0% in key 0% | Choir World heard 0% of frames, held 0/2
   before #2 Pitch Match —/— | Drills —/—/0/—/— | RTF heard 3% in tune 0% | Tuner heard 0% in tune 0% | Stay in Key heard 0% in key 0% | Choir World heard 0% of frames, held 0/2
   after #2  Pitch Match —/— | Drills —/0/0/—/— | RTF heard 12% in tune 2% | Tuner heard 0% in tune 0% | Stay in Key heard 0% in key 0% | Choir World heard 0% of frames, held 0/2
   before #3 Pitch Match —/— | Drills 0/0/0/—/— | RTF heard 10% in tune 0% | Tuner heard 0% in tune 0% | Stay in Key heard 0% in key 0% | Choir World heard 0% of frames, held 0/2
   after #3  Pitch Match —/— | Drills 0/0/0/—/— | RTF heard 4% in tune 0% | Tuner heard 0% in tune 0% | Stay in Key heard 0% in key 0% | Choir World heard 0% of frames, held 0/2

== noise-babble-10 (voices)
   before #1 Pitch Match 7/4 | Drills 0/48/0/—/29 | RTF heard 49% in tune 16% | Tuner heard 74% in tune 8% | Stay in Key heard 61% in key 0% | Choir World heard 66% of frames, held 0/2
   after #1  Pitch Match 10/13 | Drills 0/49/2/—/— | RTF heard 55% in tune 14% | Tuner heard 74% in tune 14% | Stay in Key heard 66% in key 0% | Choir World heard 67% of frames, held 0/2
   before #2 Pitch Match 7/4 | Drills 0/47/4/—/— | RTF heard 55% in tune 12% | Tuner heard 76% in tune 11% | Stay in Key heard 67% in key 0% | Choir World heard 65% of frames, held 0/2
   after #2  Pitch Match 10/15 | Drills 0/48/2/—/— | RTF heard 52% in tune 15% | Tuner heard 73% in tune 10% | Stay in Key heard 63% in key 1% | Choir World heard 66% of frames, held 0/2
   before #3 Pitch Match 12/4 | Drills 0/48/0/—/— | RTF heard 51% in tune 13% | Tuner heard 77% in tune 11% | Stay in Key heard 64% in key 1% | Choir World heard 66% of frames, held 0/2
   after #3  Pitch Match 11/14 | Drills 0/48/1/—/— | RTF heard 54% in tune 16% | Tuner heard 73% in tune 10% | Stay in Key heard 63% in key 1% | Choir World heard 66% of frames, held 0/2

== noise-talker-10 (voices)
   before #1 Pitch Match 14/0 | Drills 4/0/10/0/0 | RTF heard 52% in tune 10% | Tuner heard 59% in tune 4% | Stay in Key heard 48% in key 1% | Choir World heard 59% of frames, held 1/2
   after #1  Pitch Match 16/0 | Drills 4/0/9/0/0 | RTF heard 51% in tune 7% | Tuner heard 58% in tune 9% | Stay in Key heard 48% in key 1% | Choir World heard 59% of frames, held 1/2
   before #2 Pitch Match 16/0 | Drills 7/0/12/0/0 | RTF heard 53% in tune 12% | Tuner heard 61% in tune 9% | Stay in Key heard 49% in key 1% | Choir World heard 59% of frames, held 1/2
   after #2  Pitch Match 15/0 | Drills 5/0/11/0/0 | RTF heard 51% in tune 12% | Tuner heard 60% in tune 8% | Stay in Key heard 50% in key 2% | Choir World heard 59% of frames, held 1/2
   before #3 Pitch Match 15/0 | Drills 5/0/9/0/0 | RTF heard 53% in tune 10% | Tuner heard 60% in tune 7% | Stay in Key heard 48% in key 2% | Choir World heard 60% of frames, held 1/2
   after #3  Pitch Match 14/0 | Drills 6/0/8/0/0 | RTF heard 52% in tune 9% | Tuner heard 61% in tune 9% | Stay in Key heard 49% in key 2% | Choir World heard 60% of frames, held 1/2

== noise-tv-10 (voices)
   before #1 Pitch Match 14/0 | Drills 3/0/11/0/0 | RTF heard 67% in tune 27% | Tuner heard 62% in tune 10% | Stay in Key heard 65% in key 4% | Choir World heard 83% of frames, held 0/2
   after #1  Pitch Match 16/0 | Drills 4/0/12/0/0 | RTF heard 73% in tune 26% | Tuner heard 64% in tune 17% | Stay in Key heard 63% in key 4% | Choir World heard 85% of frames, held 0/2
   before #2 Pitch Match 15/0 | Drills 5/0/12/0/0 | RTF heard 69% in tune 26% | Tuner heard 62% in tune 14% | Stay in Key heard 65% in key 5% | Choir World heard 83% of frames, held 0/2
   after #2  Pitch Match 14/0 | Drills 2/0/9/0/0 | RTF heard 69% in tune 24% | Tuner heard 65% in tune 15% | Stay in Key heard 67% in key 5% | Choir World heard 83% of frames, held 0/2
   before #3 Pitch Match 14/0 | Drills 5/0/12/0/0 | RTF heard 67% in tune 21% | Tuner heard 63% in tune 15% | Stay in Key heard 63% in key 5% | Choir World heard 84% of frames, held 0/2
   after #3  Pitch Match 14/0 | Drills 6/0/10/0/0 | RTF heard 66% in tune 20% | Tuner heard 65% in tune 16% | Stay in Key heard 66% in key 5% | Choir World heard 84% of frames, held 0/2

== noise-realspeech-alice-10 (real)
   before #1 Pitch Match 0/24 | Drills 0/24/2/8/0 | RTF heard 61% in tune 13% | Tuner heard 54% in tune 7% | Stay in Key heard 63% in key 1% | Choir World heard 66% of frames, held 0/2
   after #1  Pitch Match 0/21 | Drills 6/24/3/0/0 | RTF heard 58% in tune 19% | Tuner heard 56% in tune 9% | Stay in Key heard 62% in key 2% | Choir World heard 64% of frames, held 0/2
   before #2 Pitch Match 0/31 | Drills 0/21/3/0/0 | RTF heard 59% in tune 17% | Tuner heard 57% in tune 10% | Stay in Key heard 63% in key 2% | Choir World heard 66% of frames, held 0/2
   after #2  Pitch Match 0/20 | Drills 0/23/0/0/0 | RTF heard 58% in tune 12% | Tuner heard 54% in tune 4% | Stay in Key heard 63% in key 1% | Choir World heard 64% of frames, held 0/2
   before #3 Pitch Match 0/24 | Drills 0/26/0/10/0 | RTF heard 60% in tune 20% | Tuner heard 57% in tune 11% | Stay in Key heard 61% in key 0% | Choir World heard 64% of frames, held 0/2
   after #3  Pitch Match 0/21 | Drills 0/19/0/0/0 | RTF heard 58% in tune 19% | Tuner heard 59% in tune 9% | Stay in Key heard 60% in key 0% | Choir World heard 66% of frames, held 0/2

== noise-realspeech-holmes-10 (real)
   before #1 Pitch Match 0/31 | Drills 0/10/22/23/37 | RTF heard 57% in tune 12% | Tuner heard 45% in tune 6% | Stay in Key heard 61% in key 5% | Choir World heard 60% of frames, held 2/2
   after #1  Pitch Match 0/31 | Drills 0/12/24/28/33 | RTF heard 55% in tune 12% | Tuner heard 46% in tune 8% | Stay in Key heard 56% in key 6% | Choir World heard 60% of frames, held 2/2
   before #2 Pitch Match 0/30 | Drills 0/17/23/31/31 | RTF heard 56% in tune 13% | Tuner heard 47% in tune 5% | Stay in Key heard 58% in key 8% | Choir World heard 61% of frames, held 2/2
   after #2  Pitch Match 0/30 | Drills 0/15/24/29/35 | RTF heard 54% in tune 9% | Tuner heard 46% in tune 5% | Stay in Key heard 60% in key 9% | Choir World heard 61% of frames, held 2/2
   before #3 Pitch Match 0/30 | Drills 0/21/23/20/34 | RTF heard 54% in tune 10% | Tuner heard 48% in tune 6% | Stay in Key heard 58% in key 6% | Choir World heard 60% of frames, held 2/2
   after #3  Pitch Match 0/29 | Drills 0/11/27/19/36 | RTF heard 54% in tune 9% | Tuner heard 49% in tune 4% | Stay in Key heard 60% in key 4% | Choir World heard 61% of frames, held 2/2

== noise-realtv-bonanza-a-10 (real)
   before #1 Pitch Match 0/2 | Drills 0/65/46/21/33 | RTF heard 35% in tune 4% | Tuner heard 42% in tune 4% | Stay in Key heard 43% in key 5% | Choir World heard 22% of frames, held 0/2
   after #1  Pitch Match 0/0 | Drills 0/65/46/17/36 | RTF heard 39% in tune 7% | Tuner heard 46% in tune 4% | Stay in Key heard 47% in key 4% | Choir World heard 21% of frames, held 0/2
   before #2 Pitch Match 0/20 | Drills 0/66/37/22/28 | RTF heard 39% in tune 11% | Tuner heard 42% in tune 9% | Stay in Key heard 44% in key 4% | Choir World heard 22% of frames, held 0/2
   after #2  Pitch Match 0/0 | Drills 0/66/32/11/21 | RTF heard 36% in tune 4% | Tuner heard 41% in tune 5% | Stay in Key heard 46% in key 4% | Choir World heard 21% of frames, held 0/2
   before #3 Pitch Match 0/0 | Drills 0/65/32/13/26 | RTF heard 37% in tune 8% | Tuner heard 43% in tune 7% | Stay in Key heard 40% in key 4% | Choir World heard 21% of frames, held 0/2
   after #3  Pitch Match 0/0 | Drills 0/65/45/20/28 | RTF heard 38% in tune 4% | Tuner heard 41% in tune 3% | Stay in Key heard 44% in key 2% | Choir World heard 22% of frames, held 0/2

== noise-realtv-bonanza-b-10 (real)
   before #1 Pitch Match 0/6 | Drills —/32/4/46/74 | RTF heard 49% in tune 7% | Tuner heard 6% in tune 2% | Stay in Key heard 28% in key 4% | Choir World heard 43% of frames, held 1/2
   after #1  Pitch Match 0/9 | Drills —/32/0/46/74 | RTF heard 48% in tune 8% | Tuner heard 8% in tune 2% | Stay in Key heard 29% in key 4% | Choir World heard 44% of frames, held 1/2
   before #2 Pitch Match 0/6 | Drills —/38/26/50/75 | RTF heard 46% in tune 11% | Tuner heard 8% in tune 3% | Stay in Key heard 29% in key 4% | Choir World heard 43% of frames, held 1/2
   after #2  Pitch Match 0/0 | Drills —/36/26/50/66 | RTF heard 46% in tune 10% | Tuner heard 8% in tune 2% | Stay in Key heard 27% in key 4% | Choir World heard 43% of frames, held 0/2
   before #3 Pitch Match 0/6 | Drills —/33/23/45/66 | RTF heard 50% in tune 4% | Tuner heard 7% in tune 1% | Stay in Key heard 31% in key 1% | Choir World heard 43% of frames, held 1/2
   after #3  Pitch Match 0/6 | Drills —/34/29/45/75 | RTF heard 49% in tune 10% | Tuner heard 7% in tune 2% | Stay in Key heard 27% in key 2% | Choir World heard 44% of frames, held 1/2

== sing-breathy-5 (soft)
   before #1 Pitch Match 0/0 | Drills 0/0/0/0/0 | RTF heard 96% in tune 33% | Tuner heard 93% in tune 25% | Stay in Key heard 84% in key 1% | Choir World heard 84% of frames, held 0/2
   after #1  Pitch Match 0/0 | Drills 0/0/0/0/0 | RTF heard 96% in tune 41% | Tuner heard 94% in tune 23% | Stay in Key heard 84% in key 0% | Choir World heard 84% of frames, held 0/2
   before #2 Pitch Match 0/0 | Drills 0/0/0/0/0 | RTF heard 96% in tune 30% | Tuner heard 94% in tune 22% | Stay in Key heard 84% in key 1% | Choir World heard 84% of frames, held 0/2
   after #2  Pitch Match 0/0 | Drills 0/0/0/0/0 | RTF heard 96% in tune 42% | Tuner heard 94% in tune 23% | Stay in Key heard 83% in key 1% | Choir World heard 84% of frames, held 0/2
   before #3 Pitch Match 0/0 | Drills 0/0/0/0/0 | RTF heard 96% in tune 37% | Tuner heard 93% in tune 21% | Stay in Key heard 84% in key 1% | Choir World heard 84% of frames, held 0/2
   after #3  Pitch Match 0/0 | Drills 0/0/0/0/0 | RTF heard 96% in tune 34% | Tuner heard 93% in tune 23% | Stay in Key heard 84% in key 0% | Choir World heard 84% of frames, held 0/2

== sing-breathy-562 (soft)
   before #1 Pitch Match 0/0 | Drills 0/0/0/0/0 | RTF heard 95% in tune 11% | Tuner heard 88% in tune 4% | Stay in Key heard 88% in key 0% | Choir World heard 90% of frames, held 0/2
   after #1  Pitch Match 0/0 | Drills 0/0/0/0/0 | RTF heard 96% in tune 10% | Tuner heard 88% in tune 5% | Stay in Key heard 89% in key 0% | Choir World heard 90% of frames, held 0/2
   before #2 Pitch Match 0/0 | Drills 0/0/0/0/0 | RTF heard 97% in tune 8% | Tuner heard 88% in tune 4% | Stay in Key heard 88% in key 0% | Choir World heard 90% of frames, held 0/2
   after #2  Pitch Match 0/0 | Drills 0/0/0/0/0 | RTF heard 96% in tune 8% | Tuner heard 88% in tune 4% | Stay in Key heard 88% in key 0% | Choir World heard 90% of frames, held 0/2
   before #3 Pitch Match 0/0 | Drills 0/0/0/0/0 | RTF heard 96% in tune 11% | Tuner heard 87% in tune 9% | Stay in Key heard 89% in key 0% | Choir World heard 90% of frames, held 0/2
   after #3  Pitch Match 0/0 | Drills 0/0/0/0/0 | RTF heard 96% in tune 12% | Tuner heard 87% in tune 5% | Stay in Key heard 88% in key 0% | Choir World heard 90% of frames, held 0/2

== sing-breathy-1197 (soft)
   before #1 Pitch Match 33/0 | Drills —/0/28/0/0 | RTF heard 93% in tune 27% | Tuner heard 88% in tune 17% | Stay in Key heard 74% in key 9% | Choir World heard 91% of frames, held 0/2
   after #1  Pitch Match 35/0 | Drills —/0/28/0/0 | RTF heard 94% in tune 30% | Tuner heard 88% in tune 17% | Stay in Key heard 74% in key 9% | Choir World heard 91% of frames, held 0/2
   before #2 Pitch Match 34/0 | Drills —/0/29/0/0 | RTF heard 94% in tune 27% | Tuner heard 88% in tune 13% | Stay in Key heard 74% in key 8% | Choir World heard 91% of frames, held 0/2
   after #2  Pitch Match 34/0 | Drills —/0/28/0/0 | RTF heard 94% in tune 27% | Tuner heard 88% in tune 13% | Stay in Key heard 74% in key 8% | Choir World heard 91% of frames, held 0/2
   before #3 Pitch Match 33/0 | Drills —/0/27/0/0 | RTF heard 95% in tune 28% | Tuner heard 88% in tune 16% | Stay in Key heard 74% in key 8% | Choir World heard 91% of frames, held 0/2
   after #3  Pitch Match 34/0 | Drills —/0/28/0/0 | RTF heard 94% in tune 27% | Tuner heard 88% in tune 16% | Stay in Key heard 74% in key 9% | Choir World heard 91% of frames, held 0/2

== sing-breathy-1743 (soft)
   before #1 Pitch Match 0/9 | Drills 0/0/0/11/0 | RTF heard 94% in tune 25% | Tuner heard 71% in tune 9% | Stay in Key heard 90% in key 5% | Choir World heard 72% of frames, held 0/2
   after #1  Pitch Match 0/8 | Drills 0/0/0/10/0 | RTF heard 94% in tune 21% | Tuner heard 71% in tune 4% | Stay in Key heard 90% in key 5% | Choir World heard 72% of frames, held 0/2
   before #2 Pitch Match 0/9 | Drills 0/0/0/11/0 | RTF heard 93% in tune 26% | Tuner heard 71% in tune 8% | Stay in Key heard 90% in key 5% | Choir World heard 72% of frames, held 0/2
   after #2  Pitch Match 0/9 | Drills 0/0/0/11/0 | RTF heard 95% in tune 26% | Tuner heard 71% in tune 6% | Stay in Key heard 91% in key 5% | Choir World heard 72% of frames, held 0/2
   before #3 Pitch Match 0/9 | Drills 0/0/0/11/0 | RTF heard 94% in tune 21% | Tuner heard 71% in tune 5% | Stay in Key heard 91% in key 5% | Choir World heard 72% of frames, held 0/2
   after #3  Pitch Match 0/9 | Drills 0/0/0/11/0 | RTF heard 95% in tune 22% | Tuner heard 71% in tune 6% | Stay in Key heard 91% in key 5% | Choir World heard 72% of frames, held 0/2

== sing-breathy-2353 (soft)
   before #1 Pitch Match 0/0 | Drills 0/0/0/0/0 | RTF heard 91% in tune 13% | Tuner heard 90% in tune 12% | Stay in Key heard 83% in key 0% | Choir World heard 87% of frames, held 0/2
   after #1  Pitch Match 0/0 | Drills 0/0/0/0/0 | RTF heard 91% in tune 13% | Tuner heard 91% in tune 9% | Stay in Key heard 83% in key 0% | Choir World heard 87% of frames, held 0/2
   before #2 Pitch Match 0/0 | Drills 0/0/0/0/0 | RTF heard 91% in tune 14% | Tuner heard 90% in tune 11% | Stay in Key heard 84% in key 0% | Choir World heard 87% of frames, held 0/2
   after #2  Pitch Match 0/0 | Drills 0/0/0/0/0 | RTF heard 91% in tune 12% | Tuner heard 90% in tune 5% | Stay in Key heard 83% in key 0% | Choir World heard 87% of frames, held 0/2
   before #3 Pitch Match 0/0 | Drills 0/0/0/0/0 | RTF heard 92% in tune 13% | Tuner heard 90% in tune 8% | Stay in Key heard 84% in key 0% | Choir World heard 87% of frames, held 0/2
   after #3  Pitch Match 0/0 | Drills 0/0/0/0/0 | RTF heard 91% in tune 13% | Tuner heard 89% in tune 9% | Stay in Key heard 83% in key 0% | Choir World heard 87% of frames, held 0/2

== sing-breathy-3002 (soft)
   before #1 Pitch Match 30/0 | Drills —/0/13/—/— | RTF heard 100% in tune 12% | Tuner heard 95% in tune 10% | Stay in Key heard 58% in key 0% | Choir World heard 85% of frames, held 0/2
   after #1  Pitch Match 30/0 | Drills —/0/13/—/— | RTF heard 100% in tune 13% | Tuner heard 95% in tune 11% | Stay in Key heard 61% in key 1% | Choir World heard 82% of frames, held 0/2
   before #2 Pitch Match 30/0 | Drills —/0/13/—/— | RTF heard 100% in tune 14% | Tuner heard 95% in tune 10% | Stay in Key heard 58% in key 0% | Choir World heard 85% of frames, held 0/2
   after #2  Pitch Match 31/0 | Drills —/0/14/—/— | RTF heard 100% in tune 12% | Tuner heard 95% in tune 11% | Stay in Key heard 60% in key 0% | Choir World heard 83% of frames, held 0/2
   before #3 Pitch Match 30/0 | Drills —/0/12/—/— | RTF heard 100% in tune 14% | Tuner heard 95% in tune 11% | Stay in Key heard 59% in key 1% | Choir World heard 83% of frames, held 0/2
   after #3  Pitch Match 30/0 | Drills —/0/12/—/— | RTF heard 100% in tune 12% | Tuner heard 95% in tune 10% | Stay in Key heard 60% in key 0% | Choir World heard 83% of frames, held 0/2

== sing-pp-92 (soft)
   before #1 Pitch Match 0/0 | Drills —/0/0/0/0 | RTF heard 11% in tune 6% | Tuner heard 72% in tune 23% | Stay in Key heard 60% in key 0% | Choir World heard 72% of frames, held 0/2
   after #1  Pitch Match 0/0 | Drills —/0/0/0/0 | RTF heard 11% in tune 5% | Tuner heard 71% in tune 19% | Stay in Key heard 60% in key 0% | Choir World heard 72% of frames, held 0/2
   before #2 Pitch Match 0/0 | Drills —/0/0/0/0 | RTF heard 10% in tune 7% | Tuner heard 71% in tune 19% | Stay in Key heard 60% in key 0% | Choir World heard 72% of frames, held 0/2
   after #2  Pitch Match 0/0 | Drills —/0/0/0/0 | RTF heard 10% in tune 5% | Tuner heard 72% in tune 19% | Stay in Key heard 60% in key 0% | Choir World heard 72% of frames, held 0/2
   before #3 Pitch Match 0/0 | Drills —/0/0/0/0 | RTF heard 10% in tune 5% | Tuner heard 72% in tune 18% | Stay in Key heard 61% in key 0% | Choir World heard 72% of frames, held 0/2
   after #3  Pitch Match 0/0 | Drills —/0/0/0/0 | RTF heard 10% in tune 4% | Tuner heard 71% in tune 19% | Stay in Key heard 60% in key 0% | Choir World heard 72% of frames, held 0/2

== sing-pp-646 (soft)
   before #1 Pitch Match 0/0 | Drills 0/0/0/0/0 | RTF heard 80% in tune 46% | Tuner heard 70% in tune 30% | Stay in Key heard 52% in key 0% | Choir World heard 79% of frames, held 0/2
   after #1  Pitch Match 0/0 | Drills 0/0/0/0/0 | RTF heard 80% in tune 46% | Tuner heard 70% in tune 28% | Stay in Key heard 53% in key 0% | Choir World heard 80% of frames, held 0/2
   before #2 Pitch Match 0/0 | Drills 0/0/0/0/0 | RTF heard 81% in tune 47% | Tuner heard 70% in tune 25% | Stay in Key heard 54% in key 0% | Choir World heard 81% of frames, held 0/2
   after #2  Pitch Match 0/0 | Drills 0/0/0/0/0 | RTF heard 80% in tune 44% | Tuner heard 70% in tune 27% | Stay in Key heard 52% in key 0% | Choir World heard 78% of frames, held 0/2
   before #3 Pitch Match 0/0 | Drills 0/0/0/0/0 | RTF heard 80% in tune 46% | Tuner heard 70% in tune 30% | Stay in Key heard 53% in key 0% | Choir World heard 80% of frames, held 0/2
   after #3  Pitch Match 0/0 | Drills 0/0/0/0/0 | RTF heard 81% in tune 50% | Tuner heard 70% in tune 24% | Stay in Key heard 54% in key 0% | Choir World heard 81% of frames, held 0/2

== sing-pp-1717 (soft)
   before #1 Pitch Match 0/0 | Drills 0/0/—/0/0 | RTF heard 90% in tune 2% | Tuner heard 75% in tune 3% | Stay in Key heard 80% in key 0% | Choir World heard 96% of frames, held 0/2
   after #1  Pitch Match 0/0 | Drills 0/0/—/0/0 | RTF heard 91% in tune 4% | Tuner heard 74% in tune 1% | Stay in Key heard 80% in key 0% | Choir World heard 96% of frames, held 0/2
   before #2 Pitch Match 0/0 | Drills 0/0/—/0/0 | RTF heard 91% in tune 3% | Tuner heard 75% in tune 4% | Stay in Key heard 79% in key 0% | Choir World heard 96% of frames, held 0/2
   after #2  Pitch Match 0/0 | Drills 0/0/—/0/0 | RTF heard 91% in tune 3% | Tuner heard 75% in tune 4% | Stay in Key heard 79% in key 0% | Choir World heard 96% of frames, held 0/2
   before #3 Pitch Match 0/0 | Drills 0/0/—/0/0 | RTF heard 90% in tune 3% | Tuner heard 74% in tune 4% | Stay in Key heard 80% in key 0% | Choir World heard 96% of frames, held 0/2
   after #3  Pitch Match 0/0 | Drills 0/0/—/0/0 | RTF heard 91% in tune 4% | Tuner heard 73% in tune 3% | Stay in Key heard 79% in key 0% | Choir World heard 96% of frames, held 0/2

== sing-pp-2977 (soft)
   before #1 Pitch Match 0/— | Drills 0/0/0/—/— | RTF heard 81% in tune 4% | Tuner heard 66% in tune 21% | Stay in Key heard 81% in key 0% | Choir World heard 65% of frames, held 0/2
   after #1  Pitch Match 0/— | Drills 0/0/0/—/— | RTF heard 81% in tune 4% | Tuner heard 68% in tune 23% | Stay in Key heard 81% in key 0% | Choir World heard 65% of frames, held 0/2
   before #2 Pitch Match 0/— | Drills 0/0/0/—/— | RTF heard 81% in tune 4% | Tuner heard 68% in tune 22% | Stay in Key heard 81% in key 0% | Choir World heard 65% of frames, held 0/2
   after #2  Pitch Match 0/— | Drills 0/0/0/—/— | RTF heard 81% in tune 3% | Tuner heard 67% in tune 22% | Stay in Key heard 81% in key 0% | Choir World heard 65% of frames, held 0/2
   before #3 Pitch Match 0/— | Drills 0/0/0/—/— | RTF heard 81% in tune 3% | Tuner heard 67% in tune 25% | Stay in Key heard 81% in key 0% | Choir World heard 65% of frames, held 0/2
   after #3  Pitch Match 0/— | Drills 0/0/0/—/— | RTF heard 81% in tune 6% | Tuner heard 68% in tune 23% | Stay in Key heard 81% in key 0% | Choir World heard 65% of frames, held 0/2

== mix-breathy-1197-white-10 (soft)
   before #1 Pitch Match 32/0 | Drills —/0/28/0/0 | RTF heard 94% in tune 31% | Tuner heard 84% in tune 15% | Stay in Key heard 73% in key 8% | Choir World heard 91% of frames, held 0/2
   after #1  Pitch Match 31/0 | Drills —/0/28/0/0 | RTF heard 94% in tune 29% | Tuner heard 82% in tune 14% | Stay in Key heard 74% in key 7% | Choir World heard 91% of frames, held 0/2
   before #2 Pitch Match 33/0 | Drills —/0/26/0/0 | RTF heard 94% in tune 33% | Tuner heard 84% in tune 15% | Stay in Key heard 74% in key 9% | Choir World heard 91% of frames, held 0/2
   after #2  Pitch Match 34/0 | Drills —/0/28/0/0 | RTF heard 94% in tune 26% | Tuner heard 83% in tune 14% | Stay in Key heard 74% in key 4% | Choir World heard 91% of frames, held 0/2
   before #3 Pitch Match 34/0 | Drills —/0/28/0/0 | RTF heard 94% in tune 27% | Tuner heard 84% in tune 15% | Stay in Key heard 74% in key 8% | Choir World heard 91% of frames, held 0/2
   after #3  Pitch Match 33/0 | Drills —/0/28/0/0 | RTF heard 94% in tune 29% | Tuner heard 82% in tune 11% | Stay in Key heard 74% in key 9% | Choir World heard 91% of frames, held 0/2

== mix-breathy-1743-traffic-10 (soft)
   before #1 Pitch Match 0/8 | Drills 0/0/0/11/0 | RTF heard 98% in tune 23% | Tuner heard 70% in tune 5% | Stay in Key heard 91% in key 6% | Choir World heard 69% of frames, held 0/2
   after #1  Pitch Match 0/9 | Drills 0/0/0/11/0 | RTF heard 99% in tune 23% | Tuner heard 71% in tune 6% | Stay in Key heard 91% in key 6% | Choir World heard 69% of frames, held 0/2
   before #2 Pitch Match 0/9 | Drills 0/0/0/12/0 | RTF heard 98% in tune 22% | Tuner heard 71% in tune 6% | Stay in Key heard 90% in key 5% | Choir World heard 69% of frames, held 0/2
   after #2  Pitch Match 0/9 | Drills 0/0/0/11/0 | RTF heard 99% in tune 24% | Tuner heard 71% in tune 6% | Stay in Key heard 90% in key 6% | Choir World heard 69% of frames, held 0/2
   before #3 Pitch Match 0/8 | Drills 0/0/0/11/0 | RTF heard 98% in tune 24% | Tuner heard 71% in tune 6% | Stay in Key heard 90% in key 5% | Choir World heard 69% of frames, held 0/2
   after #3  Pitch Match 0/8 | Drills 0/0/0/10/0 | RTF heard 99% in tune 22% | Tuner heard 69% in tune 5% | Stay in Key heard 90% in key 5% | Choir World heard 69% of frames, held 0/2

== mix-breathy-3002-talker-10 (soft)
   before #1 Pitch Match 33/0 | Drills 0/0/13/0/0 | RTF heard 100% in tune 18% | Tuner heard 83% in tune 11% | Stay in Key heard 67% in key 0% | Choir World heard 86% of frames, held 0/2
   after #1  Pitch Match 31/0 | Drills 0/0/12/0/0 | RTF heard 100% in tune 17% | Tuner heard 84% in tune 6% | Stay in Key heard 68% in key 0% | Choir World heard 86% of frames, held 0/2
   before #2 Pitch Match 30/0 | Drills 0/0/13/0/0 | RTF heard 100% in tune 16% | Tuner heard 84% in tune 10% | Stay in Key heard 66% in key 0% | Choir World heard 86% of frames, held 0/2
   after #2  Pitch Match 31/0 | Drills 0/0/13/0/0 | RTF heard 100% in tune 14% | Tuner heard 83% in tune 10% | Stay in Key heard 67% in key 1% | Choir World heard 86% of frames, held 0/2
   before #3 Pitch Match 30/0 | Drills —/0/11/0/0 | RTF heard 100% in tune 14% | Tuner heard 84% in tune 9% | Stay in Key heard 68% in key 0% | Choir World heard 85% of frames, held 0/2
   after #3  Pitch Match 31/0 | Drills 0/0/13/0/0 | RTF heard 100% in tune 17% | Tuner heard 86% in tune 10% | Stay in Key heard 68% in key 1% | Choir World heard 85% of frames, held 0/2

==== Regression: passes on master and fails on the branch, or moves past the tolerance the wrong way (blocks a deploy)

==== Fixed: fails on master and passes on the branch, or moves past the tolerance the right way

==== Already failing: fails on master and on the branch (not caused by the branch)
ALREADY noise-pink-10 rtfVoiced: master 58/55/57 (median 57, spread 3) → branch 60/58/55 (median 58) · no pitch in it: heard on ≤5% of frames
ALREADY noise-pink-10 skVoiced: master 11/12/12 (median 12, spread 1) → branch 11/12/13 (median 12) · no pitch in it: heard on ≤5% of frames
ALREADY noise-pink-10 cwFrames: master 9/9/9 (median 9, spread 0) → branch 8/9/9 (median 9) · no pitch in it: heard on ≤5% of frames
ALREADY noise-pink-10 scores: Pitch Match scored 1/1/1 → 1/1/1, Drills heard 5/5/5 → 5/5/5, Choir held 0/0/0 → 0/0/0 · nothing may be scored or held (medians)
ALREADY noise-traffic-10 rtfVoiced: master 76/84/83 (median 83, spread 8) → branch 78/79/79 (median 79) · no pitch in it: heard on ≤5% of frames
ALREADY noise-traffic-10 scores: Pitch Match scored 0/0/0 → 0/0/0, Drills heard 5/5/5 → 5/5/5, Choir held 0/0/0 → 0/0/0 · nothing may be scored or held (medians)
ALREADY noise-rumble-10 rtfVoiced: master 10/3/10 (median 10, spread 7) → branch 11/12/4 (median 11) · no pitch in it: heard on ≤5% of frames
ALREADY noise-rumble-10 scores: Pitch Match scored 0/0/0 → 0/0/0, Drills heard 3/1/3 → 1/2/3, Choir held 0/0/0 → 0/0/0 · nothing may be scored or held (medians)

==== VERDICT (regress, 3 runs per side, medians): 0 regression(s), 0 fixed, 8 already failing, 152 passed
pass noise-white-10 rtfVoiced: master 0/0/0 (median 0, spread 0) → branch 0/0/0 (median 0) · no pitch in it: heard on ≤5% of frames
pass noise-white-10 tunerVoiced: master 0/0/0 (median 0, spread 0) → branch 0/0/0 (median 0) · no pitch in it: heard on ≤5% of frames
pass noise-white-10 skVoiced: master 0/0/0 (median 0, spread 0) → branch 0/0/0 (median 0) · no pitch in it: heard on ≤5% of frames
pass noise-white-10 cwFrames: master 0/0/0 (median 0, spread 0) → branch 0/0/0 (median 0) · no pitch in it: heard on ≤5% of frames
pass noise-white-10 scores: Pitch Match scored 0/0/0 → 0/0/0, Drills heard 0/0/0 → 0/0/0, Choir held 0/0/0 → 0/0/0 · nothing may be scored or held (medians)
pass noise-white-10 rtfVoiced: master 0/0/0 (median 0, spread 0) → branch 0/0/0 (median 0), change 0 (±5) · noise alone: must not get worse past the tolerance
pass noise-white-10 tunerVoiced: master 0/0/0 (median 0, spread 0) → branch 0/0/0 (median 0), change 0 (±5) · noise alone: must not get worse past the tolerance
pass noise-white-10 skVoiced: master 0/0/0 (median 0, spread 0) → branch 0/0/0 (median 0), change 0 (±5) · noise alone: must not get worse past the tolerance
pass noise-white-10 cwFrames: master 0/0/0 (median 0, spread 0) → branch 0/0/0 (median 0), change 0 (±5) · noise alone: must not get worse past the tolerance
pass noise-white-10 rtfInTune: master 0/0/0 (median 0, spread 0) → branch 0/0/0 (median 0), change 0 (±5) · noise alone: must not get worse past the tolerance
pass noise-white-10 tunerInTune: master 0/0/0 (median 0, spread 0) → branch 0/0/0 (median 0), change 0 (±5) · noise alone: must not get worse past the tolerance
pass noise-white-10 skInKey: master 0/0/0 (median 0, spread 0) → branch 0/0/0 (median 0), change 0 (±5) · noise alone: must not get worse past the tolerance
pass noise-white-10 Choir World held: master 0/0/0 (median 0, spread 0) → branch 0/0/0 (median 0), change 0 (±0) · noise alone: the median held count must not rise past master's own spread
pass noise-pink-10 tunerVoiced: master 0/0/0 (median 0, spread 0) → branch 0/0/0 (median 0) · no pitch in it: heard on ≤5% of frames
pass noise-pink-10 rtfVoiced: master 58/55/57 (median 57, spread 3) → branch 60/58/55 (median 58), change +1 (±5) · noise alone: must not get worse past the tolerance
pass noise-pink-10 tunerVoiced: master 0/0/0 (median 0, spread 0) → branch 0/0/0 (median 0), change 0 (±5) · noise alone: must not get worse past the tolerance
pass noise-pink-10 skVoiced: master 11/12/12 (median 12, spread 1) → branch 11/12/13 (median 12), change 0 (±5) · noise alone: must not get worse past the tolerance
pass noise-pink-10 cwFrames: master 9/9/9 (median 9, spread 0) → branch 8/9/9 (median 9), change 0 (±5) · noise alone: must not get worse past the tolerance
pass noise-pink-10 rtfInTune: master 12/6/9 (median 9, spread 6) → branch 15/9/10 (median 10), change +1 (±6) · noise alone: must not get worse past the tolerance
pass noise-pink-10 tunerInTune: master 0/0/0 (median 0, spread 0) → branch 0/0/0 (median 0), change 0 (±5) · noise alone: must not get worse past the tolerance
pass noise-pink-10 skInKey: master 0/0/0 (median 0, spread 0) → branch 0/0/0 (median 0), change 0 (±5) · noise alone: must not get worse past the tolerance
pass noise-pink-10 Choir World held: master 0/0/0 (median 0, spread 0) → branch 0/0/0 (median 0), change 0 (±0) · noise alone: the median held count must not rise past master's own spread
pass noise-traffic-10 tunerVoiced: master 0/0/0 (median 0, spread 0) → branch 0/0/0 (median 0) · no pitch in it: heard on ≤5% of frames
pass noise-traffic-10 skVoiced: master 0/0/0 (median 0, spread 0) → branch 0/0/0 (median 0) · no pitch in it: heard on ≤5% of frames
pass noise-traffic-10 cwFrames: master 0/0/0 (median 0, spread 0) → branch 0/0/0 (median 0) · no pitch in it: heard on ≤5% of frames
pass noise-traffic-10 rtfVoiced: master 76/84/83 (median 83, spread 8) → branch 78/79/79 (median 79), change -4 (±8) · noise alone: must not get worse past the tolerance
pass noise-traffic-10 tunerVoiced: master 0/0/0 (median 0, spread 0) → branch 0/0/0 (median 0), change 0 (±5) · noise alone: must not get worse past the tolerance
pass noise-traffic-10 skVoiced: master 0/0/0 (median 0, spread 0) → branch 0/0/0 (median 0), change 0 (±5) · noise alone: must not get worse past the tolerance
pass noise-traffic-10 cwFrames: master 0/0/0 (median 0, spread 0) → branch 0/0/0 (median 0), change 0 (±5) · noise alone: must not get worse past the tolerance
pass noise-traffic-10 rtfInTune: master 12/21/18 (median 18, spread 9) → branch 16/16/13 (median 16), change -2 (±9) · noise alone: must not get worse past the tolerance
pass noise-traffic-10 tunerInTune: master 0/0/0 (median 0, spread 0) → branch 0/0/0 (median 0), change 0 (±5) · noise alone: must not get worse past the tolerance
pass noise-traffic-10 skInKey: master 0/0/0 (median 0, spread 0) → branch 0/0/0 (median 0), change 0 (±5) · noise alone: must not get worse past the tolerance
pass noise-traffic-10 Choir World held: master 0/0/0 (median 0, spread 0) → branch 0/0/0 (median 0), change 0 (±0) · noise alone: the median held count must not rise past master's own spread
pass noise-rumble-10 tunerVoiced: master 0/0/0 (median 0, spread 0) → branch 0/0/0 (median 0) · no pitch in it: heard on ≤5% of frames
pass noise-rumble-10 skVoiced: master 0/0/0 (median 0, spread 0) → branch 0/0/0 (median 0) · no pitch in it: heard on ≤5% of frames
pass noise-rumble-10 cwFrames: master 0/0/0 (median 0, spread 0) → branch 0/0/0 (median 0) · no pitch in it: heard on ≤5% of frames
pass noise-rumble-10 rtfVoiced: master 10/3/10 (median 10, spread 7) → branch 11/12/4 (median 11), change +1 (±7) · noise alone: must not get worse past the tolerance
pass noise-rumble-10 tunerVoiced: master 0/0/0 (median 0, spread 0) → branch 0/0/0 (median 0), change 0 (±5) · noise alone: must not get worse past the tolerance
pass noise-rumble-10 skVoiced: master 0/0/0 (median 0, spread 0) → branch 0/0/0 (median 0), change 0 (±5) · noise alone: must not get worse past the tolerance
pass noise-rumble-10 cwFrames: master 0/0/0 (median 0, spread 0) → branch 0/0/0 (median 0), change 0 (±5) · noise alone: must not get worse past the tolerance
pass noise-rumble-10 rtfInTune: master 0/0/0 (median 0, spread 0) → branch 1/2/0 (median 1), change +1 (±5) · noise alone: must not get worse past the tolerance
pass noise-rumble-10 tunerInTune: master 0/0/0 (median 0, spread 0) → branch 0/0/0 (median 0), change 0 (±5) · noise alone: must not get worse past the tolerance
pass noise-rumble-10 skInKey: master 0/0/0 (median 0, spread 0) → branch 0/0/0 (median 0), change 0 (±5) · noise alone: must not get worse past the tolerance
pass noise-rumble-10 Choir World held: master 0/0/0 (median 0, spread 0) → branch 0/0/0 (median 0), change 0 (±0) · noise alone: the median held count must not rise past master's own spread
pass noise-babble-10 rtfVoiced: master 49/55/51 (median 51, spread 6) → branch 55/52/54 (median 54), change +3 (±6) · noise alone: must not get worse past the tolerance
pass noise-babble-10 tunerVoiced: master 74/76/77 (median 76, spread 3) → branch 74/73/73 (median 73), change -3 (±5) · noise alone: must not get worse past the tolerance
pass noise-babble-10 skVoiced: master 61/67/64 (median 64, spread 6) → branch 66/63/63 (median 63), change -1 (±6) · noise alone: must not get worse past the tolerance
pass noise-babble-10 cwFrames: master 66/65/66 (median 66, spread 1) → branch 67/66/66 (median 66), change 0 (±5) · noise alone: must not get worse past the tolerance
pass noise-babble-10 rtfInTune: master 16/12/13 (median 13, spread 4) → branch 14/15/16 (median 15), change +2 (±5) · noise alone: must not get worse past the tolerance
pass noise-babble-10 tunerInTune: master 8/11/11 (median 11, spread 3) → branch 14/10/10 (median 10), change -1 (±5) · noise alone: must not get worse past the tolerance
pass noise-babble-10 skInKey: master 0/0/1 (median 0, spread 1) → branch 0/1/1 (median 1), change +1 (±5) · noise alone: must not get worse past the tolerance
pass noise-babble-10 Choir World held: master 0/0/0 (median 0, spread 0) → branch 0/0/0 (median 0), change 0 (±0) · noise alone: the median held count must not rise past master's own spread
pass noise-talker-10 rtfVoiced: master 52/53/53 (median 53, spread 1) → branch 51/51/52 (median 51), change -2 (±5) · noise alone: must not get worse past the tolerance
pass noise-talker-10 tunerVoiced: master 59/61/60 (median 60, spread 2) → branch 58/60/61 (median 60), change 0 (±5) · noise alone: must not get worse past the tolerance
pass noise-talker-10 skVoiced: master 48/49/48 (median 48, spread 1) → branch 48/50/49 (median 49), change +1 (±5) · noise alone: must not get worse past the tolerance
pass noise-talker-10 cwFrames: master 59/59/60 (median 59, spread 1) → branch 59/59/60 (median 59), change 0 (±5) · noise alone: must not get worse past the tolerance
pass noise-talker-10 rtfInTune: master 10/12/10 (median 10, spread 2) → branch 7/12/9 (median 9), change -1 (±5) · noise alone: must not get worse past the tolerance
pass noise-talker-10 tunerInTune: master 4/9/7 (median 7, spread 5) → branch 9/8/9 (median 9), change +2 (±5) · noise alone: must not get worse past the tolerance
pass noise-talker-10 skInKey: master 1/1/2 (median 1, spread 1) → branch 1/2/2 (median 2), change +1 (±5) · noise alone: must not get worse past the tolerance
pass noise-talker-10 Choir World held: master 1/1/1 (median 1, spread 0) → branch 1/1/1 (median 1), change 0 (±0) · noise alone: the median held count must not rise past master's own spread
pass noise-tv-10 rtfVoiced: master 67/69/67 (median 67, spread 2) → branch 73/69/66 (median 69), change +2 (±5) · noise alone: must not get worse past the tolerance
pass noise-tv-10 tunerVoiced: master 62/62/63 (median 62, spread 1) → branch 64/65/65 (median 65), change +3 (±5) · noise alone: must not get worse past the tolerance
pass noise-tv-10 skVoiced: master 65/65/63 (median 65, spread 2) → branch 63/67/66 (median 66), change +1 (±5) · noise alone: must not get worse past the tolerance
pass noise-tv-10 cwFrames: master 83/83/84 (median 83, spread 1) → branch 85/83/84 (median 84), change +1 (±5) · noise alone: must not get worse past the tolerance
pass noise-tv-10 rtfInTune: master 27/26/21 (median 26, spread 6) → branch 26/24/20 (median 24), change -2 (±6) · noise alone: must not get worse past the tolerance
pass noise-tv-10 tunerInTune: master 10/14/15 (median 14, spread 5) → branch 17/15/16 (median 16), change +2 (±5) · noise alone: must not get worse past the tolerance
pass noise-tv-10 skInKey: master 4/5/5 (median 5, spread 1) → branch 4/5/5 (median 5), change 0 (±5) · noise alone: must not get worse past the tolerance
pass noise-tv-10 Choir World held: master 0/0/0 (median 0, spread 0) → branch 0/0/0 (median 0), change 0 (±0) · noise alone: the median held count must not rise past master's own spread
pass noise-realspeech-alice-10 rtfVoiced: master 61/59/60 (median 60, spread 2) → branch 58/58/58 (median 58), change -2 (±5) · noise alone: must not get worse past the tolerance
pass noise-realspeech-alice-10 tunerVoiced: master 54/57/57 (median 57, spread 3) → branch 56/54/59 (median 56), change -1 (±5) · noise alone: must not get worse past the tolerance
pass noise-realspeech-alice-10 skVoiced: master 63/63/61 (median 63, spread 2) → branch 62/63/60 (median 62), change -1 (±5) · noise alone: must not get worse past the tolerance
pass noise-realspeech-alice-10 cwFrames: master 66/66/64 (median 66, spread 2) → branch 64/64/66 (median 64), change -2 (±5) · noise alone: must not get worse past the tolerance
pass noise-realspeech-alice-10 rtfInTune: master 13/17/20 (median 17, spread 7) → branch 19/12/19 (median 19), change +2 (±7) · noise alone: must not get worse past the tolerance
pass noise-realspeech-alice-10 tunerInTune: master 7/10/11 (median 10, spread 4) → branch 9/4/9 (median 9), change -1 (±5) · noise alone: must not get worse past the tolerance
pass noise-realspeech-alice-10 skInKey: master 1/2/0 (median 1, spread 2) → branch 2/1/0 (median 1), change 0 (±5) · noise alone: must not get worse past the tolerance
pass noise-realspeech-alice-10 Choir World held: master 0/0/0 (median 0, spread 0) → branch 0/0/0 (median 0), change 0 (±0) · noise alone: the median held count must not rise past master's own spread
pass noise-realspeech-holmes-10 rtfVoiced: master 57/56/54 (median 56, spread 3) → branch 55/54/54 (median 54), change -2 (±5) · noise alone: must not get worse past the tolerance
pass noise-realspeech-holmes-10 tunerVoiced: master 45/47/48 (median 47, spread 3) → branch 46/46/49 (median 46), change -1 (±5) · noise alone: must not get worse past the tolerance
pass noise-realspeech-holmes-10 skVoiced: master 61/58/58 (median 58, spread 3) → branch 56/60/60 (median 60), change +2 (±5) · noise alone: must not get worse past the tolerance
pass noise-realspeech-holmes-10 cwFrames: master 60/61/60 (median 60, spread 1) → branch 60/61/61 (median 61), change +1 (±5) · noise alone: must not get worse past the tolerance
pass noise-realspeech-holmes-10 rtfInTune: master 12/13/10 (median 12, spread 3) → branch 12/9/9 (median 9), change -3 (±5) · noise alone: must not get worse past the tolerance
pass noise-realspeech-holmes-10 tunerInTune: master 6/5/6 (median 6, spread 1) → branch 8/5/4 (median 5), change -1 (±5) · noise alone: must not get worse past the tolerance
pass noise-realspeech-holmes-10 skInKey: master 5/8/6 (median 6, spread 3) → branch 6/9/4 (median 6), change 0 (±5) · noise alone: must not get worse past the tolerance
pass noise-realspeech-holmes-10 Choir World held: master 2/2/2 (median 2, spread 0) → branch 2/2/2 (median 2), change 0 (±0) · noise alone: the median held count must not rise past master's own spread
pass noise-realtv-bonanza-a-10 rtfVoiced: master 35/39/37 (median 37, spread 4) → branch 39/36/38 (median 38), change +1 (±5) · noise alone: must not get worse past the tolerance
pass noise-realtv-bonanza-a-10 tunerVoiced: master 42/42/43 (median 42, spread 1) → branch 46/41/41 (median 41), change -1 (±5) · noise alone: must not get worse past the tolerance
pass noise-realtv-bonanza-a-10 skVoiced: master 43/44/40 (median 43, spread 4) → branch 47/46/44 (median 46), change +3 (±5) · noise alone: must not get worse past the tolerance
pass noise-realtv-bonanza-a-10 cwFrames: master 22/22/21 (median 22, spread 1) → branch 21/21/22 (median 21), change -1 (±5) · noise alone: must not get worse past the tolerance
pass noise-realtv-bonanza-a-10 rtfInTune: master 4/11/8 (median 8, spread 7) → branch 7/4/4 (median 4), change -4 (±7) · noise alone: must not get worse past the tolerance
pass noise-realtv-bonanza-a-10 tunerInTune: master 4/9/7 (median 7, spread 5) → branch 4/5/3 (median 4), change -3 (±5) · noise alone: must not get worse past the tolerance
pass noise-realtv-bonanza-a-10 skInKey: master 5/4/4 (median 4, spread 1) → branch 4/4/2 (median 4), change 0 (±5) · noise alone: must not get worse past the tolerance
pass noise-realtv-bonanza-a-10 Choir World held: master 0/0/0 (median 0, spread 0) → branch 0/0/0 (median 0), change 0 (±0) · noise alone: the median held count must not rise past master's own spread
pass noise-realtv-bonanza-b-10 rtfVoiced: master 49/46/50 (median 49, spread 4) → branch 48/46/49 (median 48), change -1 (±5) · noise alone: must not get worse past the tolerance
pass noise-realtv-bonanza-b-10 tunerVoiced: master 6/8/7 (median 7, spread 2) → branch 8/8/7 (median 8), change +1 (±5) · noise alone: must not get worse past the tolerance
pass noise-realtv-bonanza-b-10 skVoiced: master 28/29/31 (median 29, spread 3) → branch 29/27/27 (median 27), change -2 (±5) · noise alone: must not get worse past the tolerance
pass noise-realtv-bonanza-b-10 cwFrames: master 43/43/43 (median 43, spread 0) → branch 44/43/44 (median 44), change +1 (±5) · noise alone: must not get worse past the tolerance
pass noise-realtv-bonanza-b-10 rtfInTune: master 7/11/4 (median 7, spread 7) → branch 8/10/10 (median 10), change +3 (±7) · noise alone: must not get worse past the tolerance
pass noise-realtv-bonanza-b-10 tunerInTune: master 2/3/1 (median 2, spread 2) → branch 2/2/2 (median 2), change 0 (±5) · noise alone: must not get worse past the tolerance
pass noise-realtv-bonanza-b-10 skInKey: master 4/4/1 (median 4, spread 3) → branch 4/4/2 (median 4), change 0 (±5) · noise alone: must not get worse past the tolerance
pass noise-realtv-bonanza-b-10 Choir World held: master 1/1/1 (median 1, spread 0) → branch 1/0/1 (median 1), change 0 (±0) · noise alone: the median held count must not rise past master's own spread
pass sing-breathy-5 rtfVoiced: master 96/96/96 (median 96, spread 0) → branch 96/96/96 (median 96), change 0 (±5) · real singing: must not lose frames past the tolerance
pass sing-breathy-5 tunerVoiced: master 93/94/93 (median 93, spread 1) → branch 94/94/93 (median 94), change +1 (±5) · real singing: must not lose frames past the tolerance
pass sing-breathy-5 skVoiced: master 84/84/84 (median 84, spread 0) → branch 84/83/84 (median 84), change 0 (±5) · real singing: must not lose frames past the tolerance
pass sing-breathy-5 cwFrames: master 84/84/84 (median 84, spread 0) → branch 84/84/84 (median 84), change 0 (±5) · real singing: must not lose frames past the tolerance
pass sing-breathy-562 rtfVoiced: master 95/97/96 (median 96, spread 2) → branch 96/96/96 (median 96), change 0 (±5) · real singing: must not lose frames past the tolerance
pass sing-breathy-562 tunerVoiced: master 88/88/87 (median 88, spread 1) → branch 88/88/87 (median 88), change 0 (±5) · real singing: must not lose frames past the tolerance
pass sing-breathy-562 skVoiced: master 88/88/89 (median 88, spread 1) → branch 89/88/88 (median 88), change 0 (±5) · real singing: must not lose frames past the tolerance
pass sing-breathy-562 cwFrames: master 90/90/90 (median 90, spread 0) → branch 90/90/90 (median 90), change 0 (±5) · real singing: must not lose frames past the tolerance
pass sing-breathy-1197 rtfVoiced: master 93/94/95 (median 94, spread 2) → branch 94/94/94 (median 94), change 0 (±5) · real singing: must not lose frames past the tolerance
pass sing-breathy-1197 tunerVoiced: master 88/88/88 (median 88, spread 0) → branch 88/88/88 (median 88), change 0 (±5) · real singing: must not lose frames past the tolerance
pass sing-breathy-1197 skVoiced: master 74/74/74 (median 74, spread 0) → branch 74/74/74 (median 74), change 0 (±5) · real singing: must not lose frames past the tolerance
pass sing-breathy-1197 cwFrames: master 91/91/91 (median 91, spread 0) → branch 91/91/91 (median 91), change 0 (±5) · real singing: must not lose frames past the tolerance
pass sing-breathy-1743 rtfVoiced: master 94/93/94 (median 94, spread 1) → branch 94/95/95 (median 95), change +1 (±5) · real singing: must not lose frames past the tolerance
pass sing-breathy-1743 tunerVoiced: master 71/71/71 (median 71, spread 0) → branch 71/71/71 (median 71), change 0 (±5) · real singing: must not lose frames past the tolerance
pass sing-breathy-1743 skVoiced: master 90/90/91 (median 90, spread 1) → branch 90/91/91 (median 91), change +1 (±5) · real singing: must not lose frames past the tolerance
pass sing-breathy-1743 cwFrames: master 72/72/72 (median 72, spread 0) → branch 72/72/72 (median 72), change 0 (±5) · real singing: must not lose frames past the tolerance
pass sing-breathy-2353 rtfVoiced: master 91/91/92 (median 91, spread 1) → branch 91/91/91 (median 91), change 0 (±5) · real singing: must not lose frames past the tolerance
pass sing-breathy-2353 tunerVoiced: master 90/90/90 (median 90, spread 0) → branch 91/90/89 (median 90), change 0 (±5) · real singing: must not lose frames past the tolerance
pass sing-breathy-2353 skVoiced: master 83/84/84 (median 84, spread 1) → branch 83/83/83 (median 83), change -1 (±5) · real singing: must not lose frames past the tolerance
pass sing-breathy-2353 cwFrames: master 87/87/87 (median 87, spread 0) → branch 87/87/87 (median 87), change 0 (±5) · real singing: must not lose frames past the tolerance
pass sing-breathy-3002 rtfVoiced: master 100/100/100 (median 100, spread 0) → branch 100/100/100 (median 100), change 0 (±5) · real singing: must not lose frames past the tolerance
pass sing-breathy-3002 tunerVoiced: master 95/95/95 (median 95, spread 0) → branch 95/95/95 (median 95), change 0 (±5) · real singing: must not lose frames past the tolerance
pass sing-breathy-3002 skVoiced: master 58/58/59 (median 58, spread 1) → branch 61/60/60 (median 60), change +2 (±5) · real singing: must not lose frames past the tolerance
pass sing-breathy-3002 cwFrames: master 85/85/83 (median 85, spread 2) → branch 82/83/83 (median 83), change -2 (±5) · real singing: must not lose frames past the tolerance
pass sing-pp-92 rtfVoiced: master 11/10/10 (median 10, spread 1) → branch 11/10/10 (median 10), change 0 (±5) · real singing: must not lose frames past the tolerance
pass sing-pp-92 tunerVoiced: master 72/71/72 (median 72, spread 1) → branch 71/72/71 (median 71), change -1 (±5) · real singing: must not lose frames past the tolerance
pass sing-pp-92 skVoiced: master 60/60/61 (median 60, spread 1) → branch 60/60/60 (median 60), change 0 (±5) · real singing: must not lose frames past the tolerance
pass sing-pp-92 cwFrames: master 72/72/72 (median 72, spread 0) → branch 72/72/72 (median 72), change 0 (±5) · real singing: must not lose frames past the tolerance
pass sing-pp-646 rtfVoiced: master 80/81/80 (median 80, spread 1) → branch 80/80/81 (median 80), change 0 (±5) · real singing: must not lose frames past the tolerance
pass sing-pp-646 tunerVoiced: master 70/70/70 (median 70, spread 0) → branch 70/70/70 (median 70), change 0 (±5) · real singing: must not lose frames past the tolerance
pass sing-pp-646 skVoiced: master 52/54/53 (median 53, spread 2) → branch 53/52/54 (median 53), change 0 (±5) · real singing: must not lose frames past the tolerance
pass sing-pp-646 cwFrames: master 79/81/80 (median 80, spread 2) → branch 80/78/81 (median 80), change 0 (±5) · real singing: must not lose frames past the tolerance
pass sing-pp-1717 rtfVoiced: master 90/91/90 (median 90, spread 1) → branch 91/91/91 (median 91), change +1 (±5) · real singing: must not lose frames past the tolerance
pass sing-pp-1717 tunerVoiced: master 75/75/74 (median 75, spread 1) → branch 74/75/73 (median 74), change -1 (±5) · real singing: must not lose frames past the tolerance
pass sing-pp-1717 skVoiced: master 80/79/80 (median 80, spread 1) → branch 80/79/79 (median 79), change -1 (±5) · real singing: must not lose frames past the tolerance
pass sing-pp-1717 cwFrames: master 96/96/96 (median 96, spread 0) → branch 96/96/96 (median 96), change 0 (±5) · real singing: must not lose frames past the tolerance
pass sing-pp-2977 rtfVoiced: master 81/81/81 (median 81, spread 0) → branch 81/81/81 (median 81), change 0 (±5) · real singing: must not lose frames past the tolerance
pass sing-pp-2977 tunerVoiced: master 66/68/67 (median 67, spread 2) → branch 68/67/68 (median 68), change +1 (±5) · real singing: must not lose frames past the tolerance
pass sing-pp-2977 skVoiced: master 81/81/81 (median 81, spread 0) → branch 81/81/81 (median 81), change 0 (±5) · real singing: must not lose frames past the tolerance
pass sing-pp-2977 cwFrames: master 65/65/65 (median 65, spread 0) → branch 65/65/65 (median 65), change 0 (±5) · real singing: must not lose frames past the tolerance
pass mix-breathy-1197-white-10 rtfVoiced: master 94/94/94 (median 94, spread 0) → branch 94/94/94 (median 94), change 0 (±5) · real singing: must not lose frames past the tolerance
pass mix-breathy-1197-white-10 tunerVoiced: master 84/84/84 (median 84, spread 0) → branch 82/83/82 (median 82), change -2 (±5) · real singing: must not lose frames past the tolerance
pass mix-breathy-1197-white-10 skVoiced: master 73/74/74 (median 74, spread 1) → branch 74/74/74 (median 74), change 0 (±5) · real singing: must not lose frames past the tolerance
pass mix-breathy-1197-white-10 cwFrames: master 91/91/91 (median 91, spread 0) → branch 91/91/91 (median 91), change 0 (±5) · real singing: must not lose frames past the tolerance
pass mix-breathy-1743-traffic-10 rtfVoiced: master 98/98/98 (median 98, spread 0) → branch 99/99/99 (median 99), change +1 (±5) · real singing: must not lose frames past the tolerance
pass mix-breathy-1743-traffic-10 tunerVoiced: master 70/71/71 (median 71, spread 1) → branch 71/71/69 (median 71), change 0 (±5) · real singing: must not lose frames past the tolerance
pass mix-breathy-1743-traffic-10 skVoiced: master 91/90/90 (median 90, spread 1) → branch 91/90/90 (median 90), change 0 (±5) · real singing: must not lose frames past the tolerance
pass mix-breathy-1743-traffic-10 cwFrames: master 69/69/69 (median 69, spread 0) → branch 69/69/69 (median 69), change 0 (±5) · real singing: must not lose frames past the tolerance
pass mix-breathy-3002-talker-10 rtfVoiced: master 100/100/100 (median 100, spread 0) → branch 100/100/100 (median 100), change 0 (±5) · real singing: must not lose frames past the tolerance
pass mix-breathy-3002-talker-10 tunerVoiced: master 83/84/84 (median 84, spread 1) → branch 84/83/86 (median 84), change 0 (±5) · real singing: must not lose frames past the tolerance
pass mix-breathy-3002-talker-10 skVoiced: master 67/66/68 (median 67, spread 2) → branch 68/67/68 (median 68), change +1 (±5) · real singing: must not lose frames past the tolerance
pass mix-breathy-3002-talker-10 cwFrames: master 86/86/85 (median 86, spread 1) → branch 86/86/85 (median 86), change 0 (±5) · real singing: must not lose frames past the tolerance

log: /Users/alegramusenge/Documents/voxcoach-app/scripts/vq-verify/logs/noisegate-local-2026-10-06T23-20-31.log  json: /Users/alegramusenge/Documents/voxcoach-app/scripts/vq-verify/logs/noisegate-local-2026-10-06T23-20-31.json
