[sweep] deleted 0 leftover voxcoach-vlb-* account(s) from earlier runs
== local deploy/ + production backend
   mic: 261.63 Hz (MIDI 60)
   signed up voxcoach-vlb-1791296639333@example.com
  ✓ sidecar allowed in this browser (desktop Chromium)                 

-- Pitch Match (drill): target C4, a pass
  ✓ reached through its hub, start button visible                      
  ✓ gauge visible in the panel, today's total so far                   "Vocal load today" "0% of daily budget"
  ✓ sidecar stubbed out: no register input opened, no session stored   opened [], rows 0
  ✓ feature result identical with the sidecar live                     off {"acc":"99%","fb":"Right on it."} | on {"acc":"99%","fb":"Right on it."}
  ✓ both live at once: the feature's own mic + the register input      opened this run [{"audio":{"echoCancellation":true,"noiseSuppression":false,"autoGainControl":false}}]
  ✓ feature's own track still live, unmuted, NS/AGC/EC unchanged       on: ns true agc true ec true muted false | off: ns true agc true ec true
  ✓ feature's own analyser hears the same tone                         on 262.3 Hz rms 0.0298 | off 262.2 Hz rms 0.03
  ✓ stored: exactly 1 new session, ended                               [{"active_seconds":2.942,"ended":true,"load":5.66711706660715,"median_rms":0.27053900149931,"p5_midi":60.0024833135433,"p95_midi":60.0026169709579}]
  ✓ active seconds ≈ time the feature listened (3.00 s, −1.8/+0.3)     2.942 s
  ✓ stored load = active × 1.925926 (hand), within 0.5%                stored 5.6671 vs hand 5.6661
  ✓ pitch stored ≈ 60                                                  p5 60.002, p95 60.003
  ✓ gauge = today's stored total / 6800                                "0.1% of daily budget" pct 0.083340 vs 0.083340

-- Pitch Match (drill): target D4, a miss
  ✓ reached through its hub, start button visible                      
  ✓ gauge visible in the panel, today's total so far                   "Vocal load today" "0.1% of daily budget"
  ✓ sidecar stubbed out: no register input opened, no session stored   opened [], rows 1
  ✓ feature result identical with the sidecar live                     off {"acc":"11%","fb":"Off target — try matching the tone before you start singing."} | on {"acc":"11%","fb":"Off target — try matching the tone before you start singing."}
  ✓ both live at once: the feature's own mic + the register input      opened this run [{"audio":{"echoCancellation":true,"noiseSuppression":false,"autoGainControl":false}}]
  ✓ feature's own track still live, unmuted, NS/AGC/EC unchanged       on: ns true agc true ec true muted false | off: ns true agc true ec true
  ✓ feature's own analyser hears the same tone                         on 261.7 Hz rms 0.0294 | off 261.8 Hz rms 0.0299
  ✓ stored: exactly 1 new session, ended                               [{"active_seconds":2.953,"ended":true,"load":5.68774089515886,"median_rms":0.270497883316681,"p5_midi":60.0025701891737,"p95_midi":60.0027313957645}]
  ✓ active seconds ≈ time the feature listened (3.04 s, −1.8/+0.3)     2.953 s
  ✓ stored load = active × 1.925926 (hand), within 0.5%                stored 5.6877 vs hand 5.6873
  ✓ pitch stored ≈ 60                                                  p5 60.003, p95 60.003
  ✓ gauge = today's stored total / 6800                                "0.2% of daily budget" pct 0.166983 vs 0.166983

-- Stay in Key (song drill, runs to the end)
  ✓ reached through its hub, start button visible                      
  ✓ gauge visible in the panel, today's total so far                   "Vocal load today" "0.2% of daily budget"
  ✓ sidecar stubbed out: no register input opened, no session stored   opened [], rows 2
  ✓ feature result identical with the sidecar live                     off {"shown":"75%","inKeyShare":0.75} | on {"shown":"75%","inKeyShare":0.75}
  ✓ both live at once: the feature's own mic + the register input      opened this run [{"audio":{"echoCancellation":true,"noiseSuppression":false,"autoGainControl":false}}]
  ✓ feature's own track still live, unmuted, NS/AGC/EC unchanged       on: ns true agc true ec true muted false | off: ns true agc true ec true
  ✓ feature's own analyser hears the same tone                         on 261.7 Hz rms 0.0299 | off 261.7 Hz rms 0.0299
  ✓ stored: exactly 1 new session, ended                               [{"active_seconds":26.622,"ended":true,"load":51.2769335130004,"median_rms":0.270571852862156,"p5_midi":60.0024465513515,"p95_midi":60.0028314698138}]
  ✓ active seconds ≈ time the feature listened (26.68 s, −1.8/+0.3)    26.622 s
  ✓ stored load = active × 1.925926 (hand), within 0.5%                stored 51.2769 vs hand 51.2720
  ✓ pitch stored ≈ 60                                                  p5 60.002, p95 60.003
  ✓ gauge moved while the feature ran                                  mid-run 0.3078% vs before 0.1670%
  ✓ gauge = today's stored total / 6800                                "0.9% of daily budget" pct 0.921056 vs 0.921056

-- Karaoke (song game, runs to the end)
  ✓ reached through its hub, start button visible                      
  ✓ gauge visible in the panel, today's total so far                   "Vocal load today" "0.9% of daily budget"
  ✓ sidecar stubbed out: no register input opened, no session stored   opened [], rows 3
  ✓ feature result identical with the sidecar live                     off {"notes":"99/100/h 0/100/h 99/100/h 99/100/h 99/100/h 99/100/h 0/100/h 99/100/h","pitch":"74%","timing":"100%"} | on {"notes":"99/100/h 0/100/h 99/100/h 99/100/h 99/100/h 99/100/h 0/100/h 99/100/h","pitch":"74%","timing":"100%"}
  ✓ both live at once: the feature's own mic + the register input      opened this run [{"audio":{"echoCancellation":true,"noiseSuppression":false,"autoGainControl":false}}]
  ✓ feature's own track still live, unmuted, NS/AGC/EC unchanged       on: ns true agc true ec true muted false | off: ns true agc true ec true
  ✓ feature's own analyser hears the same tone                         on 261.7 Hz rms 0.0294 | off 261.7 Hz rms 0.0294
  ✓ stored: exactly 1 new session, ended                               [{"active_seconds":26.62,"ended":true,"load":51.2727884259689,"median_rms":0.27058102476105,"p5_midi":60.0025591871183,"p95_midi":60.0029043679137}]
  ✓ active seconds ≈ time the feature listened (26.68 s, −1.8/+0.3)    26.620 s
  ✓ stored load = active × 1.925926 (hand), within 0.5%                stored 51.2728 vs hand 51.2681
  ✓ pitch stored ≈ 60                                                  p5 60.003, p95 60.003
  ✓ gauge moved while the feature ran                                  mid-run 1.0618% vs before 0.9211%
  ✓ gauge = today's stored total / 6800                                "1.7% of daily budget" pct 1.675067 vs 1.675067

-- Harmony Memory stage 1, Lead (Choir World individual practice)
  ✓ reached through its hub, start button visible                      
  ✓ gauge visible in the panel, today's total so far                   "Vocal load today" "1.7% of daily budget"
  ✓ sidecar stubbed out: no register input opened, no session stored   opened [], rows 4
  ✓ feature result identical with the sidecar live                     off {"held":"10111101","score":75,"passed":true} | on {"held":"10111101","score":75,"passed":true}
  ✓ both live at once: the feature's own mic + the register input      opened this run [{"audio":{"echoCancellation":true,"noiseSuppression":false,"autoGainControl":false}}]
  ✓ feature's own track still live, unmuted, NS/AGC/EC unchanged       on: ns true agc true ec true muted false | off: ns true agc true ec true
  ✓ feature's own analyser hears the same tone                         on 262.1 Hz rms 0.0296 | off 261.7 Hz rms 0.0294
  ✓ stored: exactly 1 new session, ended                               [{"active_seconds":30.313,"ended":true,"load":58.3852973114667,"median_rms":0.270544718220433,"p5_midi":60.0024492050598,"p95_midi":60.0029035785095}]
  ✓ active seconds ≈ time the feature listened (30.46 s, −1.8/+0.3)    30.313 s
  ✓ stored load = active × 1.925926 (hand), within 0.5%                stored 58.3853 vs hand 58.3806
  ✓ pitch stored ≈ 60                                                  p5 60.002, p95 60.003
  ✓ gauge moved while the feature ran                                  mid-run 1.8149% vs before 1.6751%
  ✓ gauge = today's stored total / 6800                                "2.5% of daily budget" pct 2.533675 vs 2.533675
  ✓ page errors                                                        none

-- reload: every gauge resumes today's total from the server
  ✓ pitch: same total after reload, not 0                              "2.5% of daily budget"
  ✓ staykey: same total after reload, not 0                            "2.5% of daily budget"
  ✓ karaoke: same total after reload, not 0                            "2.5% of daily budget"
  ✓ hmem: same total after reload, not 0                               "2.5% of daily budget"
  ✓ glider: same total after reload, not 0                             "2.5% of daily budget"
  ✓ boss: same total after reload, not 0                               "2.5% of daily budget"
  ✓ coach: same total after reload, not 0                              "2.5% of daily budget"

-- Pitch Dragon boss, beginner (runs to the end)
  ✓ reached through its hub, start button visible                      
  ✓ gauge visible in the panel, today's total so far                   "Vocal load today" "2.5% of daily budget"
  ✓ sidecar stubbed out: no register input opened, no session stored   opened [], rows 5
  ✓ feature result identical with the sidecar live                     off {"boss":0,"player":82,"notes":"99 0 99 99 99 99 0"} | on {"boss":0,"player":82,"notes":"99 0 99 99 99 99 0"}
  ✓ both live at once: the feature's own mic + the register input      opened this run [{"audio":{"echoCancellation":true,"noiseSuppression":false,"autoGainControl":false}}]
  ✓ feature's own track still live, unmuted, NS/AGC/EC unchanged       on: ns true agc true ec true muted false | off: ns true agc true ec true
  ✓ feature's own analyser hears the same tone                         on 261.7 Hz rms 0.0298 | off 262 Hz rms 0.0295
  ✓ stored: exactly 1 new session, ended                               [{"active_seconds":19.97,"ended":true,"load":38.4648481123486,"median_rms":0.270639050176026,"p5_midi":60.0024504510124,"p95_midi":60.0033425498018}]
  ✓ active seconds ≈ time the feature listened (20.10 s, −1.8/+0.3)    19.970 s
  ✓ stored load = active × 1.925926 (hand), within 0.5%                stored 38.4648 vs hand 38.4607
  ✓ pitch stored ≈ 60                                                  p5 60.002, p95 60.003
  ✓ gauge moved while the feature ran                                  mid-run 2.6745% vs before 2.5337%
  ✓ gauge = today's stored total / 6800                                "3.1% of daily budget" pct 3.099334 vs 3.099334
  ✓ page errors                                                        none

   mic: 202.29 Hz (MIDI 55.546875)

-- Glider (arcade game, Melody Road, beginner; runs until the crash)
  ✓ reached through its hub, start button visible                      
  ✓ gauge visible in the panel, today's total so far                   "Vocal load today" "3.1% of daily budget"
  ✓ sidecar stubbed out: no register input opened, no session stored   opened [], rows 6
  ✓ feature result identical with the sidecar live                     off {"score":497,"coins":18,"title":"end","startY":230,"firstGapY":230,"tookOffOnFrame":1} | on {"score":497,"coins":18,"title":"end","startY":230,"firstGapY":230,"tookOffOnFrame":1}
  ✓ off: starts at the first gap's centre, takes off on frame 1 (no wait) start y 230, first gap 230, took off on frame 1
  ✓ on: starts at the first gap's centre, takes off on frame 1 (no wait) start y 230, first gap 230, took off on frame 1
  ✓ both live at once: the feature's own mic + the register input      opened this run [{"audio":{"echoCancellation":true,"noiseSuppression":false,"autoGainControl":false}}]
  ✓ feature's own track still live, unmuted, NS/AGC/EC unchanged       on: ns true agc true ec true muted false | off: ns true agc true ec true
  ✓ feature's own analyser hears the same tone                         on 202.3 Hz rms 0.0292 | off 202.3 Hz rms 0.0304
  ✓ stored: exactly 1 new session, ended                               [{"active_seconds":44.213,"ended":true,"load":73.0110721505644,"median_rms":0.270570076850044,"p5_midi":55.5506532483763,"p95_midi":55.5510728782102}]
  ✓ active seconds ≈ time the feature listened (44.29 s, −1.8/+0.3)    44.213 s
  ✓ stored load = active × 1.651042 (hand), within 0.5%                stored 73.0111 vs hand 72.9975
  ✓ pitch stored ≈ 55.546875                                           p5 55.551, p95 55.551
  ✓ gauge moved while the feature ran                                  mid-run 3.2195% vs before 3.0993%
  ✓ gauge = today's stored total / 6800                                "4.2% of daily budget" pct 4.173026 vs 4.173026
  ✓ daily table = sum of every session                                 [{"day":"2026-10-06","total_load":283.765797475115}] vs 283.7658

-- all four languages (switched with the Profile language buttons)
  ✓ fr: all 7 gauges' label and value in fr                            "Charge vocale du jour" "4,2 % du budget quotidien"
  ✓ es: all 7 gauges' label and value in es                            "Carga vocal de hoy" "4,2 % del presupuesto diario"
  ✓ tr: all 7 gauges' label and value in tr                            "Bugünkü ses yükü" "Günlük bütçe: %4,2"
  ✓ en: all 7 gauges' label and value in en                            "Vocal load today" "4.2% of daily budget"
  ✓ page errors                                                        none

-- Safari user agent: no second stream, nothing stored, these gauges hidden
  ✓ sidecar blocked for this user agent                                
  ✓ Glider ran on its own stream only, no session stored               opened [], rows 7→7, score 497
  ✓ Glider started at the first gap's centre and took off on frame 1   start y 230, first gap 230, frame 1
  ✓ the six features' gauges hidden, Register Coach's still shown      ok

-- signed out
  ✓ every gauge hidden when signed out                                 all hidden

[cleanup] deleted 1 test account(s) this run created; 0 left of voxcoach-vlb-1791296639333@example.com

112 passed, 0 failed
