vibfix 2026-10-04T17-11-19  sides: before, after  before: master

== V1: vibrato-628@2896 centred — target 69 (sung -1 ct, re-centred); offline gate: vibrato 6.16 Hz ±66 r 0.83
   before Tuner in tune 15% stability ≥75 45% (mean 62) of 89/114 | Stay in Key in key 93% of 89/113 (result 94%)
   before Pitch Match int 90/90 pro 87/88 | Drills 90/91/90/91/91 | RTF in tune 59% steady 37% of 90/112 voiced frames (In tune×53, Listening…×22, Flat (-24ct)×5) | Choir World held ✓✓ median -7/-10 ct, report pitch 92/92 in tune 153/154, 154/154
   after  Tuner in tune 21% stability ≥75 45% (mean 62) of 90/114 | Stay in Key in key 96% of 89/113 (result 94%)
   after  Pitch Match int 91/92 pro 89/86 | Drills 90/91/91/91/91 | RTF in tune 64% steady 36% of 90/112 voiced frames (In tune×58, Listening…×22, Flat (-24ct)×5) | Choir World held ✓✓ median -8/-9 ct, report pitch 91/91 in tune 153/154, 153/154

== V2: vibrato-3131@8046 centred — target 49 (sung -32 ct, re-centred); offline gate: vibrato 5.07 Hz ±106 r 0.94
   before Tuner in tune 40% stability ≥75 21% (mean 51) of 91/113 | Stay in Key in key 81% of 98/112 (result 76%)
   before Pitch Match int 91/94 pro 92/86 | Drills 94/94/94/94/93 | RTF in tune 73% steady 36% of 90/112 voiced frames (In tune×66, Listening…×22, Sharp (+30ct)×2) | Choir World held ✓✓ median 4/8 ct, report pitch 94/93 in tune 151/151, 169/169
   after  Tuner in tune 39% stability ≥75 13% (mean 50) of 93/114 | Stay in Key in key 81% of 98/113 (result 80%)
   after  Pitch Match int 93/94 pro 92/89 | Drills 94/93/93/93/93 | RTF in tune 78% steady 38% of 91/112 voiced frames (In tune×71, Listening…×21, Sharp (+20ct)×2) | Choir World held ✓✓ median 2/8 ct, report pitch 94/93 in tune 151/151, 170/170

== V3: vibrato-1154@4013 centred — target 69 (sung +27 ct, re-centred); offline gate: vibrato 4.74 Hz ±91 r 0.98
   before Tuner in tune 65% stability ≥75 100% (mean 85) of 113/114 | Stay in Key in key 100% of 114/114 (result 94%)
   before Pitch Match int 95/95 pro 93/93 | Drills 95/95/95/95/95 | RTF in tune 100% steady 98% of 112/112 voiced frames (In tune×112) | Choir World held ✓✓ median 3/1 ct, report pitch 95/95 in tune 192/192, 192/192
   after  Tuner in tune 67% stability ≥75 100% (mean 84) of 113/114 | Stay in Key in key 98% of 112/112 (result 94%)
   after  Pitch Match int 95/95 pro 92/92 | Drills 95/95/95/95/95 | RTF in tune 100% steady 97% of 112/112 voiced frames (In tune×112) | Choir World held ✓✓ median 2/0 ct, report pitch 95/96 in tune 192/192, 192/192

== V4: vibrato-772@4946 centred — target 67 (sung +24 ct, re-centred); offline gate: vibrato 5.28 Hz ±90 r 0.98
   before Tuner in tune 75% stability ≥75 96% (mean 86) of 114/114 | Stay in Key in key 98% of 112/112 (result 94%)
   before Pitch Match int 97/96 pro 96/95 | Drills 96/95/96/96/94 | RTF in tune 94% steady 96% of 112/112 voiced frames (In tune×105, Flat (-25ct)×2, Flat (-22ct)×2) | Choir World held ✓✓ median -2/-2 ct, report pitch 96/95 in tune 189/192, 192/192
   after  Tuner in tune 73% stability ≥75 97% (mean 86) of 113/114 | Stay in Key in key 96% of 111/111 (result 93%)
   after  Pitch Match int 95/95 pro 95/96 | Drills 96/96/96/96/94 | RTF in tune 99% steady 96% of 112/112 voiced frames (In tune×111, Flat (-22ct)×1) | Choir World held ✓✓ median -2/-1 ct, report pitch 95/95 in tune 191/192, 191/192

== V5: vibrato-2417@7396 centred — target 52 (sung +38 ct, re-centred); offline gate: as read 5.35 Hz ±49 r 0.32
   before Tuner in tune 34% stability ≥75 39% (mean 69) of 93/114 | Stay in Key in key 90% of 89/112 (result 89%)
   before Pitch Match int 91/93 pro 90/89 | Drills 84/92/84/82/84 | RTF in tune 66% steady 19% of 112/112 voiced frames (In tune×74, Sharp (+21ct)×4, Sharp (+16ct)×4) | Choir World held ✓✓ median -4/-3 ct, report pitch 91/91 in tune 154/162, 145/151
   after  Tuner in tune 35% stability ≥75 32% (mean 63) of 93/114 | Stay in Key in key 89% of 90/113 (result 90%)
   after  Pitch Match int 91/85 pro 86/91 | Drills 84/92/84/82/83 | RTF in tune 69% steady 13% of 109/112 voiced frames (In tune×75, Sharp (+18ct)×7, Listening…×3) | Choir World held ✓✓ median -4/-3 ct, report pitch 91/90 in tune 155/161, 146/152

== V6: vibrato-2961@630 centred — target 49 (sung -27 ct, re-centred); offline gate: vibrato 5.28 Hz ±52 r 0.55
   before Tuner in tune 47% stability ≥75 79% (mean 79) of 114/114 | Stay in Key in key 99% of 113/113 (result 98%)
   before Pitch Match int 94/92 pro 91/90 | Drills 91/94/92/94/91 | RTF in tune 82% steady 63% of 111/112 voiced frames (In tune×91, Sharp (+23ct)×2, Flat (-18ct)×2) | Choir World held ✓✓ median -3/1 ct, report pitch 92/94 in tune 192/192, 190/192
   after  Tuner in tune 50% stability ≥75 77% (mean 78) of 113/114 | Stay in Key in key 100% of 112/112 (result 97%)
   after  Pitch Match int 92/93 pro 85/92 | Drills 91/94/92/93/92 | RTF in tune 80% steady 62% of 113/113 voiced frames (In tune×90, Flat (-18ct)×4, Sharp (+18ct)×3) | Choir World held ✓✓ median -3/2 ct, report pitch 92/94 in tune 191/191, 189/192

== S1: straight-625@3246 centred — target 69 (sung -14 ct, re-centred); offline gate: as read 5.31 Hz ±9 r 0.39
   before Tuner in tune 76% stability ≥75 89% (mean 85) of 114/114 | Stay in Key in key 100% of 112/112 (result 100%)
   before Pitch Match int 97/96 pro 98/94 | Drills 98/98/98/98/98 | RTF in tune 88% steady 72% of 112/112 voiced frames (In tune×99, Flat (-14ct)×2, Flat (-12ct)×2) | Choir World held ✓✓ median 1/0 ct, report pitch 96/96 in tune 192/192, 192/192
   after  Tuner in tune 77% stability ≥75 96% (mean 86) of 114/114 | Stay in Key in key 100% of 112/112 (result 100%)
   after  Pitch Match int 96/98 pro 95/94 | Drills 98/98/98/98/98 | RTF in tune 85% steady 74% of 112/112 voiced frames (In tune×95, Sharp (+9ct)×2, Flat (-14ct)×2) | Choir World held ✓✓ median 0/1 ct, report pitch 98/96 in tune 192/192, 192/192

== S2: straight-286@630 centred — target 60 (sung +32 ct, re-centred); offline gate: as read 4.85 Hz ±19 r 0.26
   before Tuner in tune 72% stability ≥75 72% (mean 78) of 113/113 | Stay in Key in key 98% of 113/113 (result 96%)
   before Pitch Match int 91/97 pro 82/95 | Drills 96/90/97/88/95 | RTF in tune 77% steady 5% of 112/112 voiced frames (In tune×86, Sharp (+19ct)×2, Sharp (+23ct)×2) | Choir World held ✓✓ median 1/1 ct, report pitch 97/90 in tune 192/192, 185/192
   after  Tuner in tune 74% stability ≥75 73% (mean 78) of 114/114 | Stay in Key in key 99% of 112/112 (result 96%)
   after  Pitch Match int 97/88 pro 95/81 | Drills 96/90/97/88/95 | RTF in tune 78% steady 10% of 112/112 voiced frames (In tune×87, Sharp (+25ct)×4, Flat (-10ct)×2) | Choir World held ✓✓ median 1/1 ct, report pitch 97/90 in tune 192/192, 185/192

== W1: V1 (real vibrato) sung 60 ct sharp — target 69 (sung -1 ct, re-centred, then +60); offline gate: vibrato 6.16 Hz ±66 r 0.83
   before Tuner in tune 2% stability ≥75 2% (mean 13) of 88/112 | Stay in Key in key 3% of 88/111 (result 4%)
   before Pitch Match int 67/59 pro 49/51 | Drills 60/69/67/73/68 | RTF in tune 6% steady 10% of 98/112 voiced frames (Listening…×14, In tune×6, Sharp (+49ct)×6) | Choir World held ✗✓ median 52/50 ct, report pitch 66/68 in tune 61/155, 77/155
   after  Tuner in tune 1% stability ≥75 1% (mean 8) of 90/113 | Stay in Key in key 4% of 89/112 (result 6%)
   after  Pitch Match int 67/69 pro 51/48 | Drills 61/68/67/73/69 | RTF in tune 4% steady 12% of 99/112 voiced frames (Listening…×13, Sharp (+38ct)×7, Sharp (+36ct)×6) | Choir World held ✗✗ median 52/52 ct, report pitch 66/67 in tune 61/156, 58/155

== W5: V1 (real vibrato) sung 80 ct sharp — target 69 (sung -1 ct, re-centred, then +80); offline gate: vibrato 6.16 Hz ±66 r 0.83
   before Tuner in tune 8% stability ≥75 54% (mean 63) of 96/114 | Stay in Key in key 1% of 94/111 (result 3%)
   before Pitch Match int 54/47 pro 33/31 | Drills 49/58/55/60/59 | RTF in tune 19% steady 48% of 101/112 voiced frames (In tune×19, Listening…×11, Flat (-43ct)×9) | Choir World held ✗✗ median 73/73 ct, report pitch 54/54 in tune 4/153, 6/155
   after  Tuner in tune 3% stability ≥75 52% (mean 62) of 95/113 | Stay in Key in key 0% of 94/113 (result 3%)
   after  Pitch Match int 55/56 pro 31/30 | Drills 50/58/55/60/59 | RTF in tune 18% steady 45% of 101/112 voiced frames (In tune×18, Listening…×11, Flat (-42ct)×7) | Choir World held ✗✗ median 72/72 ct, report pitch 55/54 in tune 12/152, 5/155

== W2: S1 (real straight) sung 40 ct sharp — target 69 (sung -14 ct, re-centred, then +40); offline gate: as read 5.31 Hz ±9 r 0.39
   before Tuner in tune 0% stability ≥75 50% (mean 56) of 113/113 | Stay in Key in key 17% of 112/112 (result 17%)
   before Pitch Match int 75/77 pro 61/61 | Drills 75/75/75/75/75 | RTF in tune 0% steady 21% of 112/112 voiced frames (Sharp (+42ct)×19, Sharp (+43ct)×14, Sharp (+41ct)×13) | Choir World held ✓✓ median 41/40 ct, report pitch 76/76 in tune 170/192, 167/192
   after  Tuner in tune 0% stability ≥75 50% (mean 57) of 112/112 | Stay in Key in key 19% of 111/111 (result 16%)
   after  Pitch Match int 76/74 pro 64/65 | Drills 75/75/75/75/75 | RTF in tune 0% steady 24% of 112/112 voiced frames (Sharp (+42ct)×21, Sharp (+43ct)×14, Sharp (+41ct)×10) | Choir World held ✓✓ median 41/40 ct, report pitch 76/76 in tune 169/192, 170/192

== W3: S1 with a slow ±60 ct wander at 0.8 Hz — target 69 (sung -14 ct, re-centred); offline gate: as read 5.31 Hz ±9 r 0.39
   before Tuner in tune 5% stability ≥75 0% (mean 10) of 115/115 | Stay in Key in key 42% of 113/113 (result 42%)
   before Pitch Match int 76/79 pro 66/63 | Drills 77/76/77/78/76 | RTF in tune 9% steady 0% of 111/111 voiced frames (In tune×10, Flat (-39ct)×4, Sharp (+43ct)×4) | Choir World held ✓✓ median 15/-1 ct, report pitch 76/77 in tune 118/192, 122/192
   after  Tuner in tune 6% stability ≥75 0% (mean 10) of 114/114 | Stay in Key in key 41% of 113/113 (result 41%)
   after  Pitch Match int 77/77 pro 63/68 | Drills 77/76/77/78/77 | RTF in tune 9% steady 0% of 112/112 voiced frames (In tune×10, Flat (-45ct)×5, Sharp (+29ct)×5) | Choir World held ✓✓ median 15/-2 ct, report pitch 76/77 in tune 118/192, 122/192

== W4: S1 with an 11 Hz ±40 ct flutter — target 69 (sung -14 ct, re-centred); offline gate: as read 5.31 Hz ±9 r 0.39
   before Tuner in tune 10% stability ≥75 0% (mean 19) of 114/114 | Stay in Key in key 79% of 113/113 (result 80%)
   before Pitch Match int 86/86 pro 79/79 | Drills 88/88/89/89/89 | RTF in tune 20% steady 0% of 113/113 voiced frames (In tune×23, Sharp (+27ct)×6, Sharp (+10ct)×4) | Choir World held ✓✓ median 8/10 ct, report pitch 86/85 in tune 192/192, 190/192
   after  Tuner in tune 5% stability ≥75 0% (mean 20) of 114/114 | Stay in Key in key 82% of 113/113 (result 81%)
   after  Pitch Match int 86/86 pro 79/78 | Drills 89/88/88/90/89 | RTF in tune 23% steady 0% of 112/112 voiced frames (In tune×26, Flat (-26ct)×5, Flat (-12ct)×5) | Choir World held ✓✓ median 6/10 ct, report pitch 86/85 in tune 192/192, 190/192

== N1: S1 sung 20 ct flat, irregular ±12 ct (RMS) unsteadiness — target 69 (sung -14 ct, re-centred, then -20); offline gate: as read 5.31 Hz ±9 r 0.39
   before Tuner in tune 8% stability ≥75 51% (mean 74) of 114/114 | Stay in Key in key 99% of 112/112 (result 98%)
   before Pitch Match int 89/86 pro 84/79 | Drills 90/90/88/89/89 | RTF in tune 4% steady 21% of 112/112 voiced frames (Flat (-16ct)×16, Flat (-15ct)×10, Flat (-19ct)×10) | Choir World held ✓✓ median -16/-18 ct, report pitch 89/89 in tune 187/192, 192/192
   after  Tuner in tune 7% stability ≥75 52% (mean 75) of 114/114 | Stay in Key in key 98% of 112/112 (result 97%)
   after  Pitch Match int 87/89 pro 80/85 | Drills 90/90/88/89/89 | RTF in tune 5% steady 25% of 112/112 voiced frames (Flat (-16ct)×12, Flat (-18ct)×12, Flat (-20ct)×11) | Choir World held ✓✓ median -17/-19 ct, report pitch 89/89 in tune 187/192, 192/192

== N2: S2 sung 25 ct sharp, irregular ±18 ct (RMS) unsteadiness — target 60 (sung +32 ct, re-centred, then +25); offline gate: as read 4.85 Hz ±19 r 0.26
   before Tuner in tune 9% stability ≥75 28% (mean 46) of 114/114 | Stay in Key in key 70% of 112/112 (result 70%)
   before Pitch Match int 84/86 pro 63/75 | Drills 85/80/85/81/85 | RTF in tune 9% steady 11% of 113/113 voiced frames (In tune×10, Sharp (+30ct)×6, Sharp (+26ct)×6) | Choir World held ✓✓ median 24/27 ct, report pitch 82/81 in tune 157/192, 160/192
   after  Tuner in tune 6% stability ≥75 31% (mean 47) of 113/113 | Stay in Key in key 73% of 112/112 (result 71%)
   after  Pitch Match int 82/80 pro 73/66 | Drills 85/80/85/79/85 | RTF in tune 8% steady 11% of 112/112 voiced frames (In tune×9, Sharp (+24ct)×8, Sharp (+26ct)×7) | Choir World held ✓✓ median 23/28 ct, report pitch 83/81 in tune 161/192, 159/192

== N3: V3 (real vibrato ±91 ct) sung 25 ct flat — target 69 (sung +27 ct, re-centred, then -25); offline gate: vibrato 4.74 Hz ±91 r 0.98
   before Tuner in tune 0% stability ≥75 100% (mean 85) of 111/115 | Stay in Key in key 83% of 115/115 (result 80%)
   before Pitch Match int 88/84 pro 78/75 | Drills 85/85/85/85/84 | RTF in tune 18% steady 96% of 115/115 voiced frames (In tune×21, Flat (-25ct)×10, Flat (-26ct)×10) | Choir World held ✓✓ median -23/-23 ct, report pitch 85/84 in tune 187/192, 178/192
   after  Tuner in tune 0% stability ≥75 100% (mean 86) of 114/115 | Stay in Key in key 85% of 115/115 (result 82%)
   after  Pitch Match int 85/85 pro 76/75 | Drills 85/86/85/85/84 | RTF in tune 19% steady 96% of 115/115 voiced frames (In tune×22, Flat (-25ct)×13, Flat (-22ct)×11) | Choir World held ✓✓ median -22/-24 ct, report pitch 85/84 in tune 183/192, 179/192

== N4: S2 sung 45 ct sharp, irregular ±18 ct (RMS) unsteadiness — target 60 (sung +32 ct, re-centred, then +45); offline gate: as read 4.85 Hz ±19 r 0.26
   before Tuner in tune 2% stability ≥75 17% (mean 18) of 115/115 | Stay in Key in key 5% of 114/114 (result 7%)
   before Pitch Match int 73/75 pro 57/59 | Drills 75/69/74/70/74 | RTF in tune 3% steady 15% of 114/114 voiced frames (Sharp (+45ct)×9, Sharp (+49ct)×6, Sharp (+44ct)×5) | Choir World held ✓✓ median 45/47 ct, report pitch 72/71 in tune 128/192, 112/192
   after  Tuner in tune 1% stability ≥75 14% (mean 18) of 115/115 | Stay in Key in key 5% of 114/114 (result 9%)
   after  Pitch Match int 71/67 pro 59/50 | Drills 75/69/74/69/74 | RTF in tune 3% steady 15% of 114/114 voiced frames (Sharp (+45ct)×7, Sharp (+44ct)×7, Sharp (+46ct)×6) | Choir World held ✓✓ median 45/47 ct, report pitch 72/70 in tune 121/192, 104/192
   note: V5 (real vibrato read as irregular) pmInt: 92 → 88
   note: V5 (real vibrato read as irregular) pmPro: 90 → 89
   note: V5 (real vibrato read as irregular) drills: 85 → 85
   note: V5 (real vibrato read as irregular) cwPitch: 91 → 91
   note: W1 sits at ~51 ct, next to Choir World's ±50 line: held false,false (median 52,52)

==== Tuner / Stay in Key (measured, not checked)
   V1  vibrato           Tuner in tune 15% → 21%, stability ≥75 45% → 45% | Stay in Key in key 93% → 96%
   V2  vibrato           Tuner in tune 40% → 39%, stability ≥75 21% → 13% | Stay in Key in key 81% → 81%
   V3  vibrato           Tuner in tune 65% → 67%, stability ≥75 100% → 100% | Stay in Key in key 100% → 98%
   V4  vibrato           Tuner in tune 75% → 73%, stability ≥75 96% → 97% | Stay in Key in key 98% → 96%
   V5  vibrato-irregular Tuner in tune 34% → 35%, stability ≥75 39% → 32% | Stay in Key in key 90% → 89%
   V6  vibrato           Tuner in tune 47% → 50%, stability ≥75 79% → 77% | Stay in Key in key 99% → 100%
   S1  straight          Tuner in tune 76% → 77%, stability ≥75 89% → 96% | Stay in Key in key 100% → 100%
   S2  straight          Tuner in tune 72% → 74%, stability ≥75 72% → 73% | Stay in Key in key 98% → 99%
   W1  wrong             Tuner in tune 2% → 1%, stability ≥75 2% → 1% | Stay in Key in key 3% → 4%
   W5  wrong             Tuner in tune 8% → 3%, stability ≥75 54% → 52% | Stay in Key in key 1% → 0%
   W2  wrong             Tuner in tune 0% → 0%, stability ≥75 50% → 50% | Stay in Key in key 17% → 19%
   W3  wander            Tuner in tune 5% → 6%, stability ≥75 0% → 0% | Stay in Key in key 42% → 41%
   W4  flutter           Tuner in tune 10% → 5%, stability ≥75 0% → 0% | Stay in Key in key 79% → 82%
   N1  unsteady          Tuner in tune 8% → 7%, stability ≥75 51% → 52% | Stay in Key in key 99% → 98%
   N2  unsteady          Tuner in tune 9% → 6%, stability ≥75 28% → 31% | Stay in Key in key 70% → 73%
   N3  wrong             Tuner in tune 0% → 0%, stability ≥75 100% → 100% | Stay in Key in key 83% → 85%
   N4  unsteady          Tuner in tune 2% → 1%, stability ≥75 17% → 14% | Stay in Key in key 5% → 5%

==== VERDICT: 77 passed, 31 failed
FAIL V1 vibrato pmInt: 90 → 92 (straight notes 95; must be within 8 and up ≥3)
FAIL V1 vibrato pmPro: 88 → 88 (straight notes 92; must be within 8 and up ≥3)
FAIL V1 vibrato drills: 91 → 91 (straight notes 96; must be within 8 and up ≥3)
FAIL V1 vibrato cwPitch: 92 → 91 (straight notes 96; must be within 8 and up ≥3)
FAIL V1 vibrato RTF rtfInTune: 59% → 64% (straight notes 82%; must be within 20 and up ≥20)
FAIL V1 vibrato RTF rtfSteady: 37% → 36% (straight notes 42%; must be within 20 and up ≥20)
FAIL V2 vibrato pmInt: 93 → 94 (straight notes 95; must be within 8 and up ≥3)
FAIL V2 vibrato pmPro: 89 → 91 (straight notes 92; must be within 8 and up ≥3)
FAIL V2 vibrato drills: 94 → 93 (straight notes 96; must be within 8 and up ≥3)
FAIL V2 vibrato cwPitch: 94 → 94 (straight notes 96; must be within 8 and up ≥3)
FAIL V2 vibrato RTF rtfInTune: 73% → 78% (straight notes 82%; must be within 20 and up ≥20)
FAIL V2 vibrato RTF rtfSteady: 36% → 38% (straight notes 42%; must be within 20 and up ≥20)
FAIL V3 vibrato pmInt: 95 → 95 (straight notes 95; must be within 8 and up ≥3)
FAIL V3 vibrato pmPro: 93 → 92 (straight notes 92; must be within 8 and up ≥3)
FAIL V3 vibrato drills: 95 → 95 (straight notes 96; must be within 8 and up ≥3)
FAIL V3 vibrato cwPitch: 95 → 96 (straight notes 96; must be within 8 and up ≥3)
FAIL V3 vibrato RTF rtfInTune: 100% → 100% (straight notes 82%; must be within 20 and up ≥20)
FAIL V3 vibrato RTF rtfSteady: 98% → 97% (straight notes 42%; must be within 20 and up ≥20)
FAIL V4 vibrato pmInt: 97 → 95 (straight notes 95; must be within 8 and up ≥3)
FAIL V4 vibrato pmPro: 96 → 96 (straight notes 92; must be within 8 and up ≥3)
FAIL V4 vibrato drills: 95 → 96 (straight notes 96; must be within 8 and up ≥3)
FAIL V4 vibrato cwPitch: 96 → 95 (straight notes 96; must be within 8 and up ≥3)
FAIL V4 vibrato RTF rtfInTune: 94% → 99% (straight notes 82%; must be within 20 and up ≥20)
FAIL V4 vibrato RTF rtfSteady: 96% → 96% (straight notes 42%; must be within 20 and up ≥20)
FAIL V6 vibrato pmInt: 93 → 93 (straight notes 95; must be within 8 and up ≥3)
FAIL V6 vibrato pmPro: 91 → 89 (straight notes 92; must be within 8 and up ≥3)
FAIL V6 vibrato drills: 92 → 92 (straight notes 96; must be within 8 and up ≥3)
FAIL V6 vibrato cwPitch: 93 → 93 (straight notes 96; must be within 8 and up ≥3)
FAIL V6 vibrato RTF rtfInTune: 82% → 80% (straight notes 82%; must be within 20 and up ≥20)
FAIL V6 vibrato RTF rtfSteady: 63% → 62% (straight notes 42%; must be within 20 and up ≥20)
FAIL W2 wrong pmPro: 61 → 65 (no vibrato in it: must not rise more than 3)
pass V1 vibrato Choir World held: true
pass V2 vibrato Choir World held: true
pass V3 vibrato Choir World held: true
pass V4 vibrato Choir World held: true
pass V6 vibrato Choir World held: true
pass S1 straight pmInt: 97 → 97 (must not move more than 3)
pass S1 straight pmPro: 96 → 95 (must not move more than 3)
pass S1 straight drills: 98 → 98 (must not move more than 3)
pass S1 straight cwPitch: 96 → 97 (must not move more than 3)
pass S1 straight RTF rtfInTune: 88% → 85% (must not drop >10)
pass S1 straight RTF rtfSteady: 72% → 74% (must not drop >10)
pass S1 straight Choir World held: true
pass S2 straight pmInt: 94 → 93 (must not move more than 3)
pass S2 straight pmPro: 89 → 88 (must not move more than 3)
pass S2 straight drills: 93 → 93 (must not move more than 3)
pass S2 straight cwPitch: 94 → 94 (must not move more than 3)
pass S2 straight RTF rtfInTune: 77% → 78% (must not drop >10)
pass S2 straight RTF rtfSteady: 5% → 10% (must not drop >10)
pass S2 straight Choir World held: true
pass W1 V1 (real vibrato) sung 60 ct sharp pmInt: 63 → 68 (a straight note 51 ct off scores 69; must be within 6 of that and ≥10 below the straight notes 95)
pass W1 V1 (real vibrato) sung 60 ct sharp pmPro: 50 → 50 (a straight note 51 ct off scores 54; must be within 6 of that and ≥10 below the straight notes 92)
pass W1 V1 (real vibrato) sung 60 ct sharp drills: 67 → 68 (a straight note 51 ct off scores 69; must be within 6 of that and ≥10 below the straight notes 96)
pass W1 V1 (real vibrato) sung 60 ct sharp cwPitch: 67 → 67 (a straight note 51 ct off scores 69; must be within 6 of that and ≥10 below the straight notes 96)
pass W1 wrong RTF "In tune": 6% → 4% (must not rise >5)
pass W5 V1 (real vibrato) sung 80 ct sharp pmInt: 51 → 56 (a straight note 73 ct off scores 56; must be within 6 of that and ≥10 below the straight notes 95)
pass W5 V1 (real vibrato) sung 80 ct sharp pmPro: 32 → 31 (a straight note 73 ct off scores 34; must be within 6 of that and ≥10 below the straight notes 92)
pass W5 V1 (real vibrato) sung 80 ct sharp drills: 56 → 56 (a straight note 73 ct off scores 56; must be within 6 of that and ≥10 below the straight notes 96)
pass W5 V1 (real vibrato) sung 80 ct sharp cwPitch: 54 → 55 (a straight note 73 ct off scores 56; must be within 6 of that and ≥10 below the straight notes 96)
pass W5 wrong RTF "In tune": 19% → 18% (must not rise >5)
pass W5 V1 (real vibrato) sung 80 ct sharp Choir World held: false,false (must fail: past the ±50 tolerance)
pass W2 wrong pmInt: 76 → 75 (no vibrato in it: must not rise more than 3)
pass W2 wrong drills: 75 → 75 (no vibrato in it: must not rise more than 3)
pass W2 wrong cwPitch: 76 → 76 (no vibrato in it: must not rise more than 3)
pass W2 wrong RTF "In tune": 0% → 0% (must not rise >5)
pass W3 wander pmInt: 78 → 77 (no vibrato in it: must not rise more than 3)
pass W3 wander pmPro: 65 → 66 (no vibrato in it: must not rise more than 3)
pass W3 wander drills: 77 → 77 (no vibrato in it: must not rise more than 3)
pass W3 wander cwPitch: 77 → 77 (no vibrato in it: must not rise more than 3)
pass W3 wander RTF "Steady": 0% → 0% (no vibrato in it: must not rise >5)
pass W3 S1 with a slow ±60 ct wander at 0.8 Hz RTF "Steady": 0% → 0% (wobbly, no vibrato: must read Steady on ≤25% of voiced frames)
pass W4 flutter pmInt: 86 → 86 (no vibrato in it: must not rise more than 3)
pass W4 flutter pmPro: 79 → 79 (no vibrato in it: must not rise more than 3)
pass W4 flutter drills: 89 → 89 (no vibrato in it: must not rise more than 3)
pass W4 flutter cwPitch: 86 → 86 (no vibrato in it: must not rise more than 3)
pass W4 flutter RTF "In tune": 20% → 23% (must not rise >5)
pass W4 flutter RTF "Steady": 0% → 0% (no vibrato in it: must not rise >5)
pass W4 S1 with an 11 Hz ±40 ct flutter RTF "Steady": 0% → 0% (wobbly, no vibrato: must read Steady on ≤25% of voiced frames)
pass N1 unsteady pmInt: 88 → 88 (no vibrato in it: must not rise more than 3)
pass N1 unsteady pmPro: 82 → 83 (no vibrato in it: must not rise more than 3)
pass N1 unsteady drills: 89 → 89 (no vibrato in it: must not rise more than 3)
pass N1 unsteady cwPitch: 89 → 89 (no vibrato in it: must not rise more than 3)
pass N1 unsteady RTF "In tune": 4% → 5% (must not rise >5)
pass N1 S1 sung 20 ct flat, irregular ±12 ct (RMS) unsteadiness RTF "In tune": 4% → 5% (off pitch past the window: must read in tune ≤25% of voiced frames)
pass N1 unsteady RTF "Steady": 21% → 25% (no vibrato in it: must not rise >5)
pass N1 S1 sung 20 ct flat, irregular ±12 ct (RMS) unsteadiness RTF "Steady": 21% → 25% (wobbly, no vibrato: must read Steady on ≤25% of voiced frames)
pass N2 unsteady pmInt: 85 → 81 (no vibrato in it: must not rise more than 3)
pass N2 unsteady pmPro: 69 → 70 (no vibrato in it: must not rise more than 3)
pass N2 unsteady drills: 83 → 83 (no vibrato in it: must not rise more than 3)
pass N2 unsteady cwPitch: 82 → 82 (no vibrato in it: must not rise more than 3)
pass N2 unsteady RTF "In tune": 9% → 8% (must not rise >5)
pass N2 S2 sung 25 ct sharp, irregular ±18 ct (RMS) unsteadiness RTF "In tune": 9% → 8% (off pitch past the window: must read in tune ≤25% of voiced frames)
pass N2 unsteady RTF "Steady": 11% → 11% (no vibrato in it: must not rise >5)
pass N2 S2 sung 25 ct sharp, irregular ±18 ct (RMS) unsteadiness RTF "Steady": 11% → 11% (wobbly, no vibrato: must read Steady on ≤25% of voiced frames)
pass N3 V3 (real vibrato ±91 ct) sung 25 ct flat pmInt: 86 → 85 (a straight note 23 ct off scores 86; must be within 6 of that)
pass N3 V3 (real vibrato ±91 ct) sung 25 ct flat pmPro: 77 → 76 (a straight note 23 ct off scores 79; must be within 6 of that)
pass N3 V3 (real vibrato ±91 ct) sung 25 ct flat drills: 85 → 85 (a straight note 23 ct off scores 86; must be within 6 of that)
pass N3 V3 (real vibrato ±91 ct) sung 25 ct flat cwPitch: 85 → 85 (a straight note 23 ct off scores 86; must be within 6 of that)
pass N3 wrong RTF "In tune": 18% → 19% (must not rise >5)
pass N3 V3 (real vibrato ±91 ct) sung 25 ct flat RTF "In tune": 18% → 19% (off pitch past the window: must read in tune ≤25% of voiced frames)
pass N4 unsteady pmInt: 74 → 69 (no vibrato in it: must not rise more than 3)
pass N4 unsteady pmPro: 58 → 55 (no vibrato in it: must not rise more than 3)
pass N4 unsteady drills: 72 → 72 (no vibrato in it: must not rise more than 3)
pass N4 unsteady cwPitch: 72 → 71 (no vibrato in it: must not rise more than 3)
pass N4 unsteady RTF "In tune": 3% → 3% (must not rise >5)
pass N4 S2 sung 45 ct sharp, irregular ±18 ct (RMS) unsteadiness RTF "In tune": 3% → 3% (off pitch past the window: must read in tune ≤25% of voiced frames)
pass N4 unsteady RTF "Steady": 15% → 15% (no vibrato in it: must not rise >5)
pass N4 S2 sung 45 ct sharp, irregular ±18 ct (RMS) unsteadiness RTF "Steady": 15% → 15% (wobbly, no vibrato: must read Steady on ≤25% of voiced frames)

log: /Users/alegramusenge/Documents/voxcoach-app/scripts/vq-verify/logs/vibfix-local-2026-10-04T17-11-19.log  json: /Users/alegramusenge/Documents/voxcoach-app/scripts/vq-verify/logs/vibfix-local-2026-10-04T17-11-19.json
