vibfix 2026-10-07T03-21-38  sides: before, after  before: master  mode: regress (rises become "must not move")

== V1: vibrato-628@2896 centred — target 69 (sung -1 ct, re-centred); offline gate: vibrato 6.16 Hz ±66 r 0.83
   before #1 Tuner in tune 19% stability ≥75 47% (mean 63) of 91/116 | Stay in Key in key 93% of 90/115 (result 93%)
   before #1 Pitch Match int 91/92 pro 89/87 | Drills 90/91/90/91/92 | RTF in tune 65% steady 35% of 91/115 voiced frames (In tune×59, Listening…×24, Flat (-23ct)×8) | Choir World held ✓✓ median -8/-9 ct, report pitch 91/92 in tune 151/153, 154/154
   after #1  Tuner in tune 23% stability ≥75 43% (mean 62) of 91/115 | Stay in Key in key 93% of 91/115 (result 94%)
   after #1  Pitch Match int 90/92 pro 90/86 | Drills 91/91/90/91/90 | RTF in tune 59% steady 35% of 92/115 voiced frames (In tune×54, Listening…×23, Flat (-23ct)×6) | Choir World held ✓✓ median -5/-11 ct, report pitch 93/91 in tune 152/152, 154/154
   before #2 Tuner in tune 16% stability ≥75 44% (mean 63) of 91/115 | Stay in Key in key 93% of 91/115 (result 95%)
   before #2 Pitch Match int 91/92 pro 89/88 | Drills 90/91/90/90/91 | RTF in tune 59% steady 36% of 90/114 voiced frames (In tune×53, Listening…×24, Flat (-23ct)×5) | Choir World held ✓✓ median -5/-11 ct, report pitch 92/91 in tune 153/153, 153/154
   after #2  Tuner in tune 18% stability ≥75 45% (mean 63) of 90/114 | Stay in Key in key 94% of 88/113 (result 94%)
   after #2  Pitch Match int 91/92 pro 89/86 | Drills 90/91/90/91/92 | RTF in tune 60% steady 37% of 90/113 voiced frames (In tune×54, Listening…×23, Flat (-24ct)×5) | Choir World held ✓✓ median -7/-11 ct, report pitch 92/91 in tune 154/154, 153/154
   before #3 Tuner in tune 18% stability ≥75 44% (mean 63) of 91/114 | Stay in Key in key 95% of 88/113 (result 96%)
   before #3 Pitch Match int 91/92 pro 89/86 | Drills 91/91/90/91/92 | RTF in tune 60% steady 32% of 90/113 voiced frames (In tune×54, Listening…×23, Flat (-24ct)×5) | Choir World held ✓✓ median -7/-10 ct, report pitch 91/91 in tune 154/154, 153/154
   after #3  Tuner in tune 19% stability ≥75 44% (mean 63) of 91/115 | Stay in Key in key 96% of 89/113 (result 93%)
   after #3  Pitch Match int 91/92 pro 89/87 | Drills 91/91/90/91/91 | RTF in tune 65% steady 39% of 89/112 voiced frames (In tune×58, Listening…×23, Flat (-23ct)×6) | Choir World held ✓✓ median -6/-10 ct, report pitch 93/91 in tune 152/152, 154/154

== V2: vibrato-3131@8046 centred — target 49 (sung -32 ct, re-centred); offline gate: vibrato 5.07 Hz ±106 r 0.94
   before #1 Tuner in tune 30% stability ≥75 14% (mean 48) of 92/114 | Stay in Key in key 73% of 98/113 (result 74%)
   before #1 Pitch Match int 92/91 pro 89/90 | Drills 94/93/93/93/93 | RTF in tune 74% steady 33% of 91/113 voiced frames (In tune×67, Listening…×22, Sharp (+21ct)×4) | Choir World held ✓✓ median 3/5 ct, report pitch 94/94 in tune 147/147, 168/168
   after #1  Tuner in tune 25% stability ≥75 22% (mean 53) of 93/115 | Stay in Key in key 73% of 99/113 (result 74%)
   after #1  Pitch Match int 92/93 pro 91/90 | Drills 94/94/93/93/93 | RTF in tune 74% steady 33% of 90/112 voiced frames (In tune×67, Listening…×22, Sharp (+22ct)×4) | Choir World held ✓✓ median 0/6 ct, report pitch 94/94 in tune 155/155, 169/169
   before #2 Tuner in tune 34% stability ≥75 20% (mean 50) of 91/115 | Stay in Key in key 75% of 99/113 (result 74%)
   before #2 Pitch Match int 93/93 pro 89/90 | Drills 94/93/94/93/93 | RTF in tune 75% steady 36% of 92/113 voiced frames (In tune×69, Listening…×21, Sharp (+19ct)×3) | Choir World held ✓✓ median 5/7 ct, report pitch 94/93 in tune 151/151, 169/169
   after #2  Tuner in tune 29% stability ≥75 11% (mean 52) of 92/115 | Stay in Key in key 72% of 99/113 (result 74%)
   after #2  Pitch Match int 92/91 pro 91/88 | Drills 94/93/93/92/93 | RTF in tune 76% steady 35% of 91/113 voiced frames (In tune×69, Listening…×22, Sharp (+21ct)×2) | Choir World held ✓✓ median 3/9 ct, report pitch 94/93 in tune 150/150, 169/169
   before #3 Tuner in tune 30% stability ≥75 10% (mean 54) of 92/114 | Stay in Key in key 74% of 98/112 (result 73%)
   before #3 Pitch Match int 92/92 pro 90/89 | Drills 94/94/94/94/93 | RTF in tune 74% steady 34% of 90/113 voiced frames (In tune×67, Listening…×23, Sharp (+30ct)×2) | Choir World held ✓✓ median 3/7 ct, report pitch 94/93 in tune 147/147, 169/169
   after #3  Tuner in tune 28% stability ≥75 10% (mean 47) of 90/114 | Stay in Key in key 76% of 99/113 (result 74%)
   after #3  Pitch Match int 92/91 pro 89/90 | Drills 94/93/94/93/93 | RTF in tune 77% steady 36% of 92/113 voiced frames (In tune×71, Listening…×21, Flat (-24ct)×2) | Choir World held ✓✓ median 3/7 ct, report pitch 94/93 in tune 150/150, 169/169

== V3: vibrato-1154@4013 centred — target 69 (sung +27 ct, re-centred); offline gate: vibrato 4.74 Hz ±91 r 0.98
   before #1 Tuner in tune 67% stability ≥75 100% (mean 87) of 114/115 | Stay in Key in key 100% of 113/113 (result 93%)
   before #1 Pitch Match int 95/95 pro 92/92 | Drills 95/95/95/95/95 | RTF in tune 100% steady 96% of 113/113 voiced frames (In tune×113) | Choir World held ✓✓ median 4/1 ct, report pitch 95/95 in tune 192/192, 192/192
   after #1  Tuner in tune 66% stability ≥75 100% (mean 85) of 115/115 | Stay in Key in key 100% of 114/114 (result 94%)
   after #1  Pitch Match int 95/95 pro 93/91 | Drills 95/95/95/95/95 | RTF in tune 100% steady 95% of 111/111 voiced frames (In tune×111) | Choir World held ✓✓ median 3/2 ct, report pitch 95/95 in tune 192/192, 192/192
   before #2 Tuner in tune 67% stability ≥75 100% (mean 85) of 114/115 | Stay in Key in key 100% of 115/115 (result 94%)
   before #2 Pitch Match int 95/95 pro 92/92 | Drills 95/95/95/95/95 | RTF in tune 100% steady 96% of 114/114 voiced frames (In tune×114) | Choir World held ✓✓ median 4/2 ct, report pitch 95/95 in tune 192/192, 192/192
   after #2  Tuner in tune 65% stability ≥75 100% (mean 85) of 112/115 | Stay in Key in key 99% of 115/115 (result 94%)
   after #2  Pitch Match int 95/95 pro 91/92 | Drills 95/95/95/95/95 | RTF in tune 100% steady 97% of 115/115 voiced frames (In tune×115) | Choir World held ✓✓ median 3/2 ct, report pitch 95/95 in tune 192/192, 192/192
   before #3 Tuner in tune 67% stability ≥75 100% (mean 87) of 116/116 | Stay in Key in key 99% of 115/115 (result 94%)
   before #3 Pitch Match int 95/95 pro 92/91 | Drills 95/95/95/95/95 | RTF in tune 100% steady 97% of 114/114 voiced frames (In tune×114) | Choir World held ✓✓ median 3/1 ct, report pitch 95/95 in tune 192/192, 192/192
   after #3  Tuner in tune 66% stability ≥75 100% (mean 85) of 113/115 | Stay in Key in key 98% of 115/115 (result 94%)
   after #3  Pitch Match int 95/95 pro 91/92 | Drills 95/95/95/95/95 | RTF in tune 100% steady 97% of 114/114 voiced frames (In tune×114) | Choir World held ✓✓ median 3/1 ct, report pitch 95/95 in tune 192/192, 192/192

== V4: vibrato-772@4946 centred — target 67 (sung +24 ct, re-centred); offline gate: vibrato 5.28 Hz ±90 r 0.98
   before #1 Tuner in tune 76% stability ≥75 100% (mean 87) of 114/115 | Stay in Key in key 98% of 115/115 (result 94%)
   before #1 Pitch Match int 96/96 pro 96/95 | Drills 96/95/96/96/96 | RTF in tune 96% steady 96% of 114/114 voiced frames (In tune×110, Flat (-21ct)×2, Flat (-23ct)×1) | Choir World held ✓✓ median -2/-2 ct, report pitch 95/96 in tune 190/192, 192/192
   after #1  Tuner in tune 72% stability ≥75 97% (mean 85) of 112/114 | Stay in Key in key 99% of 113/113 (result 94%)
   after #1  Pitch Match int 95/95 pro 95/94 | Drills 96/96/96/96/95 | RTF in tune 95% steady 96% of 112/112 voiced frames (In tune×106, Flat (-21ct)×3, Flat (-23ct)×1) | Choir World held ✓✓ median -1/-1 ct, report pitch 96/95 in tune 191/192, 190/191
   before #2 Tuner in tune 75% stability ≥75 92% (mean 85) of 113/113 | Stay in Key in key 98% of 113/113 (result 93%)
   before #2 Pitch Match int 96/96 pro 96/96 | Drills 96/96/96/96/95 | RTF in tune 95% steady 95% of 112/112 voiced frames (In tune×106, Flat (-22ct)×3, Flat (-21ct)×2) | Choir World held ✓✓ median -1/-1 ct, report pitch 95/96 in tune 190/191, 190/191
   after #2  Tuner in tune 73% stability ≥75 100% (mean 86) of 113/114 | Stay in Key in key 98% of 113/113 (result 93%)
   after #2  Pitch Match int 95/95 pro 95/93 | Drills 96/96/96/96/95 | RTF in tune 96% steady 94% of 112/112 voiced frames (In tune×108, Flat (-21ct)×2, Flat (-25ct)×2) | Choir World held ✓✓ median 0/-2 ct, report pitch 96/95 in tune 192/192, 191/192
   before #3 Tuner in tune 77% stability ≥75 98% (mean 86) of 113/114 | Stay in Key in key 99% of 112/112 (result 93%)
   before #3 Pitch Match int 96/96 pro 93/91 | Drills 96/95/96/96/94 | RTF in tune 96% steady 96% of 112/112 voiced frames (In tune×107, Flat (-22ct)×4, Flat (-21ct)×1) | Choir World held ✓✓ median -1/-1 ct, report pitch 95/95 in tune 191/192, 192/192
   after #3  Tuner in tune 70% stability ≥75 99% (mean 86) of 111/114 | Stay in Key in key 99% of 113/113 (result 93%)
   after #3  Pitch Match int 96/96 pro 95/94 | Drills 96/95/96/96/94 | RTF in tune 96% steady 96% of 112/112 voiced frames (In tune×107, Flat (-21ct)×2, Flat (-22ct)×2) | Choir World held ✓✓ median -3/-1 ct, report pitch 95/95 in tune 191/192, 192/192

== V5: vibrato-2417@7396 centred — target 52 (sung +38 ct, re-centred); offline gate: as read 5.35 Hz ±49 r 0.32
   before #1 Tuner in tune 31% stability ≥75 25% (mean 59) of 90/114 | Stay in Key in key 88% of 92/113 (result 89%)
   before #1 Pitch Match int 85/85 pro 77/90 | Drills 84/93/84/93/83 | RTF in tune 68% steady 18% of 112/112 voiced frames (In tune×76, Sharp (+16ct)×4, Flat (-38ct)×3) | Choir World held ✓✓ median -4/-3 ct, report pitch 91/90 in tune 154/162, 141/149
   after #1  Tuner in tune 39% stability ≥75 34% (mean 62) of 92/115 | Stay in Key in key 89% of 91/113 (result 88%)
   after #1  Pitch Match int 84/90 pro 77/74 | Drills 83/93/83/83/83 | RTF in tune 68% steady 12% of 111/112 voiced frames (In tune×75, Sharp (+18ct)×5, Sharp (+16ct)×2) | Choir World held ✓✓ median -1/-2 ct, report pitch 81/91 in tune 133/157, 149/156
   before #2 Tuner in tune 35% stability ≥75 30% (mean 64) of 94/114 | Stay in Key in key 90% of 90/114 (result 87%)
   before #2 Pitch Match int 91/85 pro 76/91 | Drills 83/93/83/83/83 | RTF in tune 68% steady 17% of 112/112 voiced frames (In tune×76, Sharp (+18ct)×5, Sharp (+24ct)×3) | Choir World held ✓✓ median -4/-3 ct, report pitch 91/91 in tune 156/163, 145/151
   after #2  Tuner in tune 31% stability ≥75 28% (mean 60) of 93/116 | Stay in Key in key 89% of 91/114 (result 88%)
   after #2  Pitch Match int 85/84 pro 76/89 | Drills 84/92/84/93/84 | RTF in tune 61% steady 16% of 113/114 voiced frames (In tune×69, Sharp (+17ct)×5, Sharp (+21ct)×4) | Choir World held ✓✓ median 0/-3 ct, report pitch 82/90 in tune 136/164, 140/149
   before #3 Tuner in tune 33% stability ≥75 29% (mean 61) of 91/115 | Stay in Key in key 92% of 90/114 (result 90%)
   before #3 Pitch Match int 85/90 pro 75/88 | Drills 83/83/84/92/84 | RTF in tune 64% steady 23% of 111/114 voiced frames (In tune×71, Sharp (+20ct)×4, Sharp (+18ct)×3) | Choir World held ✓✓ median -3/-4 ct, report pitch 91/90 in tune 158/163, 145/152
   after #3  Tuner in tune 35% stability ≥75 31% (mean 62) of 92/115 | Stay in Key in key 93% of 92/114 (result 91%)
   after #3  Pitch Match int 90/84 pro 74/86 | Drills 83/82/83/93/84 | RTF in tune 68% steady 27% of 114/114 voiced frames (In tune×78, Sharp (+17ct)×3, Sharp (+23ct)×3) | Choir World held ✓✓ median -5/-4 ct, report pitch 92/91 in tune 156/163, 139/147

== V6: vibrato-2961@630 centred — target 49 (sung -27 ct, re-centred); offline gate: vibrato 5.28 Hz ±52 r 0.55
   before #1 Tuner in tune 47% stability ≥75 79% (mean 79) of 114/116 | Stay in Key in key 100% of 115/115 (result 97%)
   before #1 Pitch Match int 92/93 pro 86/92 | Drills 91/94/92/94/92 | RTF in tune 82% steady 66% of 114/114 voiced frames (In tune×93, Sharp (+18ct)×4, Sharp (+20ct)×3) | Choir World held ✓✓ median -3/1 ct, report pitch 92/93 in tune 192/192, 189/192
   after #1  Tuner in tune 48% stability ≥75 80% (mean 78) of 116/116 | Stay in Key in key 100% of 115/115 (result 97%)
   after #1  Pitch Match int 93/93 pro 85/91 | Drills 91/94/92/93/92 | RTF in tune 76% steady 67% of 114/114 voiced frames (In tune×87, Sharp (+18ct)×3, Sharp (+21ct)×3) | Choir World held ✓✓ median -3/1 ct, report pitch 92/94 in tune 191/191, 189/192
   before #2 Tuner in tune 45% stability ≥75 74% (mean 78) of 114/114 | Stay in Key in key 100% of 113/113 (result 96%)
   before #2 Pitch Match int 93/93 pro 86/91 | Drills 91/94/92/94/91 | RTF in tune 82% steady 64% of 112/112 voiced frames (In tune×92, Flat (-19ct)×3, Sharp (+19ct)×2) | Choir World held ✓✓ median -2/0 ct, report pitch 92/93 in tune 190/190, 190/192
   after #2  Tuner in tune 50% stability ≥75 77% (mean 79) of 113/114 | Stay in Key in key 100% of 113/113 (result 97%)
   after #2  Pitch Match int 93/93 pro 86/91 | Drills 92/94/92/94/91 | RTF in tune 82% steady 60% of 112/112 voiced frames (In tune×92, Flat (-18ct)×4, Sharp (+18ct)×4) | Choir World held ✓✓ median -3/1 ct, report pitch 92/93 in tune 190/191, 189/192
   before #3 Tuner in tune 49% stability ≥75 83% (mean 79) of 114/115 | Stay in Key in key 99% of 111/112 (result 98%)
   before #3 Pitch Match int 92/93 pro 85/92 | Drills 91/94/92/94/91 | RTF in tune 84% steady 67% of 113/113 voiced frames (In tune×95, Sharp (+17ct)×4, Sharp (+21ct)×3) | Choir World held ✓✓ median -4/1 ct, report pitch 92/93 in tune 192/192, 190/192
   after #3  Tuner in tune 45% stability ≥75 78% (mean 79) of 114/114 | Stay in Key in key 100% of 113/113 (result 97%)
   after #3  Pitch Match int 93/92 pro 86/91 | Drills 91/94/92/94/91 | RTF in tune 85% steady 71% of 112/112 voiced frames (In tune×95, Sharp (+18ct)×4, Flat (-20ct)×3) | Choir World held ✓✓ median -2/0 ct, report pitch 92/94 in tune 182/191, 189/192

== S1: straight-625@3246 centred — target 69 (sung -14 ct, re-centred); offline gate: as read 5.31 Hz ±9 r 0.39
   before #1 Tuner in tune 77% stability ≥75 91% (mean 85) of 115/115 | Stay in Key in key 100% of 114/114 (result 100%)
   before #1 Pitch Match int 96/98 pro 94/97 | Drills 98/98/98/98/98 | RTF in tune 84% steady 76% of 114/114 voiced frames (In tune×96, Flat (-12ct)×3, Sharp (+9ct)×2) | Choir World held ✓✓ median 1/0 ct, report pitch 96/96 in tune 192/192, 192/192
   after #1  Tuner in tune 79% stability ≥75 97% (mean 88) of 114/114 | Stay in Key in key 100% of 113/113 (result 100%)
   after #1  Pitch Match int 96/98 pro 94/98 | Drills 98/98/98/98/98 | RTF in tune 86% steady 76% of 114/114 voiced frames (In tune×98, Flat (-13ct)×5, Flat (-14ct)×3) | Choir World held ✓✓ median 0/0 ct, report pitch 98/96 in tune 192/192, 192/192
   before #2 Tuner in tune 79% stability ≥75 96% (mean 87) of 114/114 | Stay in Key in key 100% of 113/113 (result 100%)
   before #2 Pitch Match int 96/98 pro 95/97 | Drills 98/98/98/98/98 | RTF in tune 86% steady 73% of 112/112 voiced frames (In tune×96, Flat (-12ct)×3, Sharp (+9ct)×2) | Choir World held ✓✓ median 0/0 ct, report pitch 98/96 in tune 192/192, 192/192
   after #2  Tuner in tune 78% stability ≥75 89% (mean 84) of 114/114 | Stay in Key in key 100% of 112/112 (result 100%)
   after #2  Pitch Match int 96/98 pro 95/94 | Drills 98/98/98/98/98 | RTF in tune 87% steady 77% of 112/112 voiced frames (In tune×97, Sharp (+9ct)×3, Flat (-9ct)×2) | Choir World held ✓✓ median -1/1 ct, report pitch 98/96 in tune 192/192, 192/192
   before #3 Tuner in tune 83% stability ≥75 93% (mean 88) of 114/114 | Stay in Key in key 100% of 112/112 (result 100%)
   before #3 Pitch Match int 96/98 pro 95/97 | Drills 98/98/98/98/98 | RTF in tune 83% steady 76% of 112/112 voiced frames (In tune×93, Flat (-14ct)×4, Sharp (+11ct)×3) | Choir World held ✓✓ median 0/0 ct, report pitch 98/96 in tune 192/192, 192/192
   after #3  Tuner in tune 78% stability ≥75 91% (mean 85) of 114/114 | Stay in Key in key 100% of 113/113 (result 100%)
   after #3  Pitch Match int 96/98 pro 95/97 | Drills 98/99/98/98/98 | RTF in tune 82% steady 79% of 112/112 voiced frames (In tune×92, Flat (-14ct)×4, Sharp (+11ct)×3) | Choir World held ✓✓ median 0/0 ct, report pitch 98/96 in tune 192/192, 192/192

== S2: straight-286@630 centred — target 60 (sung +32 ct, re-centred); offline gate: as read 4.85 Hz ±19 r 0.26
   before #1 Tuner in tune 71% stability ≥75 72% (mean 79) of 114/114 | Stay in Key in key 99% of 113/113 (result 95%)
   before #1 Pitch Match int 97/88 pro 95/82 | Drills 96/90/97/88/95 | RTF in tune 78% steady 8% of 113/113 voiced frames (In tune×88, Sharp (+18ct)×3, Sharp (+30ct)×2) | Choir World held ✓✓ median 2/1 ct, report pitch 97/90 in tune 192/192, 185/192
   after #1  Tuner in tune 74% stability ≥75 64% (mean 78) of 114/114 | Stay in Key in key 99% of 113/113 (result 96%)
   after #1  Pitch Match int 97/88 pro 95/83 | Drills 96/90/97/88/95 | RTF in tune 79% steady 7% of 112/112 voiced frames (In tune×89, Sharp (+18ct)×2, Sharp (+26ct)×2) | Choir World held ✓✓ median 1/1 ct, report pitch 97/90 in tune 192/192, 188/192
   before #2 Tuner in tune 75% stability ≥75 75% (mean 79) of 114/114 | Stay in Key in key 99% of 113/113 (result 96%)
   before #2 Pitch Match int 97/88 pro 95/82 | Drills 96/90/97/88/95 | RTF in tune 75% steady 7% of 113/113 voiced frames (In tune×85, Sharp (+26ct)×3, Sharp (+12ct)×3) | Choir World held ✓✓ median 1/1 ct, report pitch 97/90 in tune 192/192, 187/192
   after #2  Tuner in tune 75% stability ≥75 75% (mean 78) of 114/114 | Stay in Key in key 99% of 113/113 (result 96%)
   after #2  Pitch Match int 97/88 pro 95/83 | Drills 96/90/97/88/95 | RTF in tune 80% steady 7% of 112/112 voiced frames (In tune×90, Sharp (+19ct)×2, Sharp (+22ct)×2) | Choir World held ✓✓ median 1/1 ct, report pitch 97/90 in tune 192/192, 187/192
   before #3 Tuner in tune 74% stability ≥75 73% (mean 79) of 114/114 | Stay in Key in key 99% of 113/113 (result 96%)
   before #3 Pitch Match int 97/88 pro 95/83 | Drills 96/90/97/88/95 | RTF in tune 81% steady 7% of 113/113 voiced frames (In tune×92, Sharp (+19ct)×3, Sharp (+23ct)×2) | Choir World held ✓✓ median 1/1 ct, report pitch 97/90 in tune 192/192, 186/192
   after #3  Tuner in tune 76% stability ≥75 70% (mean 79) of 114/114 | Stay in Key in key 99% of 113/113 (result 96%)
   after #3  Pitch Match int 97/88 pro 95/82 | Drills 96/90/97/88/95 | RTF in tune 80% steady 5% of 112/112 voiced frames (In tune×90, Sharp (+25ct)×3, Sharp (+15ct)×2) | Choir World held ✓✓ median 1/2 ct, report pitch 97/90 in tune 192/192, 188/192

== W1: V1 (real vibrato) sung 60 ct sharp — target 69 (sung -1 ct, re-centred, then +60); offline gate: vibrato 6.16 Hz ±66 r 0.83
   before #1 Tuner in tune 0% stability ≥75 7% (mean 11) of 93/114 | Stay in Key in key 2% of 91/113 (result 5%)
   before #1 Pitch Match int 66/68 pro 52/46 | Drills 60/69/67/73/69 | RTF in tune 6% steady 12% of 100/112 voiced frames (Listening…×12, Sharp (+37ct)×7, In tune×6) | Choir World held ✗✗ median 51/51 ct, report pitch 66/66 in tune 67/155, 67/153
   after #1  Tuner in tune 1% stability ≥75 2% (mean 11) of 90/114 | Stay in Key in key 3% of 90/113 (result 5%)
   after #1  Pitch Match int 65/69 pro 51/39 | Drills 59/68/67/73/69 | RTF in tune 6% steady 12% of 100/113 voiced frames (Listening…×13, Sharp (+47ct)×7, Sharp (+49ct)×6) | Choir World held ✗✓ median 52/49 ct, report pitch 66/68 in tune 61/155, 86/153
   before #2 Tuner in tune 1% stability ≥75 1% (mean 9) of 91/113 | Stay in Key in key 4% of 90/113 (result 5%)
   before #2 Pitch Match int 65/69 pro 51/46 | Drills 59/69/68/73/69 | RTF in tune 5% steady 12% of 100/112 voiced frames (Listening…×12, Sharp (+37ct)×7, Sharp (+47ct)×6) | Choir World held ✗✓ median 52/49 ct, report pitch 66/68 in tune 70/155, 85/153
   after #2  Tuner in tune 0% stability ≥75 4% (mean 11) of 92/114 | Stay in Key in key 4% of 89/112 (result 6%)
   after #2  Pitch Match int 65/69 pro 51/48 | Drills 58/68/67/73/69 | RTF in tune 4% steady 11% of 99/113 voiced frames (Listening…×14, Sharp (+44ct)×8, Sharp (+35ct)×6) | Choir World held ✗✓ median 53/50 ct, report pitch 66/68 in tune 64/155, 80/153
   before #3 Tuner in tune 1% stability ≥75 2% (mean 10) of 93/114 | Stay in Key in key 3% of 90/113 (result 5%)
   before #3 Pitch Match int 65/69 pro 51/45 | Drills 59/68/68/73/68 | RTF in tune 6% steady 10% of 99/113 voiced frames (Listening…×14, Sharp (+46ct)×8, Sharp (+35ct)×6) | Choir World held ✗✓ median 52/50 ct, report pitch 66/68 in tune 66/155, 77/153
   after #3  Tuner in tune 0% stability ≥75 1% (mean 9) of 91/113 | Stay in Key in key 2% of 89/114 (result 5%)
   after #3  Pitch Match int 65/69 pro 51/45 | Drills 60/68/68/73/69 | RTF in tune 6% steady 13% of 100/112 voiced frames (Listening…×12, In tune×6, Sharp (+47ct)×6) | Choir World held ✗✓ median 53/50 ct, report pitch 66/68 in tune 66/155, 83/153

== W5: V1 (real vibrato) sung 80 ct sharp — target 69 (sung -1 ct, re-centred, then +80); offline gate: vibrato 6.16 Hz ±66 r 0.83
   before #1 Tuner in tune 8% stability ≥75 52% (mean 61) of 95/114 | Stay in Key in key 1% of 95/113 (result 3%)
   before #1 Pitch Match int 54/57 pro 31/31 | Drills 48/57/56/60/58 | RTF in tune 19% steady 37% of 102/113 voiced frames (In tune×19, Listening…×11, Flat (-36ct)×6) | Choir World held ✗✗ median 72/73 ct, report pitch 55/53 in tune 16/155, 3/155
   after #1  Tuner in tune 10% stability ≥75 55% (mean 63) of 94/114 | Stay in Key in key 1% of 95/113 (result 2%)
   after #1  Pitch Match int 53/57 pro 31/31 | Drills 49/57/55/59/60 | RTF in tune 19% steady 41% of 102/113 voiced frames (In tune×19, Listening…×11, Flat (-28ct)×7) | Choir World held ✗✗ median 73/71 ct, report pitch 55/54 in tune 10/154, 3/155
   before #2 Tuner in tune 8% stability ≥75 54% (mean 63) of 93/114 | Stay in Key in key 0% of 92/112 (result 3%)
   before #2 Pitch Match int 53/57 pro 30/31 | Drills 49/57/56/60/59 | RTF in tune 16% steady 43% of 101/112 voiced frames (In tune×16, Listening…×11, Flat (-44ct)×9) | Choir World held ✗✗ median 72/72 ct, report pitch 54/54 in tune 3/154, 4/156
   after #2  Tuner in tune 7% stability ≥75 54% (mean 62) of 97/114 | Stay in Key in key 1% of 97/113 (result 1%)
   after #2  Pitch Match int 53/57 pro 31/31 | Drills 50/57/55/59/60 | RTF in tune 20% steady 47% of 102/113 voiced frames (In tune×20, Listening…×11, Flat (-43ct)×7) | Choir World held ✗✗ median 72/72 ct, report pitch 55/55 in tune 10/155, 8/156
   before #3 Tuner in tune 11% stability ≥75 53% (mean 62) of 97/114 | Stay in Key in key 2% of 96/112 (result 2%)
   before #3 Pitch Match int 53/56 pro 31/31 | Drills 48/56/56/59/60 | RTF in tune 20% steady 38% of 102/113 voiced frames (In tune×20, Listening…×11, Flat (-34ct)×8) | Choir World held ✗✗ median 72/75 ct, report pitch 55/53 in tune 10/155, 3/155
   after #3  Tuner in tune 9% stability ≥75 52% (mean 59) of 97/114 | Stay in Key in key 0% of 94/112 (result 2%)
   after #3  Pitch Match int 53/57 pro 31/32 | Drills 47/57/56/60/60 | RTF in tune 20% steady 40% of 103/113 voiced frames (In tune×21, Listening…×10, Flat (-21ct)×6) | Choir World held ✗✗ median 72/74 ct, report pitch 55/53 in tune 10/155, 3/155

== W2: S1 (real straight) sung 40 ct sharp — target 69 (sung -14 ct, re-centred, then +40); offline gate: as read 5.31 Hz ±9 r 0.39
   before #1 Tuner in tune 0% stability ≥75 50% (mean 56) of 112/112 | Stay in Key in key 18% of 112/112 (result 16%)
   before #1 Pitch Match int 76/75 pro 65/66 | Drills 75/75/75/75/75 | RTF in tune 0% steady 24% of 112/112 voiced frames (Sharp (+42ct)×19, Sharp (+43ct)×14, Sharp (+41ct)×13) | Choir World held ✓✓ median 41/40 ct, report pitch 76/76 in tune 171/192, 169/192
   after #1  Tuner in tune 0% stability ≥75 52% (mean 56) of 113/113 | Stay in Key in key 17% of 113/113 (result 16%)
   after #1  Pitch Match int 76/75 pro 65/66 | Drills 75/75/75/75/75 | RTF in tune 0% steady 23% of 112/112 voiced frames (Sharp (+42ct)×23, Sharp (+43ct)×14, Sharp (+41ct)×11) | Choir World held ✓✓ median 41/40 ct, report pitch 76/76 in tune 171/192, 167/192
   before #2 Tuner in tune 0% stability ≥75 55% (mean 58) of 113/113 | Stay in Key in key 15% of 113/113 (result 16%)
   before #2 Pitch Match int 76/75 pro 65/66 | Drills 75/75/75/75/75 | RTF in tune 0% steady 23% of 112/112 voiced frames (Sharp (+42ct)×22, Sharp (+43ct)×10, Sharp (+41ct)×9) | Choir World held ✓✓ median 40/41 ct, report pitch 76/75 in tune 172/192, 165/192
   after #2  Tuner in tune 0% stability ≥75 48% (mean 57) of 113/113 | Stay in Key in key 14% of 112/112 (result 16%)
   after #2  Pitch Match int 76/75 pro 65/66 | Drills 75/75/75/75/75 | RTF in tune 0% steady 25% of 113/113 voiced frames (Sharp (+42ct)×23, Sharp (+43ct)×14, Sharp (+44ct)×12) | Choir World held ✓✓ median 41/40 ct, report pitch 76/76 in tune 170/192, 166/192
   before #3 Tuner in tune 0% stability ≥75 52% (mean 57) of 113/113 | Stay in Key in key 18% of 113/113 (result 16%)
   before #3 Pitch Match int 76/75 pro 65/65 | Drills 75/75/75/75/75 | RTF in tune 0% steady 23% of 113/113 voiced frames (Sharp (+42ct)×30, Sharp (+43ct)×14, Sharp (+40ct)×8) | Choir World held ✓✓ median 40/41 ct, report pitch 76/75 in tune 170/192, 165/192
   after #3  Tuner in tune 0% stability ≥75 50% (mean 56) of 113/113 | Stay in Key in key 18% of 112/112 (result 16%)
   after #3  Pitch Match int 76/75 pro 65/66 | Drills 75/75/75/75/75 | RTF in tune 0% steady 23% of 112/112 voiced frames (Sharp (+42ct)×21, Sharp (+41ct)×12, Sharp (+43ct)×12) | Choir World held ✓✓ median 41/40 ct, report pitch 76/76 in tune 170/192, 168/192

== W3: S1 with a slow ±60 ct wander at 0.8 Hz — target 69 (sung -14 ct, re-centred); offline gate: as read 5.31 Hz ±9 r 0.39
   before #1 Tuner in tune 7% stability ≥75 0% (mean 8) of 114/114 | Stay in Key in key 39% of 114/114 (result 41%)
   before #1 Pitch Match int 77/77 pro 63/68 | Drills 77/76/77/78/77 | RTF in tune 10% steady 0% of 112/112 voiced frames (In tune×11, Flat (-39ct)×5, Sharp (+43ct)×5) | Choir World held ✓✓ median 14/-3 ct, report pitch 75/76 in tune 116/192, 123/192
   after #1  Tuner in tune 8% stability ≥75 0% (mean 9) of 114/114 | Stay in Key in key 41% of 113/113 (result 41%)
   after #1  Pitch Match int 77/78 pro 64/68 | Drills 77/76/77/78/76 | RTF in tune 9% steady 0% of 113/113 voiced frames (In tune×10, Sharp (+46ct)×4, Sharp (+43ct)×4) | Choir World held ✓✓ median 17/-1 ct, report pitch 75/76 in tune 113/192, 120/192
   before #2 Tuner in tune 8% stability ≥75 0% (mean 13) of 114/114 | Stay in Key in key 40% of 113/113 (result 42%)
   before #2 Pitch Match int 77/78 pro 64/69 | Drills 77/76/77/78/77 | RTF in tune 10% steady 0% of 113/113 voiced frames (In tune×11, Flat (-38ct)×5, Sharp (+49ct)×5) | Choir World held ✓✓ median 5/9 ct, report pitch 75/76 in tune 112/192, 122/192
   after #2  Tuner in tune 7% stability ≥75 0% (mean 12) of 115/115 | Stay in Key in key 42% of 113/113 (result 42%)
   after #2  Pitch Match int 77/77 pro 63/68 | Drills 77/76/77/78/76 | RTF in tune 5% steady 0% of 113/113 voiced frames (In tune×6, Sharp (+44ct)×6, Sharp (+15ct)×4) | Choir World held ✓✓ median 6/9 ct, report pitch 75/76 in tune 114/192, 120/192
   before #3 Tuner in tune 8% stability ≥75 0% (mean 9) of 115/115 | Stay in Key in key 39% of 112/112 (result 42%)
   before #3 Pitch Match int 77/77 pro 63/68 | Drills 77/76/77/78/76 | RTF in tune 9% steady 0% of 112/112 voiced frames (In tune×10, Flat (-45ct)×5, Sharp (+14ct)×4) | Choir World held ✓✓ median 9/6 ct, report pitch 75/76 in tune 116/192, 124/192
   after #3  Tuner in tune 8% stability ≥75 0% (mean 11) of 114/114 | Stay in Key in key 40% of 112/112 (result 41%)
   after #3  Pitch Match int 77/77 pro 64/68 | Drills 77/76/77/78/76 | RTF in tune 9% steady 0% of 112/112 voiced frames (In tune×10, Flat (-46ct)×6, Flat (-45ct)×4) | Choir World held ✓✓ median 14/0 ct, report pitch 75/76 in tune 114/192, 122/192

== W4: S1 with an 11 Hz ±40 ct flutter — target 69 (sung -14 ct, re-centred); offline gate: as read 5.31 Hz ±9 r 0.39
   before #1 Tuner in tune 11% stability ≥75 0% (mean 20) of 114/114 | Stay in Key in key 83% of 113/113 (result 83%)
   before #1 Pitch Match int 86/87 pro 79/79 | Drills 89/88/89/89/89 | RTF in tune 15% steady 0% of 113/113 voiced frames (In tune×17, Flat (-11ct)×5, Flat (-23ct)×4) | Choir World held ✓✓ median 4/8 ct, report pitch 87/85 in tune 192/192, 192/192
   after #1  Tuner in tune 6% stability ≥75 0% (mean 20) of 114/114 | Stay in Key in key 80% of 113/113 (result 81%)
   after #1  Pitch Match int 86/87 pro 79/78 | Drills 88/89/89/89/89 | RTF in tune 25% steady 0% of 113/113 voiced frames (In tune×28, Flat (-22ct)×4, Flat (-19ct)×4) | Choir World held ✓✓ median 5/10 ct, report pitch 86/85 in tune 192/192, 192/192
   before #2 Tuner in tune 10% stability ≥75 0% (mean 19) of 114/114 | Stay in Key in key 79% of 112/112 (result 80%)
   before #2 Pitch Match int 86/86 pro 78/78 | Drills 88/89/89/89/89 | RTF in tune 21% steady 0% of 112/112 voiced frames (In tune×23, Flat (-17ct)×7, Sharp (+21ct)×5) | Choir World held ✓✓ median 8/9 ct, report pitch 86/85 in tune 192/192, 190/192
   after #2  Tuner in tune 10% stability ≥75 0% (mean 20) of 115/115 | Stay in Key in key 82% of 112/112 (result 81%)
   after #2  Pitch Match int 87/87 pro 79/78 | Drills 89/88/89/89/89 | RTF in tune 15% steady 0% of 113/113 voiced frames (In tune×17, Sharp (+29ct)×4, Flat (-21ct)×4) | Choir World held ✓✓ median 6/9 ct, report pitch 86/86 in tune 192/192, 192/192
   before #3 Tuner in tune 11% stability ≥75 0% (mean 20) of 114/114 | Stay in Key in key 88% of 113/113 (result 82%)
   before #3 Pitch Match int 86/87 pro 79/78 | Drills 88/89/89/89/89 | RTF in tune 17% steady 0% of 113/113 voiced frames (In tune×19, Flat (-26ct)×5, Sharp (+18ct)×4) | Choir World held ✓✓ median 4/10 ct, report pitch 87/85 in tune 192/192, 192/192
   after #3  Tuner in tune 10% stability ≥75 0% (mean 21) of 114/114 | Stay in Key in key 84% of 113/113 (result 82%)
   after #3  Pitch Match int 87/87 pro 79/79 | Drills 88/88/89/89/89 | RTF in tune 21% steady 0% of 112/112 voiced frames (In tune×23, Sharp (+9ct)×5, Sharp (+13ct)×4) | Choir World held ✓✓ median 5/8 ct, report pitch 87/85 in tune 192/192, 192/192

== N1: S1 sung 20 ct flat, irregular ±12 ct (RMS) unsteadiness — target 69 (sung -14 ct, re-centred, then -20); offline gate: as read 5.31 Hz ±9 r 0.39
   before #1 Tuner in tune 2% stability ≥75 67% (mean 80) of 114/114 | Stay in Key in key 99% of 113/113 (result 98%)
   before #1 Pitch Match int 86/89 pro 80/85 | Drills 89/90/88/89/89 | RTF in tune 4% steady 21% of 112/112 voiced frames (Flat (-16ct)×18, Flat (-18ct)×11, Flat (-21ct)×10) | Choir World held ✓✓ median -17/-19 ct, report pitch 89/89 in tune 189/192, 192/192
   after #1  Tuner in tune 4% stability ≥75 65% (mean 78) of 114/114 | Stay in Key in key 99% of 113/113 (result 97%)
   after #1  Pitch Match int 86/89 pro 80/86 | Drills 90/90/88/89/89 | RTF in tune 4% steady 21% of 112/112 voiced frames (Flat (-18ct)×14, Flat (-16ct)×14, Flat (-15ct)×10) | Choir World held ✓✓ median -17/-20 ct, report pitch 88/89 in tune 189/192, 192/192
   before #2 Tuner in tune 5% stability ≥75 55% (mean 77) of 113/113 | Stay in Key in key 99% of 113/113 (result 97%)
   before #2 Pitch Match int 86/89 pro 80/85 | Drills 89/90/88/89/89 | RTF in tune 5% steady 24% of 113/113 voiced frames (Flat (-16ct)×12, Flat (-20ct)×11, Flat (-17ct)×10) | Choir World held ✓✓ median -17/-20 ct, report pitch 88/89 in tune 188/192, 192/192
   after #2  Tuner in tune 4% stability ≥75 62% (mean 77) of 113/113 | Stay in Key in key 98% of 113/113 (result 97%)
   after #2  Pitch Match int 87/89 pro 80/85 | Drills 90/90/88/89/89 | RTF in tune 4% steady 24% of 113/113 voiced frames (Flat (-16ct)×17, Flat (-18ct)×10, Flat (-21ct)×10) | Choir World held ✓✓ median -18/-20 ct, report pitch 88/89 in tune 189/192, 192/192
   before #3 Tuner in tune 2% stability ≥75 66% (mean 80) of 113/113 | Stay in Key in key 99% of 112/112 (result 96%)
   before #3 Pitch Match int 86/89 pro 80/85 | Drills 90/90/88/89/89 | RTF in tune 3% steady 22% of 112/112 voiced frames (Flat (-16ct)×14, Flat (-17ct)×13, Flat (-15ct)×11) | Choir World held ✓✓ median -18/-21 ct, report pitch 88/89 in tune 189/192, 192/192
   after #3  Tuner in tune 4% stability ≥75 66% (mean 80) of 114/114 | Stay in Key in key 99% of 113/113 (result 97%)
   after #3  Pitch Match int 86/89 pro 80/85 | Drills 90/90/88/89/89 | RTF in tune 4% steady 21% of 112/112 voiced frames (Flat (-15ct)×15, Flat (-16ct)×13, Flat (-17ct)×13) | Choir World held ✓✓ median -18/-20 ct, report pitch 88/89 in tune 189/192, 192/192

== N2: S2 sung 25 ct sharp, irregular ±18 ct (RMS) unsteadiness — target 60 (sung +32 ct, re-centred, then +25); offline gate: as read 4.85 Hz ±19 r 0.26
   before #1 Tuner in tune 6% stability ≥75 43% (mean 53) of 114/114 | Stay in Key in key 71% of 112/112 (result 69%)
   before #1 Pitch Match int 82/79 pro 73/66 | Drills 85/80/85/81/85 | RTF in tune 6% steady 10% of 113/113 voiced frames (Sharp (+26ct)×8, Sharp (+29ct)×7, In tune×7) | Choir World held ✓✓ median 22/28 ct, report pitch 83/81 in tune 159/192, 161/192
   after #1  Tuner in tune 7% stability ≥75 31% (mean 46) of 113/113 | Stay in Key in key 73% of 113/113 (result 69%)
   after #1  Pitch Match int 82/78 pro 73/66 | Drills 85/80/85/81/85 | RTF in tune 8% steady 11% of 112/112 voiced frames (In tune×9, Sharp (+27ct)×6, Sharp (+26ct)×6) | Choir World held ✓✓ median 23/28 ct, report pitch 83/81 in tune 161/192, 162/192
   before #2 Tuner in tune 5% stability ≥75 30% (mean 47) of 114/114 | Stay in Key in key 73% of 113/113 (result 68%)
   before #2 Pitch Match int 82/79 pro 72/66 | Drills 85/80/85/81/85 | RTF in tune 13% steady 10% of 112/112 voiced frames (In tune×15, Sharp (+24ct)×10, Sharp (+26ct)×9) | Choir World held ✓✓ median 23/29 ct, report pitch 83/81 in tune 158/192, 162/192
   after #2  Tuner in tune 4% stability ≥75 33% (mean 48) of 113/113 | Stay in Key in key 72% of 113/113 (result 69%)
   after #2  Pitch Match int 82/79 pro 73/66 | Drills 85/80/85/81/85 | RTF in tune 8% steady 10% of 113/113 voiced frames (In tune×9, Sharp (+23ct)×7, Sharp (+33ct)×6) | Choir World held ✓✓ median 23/27 ct, report pitch 83/81 in tune 162/192, 155/192
   before #3 Tuner in tune 5% stability ≥75 33% (mean 51) of 114/114 | Stay in Key in key 73% of 113/113 (result 70%)
   before #3 Pitch Match int 82/78 pro 73/66 | Drills 85/80/85/81/85 | RTF in tune 11% steady 12% of 113/113 voiced frames (In tune×12, Sharp (+26ct)×7, Sharp (+33ct)×6) | Choir World held ✓✓ median 22/29 ct, report pitch 83/81 in tune 159/193, 162/192
   after #3  Tuner in tune 7% stability ≥75 35% (mean 48) of 113/113 | Stay in Key in key 72% of 113/113 (result 69%)
   after #3  Pitch Match int 83/79 pro 73/65 | Drills 85/80/85/81/85 | RTF in tune 8% steady 12% of 113/113 voiced frames (In tune×9, Sharp (+26ct)×7, Sharp (+21ct)×6) | Choir World held ✓✓ median 23/28 ct, report pitch 83/81 in tune 160/192, 159/192

== N3: V3 (real vibrato ±91 ct) sung 25 ct flat — target 69 (sung +27 ct, re-centred, then -25); offline gate: vibrato 4.74 Hz ±91 r 0.98
   before #1 Tuner in tune 0% stability ≥75 100% (mean 86) of 109/113 | Stay in Key in key 81% of 113/113 (result 80%)
   before #1 Pitch Match int 84/84 pro 76/75 | Drills 86/85/85/85/84 | RTF in tune 16% steady 96% of 113/113 voiced frames (In tune×18, Flat (-26ct)×12, Flat (-25ct)×10) | Choir World held ✓✓ median -24/-23 ct, report pitch 84/85 in tune 175/192, 178/192
   after #1  Tuner in tune 0% stability ≥75 100% (mean 85) of 111/113 | Stay in Key in key 82% of 113/113 (result 81%)
   after #1  Pitch Match int 83/84 pro 76/75 | Drills 85/85/85/85/84 | RTF in tune 16% steady 96% of 113/113 voiced frames (In tune×18, Flat (-25ct)×13, Flat (-22ct)×12) | Choir World held ✓✓ median -24/-23 ct, report pitch 85/84 in tune 186/192, 178/192
   before #2 Tuner in tune 0% stability ≥75 100% (mean 84) of 112/113 | Stay in Key in key 84% of 113/113 (result 81%)
   before #2 Pitch Match int 83/84 pro 76/76 | Drills 85/86/85/85/84 | RTF in tune 16% steady 96% of 112/112 voiced frames (In tune×18, Flat (-26ct)×12, Flat (-22ct)×10) | Choir World held ✓✓ median -24/-22 ct, report pitch 85/85 in tune 186/192, 180/192
   after #2  Tuner in tune 0% stability ≥75 100% (mean 86) of 111/113 | Stay in Key in key 86% of 113/113 (result 80%)
   after #2  Pitch Match int 83/84 pro 76/76 | Drills 85/86/85/85/84 | RTF in tune 19% steady 96% of 113/113 voiced frames (In tune×21, Flat (-25ct)×15, Flat (-24ct)×9) | Choir World held ✓✓ median -22/-23 ct, report pitch 85/84 in tune 184/192, 177/192
   before #3 Tuner in tune 0% stability ≥75 100% (mean 86) of 109/113 | Stay in Key in key 81% of 113/113 (result 79%)
   before #3 Pitch Match int 83/84 pro 76/76 | Drills 85/85/85/85/84 | RTF in tune 15% steady 96% of 112/112 voiced frames (In tune×17, Flat (-23ct)×11, Flat (-25ct)×9) | Choir World held ✓✓ median -23/-22 ct, report pitch 85/85 in tune 183/192, 178/192
   after #3  Tuner in tune 0% stability ≥75 100% (mean 88) of 108/113 | Stay in Key in key 84% of 113/113 (result 81%)
   after #3  Pitch Match int 84/84 pro 76/76 | Drills 85/85/85/85/84 | RTF in tune 17% steady 96% of 112/112 voiced frames (In tune×19, Flat (-26ct)×17, Flat (-23ct)×11) | Choir World held ✓✓ median -23/-24 ct, report pitch 85/84 in tune 185/192, 178/192

== N4: S2 sung 45 ct sharp, irregular ±18 ct (RMS) unsteadiness — target 60 (sung +32 ct, re-centred, then +45); offline gate: as read 4.85 Hz ±19 r 0.26
   before #1 Tuner in tune 1% stability ≥75 15% (mean 18) of 112/113 | Stay in Key in key 4% of 112/112 (result 7%)
   before #1 Pitch Match int 71/67 pro 59/49 | Drills 75/69/74/69/74 | RTF in tune 4% steady 15% of 113/113 voiced frames (Sharp (+43ct)×8, Sharp (+46ct)×6, Sharp (+48ct)×6) | Choir World held ✓✓ median 46/48 ct, report pitch 72/71 in tune 124/192, 103/192
   after #1  Tuner in tune 1% stability ≥75 15% (mean 22) of 112/113 | Stay in Key in key 5% of 112/112 (result 8%)
   after #1  Pitch Match int 71/67 pro 59/49 | Drills 75/69/74/70/74 | RTF in tune 4% steady 15% of 113/113 voiced frames (Sharp (+44ct)×7, Sharp (+49ct)×7, Sharp (+43ct)×6) | Choir World held ✓✓ median 45/47 ct, report pitch 72/71 in tune 124/192, 109/192
   before #2 Tuner in tune 0% stability ≥75 19% (mean 23) of 113/114 | Stay in Key in key 6% of 112/112 (result 9%)
   before #2 Pitch Match int 71/67 pro 59/49 | Drills 75/69/74/70/74 | RTF in tune 3% steady 15% of 113/113 voiced frames (Sharp (+44ct)×7, Sharp (+43ct)×7, Sharp (+48ct)×6) | Choir World held ✓✓ median 46/46 ct, report pitch 72/72 in tune 114/192, 117/192
   after #2  Tuner in tune 2% stability ≥75 15% (mean 20) of 113/113 | Stay in Key in key 5% of 113/113 (result 8%)
   after #2  Pitch Match int 71/67 pro 59/49 | Drills 75/69/74/70/74 | RTF in tune 2% steady 14% of 112/112 voiced frames (Sharp (+49ct)×7, Sharp (+44ct)×6, Sharp (+45ct)×6) | Choir World held ✓✓ median 45/48 ct, report pitch 72/70 in tune 125/192, 101/192
   before #3 Tuner in tune 3% stability ≥75 16% (mean 21) of 113/114 | Stay in Key in key 4% of 113/113 (result 6%)
   before #3 Pitch Match int 71/67 pro 59/50 | Drills 75/69/74/69/74 | RTF in tune 1% steady 15% of 113/113 voiced frames (Sharp (+43ct)×7, Sharp (+49ct)×7, Flat (-46ct)×6) | Choir World held ✓✓ median 46/47 ct, report pitch 72/72 in tune 114/192, 116/192
   after #3  Tuner in tune 2% stability ≥75 15% (mean 19) of 112/113 | Stay in Key in key 6% of 112/112 (result 7%)
   after #3  Pitch Match int 71/67 pro 60/48 | Drills 75/69/74/69/74 | RTF in tune 4% steady 15% of 112/112 voiced frames (Sharp (+44ct)×8, Sharp (+45ct)×7, Sharp (+48ct)×6) | Choir World held ✓✓ median 45/48 ct, report pitch 72/71 in tune 126/192, 101/192
   note: V5 (real vibrato read as irregular) pmInt: 88 → 87
   note: V5 (real vibrato read as irregular) pmPro: 84 → 80
   note: V5 (real vibrato read as irregular) drills: 85 → 85
   note: V5 (real vibrato read as irregular) cwPitch: 91 → 86

==== Regression: passes on master and fails on the branch, or moves past the tolerance the wrong way (blocks a deploy)

==== Fixed: fails on master and passes on the branch, or moves past the tolerance the right way

==== Already failing: fails on master and on the branch (not caused by the branch)
ALREADY V1 vibrato RTF rtfInTune: master 65/59/60% (median 60, spread 6) → branch 59/60/65% (median 60), change 0 (±6) · within 20 of the straight notes (81% / 83%), must not drop past the tolerance

==== VERDICT (regress, 3 runs per side, medians): 0 regression(s), 0 fixed, 1 already failing, 136 passed
pass V1 vibrato pmInt: master 92/92/92 (median 92, spread 0) → branch 91/92/92 (median 92), change 0 (±3) · within 8 of the straight notes (95 / 95), must not drop more than 3
pass V1 vibrato pmPro: master 88/89/88 (median 88, spread 1) → branch 88/88/88 (median 88), change 0 (±3) · within 8 of the straight notes (93 / 93), must not drop more than 3
pass V1 vibrato drills: master 91/90/91 (median 91, spread 1) → branch 91/91/91 (median 91), change 0 (±3) · within 8 of the straight notes (96 / 96), must not drop more than 3
pass V1 vibrato cwPitch: master 92/92/91 (median 92, spread 1) → branch 92/92/92 (median 92), change 0 (±3) · within 8 of the straight notes (96 / 96), must not drop more than 3
pass V1 vibrato RTF rtfSteady: master 35/36/32% (median 35, spread 4) → branch 35/37/39% (median 37), change +2 (±5) · within 20 of the straight notes (42% / 42%), must not drop past the tolerance
pass V1 Tuner tunerInTune: master 19/16/18% (median 18, spread 3) → branch 23/18/19% (median 19), change +1 (±5) · must not drop past the tolerance
pass V1 Tuner tunerStable: master 47/44/44% (median 44, spread 3) → branch 43/45/44% (median 44), change 0 (±5) · must not drop past the tolerance
pass V1 vibrato Choir World held: master ✓✓✓ → branch ✓✓✓ · must be held
pass V2 vibrato pmInt: master 92/93/92 (median 92, spread 1) → branch 93/92/92 (median 92), change 0 (±3) · within 8 of the straight notes (95 / 95), must not drop more than 3
pass V2 vibrato pmPro: master 90/90/90 (median 90, spread 0) → branch 91/90/90 (median 90), change 0 (±3) · within 8 of the straight notes (93 / 93), must not drop more than 3
pass V2 vibrato drills: master 93/93/94 (median 93, spread 1) → branch 93/93/93 (median 93), change 0 (±3) · within 8 of the straight notes (96 / 96), must not drop more than 3
pass V2 vibrato cwPitch: master 94/94/94 (median 94, spread 0) → branch 94/94/94 (median 94), change 0 (±3) · within 8 of the straight notes (96 / 96), must not drop more than 3
pass V2 vibrato RTF rtfInTune: master 74/75/74% (median 74, spread 1) → branch 74/76/77% (median 76), change +2 (±5) · within 20 of the straight notes (81% / 83%), must not drop past the tolerance
pass V2 vibrato RTF rtfSteady: master 33/36/34% (median 34, spread 3) → branch 33/35/36% (median 35), change +1 (±5) · within 20 of the straight notes (42% / 42%), must not drop past the tolerance
pass V2 Tuner tunerInTune: master 30/34/30% (median 30, spread 4) → branch 25/29/28% (median 28), change -2 (±5) · must not drop past the tolerance
pass V2 Tuner tunerStable: master 14/20/10% (median 14, spread 10) → branch 22/11/10% (median 11), change -3 (±10) · must not drop past the tolerance
pass V2 vibrato Choir World held: master ✓✓✓ → branch ✓✓✓ · must be held
pass V3 vibrato pmInt: master 95/95/95 (median 95, spread 0) → branch 95/95/95 (median 95), change 0 (±3) · within 8 of the straight notes (95 / 95), must not drop more than 3
pass V3 vibrato pmPro: master 92/92/92 (median 92, spread 0) → branch 92/92/92 (median 92), change 0 (±3) · within 8 of the straight notes (93 / 93), must not drop more than 3
pass V3 vibrato drills: master 95/95/95 (median 95, spread 0) → branch 95/95/95 (median 95), change 0 (±3) · within 8 of the straight notes (96 / 96), must not drop more than 3
pass V3 vibrato cwPitch: master 95/95/95 (median 95, spread 0) → branch 95/95/95 (median 95), change 0 (±3) · within 8 of the straight notes (96 / 96), must not drop more than 3
pass V3 vibrato RTF rtfInTune: master 100/100/100% (median 100, spread 0) → branch 100/100/100% (median 100), change 0 (±5) · within 20 of the straight notes (81% / 83%), must not drop past the tolerance
pass V3 vibrato RTF rtfSteady: master 96/96/97% (median 96, spread 1) → branch 95/97/97% (median 97), change +1 (±5) · within 20 of the straight notes (42% / 42%), must not drop past the tolerance
pass V3 Tuner tunerInTune: master 67/67/67% (median 67, spread 0) → branch 66/65/66% (median 66), change -1 (±5) · must not drop past the tolerance
pass V3 Tuner tunerStable: master 100/100/100% (median 100, spread 0) → branch 100/100/100% (median 100), change 0 (±5) · must not drop past the tolerance
pass V3 vibrato Choir World held: master ✓✓✓ → branch ✓✓✓ · must be held
pass V4 vibrato pmInt: master 96/96/96 (median 96, spread 0) → branch 95/95/96 (median 95), change -1 (±3) · within 8 of the straight notes (95 / 95), must not drop more than 3
pass V4 vibrato pmPro: master 96/96/92 (median 96, spread 4) → branch 95/94/95 (median 95), change -1 (±3) · within 8 of the straight notes (93 / 93), must not drop more than 3
pass V4 vibrato drills: master 96/96/95 (median 96, spread 1) → branch 96/96/95 (median 96), change 0 (±3) · within 8 of the straight notes (96 / 96), must not drop more than 3
pass V4 vibrato cwPitch: master 96/96/95 (median 96, spread 1) → branch 96/96/95 (median 96), change 0 (±3) · within 8 of the straight notes (96 / 96), must not drop more than 3
pass V4 vibrato RTF rtfInTune: master 96/95/96% (median 96, spread 1) → branch 95/96/96% (median 96), change 0 (±5) · within 20 of the straight notes (81% / 83%), must not drop past the tolerance
pass V4 vibrato RTF rtfSteady: master 96/95/96% (median 96, spread 1) → branch 96/94/96% (median 96), change 0 (±5) · within 20 of the straight notes (42% / 42%), must not drop past the tolerance
pass V4 Tuner tunerInTune: master 76/75/77% (median 76, spread 2) → branch 72/73/70% (median 72), change -4 (±5) · must not drop past the tolerance
pass V4 Tuner tunerStable: master 100/92/98% (median 98, spread 8) → branch 97/100/99% (median 99), change +1 (±8) · must not drop past the tolerance
pass V4 vibrato Choir World held: master ✓✓✓ → branch ✓✓✓ · must be held
pass V5 Tuner tunerInTune: master 31/35/33% (median 33, spread 4) → branch 39/31/35% (median 35), change +2 (±5) · must not drop past the tolerance
pass V5 Tuner tunerStable: master 25/30/29% (median 29, spread 5) → branch 34/28/31% (median 31), change +2 (±5) · must not drop past the tolerance
pass V6 vibrato pmInt: master 93/93/93 (median 93, spread 0) → branch 93/93/93 (median 93), change 0 (±3) · within 8 of the straight notes (95 / 95), must not drop more than 3
pass V6 vibrato pmPro: master 89/89/89 (median 89, spread 0) → branch 88/89/89 (median 89), change 0 (±3) · within 8 of the straight notes (93 / 93), must not drop more than 3
pass V6 vibrato drills: master 93/92/92 (median 92, spread 1) → branch 92/93/92 (median 92), change 0 (±3) · within 8 of the straight notes (96 / 96), must not drop more than 3
pass V6 vibrato cwPitch: master 93/93/93 (median 93, spread 0) → branch 93/93/93 (median 93), change 0 (±3) · within 8 of the straight notes (96 / 96), must not drop more than 3
pass V6 vibrato RTF rtfInTune: master 82/82/84% (median 82, spread 2) → branch 76/82/85% (median 82), change 0 (±5) · within 20 of the straight notes (81% / 83%), must not drop past the tolerance
pass V6 vibrato RTF rtfSteady: master 66/64/67% (median 66, spread 3) → branch 67/60/71% (median 67), change +1 (±5) · within 20 of the straight notes (42% / 42%), must not drop past the tolerance
pass V6 Tuner tunerInTune: master 47/45/49% (median 47, spread 4) → branch 48/50/45% (median 48), change +1 (±5) · must not drop past the tolerance
pass V6 Tuner tunerStable: master 79/74/83% (median 79, spread 9) → branch 80/77/78% (median 78), change -1 (±9) · must not drop past the tolerance
pass V6 vibrato Choir World held: master ✓✓✓ → branch ✓✓✓ · must be held
pass S1 straight pmInt: master 97/97/97 (median 97, spread 0) → branch 97/97/97 (median 97), change 0 (±3) · must not drop more than 3
pass S1 straight pmPro: master 96/96/96 (median 96, spread 0) → branch 96/95/96 (median 96), change 0 (±3) · must not drop more than 3
pass S1 straight drills: master 98/98/98 (median 98, spread 0) → branch 98/98/98 (median 98), change 0 (±3) · must not drop more than 3
pass S1 straight cwPitch: master 96/97/97 (median 97, spread 1) → branch 97/97/97 (median 97), change 0 (±3) · must not drop more than 3
pass S1 straight RTF rtfInTune: master 84/86/83% (median 84, spread 3) → branch 86/87/82% (median 86), change +2 (±5) · must not drop past the tolerance
pass S1 straight RTF rtfSteady: master 76/73/76% (median 76, spread 3) → branch 76/77/79% (median 77), change +1 (±5) · must not drop past the tolerance
pass S1 Tuner tunerInTune: master 77/79/83% (median 79, spread 6) → branch 79/78/78% (median 78), change -1 (±6) · must not drop past the tolerance
pass S1 Tuner tunerStable: master 91/96/93% (median 93, spread 5) → branch 97/89/91% (median 91), change -2 (±5) · must not drop past the tolerance
pass S1 straight Choir World held: master ✓✓✓ → branch ✓✓✓ · must be held
pass S2 straight pmInt: master 93/93/93 (median 93, spread 0) → branch 93/93/93 (median 93), change 0 (±3) · must not drop more than 3
pass S2 straight pmPro: master 89/89/89 (median 89, spread 0) → branch 89/89/89 (median 89), change 0 (±3) · must not drop more than 3
pass S2 straight drills: master 93/93/93 (median 93, spread 0) → branch 93/93/93 (median 93), change 0 (±3) · must not drop more than 3
pass S2 straight cwPitch: master 94/94/94 (median 94, spread 0) → branch 94/94/94 (median 94), change 0 (±3) · must not drop more than 3
pass S2 straight RTF rtfInTune: master 78/75/81% (median 78, spread 6) → branch 79/80/80% (median 80), change +2 (±6) · must not drop past the tolerance
pass S2 straight RTF rtfSteady: master 8/7/7% (median 7, spread 1) → branch 7/7/5% (median 7), change 0 (±5) · must not drop past the tolerance
pass S2 Tuner tunerInTune: master 71/75/74% (median 74, spread 4) → branch 74/75/76% (median 75), change +1 (±5) · must not drop past the tolerance
pass S2 Tuner tunerStable: master 72/75/73% (median 73, spread 3) → branch 64/75/70% (median 70), change -3 (±5) · must not drop past the tolerance
pass S2 straight Choir World held: master ✓✓✓ → branch ✓✓✓ · must be held
pass W1 V1 (real vibrato) sung 60 ct sharp pmInt: master 67/67/67 (median 67, spread 0) → branch 67/67/67 (median 67) · a straight note 51 ct off scores 69: within 6 of that, and ≥10 below the straight notes
pass W1 V1 (real vibrato) sung 60 ct sharp pmPro: master 49/49/48 (median 49, spread 1) → branch 45/50/48 (median 48) · a straight note 51 ct off scores 54: within 6 of that, and ≥10 below the straight notes
pass W1 V1 (real vibrato) sung 60 ct sharp drills: master 68/68/67 (median 68, spread 1) → branch 67/67/68 (median 67) · a straight note 51 ct off scores 69: within 6 of that, and ≥10 below the straight notes
pass W1 V1 (real vibrato) sung 60 ct sharp cwPitch: master 66/67/67 (median 67, spread 1) → branch 67/67/67 (median 67) · a straight note 51 ct off scores 69: within 6 of that, and ≥10 below the straight notes
pass W1 wrong RTF rtfInTune: master 6/5/6% (median 6, spread 1) → branch 6/4/6% (median 6), change 0 (±5) · must not rise past the tolerance
pass W1 Tuner tunerInTune: master 0/1/1% (median 1, spread 1) → branch 1/0/0% (median 0), change -1 (±5) · must not rise past the tolerance
pass W1 Tuner tunerStable: master 7/1/2% (median 2, spread 6) → branch 2/4/1% (median 2), change 0 (±6) · must not drop past the tolerance
pass W5 V1 (real vibrato) sung 80 ct sharp pmInt: master 56/55/55 (median 55, spread 1) → branch 55/55/55 (median 55) · a straight note 73 ct off scores 56: within 6 of that, and ≥10 below the straight notes
pass W5 V1 (real vibrato) sung 80 ct sharp pmPro: master 31/31/31 (median 31, spread 0) → branch 31/31/32 (median 31) · a straight note 73 ct off scores 34: within 6 of that, and ≥10 below the straight notes
pass W5 V1 (real vibrato) sung 80 ct sharp drills: master 56/56/56 (median 56, spread 0) → branch 56/56/56 (median 56) · a straight note 73 ct off scores 56: within 6 of that, and ≥10 below the straight notes
pass W5 V1 (real vibrato) sung 80 ct sharp cwPitch: master 54/54/54 (median 54, spread 0) → branch 55/55/54 (median 55) · a straight note 73 ct off scores 56: within 6 of that, and ≥10 below the straight notes
pass W5 wrong RTF rtfInTune: master 19/16/20% (median 19, spread 4) → branch 19/20/20% (median 20), change +1 (±5) · must not rise past the tolerance
pass W5 Tuner tunerInTune: master 8/8/11% (median 8, spread 3) → branch 10/7/9% (median 9), change +1 (±5) · must not rise past the tolerance
pass W5 Tuner tunerStable: master 52/54/53% (median 53, spread 2) → branch 55/54/52% (median 54), change +1 (±5) · must not drop past the tolerance
pass W5 V1 (real vibrato) sung 80 ct sharp Choir World held: master ✗✗✗ → branch ✗✗✗ · must not be held (past ±50)
pass W2 wrong pmInt: master 76/76/76 (median 76, spread 0) → branch 76/76/76 (median 76), change 0 (±3) · no vibrato in it: must not rise more than 3
pass W2 wrong pmPro: master 66/66/65 (median 66, spread 1) → branch 66/66/66 (median 66), change 0 (±3) · no vibrato in it: must not rise more than 3
pass W2 wrong drills: master 75/75/75 (median 75, spread 0) → branch 75/75/75 (median 75), change 0 (±3) · no vibrato in it: must not rise more than 3
pass W2 wrong cwPitch: master 76/76/76 (median 76, spread 0) → branch 76/76/76 (median 76), change 0 (±3) · no vibrato in it: must not rise more than 3
pass W2 wrong RTF rtfInTune: master 0/0/0% (median 0, spread 0) → branch 0/0/0% (median 0), change 0 (±5) · must not rise past the tolerance
pass W2 Tuner tunerInTune: master 0/0/0% (median 0, spread 0) → branch 0/0/0% (median 0), change 0 (±5) · must not rise past the tolerance
pass W2 Tuner tunerStable: master 50/55/52% (median 52, spread 5) → branch 52/48/50% (median 50), change -2 (±5) · must not drop past the tolerance
pass W3 wander pmInt: master 77/78/77 (median 77, spread 1) → branch 78/77/77 (median 77), change 0 (±3) · no vibrato in it: must not rise more than 3
pass W3 wander pmPro: master 66/67/66 (median 66, spread 1) → branch 66/66/66 (median 66), change 0 (±3) · no vibrato in it: must not rise more than 3
pass W3 wander drills: master 77/77/77 (median 77, spread 0) → branch 77/77/77 (median 77), change 0 (±3) · no vibrato in it: must not rise more than 3
pass W3 wander cwPitch: master 76/76/76 (median 76, spread 0) → branch 76/76/76 (median 76), change 0 (±3) · no vibrato in it: must not rise more than 3
pass W3 S1 with a slow ±60 ct wander at 0.8 Hz RTF rtfSteady: master 0/0/0% (median 0, spread 0) → branch 0/0/0% (median 0), change 0 (±5) · wobbly, no vibrato: Steady on ≤25% of voiced frames, must not rise past the tolerance
pass W3 Tuner tunerInTune: master 7/8/8% (median 8, spread 1) → branch 8/7/8% (median 8), change 0 (±5) · must not rise past the tolerance
pass W3 Tuner tunerStable: master 0/0/0% (median 0, spread 0) → branch 0/0/0% (median 0), change 0 (±5) · must not rise past the tolerance
pass W4 flutter pmInt: master 87/86/87 (median 87, spread 1) → branch 87/87/87 (median 87), change 0 (±3) · no vibrato in it: must not rise more than 3
pass W4 flutter pmPro: master 79/78/79 (median 79, spread 1) → branch 79/79/79 (median 79), change 0 (±3) · no vibrato in it: must not rise more than 3
pass W4 flutter drills: master 89/89/89 (median 89, spread 0) → branch 89/89/89 (median 89), change 0 (±3) · no vibrato in it: must not rise more than 3
pass W4 flutter cwPitch: master 86/86/86 (median 86, spread 0) → branch 86/86/86 (median 86), change 0 (±3) · no vibrato in it: must not rise more than 3
pass W4 flutter RTF rtfInTune: master 15/21/17% (median 17, spread 6) → branch 25/15/21% (median 21), change +4 (±6) · must not rise past the tolerance
pass W4 S1 with an 11 Hz ±40 ct flutter RTF rtfSteady: master 0/0/0% (median 0, spread 0) → branch 0/0/0% (median 0), change 0 (±5) · wobbly, no vibrato: Steady on ≤25% of voiced frames, must not rise past the tolerance
pass W4 Tuner tunerInTune: master 11/10/11% (median 11, spread 1) → branch 6/10/10% (median 10), change -1 (±5) · must not rise past the tolerance
pass W4 Tuner tunerStable: master 0/0/0% (median 0, spread 0) → branch 0/0/0% (median 0), change 0 (±5) · must not rise past the tolerance
pass N1 unsteady pmInt: master 88/88/88 (median 88, spread 0) → branch 88/88/88 (median 88), change 0 (±3) · no vibrato in it: must not rise more than 3
pass N1 unsteady pmPro: master 83/83/83 (median 83, spread 0) → branch 83/83/83 (median 83), change 0 (±3) · no vibrato in it: must not rise more than 3
pass N1 unsteady drills: master 89/89/89 (median 89, spread 0) → branch 89/89/89 (median 89), change 0 (±3) · no vibrato in it: must not rise more than 3
pass N1 unsteady cwPitch: master 89/89/89 (median 89, spread 0) → branch 89/89/89 (median 89), change 0 (±3) · no vibrato in it: must not rise more than 3
pass N1 unsteady RTF rtfInTune: master 4/5/3% (median 4, spread 2) → branch 4/4/4% (median 4), change 0 (±5) · must not rise past the tolerance
pass N1 S1 sung 20 ct flat, irregular ±12 ct (RMS) unsteadiness RTF rtfInTune: master 4/5/3% (median 4, spread 2) → branch 4/4/4% (median 4) · off pitch past the window: in tune on ≤25% of voiced frames
pass N1 S1 sung 20 ct flat, irregular ±12 ct (RMS) unsteadiness RTF rtfSteady: master 21/24/22% (median 22, spread 3) → branch 21/24/21% (median 21), change -1 (±5) · wobbly, no vibrato: Steady on ≤25% of voiced frames, must not rise past the tolerance
pass N1 Tuner tunerInTune: master 2/5/2% (median 2, spread 3) → branch 4/4/4% (median 4), change +2 (±5) · must not rise past the tolerance
pass N1 Tuner tunerStable: master 67/55/66% (median 66, spread 12) → branch 65/62/66% (median 65), change -1 (±10) · must not rise past the tolerance
pass N2 unsteady pmInt: master 81/81/80 (median 81, spread 1) → branch 80/81/81 (median 81), change 0 (±3) · no vibrato in it: must not rise more than 3
pass N2 unsteady pmPro: master 70/69/70 (median 70, spread 1) → branch 70/70/69 (median 70), change 0 (±3) · no vibrato in it: must not rise more than 3
pass N2 unsteady drills: master 83/83/83 (median 83, spread 0) → branch 83/83/83 (median 83), change 0 (±3) · no vibrato in it: must not rise more than 3
pass N2 unsteady cwPitch: master 82/82/82 (median 82, spread 0) → branch 82/82/82 (median 82), change 0 (±3) · no vibrato in it: must not rise more than 3
pass N2 unsteady RTF rtfInTune: master 6/13/11% (median 11, spread 7) → branch 8/8/8% (median 8), change -3 (±7) · must not rise past the tolerance
pass N2 S2 sung 25 ct sharp, irregular ±18 ct (RMS) unsteadiness RTF rtfInTune: master 6/13/11% (median 11, spread 7) → branch 8/8/8% (median 8) · off pitch past the window: in tune on ≤25% of voiced frames
pass N2 S2 sung 25 ct sharp, irregular ±18 ct (RMS) unsteadiness RTF rtfSteady: master 10/10/12% (median 10, spread 2) → branch 11/10/12% (median 11), change +1 (±5) · wobbly, no vibrato: Steady on ≤25% of voiced frames, must not rise past the tolerance
pass N2 Tuner tunerInTune: master 6/5/5% (median 5, spread 1) → branch 7/4/7% (median 7), change +2 (±5) · must not rise past the tolerance
pass N2 Tuner tunerStable: master 43/30/33% (median 33, spread 13) → branch 31/33/35% (median 33), change 0 (±10) · must not rise past the tolerance
pass N3 V3 (real vibrato ±91 ct) sung 25 ct flat pmInt: master 84/84/84 (median 84, spread 0) → branch 84/84/84 (median 84) · a straight note 23 ct off scores 86: within 6 of that
pass N3 V3 (real vibrato ±91 ct) sung 25 ct flat pmPro: master 76/76/76 (median 76, spread 0) → branch 76/76/76 (median 76) · a straight note 23 ct off scores 79: within 6 of that
pass N3 V3 (real vibrato ±91 ct) sung 25 ct flat drills: master 85/85/85 (median 85, spread 0) → branch 85/85/85 (median 85) · a straight note 23 ct off scores 86: within 6 of that
pass N3 V3 (real vibrato ±91 ct) sung 25 ct flat cwPitch: master 85/85/85 (median 85, spread 0) → branch 85/85/85 (median 85) · a straight note 23 ct off scores 86: within 6 of that
pass N3 wrong RTF rtfInTune: master 16/16/15% (median 16, spread 1) → branch 16/19/17% (median 17), change +1 (±5) · must not rise past the tolerance
pass N3 V3 (real vibrato ±91 ct) sung 25 ct flat RTF rtfInTune: master 16/16/15% (median 16, spread 1) → branch 16/19/17% (median 17) · off pitch past the window: in tune on ≤25% of voiced frames
pass N3 Tuner tunerInTune: master 0/0/0% (median 0, spread 0) → branch 0/0/0% (median 0), change 0 (±5) · must not rise past the tolerance
pass N3 Tuner tunerStable: master 100/100/100% (median 100, spread 0) → branch 100/100/100% (median 100), change 0 (±5) · must not drop past the tolerance
pass N4 unsteady pmInt: master 69/69/69 (median 69, spread 0) → branch 69/69/69 (median 69), change 0 (±3) · no vibrato in it: must not rise more than 3
pass N4 unsteady pmPro: master 54/54/55 (median 54, spread 1) → branch 54/54/54 (median 54), change 0 (±3) · no vibrato in it: must not rise more than 3
pass N4 unsteady drills: master 72/72/72 (median 72, spread 0) → branch 72/72/72 (median 72), change 0 (±3) · no vibrato in it: must not rise more than 3
pass N4 unsteady cwPitch: master 72/72/72 (median 72, spread 0) → branch 72/71/72 (median 72), change 0 (±3) · no vibrato in it: must not rise more than 3
pass N4 unsteady RTF rtfInTune: master 4/3/1% (median 3, spread 3) → branch 4/2/4% (median 4), change +1 (±5) · must not rise past the tolerance
pass N4 S2 sung 45 ct sharp, irregular ±18 ct (RMS) unsteadiness RTF rtfInTune: master 4/3/1% (median 3, spread 3) → branch 4/2/4% (median 4) · off pitch past the window: in tune on ≤25% of voiced frames
pass N4 S2 sung 45 ct sharp, irregular ±18 ct (RMS) unsteadiness RTF rtfSteady: master 15/15/15% (median 15, spread 0) → branch 15/14/15% (median 15), change 0 (±5) · wobbly, no vibrato: Steady on ≤25% of voiced frames, must not rise past the tolerance
pass N4 Tuner tunerInTune: master 1/0/3% (median 1, spread 3) → branch 1/2/2% (median 2), change +1 (±5) · must not rise past the tolerance
pass N4 Tuner tunerStable: master 15/19/16% (median 16, spread 4) → branch 15/15/15% (median 15), change -1 (±5) · must not rise past the tolerance

log: /Users/alegramusenge/Documents/voxcoach-app/scripts/vq-verify/logs/vibfix-local-2026-10-07T03-21-38.log  json: /Users/alegramusenge/Documents/voxcoach-app/scripts/vq-verify/logs/vibfix-local-2026-10-07T03-21-38.json
