vibfix 2026-10-04T09-22-37  sides: before, after  before: master

== V1: vibrato-628@2896 centred — target 69 (sung -1 ct, re-centred); offline gate: vibrato 6.16 Hz ±66 r 0.83
   before Tuner in tune 16% stability ≥75 57% (mean 68) of 91/116 | Stay in Key in key 96% of 90/115 (result 93%)
   before Pitch Match int 91/90 pro 90/60 | Drills 91/90/91/91/91 | RTF in tune 61% steady 36% of 92/115 voiced frames (In tune×56, Listening…×23, Flat (-23ct)×4) | Choir World held ✓✓ median -10/-10 ct, report pitch 91/92 in tune 155/155, 162/162
   after  Tuner in tune 15% stability ≥75 52% (mean 65) of 97/116 | Stay in Key in key 94% of 96/115 (result 91%)
   after  Pitch Match int 90/93 pro 88/89 | Drills 91/90/91/91/91 | RTF in tune 61% steady 34% of 92/115 voiced frames (In tune×56, Listening…×23, Flat (-24ct)×6) | Choir World held ✓✓ median -6/-10 ct, report pitch 92/90 in tune 153/153, 154/154

== V2: vibrato-3131@8046 centred — target 49 (sung -32 ct, re-centred); offline gate: vibrato 5.07 Hz ±106 r 0.94
   before Tuner in tune 45% stability ≥75 19% (mean 57) of 100/116 | Stay in Key in key 63% of 98/114 (result 62%)
   before Pitch Match int 91/93 pro 90/92 | Drills 94/93/93/92/93 | RTF in tune 76% steady 34% of 91/114 voiced frames (In tune×69, Listening…×23, Sharp (+21ct)×3) | Choir World held ✓✓ median 24/5 ct, report pitch 82/93 in tune 122/169, 144/146
   after  Tuner in tune 27% stability ≥75 26% (mean 55) of 101/116 | Stay in Key in key 63% of 100/115 (result 62%)
   after  Pitch Match int 92/94 pro 84/91 | Drills 94/94/94/92/93 | RTF in tune 78% steady 38% of 93/115 voiced frames (In tune×73, Listening…×22, Sharp (+22ct)×2) | Choir World held ✓✓ median 4/13 ct, report pitch 94/91 in tune 151/151, 169/169

== V3: vibrato-1154@4013 centred — target 69 (sung +27 ct, re-centred); offline gate: vibrato 4.74 Hz ±91 r 0.98
   before Tuner in tune 68% stability ≥75 100% (mean 85) of 115/116 | Stay in Key in key 98% of 114/114 (result 94%)
   before Pitch Match int 96/94 pro 94/90 | Drills 95/95/95/95/95 | RTF in tune 100% steady 96% of 114/114 voiced frames (In tune×114) | Choir World held ✓✓ median 3/3 ct, report pitch 95/95 in tune 192/192, 192/192
   after  Tuner in tune 68% stability ≥75 100% (mean 85) of 116/116 | Stay in Key in key 100% of 115/115 (result 94%)
   after  Pitch Match int 95/95 pro 93/94 | Drills 95/95/95/95/95 | RTF in tune 100% steady 97% of 115/115 voiced frames (In tune×115) | Choir World held ✓✓ median 2/2 ct, report pitch 95/95 in tune 192/192, 192/192

== V4: vibrato-772@4946 centred — target 67 (sung +24 ct, re-centred); offline gate: vibrato 5.28 Hz ±90 r 0.98
   before Tuner in tune 80% stability ≥75 95% (mean 86) of 114/116 | Stay in Key in key 100% of 115/115 (result 94%)
   before Pitch Match int 97/96 pro 93/92 | Drills 96/95/96/96/95 | RTF in tune 95% steady 97% of 115/115 voiced frames (In tune×109, Flat (-23ct)×4, Flat (-24ct)×1) | Choir World held ✓✓ median -2/-1 ct, report pitch 96/96 in tune 191/192, 192/192
   after  Tuner in tune 74% stability ≥75 85% (mean 84) of 114/115 | Stay in Key in key 99% of 115/115 (result 94%)
   after  Pitch Match int 95/95 pro 93/93 | Drills 96/95/96/96/94 | RTF in tune 97% steady 96% of 115/115 voiced frames (In tune×111, Flat (-23ct)×2, Flat (-21ct)×1) | Choir World held ✓✓ median -1/-2 ct, report pitch 96/95 in tune 190/192, 191/192

== V5: vibrato-2417@7396 centred — target 52 (sung +38 ct, re-centred); offline gate: as read 5.35 Hz ±49 r 0.32
   before Tuner in tune 35% stability ≥75 34% (mean 63) of 92/116 | Stay in Key in key 83% of 98/115 (result 84%)
   before Pitch Match int 79/84 pro 73/74 | Drills 84/92/84/92/84 | RTF in tune 65% steady 17% of 115/115 voiced frames (In tune×75, Sharp (+19ct)×6, Sharp (+15ct)×3) | Choir World held ✓✓ median 2/0 ct, report pitch 84/84 in tune 133/154, 137/159
   after  Tuner in tune 32% stability ≥75 33% (mean 61) of 93/115 | Stay in Key in key 87% of 93/115 (result 88%)
   after  Pitch Match int 86/90 pro 75/74 | Drills 83/93/83/93/84 | RTF in tune 66% steady 29% of 114/115 voiced frames (In tune×75, Sharp (+19ct)×6, Sharp (+22ct)×5) | Choir World held ✓✓ median -4/-1 ct, report pitch 92/81 in tune 160/165, 120/145

== V6: vibrato-2961@630 centred — target 49 (sung -27 ct, re-centred); offline gate: vibrato 5.28 Hz ±52 r 0.55
   before Tuner in tune 53% stability ≥75 77% (mean 78) of 115/115 | Stay in Key in key 100% of 113/114 (result 97%)
   before Pitch Match int 94/92 pro 89/91 | Drills 91/94/92/94/92 | RTF in tune 83% steady 67% of 114/114 voiced frames (In tune×95, Flat (-19ct)×4, Sharp (+18ct)×3) | Choir World held ✓✓ median -3/1 ct, report pitch 92/93 in tune 190/192, 189/192
   after  Tuner in tune 53% stability ≥75 78% (mean 78) of 116/116 | Stay in Key in key 99% of 115/115 (result 98%)
   after  Pitch Match int 92/93 pro 91/91 | Drills 91/94/93/94/91 | RTF in tune 83% steady 68% of 115/115 voiced frames (In tune×95, Flat (-19ct)×3, Sharp (+20ct)×3) | Choir World held ✓✓ median 1/-2 ct, report pitch 93/93 in tune 189/192, 192/192

== S1: straight-625@3246 centred — target 69 (sung -14 ct, re-centred); offline gate: as read 5.31 Hz ±9 r 0.39
   before Tuner in tune 76% stability ≥75 84% (mean 85) of 116/116 | Stay in Key in key 100% of 115/115 (result 100%)
   before Pitch Match int 98/96 pro 98/94 | Drills 98/98/98/98/98 | RTF in tune 88% steady 76% of 115/115 voiced frames (In tune×101, Flat (-16ct)×2, Flat (-15ct)×2) | Choir World held ✓✓ median 0/-1 ct, report pitch 96/98 in tune 192/192, 192/192
   after  Tuner in tune 74% stability ≥75 88% (mean 86) of 115/115 | Stay in Key in key 100% of 115/115 (result 100%)
   after  Pitch Match int 96/96 pro 94/98 | Drills 98/98/98/98/98 | RTF in tune 86% steady 77% of 115/115 voiced frames (In tune×99, Sharp (+9ct)×2, Sharp (+11ct)×2) | Choir World held ✓✓ median 0/1 ct, report pitch 98/96 in tune 192/192, 192/192

== S2: straight-286@630 centred — target 60 (sung +32 ct, re-centred); offline gate: as read 4.85 Hz ±19 r 0.26
   before Tuner in tune 77% stability ≥75 72% (mean 78) of 116/116 | Stay in Key in key 97% of 115/115 (result 97%)
   before Pitch Match int 92/96 pro 95/80 | Drills 96/90/97/88/97 | RTF in tune 79% steady 8% of 115/115 voiced frames (In tune×91, Sharp (+17ct)×3, Flat (-10ct)×2) | Choir World held ✓✓ median -1/2 ct, report pitch 91/97 in tune 186/192, 192/192
   after  Tuner in tune 65% stability ≥75 51% (mean 70) of 115/115 | Stay in Key in key 99% of 115/115 (result 99%)
   after  Pitch Match int 97/90 pro 88/95 | Drills 96/90/97/88/95 | RTF in tune 75% steady 7% of 115/115 voiced frames (In tune×86, Flat (-11ct)×3, Sharp (+25ct)×3) | Choir World held ✓✓ median 1/0 ct, report pitch 91/91 in tune 188/192, 187/192

== W1: V1 (real vibrato) sung 60 ct sharp — target 69 (sung -1 ct, re-centred, then +60); offline gate: vibrato 6.16 Hz ±66 r 0.83
   before Tuner in tune 0% stability ≥75 2% (mean 10) of 91/115 | Stay in Key in key 4% of 91/115 (result 5%)
   before Pitch Match int 64/63 pro 48/42 | Drills 58/68/67/73/69 | RTF in tune 5% steady 10% of 100/115 voiced frames (Listening…×15, Sharp (+38ct)×6, In tune×5) | Choir World held ✓✓ median 50/48 ct, report pitch 68/69 in tune 75/152, 94/155
   after  Tuner in tune 0% stability ≥75 1% (mean 7) of 103/115 | Stay in Key in key 3% of 89/114 (result 6%)
   after  Pitch Match int 65/71 pro 58/57 | Drills 59/67/68/73/68 | RTF in tune 5% steady 12% of 101/114 voiced frames (Listening…×13, Sharp (+36ct)×7, Sharp (+46ct)×6) | Choir World held ✗✓ median 52/50 ct, report pitch 67/68 in tune 60/155, 80/155

== W5: V1 (real vibrato) sung 80 ct sharp — target 69 (sung -1 ct, re-centred, then +80); offline gate: vibrato 6.16 Hz ±66 r 0.83
   before Tuner in tune 8% stability ≥75 48% (mean 60) of 95/115 | Stay in Key in key 1% of 94/115 (result 3%)
   before Pitch Match int 52/52 pro 30/27 | Drills 50/57/56/60/59 | RTF in tune 19% steady 38% of 104/115 voiced frames (In tune×20, Listening…×11, Flat (-23ct)×7) | Choir World held ✗✗ median 72/71 ct, report pitch 55/57 in tune 13/155, 12/156
   after  Tuner in tune 8% stability ≥75 68% (mean 72) of 102/116 | Stay in Key in key 2% of 92/115 (result 3%)
   after  Pitch Match int 53/59 pro 40/40 | Drills 49/59/56/60/59 | RTF in tune 17% steady 49% of 103/115 voiced frames (In tune×18, Listening…×12, Flat (-33ct)×7) | Choir World held ✗✗ median 72/72 ct, report pitch 55/55 in tune 10/155, 14/155

== W2: S1 (real straight) sung 40 ct sharp — target 69 (sung -14 ct, re-centred, then +40); offline gate: as read 5.31 Hz ±9 r 0.39
   before Tuner in tune 0% stability ≥75 50% (mean 55) of 115/115 | Stay in Key in key 11% of 114/114 (result 17%)
   before Pitch Match int 0/0 pro 0/0 | Drills 75/75/75/75/75 | RTF in tune 0% steady 22% of 114/114 voiced frames (Sharp (+42ct)×20, Sharp (+43ct)×17, Sharp (+41ct)×10) | Choir World held ✓✓ median 40/40 ct, report pitch 75/75 in tune 159/192, 185/192
   after  Tuner in tune 0% stability ≥75 56% (mean 61) of 115/115 | Stay in Key in key 17% of 115/115 (result 16%)
   after  Pitch Match int 76/77 pro 62/61 | Drills 75/75/75/75/75 | RTF in tune 0% steady 22% of 115/115 voiced frames (Sharp (+42ct)×23, Sharp (+43ct)×12, Sharp (+39ct)×8) | Choir World held ✓✓ median 40/40 ct, report pitch 76/76 in tune 164/192, 167/192

== W3: S1 with a slow ±60 ct wander at 0.8 Hz — target 69 (sung -14 ct, re-centred); offline gate: as read 5.31 Hz ±9 r 0.39
   before Tuner in tune 1% stability ≥75 0% (mean 14) of 115/115 | Stay in Key in key 35% of 114/114 (result 36%)
   before Pitch Match int 78/77 pro 62/65 | Drills 77/76/77/78/77 | RTF in tune 8% steady 0% of 115/115 voiced frames (In tune×9, Flat (-35ct)×6, Sharp (+46ct)×4) | Choir World held ✓✓ median -4/7 ct, report pitch 76/77 in tune 118/192, 134/192
   after  Tuner in tune 6% stability ≥75 0% (mean 3) of 115/115 | Stay in Key in key 37% of 115/115 (result 37%)
   after  Pitch Match int 77/76 pro 69/65 | Drills 77/76/77/78/76 | RTF in tune 10% steady 0% of 115/115 voiced frames (In tune×11, Flat (-45ct)×6, Sharp (+45ct)×5) | Choir World held ✓✓ median -14/11 ct, report pitch 76/77 in tune 120/192, 128/192

== W4: S1 with an 11 Hz ±40 ct flutter — target 69 (sung -14 ct, re-centred); offline gate: as read 5.31 Hz ±9 r 0.39
   before Tuner in tune 9% stability ≥75 0% (mean 21) of 116/116 | Stay in Key in key 80% of 115/115 (result 80%)
   before Pitch Match int 86/86 pro 79/79 | Drills 88/88/88/89/89 | RTF in tune 17% steady 0% of 115/115 voiced frames (In tune×20, Flat (-21ct)×5, Flat (-15ct)×4) | Choir World held ✓✓ median 6/6 ct, report pitch 85/85 in tune 191/192, 191/192
   after  Tuner in tune 12% stability ≥75 0% (mean 19) of 115/115 | Stay in Key in key 82% of 114/114 (result 81%)
   after  Pitch Match int 86/86 pro 80/80 | Drills 89/89/89/89/89 | RTF in tune 14% steady 0% of 114/114 voiced frames (In tune×16, Sharp (+10ct)×4, Flat (-21ct)×4) | Choir World held ✓✓ median 8/7 ct, report pitch 86/86 in tune 192/192, 192/192

== N1: S1 sung 20 ct flat, irregular ±12 ct (RMS) unsteadiness — target 69 (sung -14 ct, re-centred, then -20); offline gate: as read 5.31 Hz ±9 r 0.39
   before Tuner in tune 8% stability ≥75 66% (mean 76) of 115/115 | Stay in Key in key 97% of 115/115 (result 97%)
   before Pitch Match int 89/87 pro 82/83 | Drills 90/90/88/89/89 | RTF in tune 4% steady 22% of 115/115 voiced frames (Flat (-16ct)×18, Flat (-17ct)×10, Flat (-19ct)×10) | Choir World held ✓✓ median -18/-21 ct, report pitch 89/87 in tune 192/192, 187/192
   after  Tuner in tune 5% stability ≥75 64% (mean 76) of 115/115 | Stay in Key in key 90% of 115/115 (result 90%)
   after  Pitch Match int 87/87 pro 80/83 | Drills 90/90/88/89/89 | RTF in tune 5% steady 22% of 114/114 voiced frames (Flat (-15ct)×14, Flat (-17ct)×11, Flat (-16ct)×10) | Choir World held ✓✓ median -21/-20 ct, report pitch 88/87 in tune 192/192, 192/192

== N2: S2 sung 25 ct sharp, irregular ±18 ct (RMS) unsteadiness — target 60 (sung +32 ct, re-centred, then +25); offline gate: as read 4.85 Hz ±19 r 0.26
   before Tuner in tune 2% stability ≥75 68% (mean 66) of 114/114 | Stay in Key in key 70% of 112/112 (result 67%)
   before Pitch Match int 84/84 pro 73/64 | Drills 85/80/85/81/85 | RTF in tune 9% steady 11% of 112/112 voiced frames (In tune×10, Sharp (+26ct)×6, Sharp (+31ct)×6) | Choir World held ✓✓ median 29/24 ct, report pitch 81/83 in tune 176/192, 169/192
   after  Tuner in tune 2% stability ≥75 42% (mean 57) of 113/113 | Stay in Key in key 83% of 113/113 (result 84%)
   after  Pitch Match int 82/80 pro 73/76 | Drills 85/80/85/81/85 | RTF in tune 8% steady 10% of 112/112 voiced frames (In tune×9, Sharp (+26ct)×7, Sharp (+23ct)×7) | Choir World held ✓✓ median 27/23 ct, report pitch 80/79 in tune 156/192, 143/192

== N3: V3 (real vibrato ±91 ct) sung 25 ct flat — target 69 (sung +27 ct, re-centred, then -25); offline gate: vibrato 4.74 Hz ±91 r 0.98
   before Tuner in tune 0% stability ≥75 100% (mean 84) of 112/113 | Stay in Key in key 84% of 112/112 (result 79%)
   before Pitch Match int 87/83 pro 75/76 | Drills 85/85/85/85/84 | RTF in tune 19% steady 97% of 113/113 voiced frames (In tune×22, Flat (-26ct)×12, Flat (-25ct)×9) | Choir World held ✓✓ median -22/-23 ct, report pitch 86/85 in tune 182/192, 185/192
   after  Tuner in tune 0% stability ≥75 100% (mean 85) of 112/113 | Stay in Key in key 88% of 112/112 (result 82%)
   after  Pitch Match int 84/85 pro 74/80 | Drills 85/85/85/85/85 | RTF in tune 19% steady 96% of 112/112 voiced frames (In tune×21, Flat (-26ct)×16, Flat (-22ct)×11) | Choir World held ✓✓ median -23/-24 ct, report pitch 85/84 in tune 182/192, 177/192

== N4: S2 sung 45 ct sharp, irregular ±18 ct (RMS) unsteadiness — target 60 (sung +32 ct, re-centred, then +45); offline gate: as read 4.85 Hz ±19 r 0.26
   before Tuner in tune 2% stability ≥75 7% (mean 13) of 113/113 | Stay in Key in key 7% of 113/113 (result 10%)
   before Pitch Match int 72/71 pro 57/49 | Drills 75/69/74/70/74 | RTF in tune 4% steady 15% of 112/112 voiced frames (Sharp (+43ct)×7, Sharp (+42ct)×7, Sharp (+45ct)×6) | Choir World held ✓✓ median 48/49 ct, report pitch 70/72 in tune 100/192, 101/192
   after  Tuner in tune 2% stability ≥75 11% (mean 14) of 113/113 | Stay in Key in key 11% of 112/112 (result 11%)
   after  Pitch Match int 71/70 pro 53/59 | Drills 75/69/74/69/74 | RTF in tune 2% steady 15% of 113/113 voiced frames (Sharp (+46ct)×8, Sharp (+42ct)×7, Sharp (+43ct)×6) | Choir World held ✗✓ median 51/44 ct, report pitch 69/70 in tune 92/192, 109/192
   note: V5 (real vibrato read as irregular) pmInt: 82 → 88
   note: V5 (real vibrato read as irregular) pmPro: 74 → 75
   note: V5 (real vibrato read as irregular) drills: 87 → 87
   note: V5 (real vibrato read as irregular) cwPitch: 84 → 87
   note: W1 sits at ~49 ct, next to Choir World's ±50 line: held false,true (median 52,50)

==== Tuner / Stay in Key (measured, not checked)
   V1  vibrato           Tuner in tune 16% → 15%, stability ≥75 57% → 52% | Stay in Key in key 96% → 94%
   V2  vibrato           Tuner in tune 45% → 27%, stability ≥75 19% → 26% | Stay in Key in key 63% → 63%
   V3  vibrato           Tuner in tune 68% → 68%, stability ≥75 100% → 100% | Stay in Key in key 98% → 100%
   V4  vibrato           Tuner in tune 80% → 74%, stability ≥75 95% → 85% | Stay in Key in key 100% → 99%
   V5  vibrato-irregular Tuner in tune 35% → 32%, stability ≥75 34% → 33% | Stay in Key in key 83% → 87%
   V6  vibrato           Tuner in tune 53% → 53%, stability ≥75 77% → 78% | Stay in Key in key 100% → 99%
   S1  straight          Tuner in tune 76% → 74%, stability ≥75 84% → 88% | Stay in Key in key 100% → 100%
   S2  straight          Tuner in tune 77% → 65%, stability ≥75 72% → 51% | Stay in Key in key 97% → 99%
   W1  wrong             Tuner in tune 0% → 0%, stability ≥75 2% → 1% | Stay in Key in key 4% → 3%
   W5  wrong             Tuner in tune 8% → 8%, stability ≥75 48% → 68% | Stay in Key in key 1% → 2%
   W2  wrong             Tuner in tune 0% → 0%, stability ≥75 50% → 56% | Stay in Key in key 11% → 17%
   W3  wander            Tuner in tune 1% → 6%, stability ≥75 0% → 0% | Stay in Key in key 35% → 37%
   W4  flutter           Tuner in tune 9% → 12%, stability ≥75 0% → 0% | Stay in Key in key 80% → 82%
   N1  unsteady          Tuner in tune 8% → 5%, stability ≥75 66% → 64% | Stay in Key in key 97% → 90%
   N2  unsteady          Tuner in tune 2% → 2%, stability ≥75 68% → 42% | Stay in Key in key 70% → 83%
   N3  wrong             Tuner in tune 0% → 0%, stability ≥75 100% → 100% | Stay in Key in key 84% → 88%
   N4  unsteady          Tuner in tune 2% → 2%, stability ≥75 7% → 11% | Stay in Key in key 7% → 11%

==== VERDICT: 76 passed, 32 failed
FAIL V1 vibrato pmInt: 91 → 92 (straight notes 95; must be within 8 and up ≥3)
FAIL V1 vibrato drills: 91 → 91 (straight notes 96; must be within 8 and up ≥3)
FAIL V1 vibrato cwPitch: 92 → 91 (straight notes 94; must be within 8 and up ≥3)
FAIL V1 vibrato RTF rtfInTune: 61% → 61% (straight notes 81%; must be within 20 and up ≥20)
FAIL V1 vibrato RTF rtfSteady: 36% → 34% (straight notes 42%; must be within 20 and up ≥20)
FAIL V2 vibrato pmInt: 92 → 93 (straight notes 95; must be within 8 and up ≥3)
FAIL V2 vibrato pmPro: 91 → 88 (straight notes 94; must be within 8 and up ≥3)
FAIL V2 vibrato drills: 93 → 93 (straight notes 96; must be within 8 and up ≥3)
FAIL V2 vibrato RTF rtfInTune: 76% → 78% (straight notes 81%; must be within 20 and up ≥20)
FAIL V2 vibrato RTF rtfSteady: 34% → 38% (straight notes 42%; must be within 20 and up ≥20)
FAIL V3 vibrato pmInt: 95 → 95 (straight notes 95; must be within 8 and up ≥3)
FAIL V3 vibrato pmPro: 92 → 94 (straight notes 94; must be within 8 and up ≥3)
FAIL V3 vibrato drills: 95 → 95 (straight notes 96; must be within 8 and up ≥3)
FAIL V3 vibrato cwPitch: 95 → 95 (straight notes 94; must be within 8 and up ≥3)
FAIL V3 vibrato RTF rtfInTune: 100% → 100% (straight notes 81%; must be within 20 and up ≥20)
FAIL V3 vibrato RTF rtfSteady: 96% → 97% (straight notes 42%; must be within 20 and up ≥20)
FAIL V4 vibrato pmInt: 97 → 95 (straight notes 95; must be within 8 and up ≥3)
FAIL V4 vibrato pmPro: 93 → 93 (straight notes 94; must be within 8 and up ≥3)
FAIL V4 vibrato drills: 96 → 95 (straight notes 96; must be within 8 and up ≥3)
FAIL V4 vibrato cwPitch: 96 → 96 (straight notes 94; must be within 8 and up ≥3)
FAIL V4 vibrato RTF rtfInTune: 95% → 97% (straight notes 81%; must be within 20 and up ≥20)
FAIL V4 vibrato RTF rtfSteady: 97% → 96% (straight notes 42%; must be within 20 and up ≥20)
FAIL V6 vibrato pmInt: 93 → 93 (straight notes 95; must be within 8 and up ≥3)
FAIL V6 vibrato pmPro: 90 → 91 (straight notes 94; must be within 8 and up ≥3)
FAIL V6 vibrato drills: 93 → 93 (straight notes 96; must be within 8 and up ≥3)
FAIL V6 vibrato cwPitch: 93 → 93 (straight notes 94; must be within 8 and up ≥3)
FAIL V6 vibrato RTF rtfInTune: 83% → 83% (straight notes 81%; must be within 20 and up ≥20)
FAIL V6 vibrato RTF rtfSteady: 67% → 68% (straight notes 42%; must be within 20 and up ≥20)
FAIL S2 straight pmPro: 88 → 92 (must not move more than 3)
FAIL W2 wrong pmInt: 0 → 77 (no vibrato in it: must not rise more than 3)
FAIL W2 wrong pmPro: 0 → 62 (no vibrato in it: must not rise more than 3)
FAIL N2 unsteady pmPro: 69 → 75 (no vibrato in it: must not rise more than 3)
pass V1 vibrato pmPro: 75 → 89 (straight notes 94; must be within 8 and up ≥3)
pass V1 vibrato Choir World held: true
pass V2 vibrato cwPitch: 88 → 93 (straight notes 94; must be within 8 and up ≥3)
pass V2 vibrato Choir World held: true
pass V3 vibrato Choir World held: true
pass V4 vibrato Choir World held: true
pass V6 vibrato Choir World held: true
pass S1 straight pmInt: 97 → 96 (must not move more than 3)
pass S1 straight pmPro: 96 → 96 (must not move more than 3)
pass S1 straight drills: 98 → 98 (must not move more than 3)
pass S1 straight cwPitch: 97 → 97 (must not move more than 3)
pass S1 straight RTF rtfInTune: 88% → 86% (must not drop >10)
pass S1 straight RTF rtfSteady: 76% → 77% (must not drop >10)
pass S1 straight Choir World held: true
pass S2 straight pmInt: 94 → 94 (must not move more than 3)
pass S2 straight drills: 94 → 93 (must not move more than 3)
pass S2 straight cwPitch: 94 → 91 (must not move more than 3)
pass S2 straight RTF rtfInTune: 79% → 75% (must not drop >10)
pass S2 straight RTF rtfSteady: 8% → 7% (must not drop >10)
pass S2 straight Choir World held: true
pass W1 V1 (real vibrato) sung 60 ct sharp pmInt: 64 → 68 (a straight note 49 ct off scores 71; must be within 6 of that and ≥10 below the straight notes 95)
pass W1 V1 (real vibrato) sung 60 ct sharp pmPro: 45 → 58 (a straight note 49 ct off scores 56; must be within 6 of that and ≥10 below the straight notes 94)
pass W1 V1 (real vibrato) sung 60 ct sharp drills: 67 → 67 (a straight note 49 ct off scores 71; must be within 6 of that and ≥10 below the straight notes 96)
pass W1 V1 (real vibrato) sung 60 ct sharp cwPitch: 69 → 68 (a straight note 49 ct off scores 71; must be within 6 of that and ≥10 below the straight notes 94)
pass W1 wrong RTF "In tune": 5% → 5% (must not rise >5)
pass W5 V1 (real vibrato) sung 80 ct sharp pmInt: 52 → 56 (a straight note 72 ct off scores 57; must be within 6 of that and ≥10 below the straight notes 95)
pass W5 V1 (real vibrato) sung 80 ct sharp pmPro: 29 → 40 (a straight note 72 ct off scores 35; must be within 6 of that and ≥10 below the straight notes 94)
pass W5 V1 (real vibrato) sung 80 ct sharp drills: 56 → 57 (a straight note 72 ct off scores 57; must be within 6 of that and ≥10 below the straight notes 96)
pass W5 V1 (real vibrato) sung 80 ct sharp cwPitch: 56 → 55 (a straight note 72 ct off scores 57; must be within 6 of that and ≥10 below the straight notes 94)
pass W5 wrong RTF "In tune": 19% → 17% (must not rise >5)
pass W5 V1 (real vibrato) sung 80 ct sharp Choir World held: false,false (must fail: past the ±50 tolerance)
pass W2 wrong drills: 75 → 75 (no vibrato in it: must not rise more than 3)
pass W2 wrong cwPitch: 75 → 76 (no vibrato in it: must not rise more than 3)
pass W2 wrong RTF "In tune": 0% → 0% (must not rise >5)
pass W3 wander pmInt: 78 → 77 (no vibrato in it: must not rise more than 3)
pass W3 wander pmPro: 64 → 67 (no vibrato in it: must not rise more than 3)
pass W3 wander drills: 77 → 77 (no vibrato in it: must not rise more than 3)
pass W3 wander cwPitch: 77 → 77 (no vibrato in it: must not rise more than 3)
pass W3 wander RTF "Steady": 0% → 0% (no vibrato in it: must not rise >5)
pass W3 S1 with a slow ±60 ct wander at 0.8 Hz RTF "Steady": 0% → 0% (wobbly, no vibrato: must read Steady on ≤25% of voiced frames)
pass W4 flutter pmInt: 86 → 86 (no vibrato in it: must not rise more than 3)
pass W4 flutter pmPro: 79 → 80 (no vibrato in it: must not rise more than 3)
pass W4 flutter drills: 88 → 89 (no vibrato in it: must not rise more than 3)
pass W4 flutter cwPitch: 85 → 86 (no vibrato in it: must not rise more than 3)
pass W4 flutter RTF "In tune": 17% → 14% (must not rise >5)
pass W4 flutter RTF "Steady": 0% → 0% (no vibrato in it: must not rise >5)
pass W4 S1 with an 11 Hz ±40 ct flutter RTF "Steady": 0% → 0% (wobbly, no vibrato: must read Steady on ≤25% of voiced frames)
pass N1 unsteady pmInt: 88 → 87 (no vibrato in it: must not rise more than 3)
pass N1 unsteady pmPro: 83 → 82 (no vibrato in it: must not rise more than 3)
pass N1 unsteady drills: 89 → 89 (no vibrato in it: must not rise more than 3)
pass N1 unsteady cwPitch: 88 → 88 (no vibrato in it: must not rise more than 3)
pass N1 unsteady RTF "In tune": 4% → 5% (must not rise >5)
pass N1 S1 sung 20 ct flat, irregular ±12 ct (RMS) unsteadiness RTF "In tune": 4% → 5% (off pitch past the window: must read in tune ≤25% of voiced frames)
pass N1 unsteady RTF "Steady": 22% → 22% (no vibrato in it: must not rise >5)
pass N1 S1 sung 20 ct flat, irregular ±12 ct (RMS) unsteadiness RTF "Steady": 22% → 22% (wobbly, no vibrato: must read Steady on ≤25% of voiced frames)
pass N2 unsteady pmInt: 84 → 81 (no vibrato in it: must not rise more than 3)
pass N2 unsteady drills: 83 → 83 (no vibrato in it: must not rise more than 3)
pass N2 unsteady cwPitch: 82 → 80 (no vibrato in it: must not rise more than 3)
pass N2 unsteady RTF "In tune": 9% → 8% (must not rise >5)
pass N2 S2 sung 25 ct sharp, irregular ±18 ct (RMS) unsteadiness RTF "In tune": 9% → 8% (off pitch past the window: must read in tune ≤25% of voiced frames)
pass N2 unsteady RTF "Steady": 11% → 10% (no vibrato in it: must not rise >5)
pass N2 S2 sung 25 ct sharp, irregular ±18 ct (RMS) unsteadiness RTF "Steady": 11% → 10% (wobbly, no vibrato: must read Steady on ≤25% of voiced frames)
pass N3 V3 (real vibrato ±91 ct) sung 25 ct flat pmInt: 85 → 85 (a straight note 22 ct off scores 87; must be within 6 of that)
pass N3 V3 (real vibrato ±91 ct) sung 25 ct flat pmPro: 76 → 77 (a straight note 22 ct off scores 80; must be within 6 of that)
pass N3 V3 (real vibrato ±91 ct) sung 25 ct flat drills: 85 → 85 (a straight note 22 ct off scores 87; must be within 6 of that)
pass N3 V3 (real vibrato ±91 ct) sung 25 ct flat cwPitch: 86 → 85 (a straight note 22 ct off scores 87; must be within 6 of that)
pass N3 wrong RTF "In tune": 19% → 19% (must not rise >5)
pass N3 V3 (real vibrato ±91 ct) sung 25 ct flat RTF "In tune": 19% → 19% (off pitch past the window: must read in tune ≤25% of voiced frames)
pass N4 unsteady pmInt: 72 → 71 (no vibrato in it: must not rise more than 3)
pass N4 unsteady pmPro: 53 → 56 (no vibrato in it: must not rise more than 3)
pass N4 unsteady drills: 72 → 72 (no vibrato in it: must not rise more than 3)
pass N4 unsteady cwPitch: 71 → 70 (no vibrato in it: must not rise more than 3)
pass N4 unsteady RTF "In tune": 4% → 2% (must not rise >5)
pass N4 S2 sung 45 ct sharp, irregular ±18 ct (RMS) unsteadiness RTF "In tune": 4% → 2% (off pitch past the window: must read in tune ≤25% of voiced frames)
pass N4 unsteady RTF "Steady": 15% → 15% (no vibrato in it: must not rise >5)
pass N4 S2 sung 45 ct sharp, irregular ±18 ct (RMS) unsteadiness RTF "Steady": 15% → 15% (wobbly, no vibrato: must read Steady on ≤25% of voiced frames)

log: /Users/alegramusenge/Documents/voxcoach-app/scripts/vq-verify/logs/vibfix-local-2026-10-04T09-22-37.log  json: /Users/alegramusenge/Documents/voxcoach-app/scripts/vq-verify/logs/vibfix-local-2026-10-04T09-22-37.json
