== local deploy/ + production backend
   mic: 261.63 Hz (MIDI 60)
   signed up voxcoach-vlh-1791297491948@example.com
  ✓ sidecar allowed in this browser (desktop Chromium)                 

-- Tuner (listens until stopped: 7 s)
  ✓ reached through its hub, start button visible                      
  ✓ gauge visible in the panel, today's total so far                   "Vocal load today" "0% of daily budget"
  ✓ load feed stubbed out: no session stored, no register input opened opened [], rows 0
  ✓ feature result identical with the load feed live                   off {"pitch":"98%","freq":261.7,"stability":96} | on {"pitch":"98%","freq":261.7,"stability":96}
  ✓ both live at once: the feature's own mic + the register input      opened this run [{"audio":{"echoCancellation":true,"noiseSuppression":false,"autoGainControl":false}}]
  ✓ feature's own track still live, unmuted, NS/AGC/EC unchanged       on: ns true agc true ec true muted false | off: ns true agc true ec true
  ✓ feature's own analyser hears the same tone                         on 261.7 Hz rms 0.0295 | off 261.7 Hz rms 0.0295
  ✓ stored: exactly 1 new session, ended                               [{"active_seconds":7.07,"ended":true,"load":13.6172631500793,"median_rms":0.270515475270595,"p5_midi":60.0025102860344,"p95_midi":60.0028445385604}]
  ✓ active seconds ≈ time the feature listened (7.12 s, −1.8/+0.3)     7.070 s
  ✓ stored load = active × 1.925926 (hand), within 0.5%                stored 13.6173 vs hand 13.6163
  ✓ pitch stored ≈ 60                                                  p5 60.003, p95 60.003
  ✓ gauge moved while the feature ran                                  mid-run 0.0841% vs before 0.0000%
  ✓ gauge = today's stored total / 6800                                "0.2% of daily budget" pct 0.200254 vs 0.200254

-- Interval Match: target C4, a pass
  ✓ reached through its hub, start button visible                      
  ✓ gauge visible in the panel, today's total so far                   "Vocal load today" "0.2% of daily budget"
  ✓ load feed stubbed out: no session stored, no register input opened opened [], rows 1
  ✓ feature result identical with the load feed live                   off {"acc":"99%","fb":"Right on it."} | on {"acc":"99%","fb":"Right on it."}
  ✓ both live at once: the feature's own mic + the register input      opened this run [{"audio":{"echoCancellation":true,"noiseSuppression":false,"autoGainControl":false}}]
  ✓ feature's own track still live, unmuted, NS/AGC/EC unchanged       on: ns true agc true ec true muted false | off: ns true agc true ec true
  ✓ feature's own analyser hears the same tone                         on 261.8 Hz rms 0.0295 | off 262.1 Hz rms 0.0295
  ✓ stored: exactly 1 new session, ended                               [{"active_seconds":2.953,"ended":true,"load":5.68792720149095,"median_rms":0.270596627475117,"p5_midi":60.0024485453277,"p95_midi":60.0028521259027}]
  ✓ active seconds ≈ time the feature listened (3.02 s, −1.8/+0.3)     2.953 s
  ✓ stored load = active × 1.925926 (hand), within 0.5%                stored 5.6879 vs hand 5.6873
  ✓ pitch stored ≈ 60                                                  p5 60.002, p95 60.003
  ✓ gauge = today's stored total / 6800                                "0.3% of daily budget" pct 0.283900 vs 0.283900

-- Scale Run from C4 (every note captured, runs to the end)
  ✓ reached through its hub, start button visible                      
  ✓ gauge visible in the panel, today's total so far                   "Vocal load today" "0.3% of daily budget"
  ✓ load feed stubbed out: no session stored, no register input opened opened [], rows 2
  ✓ feature result identical with the load feed live                   off {"avg":"24%","dots":"scale-dot done-good,scale-dot done-low,scale-dot done-low,scale-dot done-low,scale-dot done-low,scale-dot done-low,scale-dot done-low,scale-dot done-low,scale-dot done-good"} | on {"avg":"24%","dots":"scale-dot done-good,scale-dot done-low,scale-dot done-low,scale-dot done-low,scale-dot done-low,scale-dot done-low,scale-dot done-low,scale-dot done-low,scale-dot done-good"}
  ✓ both live at once: the feature's own mic + the register input      opened this run [{"audio":{"echoCancellation":true,"noiseSuppression":false,"autoGainControl":false}}]
  ✓ feature's own track still live, unmuted, NS/AGC/EC unchanged       on: ns true agc true ec true muted false | off: ns true agc true ec true
  ✓ feature's own analyser hears the same tone                         on 261.8 Hz rms 0.0295 | off 262 Hz rms 0.0295
  ✓ stored: exactly 1 new session, ended                               [{"active_seconds":15.38,"ended":true,"load":29.6230998972447,"median_rms":0.270581564975393,"p5_midi":60.0025293221633,"p95_midi":60.0028032664253}]
  ✓ active seconds ≈ time the feature listened (15.51 s, −1.8/+0.3)    15.380 s
  ✓ stored load = active × 1.925926 (hand), within 0.5%                stored 29.6231 vs hand 29.6207
  ✓ pitch stored ≈ 60                                                  p5 60.003, p95 60.003
  ✓ gauge moved while the feature ran                                  mid-run 0.3674% vs before 0.2839%
  ✓ gauge = today's stored total / 6800                                "0.7% of daily budget" pct 0.719534 vs 0.719534

-- Breath Control (a held tone, stopped at 8 s)
  ✓ reached through its hub, start button visible                      
  ✓ gauge visible in the panel, today's total so far                   "Vocal load today" "0.7% of daily budget"
  ✓ load feed stubbed out: no session stored, no register input opened opened [], rows 3
  ✓ feature result identical with the load feed live                   off {"acc":"80%","samples":484} | on {"acc":"80%","samples":483}
  ✓ both live at once: the feature's own mic + the register input      opened this run [{"audio":{"echoCancellation":true,"noiseSuppression":false,"autoGainControl":false}}]
  ✓ feature's own track still live, unmuted, NS/AGC/EC unchanged       on: ns true agc true ec true muted false | off: ns true agc true ec true
  ✓ feature's own analyser hears the same tone                         on 261.7 Hz rms 0.0294 | off 261.8 Hz rms 0.0294
  ✓ stored: exactly 1 new session, ended                               [{"active_seconds":7.989,"ended":true,"load":15.387927611461,"median_rms":0.270584480820328,"p5_midi":60.002558994308,"p95_midi":60.0028029740467}]
  ✓ active seconds ≈ time the feature listened (8.04 s, −1.8/+0.3)     7.989 s
  ✓ stored load = active × 1.925926 (hand), within 0.5%                stored 15.3879 vs hand 15.3862
  ✓ pitch stored ≈ 60                                                  p5 60.003, p95 60.003
  ✓ gauge moved while the feature ran                                  mid-run 0.8033% vs before 0.7195%
  ✓ gauge = today's stored total / 6800                                "0.9% of daily budget" pct 0.945827 vs 0.945827

-- Custom Exercise: 6 notes (seeded), runs to the end
  ✓ reached through its hub, start button visible                      
  ✓ gauge visible in the panel, today's total so far                   "Vocal load today" "0.9% of daily budget"
  ✓ load feed stubbed out: no session stored, no register input opened opened [], rows 4
  ✓ feature result identical with the load feed live                   off {"avg":"50%","rows":"C399%D30%A#40%F4No signalE4No signalC499%"} | on {"avg":"50%","rows":"C399%D30%A#40%F4No signalE4No signalC499%"}
  ✓ both live at once: the feature's own mic + the register input      opened this run [{"audio":{"echoCancellation":true,"noiseSuppression":false,"autoGainControl":false}}]
  ✓ feature's own track still live, unmuted, NS/AGC/EC unchanged       on: ns true agc true ec true muted false | off: ns true agc true ec true
  ✓ feature's own analyser hears the same tone                         on 262.3 Hz rms 0.0298 | off 262.1 Hz rms 0.0296
  ✓ stored: exactly 1 new session, ended                               [{"active_seconds":15.03,"ended":true,"load":28.9487645727665,"median_rms":0.270614634568886,"p5_midi":60.0025473866036,"p95_midi":60.0027841428335}]
  ✓ active seconds ≈ time the feature listened (15.14 s, −1.8/+0.3)    15.030 s
  ✓ stored load = active × 1.925926 (hand), within 0.5%                stored 28.9488 vs hand 28.9467
  ✓ pitch stored ≈ 60                                                  p5 60.003, p95 60.003
  ✓ gauge moved while the feature ran                                  mid-run 1.0293% vs before 0.9458%
  ✓ gauge = today's stored total / 6800                                "1.4% of daily budget" pct 1.371544 vs 1.371544

-- Rhythm Trainer (runs to the end)
  ✓ reached through its hub, start button visible                      
  ✓ gauge visible in the panel, today's total so far                   "Vocal load today" "1.4% of daily budget"
  ✓ load feed stubbed out: no session stored, no register input opened opened [], rows 5
  ✓ feature result identical with the load feed live                   off {"claimed":"00000000","card":"block"} | on {"claimed":"00000000","card":"block"}
  ✓ both live at once: the feature's own mic + the register input      opened this run [{"audio":{"echoCancellation":true,"noiseSuppression":false,"autoGainControl":false}}]
  ✓ feature's own track still live, unmuted, NS/AGC/EC unchanged       on: ns true agc true ec true muted false | off: ns true agc true ec true
  ✓ feature's own analyser hears the same tone                         on 261.7 Hz rms 0.0299 | off 262.2 Hz rms 0.03
  ✓ stored: exactly 1 new session, ended                               [{"active_seconds":6.006,"ended":true,"load":11.5682734867247,"median_rms":0.270602090199925,"p5_midi":60.0025380507583,"p95_midi":60.0027390498732}]
  ✓ active seconds ≈ time the feature listened (6.09 s, −1.8/+0.3)     6.006 s
  ✓ stored load = active × 1.925926 (hand), within 0.5%                stored 11.5683 vs hand 11.5671
  ✓ pitch stored ≈ 60                                                  p5 60.003, p95 60.003
  ✓ gauge moved while the feature ran                                  mid-run 1.4553% vs before 1.3715%
  ✓ gauge = today's stored total / 6800                                "1.5% of daily budget" pct 1.541666 vs 1.541666

-- Mirror Mode (seeded phrase, the echo runs to the end)
  ✓ reached through its hub, start button visible                      
  ✓ gauge visible in the panel, today's total so far                   "Vocal load today" "1.5% of daily budget"
  ✓ load feed stubbed out: no session stored, no register input opened opened [], rows 6
  ✓ feature result identical with the load feed live                   off {"acc":"0%"} | on {"acc":"0%"}
  ✓ both live at once: the feature's own mic + the register input      opened this run [{"audio":{"echoCancellation":true,"noiseSuppression":false,"autoGainControl":false}}]
  ✓ feature's own track still live, unmuted, NS/AGC/EC unchanged       on: ns true agc true ec true muted false | off: ns true agc true ec true
  ✓ feature's own analyser hears the same tone                         on 261.7 Hz rms 0.0295 | off 261.8 Hz rms 0.0294
  ✓ stored: exactly 1 new session, ended                               [{"active_seconds":2.749,"ended":true,"load":5.29411499391692,"median_rms":0.270444776254934,"p5_midi":60.002799272103,"p95_midi":60.0034135547396}]
  ✓ active seconds ≈ time the feature listened (2.88 s, −1.8/+0.3)     2.749 s
  ✓ stored load = active × 1.925926 (hand), within 0.5%                stored 5.2941 vs hand 5.2944
  ✓ pitch stored ≈ 60                                                  p5 60.003, p95 60.003
  ✓ gauge moved while the feature ran                                  mid-run 1.5831% vs before 1.5417%
  ✓ gauge = today's stored total / 6800                                "1.6% of daily budget" pct 1.619520 vs 1.619520

-- Real-Time Feedback (register input; stopped at 7 s)
  ✓ reached through its hub, start button visible                      
  ✓ gauge visible in the panel, today's total so far                   "Vocal load today" "1.6% of daily budget"
  ✓ load feed stubbed out: no session stored                           opened [{"audio":{"echoCancellation":true,"noiseSuppression":false,"autoGainControl":false}}], rows 7
  ✓ feature result identical with the load feed live                   off {"Pitch":"checklist-icon good In tune","Stability":"checklist-icon good Steady","Breath":"checklist-icon good Steady breath support","Register":"checklist-icon good Balanced tone"} | on {"Pitch":"checklist-icon good In tune","Stability":"checklist-icon good Steady","Breath":"checklist-icon good Steady breath support","Register":"checklist-icon good Balanced tone"}
  ✓ no second register stream opened for the load                      on [{"audio":{"echoCancellation":true,"noiseSuppression":false,"autoGainControl":false}}] | off [{"audio":{"echoCancellation":true,"noiseSuppression":false,"autoGainControl":false}}]
  ✓ stored: exactly 1 new session, ended                               [{"active_seconds":7.019,"ended":true,"load":13.5184500922834,"median_rms":0.270598917785584,"p5_midi":60.0026024642377,"p95_midi":60.002708458453}]
  ✓ active seconds ≈ time the feature listened (7.04 s, −1.8/+0.3)     7.019 s
  ✓ stored load = active × 1.925926 (hand), within 0.5%                stored 13.5185 vs hand 13.5181
  ✓ pitch stored ≈ 60                                                  p5 60.003, p95 60.003
  ✓ gauge moved while the feature ran                                  mid-run 1.7041% vs before 1.6195%
  ✓ gauge = today's stored total / 6800                                "1.8% of daily budget" pct 1.818321 vs 1.818321

-- Emotional Singing (song, runs to the end)
  ✓ reached through its hub, start button visible                      
  ✓ gauge visible in the panel, today's total so far                   "Vocal load today" "1.8% of daily budget"
  ✓ load feed stubbed out: no session stored, no register input opened opened [], rows 8
  ✓ feature result identical with the load feed live                   off {"pitch":"70%","all":"PITCH 70% EXPRESSION 3%"} | on {"pitch":"70%","all":"PITCH 70% EXPRESSION 3%"}
  ✓ both live at once: the feature's own mic + the register input      opened this run [{"audio":{"echoCancellation":true,"noiseSuppression":false,"autoGainControl":false}}]
  ✓ feature's own track still live, unmuted, NS/AGC/EC unchanged       on: ns true agc true ec true muted false | off: ns true agc true ec true
  ✓ feature's own analyser hears the same tone                         on 262 Hz rms 0.0295 | off 261.7 Hz rms 0.0298
  ✓ stored: exactly 1 new session, ended                               [{"active_seconds":26.615,"ended":true,"load":51.2627115250141,"median_rms":0.270568117848782,"p5_midi":60.0024781278416,"p95_midi":60.0028586560781}]
  ✓ active seconds ≈ time the feature listened (26.68 s, −1.8/+0.3)    26.615 s
  ✓ stored load = active × 1.925926 (hand), within 0.5%                stored 51.2627 vs hand 51.2585
  ✓ pitch stored ≈ 60                                                  p5 60.002, p95 60.003
  ✓ gauge moved while the feature ran                                  mid-run 1.9019% vs before 1.8183%
  ✓ gauge = today's stored total / 6800                                "2.6% of daily budget" pct 2.572184 vs 2.572184

-- Range Finder (low captured at 3.5 s, high at 6 s)
  ✓ reached through its hub, start button visible                      
  ✓ gauge visible in the panel, today's total so far                   "Vocal load today" "2.6% of daily budget"
  ✓ load feed stubbed out: no session stored, no register input opened opened [], rows 9
  ✓ feature result identical with the load feed live                   off {"type":"Tenor","span":"C4 → C4"} | on {"type":"Tenor","span":"C4 → C4"}
  ✓ both live at once: the feature's own mic + the register input      opened this run [{"audio":{"echoCancellation":true,"noiseSuppression":false,"autoGainControl":false}}]
  ✓ feature's own track still live, unmuted, NS/AGC/EC unchanged       on: ns true agc true ec true muted false | off: ns true agc true ec true
  ✓ feature's own analyser hears the same tone                         on 262.1 Hz rms 0.0295 | off 262.1 Hz rms 0.0301
  ✓ stored: exactly 1 new session, ended                               [{"active_seconds":6.03,"ended":true,"load":11.6141283381394,"median_rms":0.270551853549183,"p5_midi":60.0025827229839,"p95_midi":60.002725530043}]
  ✓ active seconds ≈ time the feature listened (6.08 s, −1.8/+0.3)     6.030 s
  ✓ stored load = active × 1.925926 (hand), within 0.5%                stored 11.6141 vs hand 11.6133
  ✓ pitch stored ≈ 60                                                  p5 60.003, p95 60.003
  ✓ gauge moved while the feature ran                                  mid-run 2.6557% vs before 2.5722%
  ✓ gauge = today's stored total / 6800                                "2.7% of daily budget" pct 2.742980 vs 2.742980
  ✓ page errors                                                        none

-- reload: every gauge resumes today's total from the server
  ✓ tuner: same total after reload, not 0                              "2.7% of daily budget"
  ✓ interval: same total after reload, not 0                           "2.7% of daily budget"
  ✓ scale: same total after reload, not 0                              "2.7% of daily budget"
  ✓ breath: same total after reload, not 0                             "2.7% of daily budget"
  ✓ custom: same total after reload, not 0                             "2.7% of daily budget"
  ✓ rhythm: same total after reload, not 0                             "2.7% of daily budget"
  ✓ mirror: same total after reload, not 0                             "2.7% of daily budget"
  ✓ livefb: same total after reload, not 0                             "2.7% of daily budget"
  ✓ emotion: same total after reload, not 0                            "2.7% of daily budget"
  ✓ range: same total after reload, not 0                              "2.7% of daily budget"
  ✓ coach: same total after reload, not 0                              "2.7% of daily budget"
  ✓ daily table = sum of every session                                 [{"day":"2026-10-06","total_load":186.522660869121}] vs 186.5227

-- all four languages (switched with the Profile language buttons)
  ✓ fr: all 11 gauges' label and value in fr                           "Charge vocale du jour" "2,7 % du budget quotidien"
  ✓ es: all 11 gauges' label and value in es                           "Carga vocal de hoy" "2,7 % del presupuesto diario"
  ✓ tr: all 11 gauges' label and value in tr                           "Bugünkü ses yükü" "Günlük bütçe: %2,7"
  ✓ en: all 11 gauges' label and value in en                           "Vocal load today" "2.7% of daily budget"
  ✓ page errors                                                        none

-- Safari user agent: sidecar features open no second stream, store nothing, hide their gauge
  ✓ sidecar blocked for this user agent                                
  ✓ tuner ran on its own stream only, no session stored                opened [], rows 10→10
  ✓ sidecar features' gauges hidden, register-input features' still shown ok

-- signed out
  ✓ every gauge hidden when signed out                                 all hidden

[cleanup] deleted 1 test account(s) this run created; 0 left of voxcoach-vlh-1791297491948@example.com

150 passed, 0 failed
