== local deploy/ + production backend
   mic: 261.63 Hz (MIDI 60)
   signed up voxcoach-vlh-1791010892067@example.com
  ✓ sidecar allowed in this browser (desktop Chromium)                 

-- Entrance & Cutoff Trainer, entrances, Lead (runs to the end of the song)
  ✓ reached through its hub, start button visible                      
  ✓ gauge visible in the panel, today's total so far                   "Vocal load today" "0% of daily budget"
  ✓ load feed stubbed out: no session stored, no register input opened opened [], rows 0
  ✓ feature result identical with the load feed live                   off {"ticks":true,"laterEdges":0,"claimed":"00000000"} | on {"ticks":true,"laterEdges":0,"claimed":"00000000"}
  ✓ both live at once: the feature's own mic + the register input      opened this run [{"audio":{"echoCancellation":true,"noiseSuppression":false,"autoGainControl":false}}]
  ✓ feature's own track still live, unmuted, NS/AGC/EC unchanged       on: ns true agc true ec true muted false | off: ns true agc true ec true
  ✓ feature's own analyser hears the same tone                         on 261.6 Hz rms 0.0294 | off 261.7 Hz rms 0.0294
  ✓ stored: exactly 1 new session, ended                               [{"active_seconds":30.621,"ended":true,"load":58.9791484935771,"median_rms":0.2705801750094,"p5_midi":60.0025147148614,"p95_midi":60.0027798146549}]
  ✓ active seconds ≈ time the feature listened (30.70 s, −1.8/+0.3)    30.621 s
  ✓ stored load = active × 1.925926 (hand), within 0.5%                stored 58.9791 vs hand 58.9738
  ✓ pitch stored ≈ 60                                                  p5 60.003, p95 60.003
  ✓ gauge moved while the feature ran                                  mid-run 0.0837% vs before 0.0000%
  ✓ gauge = today's stored total / 6800                                "0.9% of daily budget" pct 0.867340 vs 0.867340

-- Choir Bosses, the first boss, Lead (runs to the end or the boss wins)
  ✓ reached through its hub, start button visible                      
  ✓ gauge visible in the panel, today's total so far                   "Vocal load today" "0.9% of daily budget"
  ✓ load feed stubbed out: no session stored, no register input opened opened [], rows 1
  ✓ feature result identical with the load feed live                   off {"held":"10111101","score":75,"passed":true,"stoppedAt":null} | on {"held":"10111101","score":75,"passed":true,"stoppedAt":null}
  ✓ both live at once: the feature's own mic + the register input      opened this run [{"audio":{"echoCancellation":true,"noiseSuppression":false,"autoGainControl":false}}]
  ✓ feature's own track still live, unmuted, NS/AGC/EC unchanged       on: ns true agc true ec true muted false | off: ns true agc true ec true
  ✓ feature's own analyser hears the same tone                         on 262.2 Hz rms 0.0304 | off 261.7 Hz rms 0.0294
  ✓ stored: exactly 1 new session, ended                               [{"active_seconds":30.332,"ended":true,"load":58.4217730664356,"median_rms":0.270570501322036,"p5_midi":60.0024717457957,"p95_midi":60.0029160641669}]
  ✓ active seconds ≈ time the feature listened (30.48 s, −1.8/+0.3)    30.332 s
  ✓ stored load = active × 1.925926 (hand), within 0.5%                stored 58.4218 vs hand 58.4172
  ✓ pitch stored ≈ 60                                                  p5 60.002, p95 60.003
  ✓ gauge moved while the feature ran                                  mid-run 0.9509% vs before 0.8673%
  ✓ gauge = today's stored total / 6800                                "1.7% of daily budget" pct 1.726484 vs 1.726484

-- Chaos Mode, Lead (seeded plan, runs to the end)
  ✓ reached through its hub, start button visible                      
  ✓ gauge visible in the panel, today's total so far                   "Vocal load today" "1.7% of daily budget"
  ✓ load feed stubbed out: no session stored, no register input opened opened [], rows 2
  ✓ feature result identical with the load feed live                   off {"held":"10111101","score":75,"passed":true,"stoppedAt":null} | on {"held":"10111101","score":75,"passed":true,"stoppedAt":null}
  ✓ both live at once: the feature's own mic + the register input      opened this run [{"audio":{"echoCancellation":true,"noiseSuppression":false,"autoGainControl":false}}]
  ✓ feature's own track still live, unmuted, NS/AGC/EC unchanged       on: ns true agc true ec true muted false | off: ns true agc true ec true
  ✓ feature's own analyser hears the same tone                         on 261.8 Hz rms 0.0295 | off 261.7 Hz rms 0.0294
  ✓ stored: exactly 1 new session, ended                               [{"active_seconds":30.332,"ended":true,"load":58.4223190577629,"median_rms":0.270561621941863,"p5_midi":60.0024799320983,"p95_midi":60.0029398025334}]
  ✓ active seconds ≈ time the feature listened (30.44 s, −1.8/+0.3)    30.332 s
  ✓ stored load = active × 1.925926 (hand), within 0.5%                stored 58.4223 vs hand 58.4172
  ✓ pitch stored ≈ 60                                                  p5 60.002, p95 60.003
  ✓ gauge moved while the feature ran                                  mid-run 1.8105% vs before 1.7265%
  ✓ gauge = today's stored total / 6800                                "2.6% of daily budget" pct 2.585636 vs 2.585636

-- Tempo/Key Ladder, rung 1 up, Lead (runs to the end)
  ✓ reached through its hub, start button visible                      
  ✓ gauge visible in the panel, today's total so far                   "Vocal load today" "2.6% of daily budget"
  ✓ load feed stubbed out: no session stored, no register input opened opened [], rows 3
  ✓ feature result identical with the load feed live                   off {"held":"10111101","score":75,"passed":true,"stoppedAt":null} | on {"held":"10111101","score":75,"passed":true,"stoppedAt":null}
  ✓ both live at once: the feature's own mic + the register input      opened this run [{"audio":{"echoCancellation":true,"noiseSuppression":false,"autoGainControl":false}}]
  ✓ feature's own track still live, unmuted, NS/AGC/EC unchanged       on: ns true agc true ec true muted false | off: ns true agc true ec true
  ✓ feature's own analyser hears the same tone                         on 261.7 Hz rms 0.0295 | off 261.7 Hz rms 0.0294
  ✓ stored: exactly 1 new session, ended                               [{"active_seconds":30.332,"ended":true,"load":58.423129989361,"median_rms":0.27056551728233,"p5_midi":60.0024797980547,"p95_midi":60.0028745998884}]
  ✓ active seconds ≈ time the feature listened (30.40 s, −1.8/+0.3)    30.332 s
  ✓ stored load = active × 1.925926 (hand), within 0.5%                stored 58.4231 vs hand 58.4172
  ✓ pitch stored ≈ 60                                                  p5 60.002, p95 60.003
  ✓ gauge moved while the feature ran                                  mid-run 2.6696% vs before 2.5856%
  ✓ gauge = today's stored total / 6800                                "3.4% of daily budget" pct 3.444800 vs 3.444800

-- The Vocal Rift (seeded rounds, runs the full 60 s)
  ✓ reached through its hub, start button visible                      
  ✓ gauge visible in the panel, today's total so far                   "Vocal load today" "3.4% of daily budget"
  ✓ load feed stubbed out: no session stored, no register input opened opened [], rows 4
  ✗ feature result identical with the load feed live                   off [{"type":"Pitch","target":48,"acc":99},{"type":"Quick Catch","target":65,"acc":null},{"type":"Sustain Hold","target":58,"acc":0},{"type":"Pitch","target":50,"acc":0},{"type":"Interval Jump","target":52,"acc":null},{"type":"Pitch","target":56,"acc":null},{"type":"Sustain Hold","target":55,"acc":null},{"type":"Quick Catch","target":65,"acc":null},{"type":"Quick Catch","target":57,"acc":null},{"type":"Interval Jump","target":59,"acc":39},{"type":"Quick Catch","target":66,"acc":null},{"type":"Pitch","target":59,"acc":39},{"type":"Interval Jump","target":52,"acc":null},{"type":"Interval Jump","target":56,"acc":null},{"type":"Quick Catch","target":68,"acc":null},{"type":"Pitch","target":71,"acc":39},{"type":"Quick Catch","target":62,"acc":0},{"type":"Sustain Hold","target":57,"acc":null},{"type":"Sustain Hold","target":64,"acc":null},{"type":"Sustain Hold","target":55,"acc":null},{"type":"Sustain Hold","target":57,"acc":null},{"type":"Quick Catch","target":47,"acc":39},{"type":"Pitch","target":50,"acc":0},{"type":"Sustain Hold","target":58,"acc":0},{"type":"Sustain Hold","target":57,"acc":null},{"type":"Quick Catch","target":48,"acc":99}] | on [{"type":"Pitch","target":48,"acc":99},{"type":"Quick Catch","target":65,"acc":null},{"type":"Sustain Hold","target":58,"acc":0},{"type":"Pitch","target":50,"acc":0},{"type":"Interval Jump","target":52,"acc":null},{"type":"Pitch","target":56,"acc":null},{"type":"Sustain Hold","target":55,"acc":null},{"type":"Quick Catch","target":65,"acc":null},{"type":"Quick Catch","target":57,"acc":null},{"type":"Interval Jump","target":59,"acc":39},{"type":"Quick Catch","target":66,"acc":null},{"type":"Pitch","target":59,"acc":39},{"type":"Interval Jump","target":52,"acc":null},{"type":"Interval Jump","target":56,"acc":null},{"type":"Quick Catch","target":68,"acc":null},{"type":"Pitch","target":71,"acc":39},{"type":"Quick Catch","target":62,"acc":0},{"type":"Sustain Hold","target":57,"acc":null},{"type":"Sustain Hold","target":64,"acc":null},{"type":"Sustain Hold","target":55,"acc":null},{"type":"Sustain Hold","target":57,"acc":null},{"type":"Quick Catch","target":47,"acc":39},{"type":"Pitch","target":50,"acc":0},{"type":"Sustain Hold","target":58,"acc":0},{"type":"Sustain Hold","target":57,"acc":0},{"type":"Quick Catch","target":48,"acc":99}]
  ✓ both live at once: the feature's own mic + the register input      opened this run [{"audio":{"echoCancellation":true,"noiseSuppression":false,"autoGainControl":false}}]
  ✓ feature's own track still live, unmuted, NS/AGC/EC unchanged       on: ns true agc true ec true muted false | off: ns true agc true ec true
  ✓ feature's own analyser hears the same tone                         on 262.1 Hz rms 0.0301 | off 261.7 Hz rms 0.0294
  ✓ stored: exactly 1 new session, ended                               [{"active_seconds":59.948,"ended":true,"load":115.4684012481,"median_rms":0.270592845911268,"p5_midi":60.002394228172,"p95_midi":60.0028812266322}]
  ✓ active seconds ≈ time the feature listened (60.05 s, −1.8/+0.3)    59.948 s
  ✓ stored load = active × 1.925926 (hand), within 0.5%                stored 115.4684 vs hand 115.4554
  ✓ pitch stored ≈ 60                                                  p5 60.002, p95 60.003
  ✓ gauge moved while the feature ran                                  mid-run 3.5284% vs before 3.4448%
  ✓ gauge = today's stored total / 6800                                "5.1% of daily budget" pct 5.142864 vs 5.142864

-- Pitch Dragon weakest-note training: Listen & score (C4, 1.6 s)
  ✓ reached through its hub, start button visible                      
  ✓ gauge visible in the panel, today's total so far                   "Vocal load today" "5.1% of daily budget"
  ✓ load feed stubbed out: no session stored, no register input opened opened [], rows 5
  ✓ feature result identical with the load feed live                   off {"acc":"99%"} | on {"acc":"99%"}
  ✓ both live at once: the feature's own mic + the register input      opened this run [{"audio":{"echoCancellation":true,"noiseSuppression":false,"autoGainControl":false}}]
  ✓ feature's own track still live, unmuted, NS/AGC/EC unchanged       on: ns true agc true ec true muted false | off: ns true agc true ec true
  ✓ feature's own analyser hears the same tone                         on 261.8 Hz rms 0.0295 | off 261.8 Hz rms 0.0295
  ✓ stored: exactly 1 new session, ended                               [{"active_seconds":1.538,"ended":true,"load":2.96289556947062,"median_rms":0.268153308972156,"p5_midi":60.0024194801635,"p95_midi":60.0026447609901}]
  ✓ active seconds ≈ time the feature listened (1.63 s, −1.8/+0.3)     1.538 s
  ✓ stored load = active × 1.925926 (hand), within 0.5%                stored 2.9629 vs hand 2.9621
  ✓ pitch stored ≈ 60                                                  p5 60.002, p95 60.003
  ✓ gauge = today's stored total / 6800                                "5.2% of daily budget" pct 5.186436 vs 5.186436

-- Ear → Voice → Ear (seeded notes, runs to the end)
  ✓ reached through its hub, start button visible                      
  ✓ gauge visible in the panel, today's total so far                   "Vocal load today" "5.2% of daily budget"
  ✗ eve: ran to the end                                                Command failed: npx supabase db query --linked "select id from auth.users where email = 'voxcoach-vlh-1791010892067@example.com'"

[cleanup] FAILED (Command failed: npx supabase db query --linked "delete from auth.users where email in ('voxcoach-vlh-1791010892067@example.com') and email like 'voxcoach-%@example.com' returning email"); the watchdog retries when this process exits: voxcoach-vlh-1791010892067@example.com
Error: Supabase client missing (CDN script failed to load)
    at openPage (/Users/alegramusenge/Documents/voxcoach-app/scripts/vocal-load-verify/harness.js:59:112)
    at async run (/Users/alegramusenge/Documents/voxcoach-app/scripts/vocal-load-verify/harness.js:209:112)
