[sweep] deleted 0 leftover voxcoach-vlb-* account(s) from earlier runs
== local deploy/ + production backend
   mic: 261.63 Hz (MIDI 60)
   signed up voxcoach-vlb-1791122346788@example.com
  ✓ sidecar allowed in this browser (desktop Chromium)                 

-- Pitch Match (drill): target C4, a pass
  ✓ reached through its hub, start button visible                      
  ✓ gauge visible in the panel, today's total so far                   "Vocal load today" "0% of daily budget"
  ✓ sidecar stubbed out: no register input opened, no session stored   opened [], rows 0
  ✓ feature result identical with the sidecar live                     off {"acc":"99%","fb":"Right on it."} | on {"acc":"99%","fb":"Right on it."}
  ✗ both live at once: the feature's own mic + the register input      opened this run []
  ✓ feature's own track still live, unmuted, NS/AGC/EC unchanged       on: ns true agc true ec true muted false | off: ns true agc true ec true
  ✓ feature's own analyser hears the same tone                         on 262.2 Hz rms 0.03 | off 262.3 Hz rms 0.0298
  ✓ stored: exactly 1 new session, ended                               [{"active_seconds":2.953,"ended":true,"load":5.68813811057316,"median_rms":0.270532769759205,"p5_midi":60.0023458357719,"p95_midi":60.0032418725978}]
  ✓ active seconds ≈ time the feature listened (4.29 s, −1.8/+0.3)     2.953 s
  ✓ stored load = active × 1.925926 (hand), within 0.5%                stored 5.6881 vs hand 5.6873
  ✓ pitch stored ≈ 60                                                  p5 60.002, p95 60.003
  ✓ gauge = today's stored total / 6800                                "0.1% of daily budget" pct 0.083649 vs 0.083649

-- Pitch Match (drill): target D4, a miss
  ✓ reached through its hub, start button visible                      
  ✓ gauge visible in the panel, today's total so far                   "Vocal load today" "0.1% of daily budget"
  ✓ sidecar stubbed out: no register input opened, no session stored   opened [], rows 1
  ✓ feature result identical with the sidecar live                     off {"acc":"11%","fb":"Off target — try matching the tone before you start singing."} | on {"acc":"11%","fb":"Off target — try matching the tone before you start singing."}
  ✗ both live at once: the feature's own mic + the register input      opened this run []
  ✓ feature's own track still live, unmuted, NS/AGC/EC unchanged       on: ns true agc true ec true muted false | off: ns true agc true ec true
  ✓ feature's own analyser hears the same tone                         on 262 Hz rms 0.0302 | off 261.7 Hz rms 0.0294
  ✓ stored: exactly 1 new session, ended                               [{"active_seconds":2.944,"ended":true,"load":5.67116836759698,"median_rms":0.270605770379076,"p5_midi":60.0024922828645,"p95_midi":60.0026799809461}]
  ✓ active seconds ≈ time the feature listened (4.38 s, −1.8/+0.3)     2.944 s
  ✓ stored load = active × 1.925926 (hand), within 0.5%                stored 5.6712 vs hand 5.6699
  ✓ pitch stored ≈ 60                                                  p5 60.002, p95 60.003
  ✓ gauge = today's stored total / 6800                                "0.2% of daily budget" pct 0.167049 vs 0.167049

-- Stay in Key (song drill, runs to the end)
  ✓ reached through its hub, start button visible                      
  ✓ gauge visible in the panel, today's total so far                   "Vocal load today" "0.2% of daily budget"
  ✓ sidecar stubbed out: no register input opened, no session stored   opened [], rows 2
  ✓ feature result identical with the sidecar live                     off {"shown":"75%","inKeyShare":0.75} | on {"shown":"75%","inKeyShare":0.75}
  ✓ both live at once: the feature's own mic + the register input      opened this run [{"audio":{"echoCancellation":true,"noiseSuppression":false,"autoGainControl":false}}]
  ✓ feature's own track still live, unmuted, NS/AGC/EC unchanged       on: ns true agc true ec true muted false | off: ns true agc true ec true
  ✓ feature's own analyser hears the same tone                         on 261.7 Hz rms 0.0294 | off 262 Hz rms 0.0295
  ✓ stored: exactly 1 new session, ended                               [{"active_seconds":26.617,"ended":true,"load":51.2669160406369,"median_rms":0.270577527249517,"p5_midi":60.0024837541239,"p95_midi":60.0028314460746}]
  ✓ active seconds ≈ time the feature listened (26.66 s, −1.8/+0.3)    26.617 s
  ✓ stored load = active × 1.925926 (hand), within 0.5%                stored 51.2669 vs hand 51.2624
  ✓ pitch stored ≈ 60                                                  p5 60.002, p95 60.003
  ✓ gauge moved while the feature ran                                  mid-run 0.3077% vs before 0.1670%
  ✓ gauge = today's stored total / 6800                                "0.9% of daily budget" pct 0.920974 vs 0.920974

-- Karaoke (song game, runs to the end)
  ✓ reached through its hub, start button visible                      
  ✓ gauge visible in the panel, today's total so far                   "Vocal load today" "0.9% of daily budget"
  ✓ sidecar stubbed out: no register input opened, no session stored   opened [], rows 3
  ✓ feature result identical with the sidecar live                     off {"notes":"99/100/h 0/100/h 99/100/h 99/100/h 99/100/h 99/100/h 0/100/h 99/100/h","pitch":"74%","timing":"100%"} | on {"notes":"99/100/h 0/100/h 99/100/h 99/100/h 99/100/h 99/100/h 0/100/h 99/100/h","pitch":"74%","timing":"100%"}
  ✓ both live at once: the feature's own mic + the register input      opened this run [{"audio":{"echoCancellation":true,"noiseSuppression":false,"autoGainControl":false}}]
  ✓ feature's own track still live, unmuted, NS/AGC/EC unchanged       on: ns true agc true ec true muted false | off: ns true agc true ec true
  ✓ feature's own analyser hears the same tone                         on 262.3 Hz rms 0.0302 | off 261.7 Hz rms 0.0297
  ✓ stored: exactly 1 new session, ended                               [{"active_seconds":26.614,"ended":true,"load":51.2613547467277,"median_rms":0.270586381260766,"p5_midi":60.0025497485865,"p95_midi":60.0028092466274}]
  ✓ active seconds ≈ time the feature listened (26.70 s, −1.8/+0.3)    26.614 s
  ✓ stored load = active × 1.925926 (hand), within 0.5%                stored 51.2614 vs hand 51.2566
  ✓ pitch stored ≈ 60                                                  p5 60.003, p95 60.003
  ✓ gauge moved while the feature ran                                  mid-run 1.0616% vs before 0.9210%
  ✓ gauge = today's stored total / 6800                                "1.7% of daily budget" pct 1.674817 vs 1.674817

-- Harmony Memory stage 1, Lead (Choir World individual practice)
  ✓ reached through its hub, start button visible                      
  ✓ gauge visible in the panel, today's total so far                   "Vocal load today" "1.7% of daily budget"
  ✓ sidecar stubbed out: no register input opened, no session stored   opened [], rows 4
  ✓ feature result identical with the sidecar live                     off {"held":"10111101","score":75,"passed":true} | on {"held":"10111101","score":75,"passed":true}
  ✓ both live at once: the feature's own mic + the register input      opened this run [{"audio":{"echoCancellation":true,"noiseSuppression":false,"autoGainControl":false}}]
  ✓ feature's own track still live, unmuted, NS/AGC/EC unchanged       on: ns true agc true ec true muted false | off: ns true agc true ec true
  ✓ feature's own analyser hears the same tone                         on 262.2 Hz rms 0.0297 | off 261.7 Hz rms 0.0294
  ✓ stored: exactly 1 new session, ended                               [{"active_seconds":30.332,"ended":true,"load":58.4218796735311,"median_rms":0.270578223663181,"p5_midi":60.0024780890767,"p95_midi":60.0029627670866}]
  ✓ active seconds ≈ time the feature listened (30.41 s, −1.8/+0.3)    30.332 s
  ✓ stored load = active × 1.925926 (hand), within 0.5%                stored 58.4219 vs hand 58.4172
  ✓ pitch stored ≈ 60                                                  p5 60.002, p95 60.003
  ✓ gauge moved while the feature ran                                  mid-run 1.8152% vs before 1.6748%
  ✓ gauge = today's stored total / 6800                                "2.5% of daily budget" pct 2.533963 vs 2.533963
  ✓ page errors                                                        none

-- reload: every gauge resumes today's total from the server
  ✓ pitch: same total after reload, not 0                              "2.5% of daily budget"
  ✓ staykey: same total after reload, not 0                            "2.5% of daily budget"
  ✓ karaoke: same total after reload, not 0                            "2.5% of daily budget"
  ✓ hmem: same total after reload, not 0                               "2.5% of daily budget"
  ✓ glider: same total after reload, not 0                             "2.5% of daily budget"
  ✓ boss: same total after reload, not 0                               "2.5% of daily budget"
  ✓ coach: same total after reload, not 0                              "2.5% of daily budget"

-- Pitch Dragon boss, beginner (runs to the end)
  ✓ reached through its hub, start button visible                      
  ✓ gauge visible in the panel, today's total so far                   "Vocal load today" "2.5% of daily budget"
  ✓ sidecar stubbed out: no register input opened, no session stored   opened [], rows 5
  ✓ feature result identical with the sidecar live                     off {"boss":0,"player":82,"notes":"99 0 99 99 99 99 0"} | on {"boss":0,"player":82,"notes":"99 0 99 99 99 99 0"}
  ✓ both live at once: the feature's own mic + the register input      opened this run [{"audio":{"echoCancellation":true,"noiseSuppression":false,"autoGainControl":false}}]
  ✓ feature's own track still live, unmuted, NS/AGC/EC unchanged       on: ns true agc true ec true muted false | off: ns true agc true ec true
  ✓ feature's own analyser hears the same tone                         on 261.7 Hz rms 0.0298 | off 261.7 Hz rms 0.0295
  ✓ stored: exactly 1 new session, ended                               [{"active_seconds":19.973,"ended":true,"load":38.4698206256802,"median_rms":0.270593382036486,"p5_midi":60.0023673157511,"p95_midi":60.0032192759241}]
  ✓ active seconds ≈ time the feature listened (20.07 s, −1.8/+0.3)    19.973 s
  ✓ stored load = active × 1.925926 (hand), within 0.5%                stored 38.4698 vs hand 38.4665
  ✓ pitch stored ≈ 60                                                  p5 60.002, p95 60.003
  ✓ gauge moved while the feature ran                                  mid-run 2.6748% vs before 2.5340%
  ✓ gauge = today's stored total / 6800                                "3.1% of daily budget" pct 3.099695 vs 3.099695
  ✓ page errors                                                        none

   mic: 202.29 Hz (MIDI 55.546875)

-- Glider (arcade game, Melody Road, beginner; runs until the crash)
  ✓ reached through its hub, start button visible                      
  ✓ gauge visible in the panel, today's total so far                   "Vocal load today" "3.1% of daily budget"
  ✓ sidecar stubbed out: no register input opened, no session stored   opened [], rows 6
  ✓ feature result identical with the sidecar live                     off {"score":497,"coins":18,"title":"end","startY":230,"firstGapY":230,"tookOffOnFrame":1} | on {"score":497,"coins":18,"title":"end","startY":230,"firstGapY":230,"tookOffOnFrame":1}
  ✓ off: starts at the first gap's centre, takes off on frame 1 (no wait) start y 230, first gap 230, took off on frame 1
  ✓ on: starts at the first gap's centre, takes off on frame 1 (no wait) start y 230, first gap 230, took off on frame 1
  ✓ both live at once: the feature's own mic + the register input      opened this run [{"audio":{"echoCancellation":true,"noiseSuppression":false,"autoGainControl":false}}]
  ✓ feature's own track still live, unmuted, NS/AGC/EC unchanged       on: ns true agc true ec true muted false | off: ns true agc true ec true
  ✓ feature's own analyser hears the same tone                         on 202.4 Hz rms 0.0306 | off 202.3 Hz rms 0.0303
  ✓ stored: exactly 1 new session, ended                               [{"active_seconds":44.198,"ended":true,"load":72.985031533674,"median_rms":0.270578995618852,"p5_midi":55.550666656166,"p95_midi":55.5510214557442}]
  ✓ active seconds ≈ time the feature listened (44.28 s, −1.8/+0.3)    44.198 s
  ✓ stored load = active × 1.651042 (hand), within 0.5%                stored 72.9850 vs hand 72.9727
  ✓ pitch stored ≈ 55.546875                                           p5 55.551, p95 55.551
  ✓ gauge moved while the feature ran                                  mid-run 3.2199% vs before 3.0997%
  ✓ gauge = today's stored total / 6800                                "4.2% of daily budget" pct 4.173005 vs 4.173005
  ✓ daily table = sum of every session                                 [{"day":"2026-10-04","total_load":283.76430909842}] vs 283.7643

-- all four languages (switched with the Profile language buttons)
  ✓ fr: all 7 gauges' label and value in fr                            "Charge vocale du jour" "4,2 % du budget quotidien"
  ✓ es: all 7 gauges' label and value in es                            "Carga vocal de hoy" "4,2 % del presupuesto diario"
  ✓ tr: all 7 gauges' label and value in tr                            "Bugünkü ses yükü" "Günlük bütçe: %4,2"
  ✓ en: all 7 gauges' label and value in en                            "Vocal load today" "4.2% of daily budget"
  ✓ page errors                                                        none

-- Safari user agent: no second stream, nothing stored, these gauges hidden
  ✓ sidecar blocked for this user agent                                
  ✓ Glider ran on its own stream only, no session stored               opened [], rows 7→7, score 497
  ✓ Glider started at the first gap's centre and took off on frame 1   start y 230, first gap 230, frame 1
  ✓ the six features' gauges hidden, Register Coach's still shown      ok

-- signed out
  ✓ every gauge hidden when signed out                                 all hidden

[cleanup] deleted 1 test account(s) this run created; 0 left of voxcoach-vlb-1791122346788@example.com

110 passed, 2 failed
