== local deploy/ + production backend
   mic: 261.63 Hz (MIDI 60)
   signed up voxcoach-vlh-1791219155027@example.com
  ✓ sidecar allowed in this browser (desktop Chromium)                 

-- Entrance & Cutoff Trainer, entrances, Lead (runs to the end of the song)
  ✓ reached through its hub, start button visible                      
  ✓ gauge visible in the panel, today's total so far                   "Vocal load today" "0% of daily budget"
  ✓ load feed stubbed out: no session stored, no register input opened opened [], rows 0
  ✓ feature result identical with the load feed live                   off {"ticks":true,"laterEdges":0,"claimed":"00000000"} | on {"ticks":true,"laterEdges":0,"claimed":"00000000"}
  ✓ both live at once: the feature's own mic + the register input      opened this run [{"audio":{"echoCancellation":true,"noiseSuppression":false,"autoGainControl":false}}]
  ✓ feature's own track still live, unmuted, NS/AGC/EC unchanged       on: ns true agc true ec true muted false | off: ns true agc true ec true
  ✓ feature's own analyser hears the same tone                         on 262.1 Hz rms 0.0288 | off 261.9 Hz rms 0.0285
  ✓ stored: exactly 1 new session, ended                               [{"active_seconds":30.638,"ended":true,"load":59.0106289869505,"median_rms":0.270570524970032,"p5_midi":60.0022864428399,"p95_midi":60.0024658416789}]
  ✓ active seconds ≈ time the feature listened (30.78 s, −1.8/+0.3)    30.638 s
  ✓ stored load = active × 1.925926 (hand), within 0.5%                stored 59.0106 vs hand 59.0065
  ✓ pitch stored ≈ 60                                                  p5 60.002, p95 60.002
  ✓ gauge moved while the feature ran                                  mid-run 0.0837% vs before 0.0000%
  ✓ gauge = today's stored total / 6800                                "0.9% of daily budget" pct 0.867803 vs 0.867803

-- Choir Bosses, the first boss, Lead (runs to the end or the boss wins)
  ✓ reached through its hub, start button visible                      
  ✓ gauge visible in the panel, today's total so far                   "Vocal load today" "0.9% of daily budget"
  ✓ load feed stubbed out: no session stored, no register input opened opened [], rows 1
  ✓ feature result identical with the load feed live                   off {"held":"10111101","score":75,"passed":true,"stoppedAt":null} | on {"held":"10111101","score":75,"passed":true,"stoppedAt":null}
  ✓ both live at once: the feature's own mic + the register input      opened this run [{"audio":{"echoCancellation":true,"noiseSuppression":false,"autoGainControl":false}}]
  ✓ feature's own track still live, unmuted, NS/AGC/EC unchanged       on: ns true agc true ec true muted false | off: ns true agc true ec true
  ✓ feature's own analyser hears the same tone                         on 261.8 Hz rms 0.0285 | off 261.6 Hz rms 0.0284
  ✓ stored: exactly 1 new session, ended                               [{"active_seconds":30.338,"ended":true,"load":58.4334317637351,"median_rms":0.270588151615559,"p5_midi":60.0022699763377,"p95_midi":60.0025690031827}]
  ✓ active seconds ≈ time the feature listened (30.41 s, −1.8/+0.3)    30.338 s
  ✓ stored load = active × 1.925926 (hand), within 0.5%                stored 58.4334 vs hand 58.4287
  ✓ pitch stored ≈ 60                                                  p5 60.002, p95 60.003
  ✓ gauge moved while the feature ran                                  mid-run 0.9520% vs before 0.8678%
  ✓ gauge = today's stored total / 6800                                "1.7% of daily budget" pct 1.727119 vs 1.727119

-- Chaos Mode, Lead (seeded plan, runs to the end)
  ✓ reached through its hub, start button visible                      
  ✓ gauge visible in the panel, today's total so far                   "Vocal load today" "1.7% of daily budget"
  ✓ load feed stubbed out: no session stored, no register input opened opened [], rows 2
  ✓ feature result identical with the load feed live                   off {"held":"10111101","score":75,"passed":true,"stoppedAt":null} | on {"held":"10111101","score":75,"passed":true,"stoppedAt":null}
  ✓ both live at once: the feature's own mic + the register input      opened this run [{"audio":{"echoCancellation":true,"noiseSuppression":false,"autoGainControl":false}}]
  ✓ feature's own track still live, unmuted, NS/AGC/EC unchanged       on: ns true agc true ec true muted false | off: ns true agc true ec true
  ✓ feature's own analyser hears the same tone                         on 261.7 Hz rms 0.0284 | off 261.7 Hz rms 0.0284
  ✓ stored: exactly 1 new session, ended                               [{"active_seconds":30.337,"ended":true,"load":58.4316678206138,"median_rms":0.270599440348341,"p5_midi":60.0023138756025,"p95_midi":60.0024903819158}]
  ✓ active seconds ≈ time the feature listened (30.43 s, −1.8/+0.3)    30.337 s
  ✓ stored load = active × 1.925926 (hand), within 0.5%                stored 58.4317 vs hand 58.4268
  ✓ pitch stored ≈ 60                                                  p5 60.002, p95 60.002
  ✓ gauge moved while the feature ran                                  mid-run 1.8113% vs before 1.7271%
  ✓ gauge = today's stored total / 6800                                "2.6% of daily budget" pct 2.586408 vs 2.586408

-- Tempo/Key Ladder, rung 1 up, Lead (runs to the end)
  ✓ reached through its hub, start button visible                      
  ✓ gauge visible in the panel, today's total so far                   "Vocal load today" "2.6% of daily budget"
  ✓ load feed stubbed out: no session stored, no register input opened opened [], rows 3
  ✓ feature result identical with the load feed live                   off {"held":"10111101","score":75,"passed":true,"stoppedAt":null} | on {"held":"10111101","score":75,"passed":true,"stoppedAt":null}
  ✓ both live at once: the feature's own mic + the register input      opened this run [{"audio":{"echoCancellation":true,"noiseSuppression":false,"autoGainControl":false}}]
  ✓ feature's own track still live, unmuted, NS/AGC/EC unchanged       on: ns true agc true ec true muted false | off: ns true agc true ec true
  ✓ feature's own analyser hears the same tone                         on 261.8 Hz rms 0.0286 | off 262.1 Hz rms 0.0287
  ✓ stored: exactly 1 new session, ended                               [{"active_seconds":30.356,"ended":true,"load":58.4671117939358,"median_rms":0.270571675375452,"p5_midi":60.0022755529646,"p95_midi":60.0024982842559}]
  ✓ active seconds ≈ time the feature listened (30.45 s, −1.8/+0.3)    30.356 s
  ✓ stored load = active × 1.925926 (hand), within 0.5%                stored 58.4671 vs hand 58.4634
  ✓ pitch stored ≈ 60                                                  p5 60.002, p95 60.002
  ✓ gauge moved while the feature ran                                  mid-run 2.6706% vs before 2.5864%
  ✓ gauge = today's stored total / 6800                                "3.4% of daily budget" pct 3.446218 vs 3.446218

-- The Vocal Rift (seeded rounds, runs the full 60 s)
  ✓ reached through its hub, start button visible                      
  ✓ gauge visible in the panel, today's total so far                   "Vocal load today" "3.4% of daily budget"
  ✓ load feed stubbed out: no session stored, no register input opened opened [], rows 4
  ✓ feature result identical with the load feed live                   off [{"type":"Pitch","target":48,"acc":99},{"type":"Quick Catch","target":65,"acc":null},{"type":"Sustain Hold","target":58,"acc":0},{"type":"Pitch","target":50,"acc":0},{"type":"Interval Jump","target":52,"acc":null},{"type":"Pitch","target":56,"acc":null},{"type":"Sustain Hold","target":55,"acc":null},{"type":"Quick Catch","target":65,"acc":null},{"type":"Quick Catch","target":57,"acc":null},{"type":"Interval Jump","target":59,"acc":39},{"type":"Quick Catch","target":66,"acc":null},{"type":"Pitch","target":59,"acc":39},{"type":"Interval Jump","target":52,"acc":null},{"type":"Interval Jump","target":56,"acc":null},{"type":"Quick Catch","target":68,"acc":null},{"type":"Pitch","target":71,"acc":39},{"type":"Quick Catch","target":62,"acc":0},{"type":"Sustain Hold","target":57,"acc":null},{"type":"Sustain Hold","target":64,"acc":null},{"type":"Sustain Hold","target":55,"acc":null},{"type":"Sustain Hold","target":57,"acc":null},{"type":"Quick Catch","target":47,"acc":39},{"type":"Pitch","target":50,"acc":0},{"type":"Sustain Hold","target":58,"acc":0},{"type":"Sustain Hold","target":57,"acc":null},{"type":"Quick Catch","target":48,"acc":99}] | on [{"type":"Pitch","target":48,"acc":99},{"type":"Quick Catch","target":65,"acc":null},{"type":"Sustain Hold","target":58,"acc":0},{"type":"Pitch","target":50,"acc":0},{"type":"Interval Jump","target":52,"acc":null},{"type":"Pitch","target":56,"acc":null},{"type":"Sustain Hold","target":55,"acc":null},{"type":"Quick Catch","target":65,"acc":null},{"type":"Quick Catch","target":57,"acc":null},{"type":"Interval Jump","target":59,"acc":39},{"type":"Quick Catch","target":66,"acc":null},{"type":"Pitch","target":59,"acc":39},{"type":"Interval Jump","target":52,"acc":null},{"type":"Interval Jump","target":56,"acc":null},{"type":"Quick Catch","target":68,"acc":null},{"type":"Pitch","target":71,"acc":39},{"type":"Quick Catch","target":62,"acc":0},{"type":"Sustain Hold","target":57,"acc":null},{"type":"Sustain Hold","target":64,"acc":null},{"type":"Sustain Hold","target":55,"acc":null},{"type":"Sustain Hold","target":57,"acc":null},{"type":"Quick Catch","target":47,"acc":39},{"type":"Pitch","target":50,"acc":0},{"type":"Sustain Hold","target":58,"acc":0},{"type":"Sustain Hold","target":57,"acc":null},{"type":"Quick Catch","target":48,"acc":99}]
  ✓ both live at once: the feature's own mic + the register input      opened this run [{"audio":{"echoCancellation":true,"noiseSuppression":false,"autoGainControl":false}}]
  ✓ feature's own track still live, unmuted, NS/AGC/EC unchanged       on: ns true agc true ec true muted false | off: ns true agc true ec true
  ✓ feature's own analyser hears the same tone                         on 262.1 Hz rms 0.0289 | off 261.7 Hz rms 0.0285
  ✓ stored: exactly 1 new session, ended                               [{"active_seconds":59.968,"ended":true,"load":115.5074382882,"median_rms":0.270586693335978,"p5_midi":60.0022672061761,"p95_midi":60.0025093656528}]
  ✓ active seconds ≈ time the feature listened (60.09 s, −1.8/+0.3)    59.968 s
  ✓ stored load = active × 1.925926 (hand), within 0.5%                stored 115.5074 vs hand 115.4939
  ✓ pitch stored ≈ 60                                                  p5 60.002, p95 60.003
  ✓ gauge moved while the feature ran                                  mid-run 3.5303% vs before 3.4462%
  ✓ gauge = today's stored total / 6800                                "5.1% of daily budget" pct 5.144857 vs 5.144857

-- Pitch Dragon weakest-note training: Listen & score (C4, 1.6 s)
  ✓ reached through its hub, start button visible                      
  ✓ gauge visible in the panel, today's total so far                   "Vocal load today" "5.1% of daily budget"
  ✓ load feed stubbed out: no session stored, no register input opened opened [], rows 5
  ✓ feature result identical with the load feed live                   off {"acc":"99%"} | on {"acc":"99%"}
  ✓ both live at once: the feature's own mic + the register input      opened this run [{"audio":{"echoCancellation":true,"noiseSuppression":false,"autoGainControl":false}}]
  ✓ feature's own track still live, unmuted, NS/AGC/EC unchanged       on: ns true agc true ec true muted false | off: ns true agc true ec true
  ✓ feature's own analyser hears the same tone                         on 262.2 Hz rms 0.0288 | off 261.7 Hz rms 0.0284
  ✓ stored: exactly 1 new session, ended                               [{"active_seconds":1.534,"ended":true,"load":2.95460890059696,"median_rms":0.26812569378954,"p5_midi":60.002299467937,"p95_midi":60.0026305461395}]
  ✓ active seconds ≈ time the feature listened (1.64 s, −1.8/+0.3)     1.534 s
  ✓ stored load = active × 1.925926 (hand), within 0.5%                stored 2.9546 vs hand 2.9544
  ✓ pitch stored ≈ 60                                                  p5 60.002, p95 60.003
  ✓ gauge = today's stored total / 6800                                "5.2% of daily budget" pct 5.188307 vs 5.188307

-- Ear → Voice → Ear (seeded notes, runs to the end)
  ✓ reached through its hub, start button visible                      
  ✓ gauge visible in the panel, today's total so far                   "Vocal load today" "5.2% of daily budget"
  ✓ load feed stubbed out: no session stored, no register input opened opened [], rows 6
  ✓ feature result identical with the load feed live                   off {"first":"99%","second":"99%","note":"Your unaided step held up just as well — exactly the same. Real retained pitch memory."} | on {"first":"99%","second":"99%","note":"Your unaided step held up just as well — exactly the same. Real retained pitch memory."}
  ✓ both live at once: the feature's own mic + the register input      opened this run [{"audio":{"echoCancellation":true,"noiseSuppression":false,"autoGainControl":false}}]
  ✓ feature's own track still live, unmuted, NS/AGC/EC unchanged       on: ns true agc true ec true muted false | off: ns true agc true ec true
  ✓ feature's own analyser hears the same tone                         on 262 Hz rms 0.0289 | off 261.7 Hz rms 0.0285
  ✓ stored: exactly 1 new session, ended                               [{"active_seconds":6.964,"ended":true,"load":13.4127811356095,"median_rms":0.270521844326308,"p5_midi":60.0022048256229,"p95_midi":60.0025272324931}]
  ✓ active seconds ≈ time the feature listened (7.02 s, −1.8/+0.3)     6.964 s
  ✓ stored load = active × 1.925926 (hand), within 0.5%                stored 13.4128 vs hand 13.4121
  ✓ pitch stored ≈ 60                                                  p5 60.002, p95 60.003
  ✓ gauge moved while the feature ran                                  mid-run 5.2718% vs before 5.1883%
  ✓ gauge = today's stored total / 6800                                "5.4% of daily budget" pct 5.385554 vs 5.385554

-- Sing It 5 Ways (runs to the end)
  ✓ reached through its hub, start button visible                      
  ✓ gauge visible in the panel, today's total so far                   "Vocal load today" "5.4% of daily budget"
  ✓ load feed stubbed out: no session stored, no register input opened opened [], rows 7
  ✓ feature result identical with the load feed live                   off [{"midi":59,"heard":true,"acc":39},{"midi":60,"heard":true,"acc":99},{"midi":58,"heard":true,"acc":0},{"midi":59,"heard":true,"acc":39},{"midi":59,"heard":true,"acc":39}] | on [{"midi":59,"heard":true,"acc":39},{"midi":60,"heard":true,"acc":99},{"midi":58,"heard":true,"acc":0},{"midi":59,"heard":true,"acc":39},{"midi":59,"heard":true,"acc":39}]
  ✓ both live at once: the feature's own mic + the register input      opened this run [{"audio":{"echoCancellation":true,"noiseSuppression":false,"autoGainControl":false}}]
  ✓ feature's own track still live, unmuted, NS/AGC/EC unchanged       on: ns true agc true ec true muted false | off: ns true agc true ec true
  ✓ feature's own analyser hears the same tone                         on 261.7 Hz rms 0.0284 | off 261.8 Hz rms 0.0285
  ✓ stored: exactly 1 new session, ended                               [{"active_seconds":15.022,"ended":true,"load":28.9336795233056,"median_rms":0.270566347608056,"p5_midi":60.0021853569493,"p95_midi":60.0026854609006}]
  ✓ active seconds ≈ time the feature listened (15.17 s, −1.8/+0.3)    15.022 s
  ✓ stored load = active × 1.925926 (hand), within 0.5%                stored 28.9337 vs hand 28.9313
  ✓ pitch stored ≈ 60                                                  p5 60.002, p95 60.003
  ✓ gauge moved while the feature ran                                  mid-run 5.4693% vs before 5.3856%
  ✓ gauge = today's stored total / 6800                                "5.8% of daily budget" pct 5.811049 vs 5.811049

-- One Take (today's take cleared before each run)
  ✓ reached through its hub, start button visible                      
  ✓ gauge visible in the panel, today's total so far                   "Vocal load today" "5.8% of daily budget"
  ✓ load feed stubbed out: no session stored, no register input opened opened [], rows 8
  ✓ feature result identical with the load feed live                   off {"pitch":41,"stability":97,"timing":100,"heard":true} | on {"pitch":41,"stability":97,"timing":100,"heard":true}
  ✓ both live at once: the feature's own mic + the register input      opened this run [{"audio":{"echoCancellation":true,"noiseSuppression":false,"autoGainControl":false}}]
  ✓ feature's own track still live, unmuted, NS/AGC/EC unchanged       on: ns true agc true ec true muted false | off: ns true agc true ec true
  ✓ feature's own analyser hears the same tone                         on 262.2 Hz rms 0.0288 | off 261.6 Hz rms 0.0284
  ✓ stored: exactly 1 new session, ended                               [{"active_seconds":7.254,"ended":true,"load":13.9719975856931,"median_rms":0.270444081112952,"p5_midi":60.0023252408239,"p95_midi":60.0031016279921}]
  ✓ active seconds ≈ time the feature listened (7.36 s, −1.8/+0.3)     7.254 s
  ✓ stored load = active × 1.925926 (hand), within 0.5%                stored 13.9720 vs hand 13.9707
  ✓ pitch stored ≈ 60                                                  p5 60.002, p95 60.003
  ✓ gauge moved while the feature ran                                  mid-run 5.8947% vs before 5.8110%
  ✓ gauge = today's stored total / 6800                                "6% of daily budget" pct 6.016520 vs 6.016520

-- Can You Hear Your Mistake: the right pick, then the sing-back (1.6 s)
  ✓ reached through its hub, start button visible                      
  ✓ gauge visible in the panel, today's total so far                   "Vocal load today" "6% of daily budget"
  ✓ load feed stubbed out: no session stored, no register input opened opened [], rows 9
  ✓ feature result identical with the load feed live                   off {"acc":"99%","title":"Correct pick!"} | on {"acc":"99%","title":"Correct pick!"}
  ✓ both live at once: the feature's own mic + the register input      opened this run [{"audio":{"echoCancellation":true,"noiseSuppression":false,"autoGainControl":false}}]
  ✓ feature's own track still live, unmuted, NS/AGC/EC unchanged       on: ns true agc true ec true muted false | off: ns true agc true ec true
  ✓ feature's own analyser hears the same tone                         on 261.6 Hz rms 0.0284 | off 262 Hz rms 0.0286
  ✓ stored: exactly 1 new session, ended                               [{"active_seconds":1.53,"ended":true,"load":2.94726680477296,"median_rms":0.268507419877178,"p5_midi":60.0022286752989,"p95_midi":60.0023678621029}]
  ✓ active seconds ≈ time the feature listened (1.64 s, −1.8/+0.3)     1.530 s
  ✓ stored load = active × 1.925926 (hand), within 0.5%                stored 2.9473 vs hand 2.9467
  ✓ pitch stored ≈ 60                                                  p5 60.002, p95 60.002
  ✓ gauge = today's stored total / 6800                                "6.1% of daily budget" pct 6.059862 vs 6.059862

-- Emotion Mode: Tender, then a seeded second intention (runs to the end)
  ✓ reached through its hub, start button visible                      
  ✓ gauge visible in the panel, today's total so far                   "Vocal load today" "6.1% of daily budget"
  ✓ load feed stubbed out: no session stored, no register input opened opened [], rows 10
  ✓ feature result identical with the load feed live                   off [{"intent":"tender","heard":true,"stability":97},{"intent":"powerful","heard":true,"stability":97}] | on [{"intent":"tender","heard":true,"stability":97},{"intent":"powerful","heard":true,"stability":97}]
  ✓ both live at once: the feature's own mic + the register input      opened this run [{"audio":{"echoCancellation":true,"noiseSuppression":false,"autoGainControl":false}}]
  ✓ feature's own track still live, unmuted, NS/AGC/EC unchanged       on: ns true agc true ec true muted false | off: ns true agc true ec true
  ✓ feature's own analyser hears the same tone                         on 261.7 Hz rms 0.0284 | off 261.7 Hz rms 0.0285
  ✓ stored: exactly 1 new session, ended                               [{"active_seconds":7.788,"ended":true,"load":15.0008910343667,"median_rms":0.270576984824437,"p5_midi":60.002272001408,"p95_midi":60.003169990173}]
  ✓ active seconds ≈ time the feature listened (7.86 s, −1.8/+0.3)     7.788 s
  ✓ stored load = active × 1.925926 (hand), within 0.5%                stored 15.0009 vs hand 14.9991
  ✓ pitch stored ≈ 60                                                  p5 60.002, p95 60.003
  ✓ gauge moved while the feature ran                                  mid-run 6.1436% vs before 6.0599%
  ✓ gauge = today's stored total / 6800                                "6.3% of daily budget" pct 6.280463 vs 6.280463

-- Performance Director (runs to the end of the song)
  ✓ reached through its hub, start button visible                      
  ✓ gauge visible in the panel, today's total so far                   "Vocal load today" "6.3% of daily budget"
  ✓ load feed stubbed out: no session stored, no register input opened opened [], rows 11
  ✓ feature result identical with the load feed live                   off {"notes":"99/100 0/100 99/100 99/100 99/100 99/100 0/100 99/100"} | on {"notes":"99/100 0/100 99/100 99/100 99/100 99/100 0/100 99/100"}
  ✓ both live at once: the feature's own mic + the register input      opened this run [{"audio":{"echoCancellation":true,"noiseSuppression":false,"autoGainControl":false}}]
  ✓ feature's own track still live, unmuted, NS/AGC/EC unchanged       on: ns true agc true ec true muted false | off: ns true agc true ec true
  ✓ feature's own analyser hears the same tone                         on 261.7 Hz rms 0.0286 | off 261.8 Hz rms 0.0285
  ✓ stored: exactly 1 new session, ended                               [{"active_seconds":26.621,"ended":true,"load":51.2732116177773,"median_rms":0.270589305774465,"p5_midi":60.0022832684145,"p95_midi":60.0024708213668}]
  ✓ active seconds ≈ time the feature listened (26.71 s, −1.8/+0.3)    26.621 s
  ✓ stored load = active × 1.925926 (hand), within 0.5%                stored 51.2732 vs hand 51.2701
  ✓ pitch stored ≈ 60                                                  p5 60.002, p95 60.002
  ✓ gauge moved while the feature ran                                  mid-run 6.3646% vs before 6.2805%
  ✓ gauge = today's stored total / 6800                                "7% of daily budget" pct 7.034481 vs 7.034481
  ✓ page errors                                                        none

-- reload: every gauge resumes today's total from the server
  ✓ tt: same total after reload, not 0                                 "7% of daily budget"
  ✓ cb: same total after reload, not 0                                 "7% of daily budget"
  ✓ cx: same total after reload, not 0                                 "7% of daily budget"
  ✓ tk: same total after reload, not 0                                 "7% of daily budget"
  ✓ rift: same total after reload, not 0                               "7% of daily budget"
  ✓ bosstrain: same total after reload, not 0                          "7% of daily budget"
  ✓ eve: same total after reload, not 0                                "7% of daily budget"
  ✓ five: same total after reload, not 0                               "7% of daily budget"
  ✓ onetake: same total after reload, not 0                            "7% of daily budget"
  ✓ hm: same total after reload, not 0                                 "7% of daily budget"
  ✓ emo: same total after reload, not 0                                "7% of daily budget"
  ✓ pd: same total after reload, not 0                                 "7% of daily budget"
  ✓ coach: same total after reload, not 0                              "7% of daily budget"
  ✓ daily table = sum of every session                                 [{"day":"2026-10-05","total_load":478.344715255557}] vs 478.3447

-- all four languages (switched with the Profile language buttons)
  ✓ fr: all 13 gauges' label and value in fr                           "Charge vocale du jour" "7 % du budget quotidien"
  ✓ es: all 13 gauges' label and value in es                           "Carga vocal de hoy" "7 % del presupuesto diario"
  ✓ tr: all 13 gauges' label and value in tr                           "Bugünkü ses yükü" "Günlük bütçe: %7"
  ✓ en: all 13 gauges' label and value in en                           "Vocal load today" "7% of daily budget"
  ✓ page errors                                                        none

-- Safari user agent: sidecar features open no second stream, store nothing, hide their gauge
  ✓ sidecar blocked for this user agent                                
  ✓ eve ran on its own stream only, no session stored                  opened [], rows 12→12
  ✓ sidecar features' gauges hidden, register-input features' still shown ok

-- signed out
  ✓ every gauge hidden when signed out                                 all hidden

[cleanup] deleted 1 test account(s) this run created; 0 left of voxcoach-vlh-1791219155027@example.com

179 passed, 0 failed
