vibfix 2026-10-07T10-33-31  sides: before, after  before: master  mode: regress (rises become "must not move")

== V1: vibrato-628@2896 centred — target 69 (sung -1 ct, re-centred); offline gate: vibrato 6.16 Hz ±66 r 0.83
   before #1 Tuner in tune 18% stability ≥75 44% (mean 61) of 90/115 | Stay in Key in key 90% of 88/112 (result 93%)
   before #1 Pitch Match int 91/92 pro 89/87 | Drills 91/90/91/91/91 | RTF in tune 57% steady 34% of 89/113 voiced frames (In tune×51, Listening…×24, Flat (-24ct)×5) | Choir World held ✓✓ median -7/-10 ct, report pitch 91/91 in tune 153/154, 155/155
   after #1  Tuner in tune 22% stability ≥75 45% (mean 61) of 90/114 | Stay in Key in key 94% of 88/113 (result 93%)
   after #1  Pitch Match int 92/92 pro 89/86 | Drills 90/91/90/91/91 | RTF in tune 59% steady 34% of 90/112 voiced frames (In tune×53, Listening…×22, Flat (-23ct)×5) | Choir World held ✓✓ median -7/-9 ct, report pitch 91/92 in tune 153/154, 154/154
   before #2 Tuner in tune 23% stability ≥75 45% (mean 63) of 90/114 | Stay in Key in key 94% of 90/114 (result 94%)
   before #2 Pitch Match int 92/92 pro 89/86 | Drills 90/91/90/91/91 | RTF in tune 64% steady 37% of 90/112 voiced frames (In tune×58, Listening…×22, Flat (-24ct)×4) | Choir World held ✓✓ median -7/-10 ct, report pitch 92/91 in tune 154/154, 153/154
   after #2  Tuner in tune 16% stability ≥75 43% (mean 62) of 90/114 | Stay in Key in key 96% of 89/114 (result 93%)
   after #2  Pitch Match int 91/92 pro 89/86 | Drills 92/91/90/91/91 | RTF in tune 60% steady 36% of 90/112 voiced frames (In tune×54, Listening…×22, Flat (-24ct)×6) | Choir World held ✓✓ median -6/-11 ct, report pitch 92/91 in tune 153/153, 155/155
   before #3 Tuner in tune 16% stability ≥75 45% (mean 63) of 90/114 | Stay in Key in key 95% of 88/113 (result 93%)
   before #3 Pitch Match int 92/92 pro 89/86 | Drills 90/91/90/91/90 | RTF in tune 62% steady 37% of 90/112 voiced frames (In tune×56, Listening…×22, Flat (-21ct)×5) | Choir World held ✓✓ median -7/-9 ct, report pitch 91/92 in tune 154/155, 154/154
   after #3  Tuner in tune 21% stability ≥75 45% (mean 61) of 90/114 | Stay in Key in key 97% of 88/113 (result 94%)
   after #3  Pitch Match int 92/92 pro 89/86 | Drills 90/91/90/91/91 | RTF in tune 61% steady 36% of 90/112 voiced frames (In tune×55, Listening…×22, Flat (-24ct)×7) | Choir World held ✓✓ median -6/-11 ct, report pitch 92/92 in tune 153/154, 154/154

== V2: vibrato-3131@8046 centred — target 49 (sung -32 ct, re-centred); offline gate: vibrato 5.07 Hz ±106 r 0.94
   before #1 Tuner in tune 36% stability ≥75 11% (mean 51) of 91/114 | Stay in Key in key 82% of 98/113 (result 81%)
   before #1 Pitch Match int 93/94 pro 89/89 | Drills 94/94/94/92/93 | RTF in tune 78% steady 31% of 90/111 voiced frames (In tune×70, Listening…×21, Sharp (+21ct)×3) | Choir World held ✓✓ median 2/8 ct, report pitch 94/93 in tune 153/153, 170/170
   after #1  Tuner in tune 38% stability ≥75 16% (mean 56) of 92/114 | Stay in Key in key 85% of 99/113 (result 81%)
   after #1  Pitch Match int 93/94 pro 91/85 | Drills 94/94/93/93/93 | RTF in tune 73% steady 36% of 90/112 voiced frames (In tune×66, Listening…×22, Sharp (+21ct)×3) | Choir World held ✓✓ median 4/7 ct, report pitch 94/93 in tune 150/150, 170/170
   before #2 Tuner in tune 43% stability ≥75 23% (mean 56) of 92/113 | Stay in Key in key 79% of 99/113 (result 80%)
   before #2 Pitch Match int 93/94 pro 91/90 | Drills 94/93/93/92/93 | RTF in tune 74% steady 33% of 91/112 voiced frames (In tune×67, Listening…×21, Sharp (+21ct)×4) | Choir World held ✓✓ median 5/10 ct, report pitch 94/93 in tune 151/151, 169/169
   after #2  Tuner in tune 34% stability ≥75 16% (mean 52) of 91/114 | Stay in Key in key 85% of 97/113 (result 80%)
   after #2  Pitch Match int 93/94 pro 89/89 | Drills 94/93/94/94/94 | RTF in tune 83% steady 36% of 92/113 voiced frames (In tune×76, Listening…×21, Sharp (+20ct)×2) | Choir World held ✓✓ median 3/6 ct, report pitch 95/94 in tune 155/155, 169/169
   before #3 Tuner in tune 33% stability ≥75 11% (mean 54) of 92/115 | Stay in Key in key 71% of 98/113 (result 71%)
   before #3 Pitch Match int 92/93 pro 91/89 | Drills 94/93/94/93/93 | RTF in tune 77% steady 38% of 90/112 voiced frames (In tune×69, Listening…×22, Sharp (+45ct)×2) | Choir World held ✓✓ median 1/5 ct, report pitch 94/93 in tune 154/154, 169/169
   after #3  Tuner in tune 27% stability ≥75 17% (mean 57) of 92/114 | Stay in Key in key 82% of 99/113 (result 81%)
   after #3  Pitch Match int 92/94 pro 89/89 | Drills 94/93/93/93/93 | RTF in tune 76% steady 38% of 90/112 voiced frames (In tune×68, Listening…×22, Sharp (+21ct)×3) | Choir World held ✓✓ median 3/5 ct, report pitch 94/93 in tune 154/154, 169/169

== V3: vibrato-1154@4013 centred — target 69 (sung +27 ct, re-centred); offline gate: vibrato 4.74 Hz ±91 r 0.98
   before #1 Tuner in tune 68% stability ≥75 100% (mean 85) of 114/114 | Stay in Key in key 97% of 113/113 (result 94%)
   before #1 Pitch Match int 95/95 pro 91/91 | Drills 95/95/95/95/95 | RTF in tune 100% steady 97% of 113/113 voiced frames (In tune×113) | Choir World held ✓✓ median 1/2 ct, report pitch 95/95 in tune 192/192, 192/192
   after #1  Tuner in tune 64% stability ≥75 100% (mean 84) of 113/114 | Stay in Key in key 99% of 113/113 (result 94%)
   after #1  Pitch Match int 94/95 pro 91/91 | Drills 95/95/95/95/95 | RTF in tune 100% steady 97% of 112/112 voiced frames (In tune×112) | Choir World held ✓✓ median 4/1 ct, report pitch 95/95 in tune 192/192, 192/192
   before #2 Tuner in tune 66% stability ≥75 100% (mean 85) of 111/114 | Stay in Key in key 100% of 113/113 (result 93%)
   before #2 Pitch Match int 95/95 pro 92/91 | Drills 95/95/95/95/95 | RTF in tune 100% steady 97% of 112/112 voiced frames (In tune×112) | Choir World held ✓✓ median 4/1 ct, report pitch 95/95 in tune 192/192, 192/192
   after #2  Tuner in tune 69% stability ≥75 100% (mean 86) of 112/114 | Stay in Key in key 98% of 113/113 (result 94%)
   after #2  Pitch Match int 95/95 pro 92/92 | Drills 95/95/95/95/95 | RTF in tune 100% steady 96% of 112/112 voiced frames (In tune×112) | Choir World held ✓✓ median 3/1 ct, report pitch 95/95 in tune 192/192, 192/192
   before #3 Tuner in tune 64% stability ≥75 100% (mean 85) of 113/114 | Stay in Key in key 98% of 113/113 (result 94%)
   before #3 Pitch Match int 95/95 pro 92/92 | Drills 95/95/95/94/95 | RTF in tune 100% steady 97% of 113/113 voiced frames (In tune×113) | Choir World held ✓✓ median 4/1 ct, report pitch 95/95 in tune 192/192, 192/192
   after #3  Tuner in tune 68% stability ≥75 100% (mean 84) of 114/115 | Stay in Key in key 100% of 114/114 (result 94%)
   after #3  Pitch Match int 95/95 pro 91/91 | Drills 95/95/95/95/95 | RTF in tune 100% steady 96% of 112/112 voiced frames (In tune×112) | Choir World held ✓✓ median 3/2 ct, report pitch 95/95 in tune 192/192, 192/192

== V4: vibrato-772@4946 centred — target 67 (sung +24 ct, re-centred); offline gate: vibrato 5.28 Hz ±90 r 0.98
   before #1 Tuner in tune 78% stability ≥75 100% (mean 87) of 114/115 | Stay in Key in key 97% of 115/115 (result 93%)
   before #1 Pitch Match int 95/96 pro 95/95 | Drills 96/96/96/96/95 | RTF in tune 94% steady 96% of 114/114 voiced frames (In tune×107, Flat (-22ct)×3, Flat (-23ct)×3) | Choir World held ✓✓ median -2/-2 ct, report pitch 95/96 in tune 192/192, 190/192
   after #1  Tuner in tune 77% stability ≥75 98% (mean 86) of 114/115 | Stay in Key in key 97% of 114/114 (result 93%)
   after #1  Pitch Match int 96/96 pro 95/96 | Drills 96/95/96/96/95 | RTF in tune 98% steady 96% of 114/114 voiced frames (In tune×112, Flat (-21ct)×1, Flat (-22ct)×1) | Choir World held ✓✓ median -1/-1 ct, report pitch 95/96 in tune 190/192, 190/190
   before #2 Tuner in tune 73% stability ≥75 96% (mean 86) of 113/115 | Stay in Key in key 100% of 115/115 (result 94%)
   before #2 Pitch Match int 96/96 pro 95/94 | Drills 96/96/96/96/95 | RTF in tune 96% steady 96% of 115/115 voiced frames (In tune×110, Flat (-22ct)×2, Flat (-23ct)×2) | Choir World held ✓✓ median -1/-1 ct, report pitch 96/96 in tune 192/192, 191/192
   after #2  Tuner in tune 73% stability ≥75 91% (mean 85) of 113/116 | Stay in Key in key 99% of 115/115 (result 94%)
   after #2  Pitch Match int 96/95 pro 95/96 | Drills 96/95/96/96/95 | RTF in tune 95% steady 94% of 115/115 voiced frames (In tune×109, Flat (-24ct)×3, Flat (-22ct)×2) | Choir World held ✓✓ median -2/-1 ct, report pitch 95/96 in tune 190/192, 192/192
   before #3 Tuner in tune 76% stability ≥75 98% (mean 86) of 115/116 | Stay in Key in key 99% of 114/114 (result 94%)
   before #3 Pitch Match int 95/96 pro 95/95 | Drills 96/96/96/96/95 | RTF in tune 97% steady 97% of 115/115 voiced frames (In tune×112, Flat (-22ct)×3) | Choir World held ✓✓ median -2/-1 ct, report pitch 95/96 in tune 191/192, 191/192
   after #3  Tuner in tune 73% stability ≥75 96% (mean 86) of 114/116 | Stay in Key in key 97% of 114/115 (result 93%)
   after #3  Pitch Match int 96/95 pro 95/95 | Drills 96/95/96/96/95 | RTF in tune 94% steady 96% of 115/115 voiced frames (In tune×108, Flat (-23ct)×4, Flat (-21ct)×2) | Choir World held ✓✓ median -2/0 ct, report pitch 95/96 in tune 191/192, 190/191

== V5: vibrato-2417@7396 centred — target 52 (sung +38 ct, re-centred); offline gate: as read 5.35 Hz ±49 r 0.32
   before #1 Tuner in tune 32% stability ≥75 25% (mean 58) of 91/115 | Stay in Key in key 88% of 90/114 (result 89%)
   before #1 Pitch Match int 84/90 pro 74/90 | Drills 83/93/84/83/83 | RTF in tune 66% steady 18% of 114/114 voiced frames (In tune×75, Sharp (+17ct)×3, Sharp (+23ct)×3) | Choir World held ✓✓ median -4/-4 ct, report pitch 91/90 in tune 154/162, 136/147
   PAGE LOAD ERRORS (after, attempt 1): ["load failed: https://cdn.jsdelivr.net/npm/@supabase/supabase-js@2.45.4/dist/umd/supabase.js (net::ERR_INTERNET_DISCONNECTED)","load failed: https://fonts.googleapis.com/css2?family=Fraunces:opsz,wght@9..144,400;9..144,500;9..144,600&family=Space+Mono:wght@400;700&family=Inter:wght@400;500;600;700&display=swap (net::ERR_INTERNET_DISCONNECTED)","load failed: https://cdnjs.cloudflare.com/ajax/libs/html2canvas/1.4.1/html2canvas.min.js (net::ERR_INTERNET_DISCONNECTED)","TypeError: Cannot read properties of undefined (reading 'createClient')"]
   offline — waiting for the network (up to 30 min)
ERROR page.goto: Timeout 30000ms exceeded.
Call log:
[2m  - navigating to "http://localhost:8765/", waiting until "load"[22m

    at withPage (/Users/alegramusenge/Documents/voxcoach-app/scripts/vq-verify/vibfix.js:100:29)
    at async /Users/alegramusenge/Documents/voxcoach-app/scripts/vq-verify/vibfix.js:307:17
