[reap] FAILED for run 56190 (Command failed: npx supabase db query --linked "delete from auth.users where email in ('voxcoach-vlh-1790993960312@example.com') and email like 'voxcoach-%@example.com' returning email"): voxcoach-vlh-1790993960312@example.com
[reap] FAILED for run 56779 (Command failed: npx supabase db query --linked "delete from auth.users where email in ('voxcoach-vlh-1790994525988@example.com') and email like 'voxcoach-%@example.com' returning email"): voxcoach-vlh-1790994525988@example.com
[reap] FAILED for run 56901 (Command failed: npx supabase db query --linked "delete from auth.users where email in ('voxcoach-vlc-1790994635034@example.com') and email like 'voxcoach-%@example.com' returning email"): voxcoach-vlc-1790994635034@example.com
[reap] FAILED for run 57035 (Command failed: npx supabase db query --linked "delete from auth.users where email in ('voxcoach-vlc-1790994727708@example.com') and email like 'voxcoach-%@example.com' returning email"): voxcoach-vlc-1790994727708@example.com
[reap] FAILED for run 57167 (Command failed: npx supabase db query --linked "delete from auth.users where email in ('voxcoach-vlb-1790994746074@example.com') and email like 'voxcoach-%@example.com' returning email"): voxcoach-vlb-1790994746074@example.com
[reap] FAILED for run 57352 (Command failed: npx supabase db query --linked "delete from auth.users where email in ('voxcoach-vlb-1790994987994@example.com') and email like 'voxcoach-%@example.com' returning email"): voxcoach-vlb-1790994987994@example.com
TypeError: fetch failed
    at node:internal/deps/undici/undici:15270:13
    at process.processTicksAndRejections (node:internal/process/task_queues:103:5)
    at async call (/Users/alegramusenge/Documents/voxcoach-app/scripts/vocal-load-verify/live.js:10:13)
    at async /Users/alegramusenge/Documents/voxcoach-app/scripts/vocal-load-verify/live.js:16:14 {
  [cause]: Error: unable to verify the first certificate
      at TLSSocket.onConnectSecure (node:internal/tls/wrap:1787:34)
      at TLSSocket.emit (node:events:519:28)
      at TLSSocket._finishInit (node:internal/tls/wrap:1176:8)
      at ssl.onhandshakedone (node:internal/tls/wrap:962:12) {
    code: 'UNABLE_TO_VERIFY_LEAF_SIGNATURE'
  }
}

[cleanup] FAILED (Command failed: npx supabase db query --linked "delete from auth.users where email in ('voxcoach-vl-1790995643432@example.com') and email like 'voxcoach-%@example.com' returning email"); the watchdog retries when this process exits: voxcoach-vl-1790995643432@example.com
