== local deploy/ + production backend
   mic: 261.63 Hz (MIDI 60)
   signed up voxcoach-vlh-1791301765070@example.com
  ✓ sidecar allowed in this browser (desktop Chromium)                 

-- Entrance & Cutoff Trainer, entrances, Lead (runs to the end of the song)
  ✓ reached through its hub, start button visible                      
  ✓ gauge visible in the panel, today's total so far                   "Vocal load today" "0% of daily budget"
  ✓ load feed stubbed out: no session stored, no register input opened opened [], rows 0
  ✓ feature result identical with the load feed live                   off {"ticks":true,"laterEdges":0,"claimed":"00000000"} | on {"ticks":true,"laterEdges":0,"claimed":"00000000"}
  ✓ both live at once: the feature's own mic + the register input      opened this run [{"audio":{"echoCancellation":true,"noiseSuppression":false,"autoGainControl":false}}]
  ✓ feature's own track still live, unmuted, NS/AGC/EC unchanged       on: ns true agc true ec true muted false | off: ns true agc true ec true
  ✓ feature's own analyser hears the same tone                         on 261.7 Hz rms 0.0294 | off 261.9 Hz rms 0.0302
  ✓ stored: exactly 1 new session, ended                               [{"active_seconds":30.628,"ended":true,"load":58.9915343090535,"median_rms":0.270560791186331,"p5_midi":60.0024557798222,"p95_midi":60.0028169576726}]
  ✓ active seconds ≈ time the feature listened (30.72 s, −1.8/+0.3)    30.628 s
  ✓ stored load = active × 1.925926 (hand), within 0.5%                stored 58.9915 vs hand 58.9873
  ✓ pitch stored ≈ 60                                                  p5 60.002, p95 60.003
  ✓ gauge moved while the feature ran                                  mid-run 0.0835% vs before 0.0000%
  ✓ gauge = today's stored total / 6800                                "0.9% of daily budget" pct 0.867523 vs 0.867523

-- Choir Bosses, the first boss, Lead (runs to the end or the boss wins)
  ✓ reached through its hub, start button visible                      
  ✓ gauge visible in the panel, today's total so far                   "Vocal load today" "0.9% of daily budget"
  ✓ load feed stubbed out: no session stored, no register input opened opened [], rows 1
  ✓ feature result identical with the load feed live                   off {"held":"10111101","score":75,"passed":true,"stoppedAt":null} | on {"held":"10111101","score":75,"passed":true,"stoppedAt":null}
  ✓ both live at once: the feature's own mic + the register input      opened this run [{"audio":{"echoCancellation":true,"noiseSuppression":false,"autoGainControl":false}}]
  ✓ feature's own track still live, unmuted, NS/AGC/EC unchanged       on: ns true agc true ec true muted false | off: ns true agc true ec true
  ✓ feature's own analyser hears the same tone                         on 261.7 Hz rms 0.0294 | off 261.7 Hz rms 0.0294
  ✓ stored: exactly 1 new session, ended                               [{"active_seconds":30.349,"ended":true,"load":58.4551571444016,"median_rms":0.270583109469376,"p5_midi":60.0024589647655,"p95_midi":60.0029006337124}]
  ✓ active seconds ≈ time the feature listened (30.43 s, −1.8/+0.3)    30.349 s
  ✓ stored load = active × 1.925926 (hand), within 0.5%                stored 58.4552 vs hand 58.4499
  ✓ pitch stored ≈ 60                                                  p5 60.002, p95 60.003
  ✓ gauge moved while the feature ran                                  mid-run 0.9516% vs before 0.8675%
  ✓ gauge = today's stored total / 6800                                "1.7% of daily budget" pct 1.727157 vs 1.727157

-- Chaos Mode, Lead (seeded plan, runs to the end)
  ✓ reached through its hub, start button visible                      
  ✓ gauge visible in the panel, today's total so far                   "Vocal load today" "1.7% of daily budget"
  ✓ load feed stubbed out: no session stored, no register input opened opened [], rows 2
  ✓ feature result identical with the load feed live                   off {"held":"10111101","score":75,"passed":true,"stoppedAt":null} | on {"held":"10111101","score":75,"passed":true,"stoppedAt":null}
  ✓ both live at once: the feature's own mic + the register input      opened this run [{"audio":{"echoCancellation":true,"noiseSuppression":false,"autoGainControl":false}}]
  ✓ feature's own track still live, unmuted, NS/AGC/EC unchanged       on: ns true agc true ec true muted false | off: ns true agc true ec true
  ✓ feature's own analyser hears the same tone                         on 261.7 Hz rms 0.0294 | off 262 Hz rms 0.0301
  ✓ stored: exactly 1 new session, ended                               [{"active_seconds":30.355,"ended":true,"load":58.4663901577382,"median_rms":0.270588090594544,"p5_midi":60.0024321049014,"p95_midi":60.0028471617546}]
  ✓ active seconds ≈ time the feature listened (30.47 s, −1.8/+0.3)    30.355 s
  ✓ stored load = active × 1.925926 (hand), within 0.5%                stored 58.4664 vs hand 58.4615
  ✓ pitch stored ≈ 60                                                  p5 60.002, p95 60.003
  ✓ gauge moved while the feature ran                                  mid-run 1.8114% vs before 1.7272%
  ✓ gauge = today's stored total / 6800                                "2.6% of daily budget" pct 2.586957 vs 2.586957

-- Tempo/Key Ladder, rung 1 up, Lead (runs to the end)
  ✓ reached through its hub, start button visible                      
  ✓ gauge visible in the panel, today's total so far                   "Vocal load today" "2.6% of daily budget"
  ✓ load feed stubbed out: no session stored, no register input opened opened [], rows 3
  ✓ feature result identical with the load feed live                   off {"held":"10111101","score":75,"passed":true,"stoppedAt":null} | on {"held":"10111101","score":75,"passed":true,"stoppedAt":null}
  ✓ both live at once: the feature's own mic + the register input      opened this run [{"audio":{"echoCancellation":true,"noiseSuppression":false,"autoGainControl":false}}]
  ✓ feature's own track still live, unmuted, NS/AGC/EC unchanged       on: ns true agc true ec true muted false | off: ns true agc true ec true
  ✓ feature's own analyser hears the same tone                         on 261.7 Hz rms 0.0294 | off 262.2 Hz rms 0.0297
  ✓ stored: exactly 1 new session, ended                               [{"active_seconds":30.332,"ended":true,"load":58.4226133563583,"median_rms":0.27060286818828,"p5_midi":60.0024307895,"p95_midi":60.0028705950253}]
  ✓ active seconds ≈ time the feature listened (30.40 s, −1.8/+0.3)    30.332 s
  ✓ stored load = active × 1.925926 (hand), within 0.5%                stored 58.4226 vs hand 58.4172
  ✓ pitch stored ≈ 60                                                  p5 60.002, p95 60.003
  ✓ gauge moved while the feature ran                                  mid-run 2.6709% vs before 2.5870%
  ✓ gauge = today's stored total / 6800                                "3.4% of daily budget" pct 3.446113 vs 3.446113

-- The Vocal Rift (seeded rounds, runs the full 60 s)
  ✓ reached through its hub, start button visible                      
  ✓ gauge visible in the panel, today's total so far                   "Vocal load today" "3.4% of daily budget"
  ✓ load feed stubbed out: no session stored, no register input opened opened [], rows 4
  ✓ feature result identical with the load feed live                   off [{"type":"Pitch","target":48,"acc":99},{"type":"Quick Catch","target":65,"acc":null},{"type":"Sustain Hold","target":58,"acc":0},{"type":"Pitch","target":50,"acc":0},{"type":"Interval Jump","target":52,"acc":null},{"type":"Pitch","target":56,"acc":null},{"type":"Sustain Hold","target":55,"acc":null},{"type":"Quick Catch","target":65,"acc":null},{"type":"Quick Catch","target":57,"acc":null},{"type":"Interval Jump","target":59,"acc":39},{"type":"Quick Catch","target":66,"acc":null},{"type":"Pitch","target":59,"acc":39},{"type":"Interval Jump","target":52,"acc":null},{"type":"Interval Jump","target":56,"acc":null},{"type":"Quick Catch","target":68,"acc":null},{"type":"Pitch","target":71,"acc":39},{"type":"Quick Catch","target":62,"acc":0},{"type":"Sustain Hold","target":57,"acc":null},{"type":"Sustain Hold","target":64,"acc":null},{"type":"Sustain Hold","target":55,"acc":null},{"type":"Sustain Hold","target":57,"acc":null},{"type":"Quick Catch","target":47,"acc":39},{"type":"Pitch","target":50,"acc":0},{"type":"Sustain Hold","target":58,"acc":0},{"type":"Sustain Hold","target":57,"acc":null},{"type":"Quick Catch","target":48,"acc":99}] | on [{"type":"Pitch","target":48,"acc":99},{"type":"Quick Catch","target":65,"acc":null},{"type":"Sustain Hold","target":58,"acc":0},{"type":"Pitch","target":50,"acc":0},{"type":"Interval Jump","target":52,"acc":null},{"type":"Pitch","target":56,"acc":null},{"type":"Sustain Hold","target":55,"acc":null},{"type":"Quick Catch","target":65,"acc":null},{"type":"Quick Catch","target":57,"acc":null},{"type":"Interval Jump","target":59,"acc":39},{"type":"Quick Catch","target":66,"acc":null},{"type":"Pitch","target":59,"acc":39},{"type":"Interval Jump","target":52,"acc":null},{"type":"Interval Jump","target":56,"acc":null},{"type":"Quick Catch","target":68,"acc":null},{"type":"Pitch","target":71,"acc":39},{"type":"Quick Catch","target":62,"acc":0},{"type":"Sustain Hold","target":57,"acc":null},{"type":"Sustain Hold","target":64,"acc":null},{"type":"Sustain Hold","target":55,"acc":null},{"type":"Sustain Hold","target":57,"acc":null},{"type":"Quick Catch","target":47,"acc":39},{"type":"Pitch","target":50,"acc":0},{"type":"Sustain Hold","target":58,"acc":0},{"type":"Sustain Hold","target":57,"acc":null},{"type":"Quick Catch","target":48,"acc":99}]
  ✓ both live at once: the feature's own mic + the register input      opened this run [{"audio":{"echoCancellation":true,"noiseSuppression":false,"autoGainControl":false}}]
  ✓ feature's own track still live, unmuted, NS/AGC/EC unchanged       on: ns true agc true ec true muted false | off: ns true agc true ec true
  ✓ feature's own analyser hears the same tone                         on 262 Hz rms 0.0302 | off 261.7 Hz rms 0.0294
  ✓ stored: exactly 1 new session, ended                               [{"active_seconds":59.946,"ended":true,"load":115.472164354695,"median_rms":0.270598134052273,"p5_midi":60.0024212779973,"p95_midi":60.0028931574733}]
  ✓ active seconds ≈ time the feature listened (60.10 s, −1.8/+0.3)    59.946 s
  ✓ stored load = active × 1.925926 (hand), within 0.5%                stored 115.4722 vs hand 115.4516
  ✓ pitch stored ≈ 60                                                  p5 60.002, p95 60.003
  ✓ gauge moved while the feature ran                                  mid-run 3.5296% vs before 3.4461%
  ✓ gauge = today's stored total / 6800                                "5.1% of daily budget" pct 5.144233 vs 5.144233

-- Pitch Dragon weakest-note training: Listen & score (C4, 1.6 s)
  ✓ reached through its hub, start button visible                      
  ✓ gauge visible in the panel, today's total so far                   "Vocal load today" "5.1% of daily budget"
  ✓ load feed stubbed out: no session stored, no register input opened opened [], rows 5
  ✓ feature result identical with the load feed live                   off {"acc":"99%"} | on {"acc":"99%"}
  ✓ both live at once: the feature's own mic + the register input      opened this run [{"audio":{"echoCancellation":true,"noiseSuppression":false,"autoGainControl":false}}]
  ✓ feature's own track still live, unmuted, NS/AGC/EC unchanged       on: ns true agc true ec true muted false | off: ns true agc true ec true
  ✓ feature's own analyser hears the same tone                         on 261.7 Hz rms 0.0294 | off 261.8 Hz rms 0.0295
  ✓ stored: exactly 1 new session, ended                               [{"active_seconds":1.538,"ended":true,"load":2.96232644801468,"median_rms":0.267606354765918,"p5_midi":60.0025520859987,"p95_midi":60.0028582707629}]
  ✓ active seconds ≈ time the feature listened (1.64 s, −1.8/+0.3)     1.538 s
  ✓ stored load = active × 1.925926 (hand), within 0.5%                stored 2.9623 vs hand 2.9621
  ✓ pitch stored ≈ 60                                                  p5 60.003, p95 60.003
  ✓ gauge = today's stored total / 6800                                "5.2% of daily budget" pct 5.187797 vs 5.187797

-- Ear → Voice → Ear (seeded notes, runs to the end)
  ✓ reached through its hub, start button visible                      
  ✓ gauge visible in the panel, today's total so far                   "Vocal load today" "5.2% of daily budget"
  ✓ load feed stubbed out: no session stored, no register input opened opened [], rows 6
  ✓ feature result identical with the load feed live                   off {"first":"99%","second":"99%","note":"Your unaided step held up just as well — exactly the same. Real retained pitch memory."} | on {"first":"99%","second":"99%","note":"Your unaided step held up just as well — exactly the same. Real retained pitch memory."}
  ✓ both live at once: the feature's own mic + the register input      opened this run [{"audio":{"echoCancellation":true,"noiseSuppression":false,"autoGainControl":false}}]
  ✓ feature's own track still live, unmuted, NS/AGC/EC unchanged       on: ns true agc true ec true muted false | off: ns true agc true ec true
  ✓ feature's own analyser hears the same tone                         on 262.2 Hz rms 0.0296 | off 261.7 Hz rms 0.0298
  ✓ stored: exactly 1 new session, ended                               [{"active_seconds":6.964,"ended":true,"load":13.4134546105562,"median_rms":0.27052238463436,"p5_midi":60.0024743272821,"p95_midi":60.0027347049918}]
  ✓ active seconds ≈ time the feature listened (7.04 s, −1.8/+0.3)     6.964 s
  ✓ stored load = active × 1.925926 (hand), within 0.5%                stored 13.4135 vs hand 13.4121
  ✓ pitch stored ≈ 60                                                  p5 60.002, p95 60.003
  ✓ gauge moved while the feature ran                                  mid-run 5.2713% vs before 5.1878%
  ✓ gauge = today's stored total / 6800                                "5.4% of daily budget" pct 5.385054 vs 5.385054

-- Sing It 5 Ways (runs to the end)
  ✓ reached through its hub, start button visible                      
  ✓ gauge visible in the panel, today's total so far                   "Vocal load today" "5.4% of daily budget"
  ✓ load feed stubbed out: no session stored, no register input opened opened [], rows 7
  ✓ feature result identical with the load feed live                   off [{"midi":59,"heard":true,"acc":39},{"midi":60,"heard":true,"acc":99},{"midi":58,"heard":true,"acc":0},{"midi":59,"heard":true,"acc":39},{"midi":59,"heard":true,"acc":39}] | on [{"midi":59,"heard":true,"acc":39},{"midi":60,"heard":true,"acc":99},{"midi":58,"heard":true,"acc":0},{"midi":59,"heard":true,"acc":39},{"midi":59,"heard":true,"acc":39}]
  ✓ both live at once: the feature's own mic + the register input      opened this run [{"audio":{"echoCancellation":true,"noiseSuppression":false,"autoGainControl":false}}]
  ✓ feature's own track still live, unmuted, NS/AGC/EC unchanged       on: ns true agc true ec true muted false | off: ns true agc true ec true
  ✓ feature's own analyser hears the same tone                         on 262.2 Hz rms 0.0297 | off 261.6 Hz rms 0.0294
  ✓ stored: exactly 1 new session, ended                               [{"active_seconds":15.013,"ended":true,"load":28.9171406601636,"median_rms":0.270556031590242,"p5_midi":60.0024573615181,"p95_midi":60.0027527702176}]
  ✓ active seconds ≈ time the feature listened (15.15 s, −1.8/+0.3)    15.013 s
  ✓ stored load = active × 1.925926 (hand), within 0.5%                stored 28.9171 vs hand 28.9139
  ✓ pitch stored ≈ 60                                                  p5 60.002, p95 60.003
  ✓ gauge moved while the feature ran                                  mid-run 5.4685% vs before 5.3851%
  ✓ gauge = today's stored total / 6800                                "5.8% of daily budget" pct 5.810306 vs 5.810306

-- One Take (today's take cleared before each run)
  ✓ reached through its hub, start button visible                      
  ✓ gauge visible in the panel, today's total so far                   "Vocal load today" "5.8% of daily budget"
  ✓ load feed stubbed out: no session stored, no register input opened opened [], rows 8
  ✓ feature result identical with the load feed live                   off {"pitch":39,"stability":96,"timing":100,"heard":true} | on {"pitch":39,"stability":96,"timing":100,"heard":true}
  ✓ both live at once: the feature's own mic + the register input      opened this run [{"audio":{"echoCancellation":true,"noiseSuppression":false,"autoGainControl":false}}]
  ✓ feature's own track still live, unmuted, NS/AGC/EC unchanged       on: ns true agc true ec true muted false | off: ns true agc true ec true
  ✓ feature's own analyser hears the same tone                         on 261.7 Hz rms 0.0294 | off 261.7 Hz rms 0.0294
  ✓ stored: exactly 1 new session, ended                               [{"active_seconds":7.246,"ended":true,"load":13.956634228488,"median_rms":0.270579259364741,"p5_midi":60.0025616925933,"p95_midi":60.0027819887855}]
  ✓ active seconds ≈ time the feature listened (7.37 s, −1.8/+0.3)     7.246 s
  ✓ stored load = active × 1.925926 (hand), within 0.5%                stored 13.9566 vs hand 13.9553
  ✓ pitch stored ≈ 60                                                  p5 60.003, p95 60.003
  ✓ gauge moved while the feature ran                                  mid-run 5.8938% vs before 5.8103%
  ✓ gauge = today's stored total / 6800                                "6% of daily budget" pct 6.015550 vs 6.015550

-- Can You Hear Your Mistake: the right pick, then the sing-back (1.6 s)
  ✓ reached through its hub, start button visible                      
  ✓ gauge visible in the panel, today's total so far                   "Vocal load today" "6% of daily budget"
  ✓ load feed stubbed out: no session stored, no register input opened opened [], rows 9
  ✓ feature result identical with the load feed live                   off {"acc":"99%","title":"Correct pick!"} | on {"acc":"99%","title":"Correct pick!"}
  ✓ both live at once: the feature's own mic + the register input      opened this run [{"audio":{"echoCancellation":true,"noiseSuppression":false,"autoGainControl":false}}]
  ✓ feature's own track still live, unmuted, NS/AGC/EC unchanged       on: ns true agc true ec true muted false | off: ns true agc true ec true
  ✓ feature's own analyser hears the same tone                         on 261.7 Hz rms 0.0294 | off 261.6 Hz rms 0.0294
  ✓ stored: exactly 1 new session, ended                               [{"active_seconds":1.552,"ended":true,"load":2.99026168153153,"median_rms":0.268367958395425,"p5_midi":60.0026350521781,"p95_midi":60.0029044352225}]
  ✓ active seconds ≈ time the feature listened (1.63 s, −1.8/+0.3)     1.552 s
  ✓ stored load = active × 1.925926 (hand), within 0.5%                stored 2.9903 vs hand 2.9890
  ✓ pitch stored ≈ 60                                                  p5 60.003, p95 60.003
  ✓ gauge = today's stored total / 6800                                "6.1% of daily budget" pct 6.059525 vs 6.059525

-- Emotion Mode: Tender, then a seeded second intention (runs to the end)
  ✓ reached through its hub, start button visible                      
  ✓ gauge visible in the panel, today's total so far                   "Vocal load today" "6.1% of daily budget"
  ✓ load feed stubbed out: no session stored, no register input opened opened [], rows 10
  ✓ feature result identical with the load feed live                   off [{"intent":"tender","heard":true,"stability":96},{"intent":"powerful","heard":true,"stability":96}] | on [{"intent":"tender","heard":true,"stability":96},{"intent":"powerful","heard":true,"stability":96}]
  ✓ both live at once: the feature's own mic + the register input      opened this run [{"audio":{"echoCancellation":true,"noiseSuppression":false,"autoGainControl":false}}]
  ✓ feature's own track still live, unmuted, NS/AGC/EC unchanged       on: ns true agc true ec true muted false | off: ns true agc true ec true
  ✓ feature's own analyser hears the same tone                         on 262.3 Hz rms 0.0298 | off 262 Hz rms 0.0301
  ✓ stored: exactly 1 new session, ended                               [{"active_seconds":7.79,"ended":true,"load":15.0035245099853,"median_rms":0.270566991398784,"p5_midi":60.0025853350354,"p95_midi":60.0034502793224}]
  ✓ active seconds ≈ time the feature listened (7.87 s, −1.8/+0.3)     7.790 s
  ✓ stored load = active × 1.925926 (hand), within 0.5%                stored 15.0035 vs hand 15.0030
  ✓ pitch stored ≈ 60                                                  p5 60.003, p95 60.003
  ✓ gauge moved while the feature ran                                  mid-run 6.1437% vs before 6.0595%
  ✓ gauge = today's stored total / 6800                                "6.3% of daily budget" pct 6.280165 vs 6.280165

-- Performance Director (runs to the end of the song)
  ✓ reached through its hub, start button visible                      
  ✓ gauge visible in the panel, today's total so far                   "Vocal load today" "6.3% of daily budget"
  ✓ load feed stubbed out: no session stored, no register input opened opened [], rows 11
  ✓ feature result identical with the load feed live                   off {"notes":"99/100 0/100 99/100 99/100 99/100 99/100 0/100 99/100"} | on {"notes":"99/100 0/100 99/100 99/100 99/100 99/100 0/100 99/100"}
  ✓ both live at once: the feature's own mic + the register input      opened this run [{"audio":{"echoCancellation":true,"noiseSuppression":false,"autoGainControl":false}}]
  ✓ feature's own track still live, unmuted, NS/AGC/EC unchanged       on: ns true agc true ec true muted false | off: ns true agc true ec true
  ✓ feature's own analyser hears the same tone                         on 261.7 Hz rms 0.0298 | off 261.7 Hz rms 0.0294
  ✓ stored: exactly 1 new session, ended                               [{"active_seconds":26.598,"ended":true,"load":51.2295891107405,"median_rms":0.270559664905279,"p5_midi":60.0025129131861,"p95_midi":60.0028377361031}]
  ✓ active seconds ≈ time the feature listened (26.75 s, −1.8/+0.3)    26.598 s
  ✓ stored load = active × 1.925926 (hand), within 0.5%                stored 51.2296 vs hand 51.2258
  ✓ pitch stored ≈ 60                                                  p5 60.003, p95 60.003
  ✓ gauge moved while the feature ran                                  mid-run 6.3637% vs before 6.2802%
  ✓ gauge = today's stored total / 6800                                "7% of daily budget" pct 7.033541 vs 7.033541
  ✓ page errors                                                        none

-- reload: every gauge resumes today's total from the server
  ✓ tt: same total after reload, not 0                                 "7% of daily budget"
  ✓ cb: same total after reload, not 0                                 "7% of daily budget"
  ✓ cx: same total after reload, not 0                                 "7% of daily budget"
  ✓ tk: same total after reload, not 0                                 "7% of daily budget"
  ✓ rift: same total after reload, not 0                               "7% of daily budget"
  ✓ bosstrain: same total after reload, not 0                          "7% of daily budget"
  ✓ eve: same total after reload, not 0                                "7% of daily budget"
  ✓ five: same total after reload, not 0                               "7% of daily budget"
  ✓ onetake: same total after reload, not 0                            "7% of daily budget"
  ✓ hm: same total after reload, not 0                                 "7% of daily budget"
  ✓ emo: same total after reload, not 0                                "7% of daily budget"
  ✓ pd: same total after reload, not 0                                 "7% of daily budget"
  ✓ coach: same total after reload, not 0                              "7% of daily budget"
  ✓ daily table = sum of every session                                 [{"day":"2026-10-06","total_load":478.280790571726}] vs 478.2808

-- all four languages (switched with the Profile language buttons)
  ✓ fr: all 13 gauges' label and value in fr                           "Charge vocale du jour" "7 % du budget quotidien"
  ✓ es: all 13 gauges' label and value in es                           "Carga vocal de hoy" "7 % del presupuesto diario"
  ✓ tr: all 13 gauges' label and value in tr                           "Bugünkü ses yükü" "Günlük bütçe: %7"
  ✓ en: all 13 gauges' label and value in en                           "Vocal load today" "7% of daily budget"
  ✓ page errors                                                        none

-- Safari user agent: sidecar features open no second stream, store nothing, hide their gauge
  ✓ sidecar blocked for this user agent                                
  ✓ eve ran on its own stream only, no session stored                  opened [], rows 12→12
  ✓ sidecar features' gauges hidden, register-input features' still shown ok

-- signed out
  ✓ every gauge hidden when signed out                                 all hidden

[cleanup] deleted 1 test account(s) this run created; 0 left of voxcoach-vlh-1791301765070@example.com

179 passed, 0 failed
