vibfix 2026-10-06T16-16-26  sides: before, after  before: master  mode: regress (rises become "must not move")
VocalSet clips missing from /var/folders/gn/v4bmhrkx4rj608jy9jv_rv780000gn/T/vq-verify/vocalset: reusing rv.json and the stimuli already built

== V1: vibrato-628@2896 centred — target 69 (sung -1 ct, re-centred); offline gate: vibrato 6.16 Hz ±66 r 0.83
   before #1 Tuner in tune 16% stability ≥75 44% (mean 62) of 90/115 | Stay in Key in key 94% of 89/113 (result 94%)
   before #1 Pitch Match int 90/92 pro 89/87 | Drills 89/91/90/91/92 | RTF in tune 62% steady 36% of 90/112 voiced frames (In tune×56, Listening…×22, Flat (-26ct)×4) | Choir World held ✓✓ median -8/-10 ct, report pitch 92/91 in tune 154/154, 153/154
   after #1  Tuner in tune 18% stability ≥75 45% (mean 63) of 90/114 | Stay in Key in key 97% of 89/113 (result 95%)
   after #1  Pitch Match int 91/92 pro 89/86 | Drills 91/90/91/91/91 | RTF in tune 60% steady 35% of 89/113 voiced frames (In tune×53, Listening…×24, Flat (-23ct)×5) | Choir World held ✓✓ median -7/-9 ct, report pitch 91/91 in tune 154/154, 153/154
   before #2 Tuner in tune 16% stability ≥75 45% (mean 62) of 91/114 | Stay in Key in key 94% of 88/113 (result 94%)
   before #2 Pitch Match int 91/93 pro 89/86 | Drills 89/91/90/91/91 | RTF in tune 61% steady 36% of 90/113 voiced frames (In tune×55, Listening…×23, Flat (-22ct)×6) | Choir World held ✓✓ median -8/-9 ct, report pitch 91/91 in tune 154/154, 153/154
   after #2  Tuner in tune 21% stability ≥75 45% (mean 63) of 90/114 | Stay in Key in key 93% of 89/113 (result 94%)
   after #2  Pitch Match int 91/92 pro 88/86 | Drills 90/91/90/91/91 | RTF in tune 58% steady 31% of 89/112 voiced frames (In tune×52, Listening…×23, Flat (-25ct)×5) | Choir World held ✓✓ median -6/-11 ct, report pitch 91/91 in tune 154/154, 153/154
   before #3 Tuner in tune 19% stability ≥75 46% (mean 64) of 90/114 | Stay in Key in key 97% of 88/113 (result 94%)
   before #3 Pitch Match int 91/92 pro 89/86 | Drills 90/90/90/91/91 | RTF in tune 61% steady 33% of 89/112 voiced frames (In tune×54, Listening…×23, Flat (-22ct)×4) | Choir World held ✓✓ median -8/-9 ct, report pitch 91/92 in tune 154/154, 153/154
   after #3  Tuner in tune 23% stability ≥75 45% (mean 64) of 90/114 | Stay in Key in key 93% of 89/113 (result 94%)
   after #3  Pitch Match int 91/92 pro 89/87 | Drills 90/91/91/91/91 | RTF in tune 61% steady 31% of 90/113 voiced frames (In tune×55, Listening…×23, Flat (-23ct)×4) | Choir World held ✓✓ median -7/-11 ct, report pitch 91/91 in tune 154/154, 153/154

== V2: vibrato-3131@8046 centred — target 49 (sung -32 ct, re-centred); offline gate: vibrato 5.07 Hz ±106 r 0.94
   before #1 Tuner in tune 30% stability ≥75 7% (mean 48) of 94/115 | Stay in Key in key 74% of 99/113 (result 75%)
   before #1 Pitch Match int 92/93 pro 89/89 | Drills 95/94/93/93/93 | RTF in tune 77% steady 36% of 91/112 voiced frames (In tune×70, Listening…×21, Sharp (+22ct)×3) | Choir World held ✓✓ median 2/5 ct, report pitch 94/93 in tune 145/145, 169/169
   after #1  Tuner in tune 32% stability ≥75 10% (mean 50) of 94/115 | Stay in Key in key 72% of 99/113 (result 74%)
   after #1  Pitch Match int 93/93 pro 88/91 | Drills 94/93/93/93/93 | RTF in tune 79% steady 38% of 89/112 voiced frames (In tune×70, Listening…×23, Sharp (+22ct)×3) | Choir World held ✓✓ median 2/6 ct, report pitch 94/93 in tune 150/150, 169/169
   before #2 Tuner in tune 31% stability ≥75 22% (mean 48) of 91/115 | Stay in Key in key 74% of 99/113 (result 75%)
   before #2 Pitch Match int 93/91 pro 89/90 | Drills 95/94/93/93/93 | RTF in tune 79% steady 36% of 91/112 voiced frames (In tune×72, Listening…×21, Sharp (+15ct)×2) | Choir World held ✓✓ median 4/8 ct, report pitch 94/93 in tune 148/148, 169/169
   after #2  Tuner in tune 30% stability ≥75 18% (mean 50) of 91/113 | Stay in Key in key 75% of 99/113 (result 75%)
   after #2  Pitch Match int 93/91 pro 88/90 | Drills 94/94/93/93/93 | RTF in tune 79% steady 36% of 91/112 voiced frames (In tune×72, Listening…×21, Flat (-31ct)×2) | Choir World held ✓✓ median 4/6 ct, report pitch 94/93 in tune 148/148, 168/168
   before #3 Tuner in tune 37% stability ≥75 10% (mean 53) of 92/113 | Stay in Key in key 76% of 98/113 (result 74%)
   before #3 Pitch Match int 93/92 pro 90/88 | Drills 94/93/94/94/93 | RTF in tune 74% steady 34% of 88/112 voiced frames (In tune×65, Listening…×24, Sharp (+23ct)×3) | Choir World held ✓✓ median 3/8 ct, report pitch 93/93 in tune 144/145, 169/169
   after #3  Tuner in tune 26% stability ≥75 10% (mean 55) of 92/113 | Stay in Key in key 71% of 99/113 (result 72%)
   after #3  Pitch Match int 93/92 pro 92/89 | Drills 94/93/93/93/93 | RTF in tune 80% steady 37% of 90/112 voiced frames (In tune×72, Listening…×22, Sharp (+21ct)×2) | Choir World held ✓✓ median 2/7 ct, report pitch 94/93 in tune 148/148, 169/169

== V3: vibrato-1154@4013 centred — target 69 (sung +27 ct, re-centred); offline gate: vibrato 4.74 Hz ±91 r 0.98
   before #1 Tuner in tune 66% stability ≥75 100% (mean 87) of 113/115 | Stay in Key in key 98% of 112/112 (result 93%)
   before #1 Pitch Match int 95/95 pro 91/92 | Drills 95/95/95/95/95 | RTF in tune 100% steady 96% of 113/113 voiced frames (In tune×113) | Choir World held ✓✓ median 2/1 ct, report pitch 96/95 in tune 192/192, 192/192
   after #1  Tuner in tune 67% stability ≥75 100% (mean 85) of 111/114 | Stay in Key in key 97% of 114/114 (result 93%)
   after #1  Pitch Match int 95/95 pro 91/91 | Drills 95/95/95/95/95 | RTF in tune 100% steady 96% of 112/112 voiced frames (In tune×112) | Choir World held ✓✓ median 4/1 ct, report pitch 95/95 in tune 192/192, 192/192
   before #2 Tuner in tune 66% stability ≥75 100% (mean 85) of 113/114 | Stay in Key in key 99% of 113/113 (result 93%)
   before #2 Pitch Match int 95/95 pro 92/92 | Drills 95/95/95/95/95 | RTF in tune 100% steady 97% of 112/112 voiced frames (In tune×112) | Choir World held ✓✓ median 3/1 ct, report pitch 95/95 in tune 192/192, 192/192
   after #2  Tuner in tune 65% stability ≥75 100% (mean 86) of 113/115 | Stay in Key in key 98% of 113/113 (result 93%)
   after #2  Pitch Match int 95/95 pro 92/92 | Drills 95/95/95/95/95 | RTF in tune 100% steady 97% of 113/113 voiced frames (In tune×113) | Choir World held ✓✓ median 3/2 ct, report pitch 95/95 in tune 192/192, 192/192
   before #3 Tuner in tune 64% stability ≥75 100% (mean 85) of 114/115 | Stay in Key in key 98% of 113/113 (result 94%)
   before #3 Pitch Match int 95/95 pro 91/91 | Drills 95/95/95/95/95 | RTF in tune 100% steady 96% of 113/113 voiced frames (In tune×113) | Choir World held ✓✓ median 3/1 ct, report pitch 95/95 in tune 192/192, 192/192
   after #3  Tuner in tune 65% stability ≥75 100% (mean 87) of 113/115 | Stay in Key in key 98% of 113/113 (result 94%)
   after #3  Pitch Match int 95/95 pro 93/92 | Drills 95/95/95/95/95 | RTF in tune 100% steady 97% of 113/113 voiced frames (In tune×113) | Choir World held ✓✓ median 3/1 ct, report pitch 95/95 in tune 192/192, 192/192

== V4: vibrato-772@4946 centred — target 67 (sung +24 ct, re-centred); offline gate: vibrato 5.28 Hz ±90 r 0.98
   before #1 Tuner in tune 75% stability ≥75 96% (mean 85) of 114/114 | Stay in Key in key 97% of 112/112 (result 93%)
   before #1 Pitch Match int 95/96 pro 95/93 | Drills 96/96/96/96/94 | RTF in tune 95% steady 96% of 113/113 voiced frames (In tune×107, Flat (-22ct)×3, Flat (-23ct)×2) | Choir World held ✓✓ median -2/-3 ct, report pitch 95/95 in tune 191/191, 188/191
   after #1  Tuner in tune 71% stability ≥75 96% (mean 86) of 112/114 | Stay in Key in key 100% of 113/113 (result 92%)
   after #1  Pitch Match int 96/96 pro 95/95 | Drills 96/95/96/96/95 | RTF in tune 96% steady 96% of 112/112 voiced frames (In tune×107, Flat (-25ct)×2, Flat (-22ct)×2) | Choir World held ✓✓ median -1/-1 ct, report pitch 95/96 in tune 191/192, 190/191
   before #2 Tuner in tune 71% stability ≥75 97% (mean 85) of 112/114 | Stay in Key in key 100% of 113/113 (result 93%)
   before #2 Pitch Match int 96/96 pro 95/96 | Drills 96/95/96/96/95 | RTF in tune 96% steady 95% of 112/112 voiced frames (In tune×107, Flat (-22ct)×2, Flat (-23ct)×2) | Choir World held ✓✓ median -2/-1 ct, report pitch 96/96 in tune 191/192, 191/191
   after #2  Tuner in tune 76% stability ≥75 98% (mean 86) of 113/114 | Stay in Key in key 98% of 113/113 (result 94%)
   after #2  Pitch Match int 95/96 pro 96/94 | Drills 96/95/95/96/95 | RTF in tune 97% steady 96% of 113/113 voiced frames (In tune×110, Flat (-22ct)×1, Flat (-24ct)×1) | Choir World held ✓✓ median 0/-2 ct, report pitch 96/96 in tune 191/192, 189/190
   before #3 Tuner in tune 74% stability ≥75 92% (mean 86) of 110/114 | Stay in Key in key 96% of 113/113 (result 93%)
   before #3 Pitch Match int 95/95 pro 95/94 | Drills 96/95/96/96/94 | RTF in tune 96% steady 96% of 112/112 voiced frames (In tune×107, Flat (-24ct)×3, Flat (-21ct)×1) | Choir World held ✓✓ median -3/0 ct, report pitch 95/96 in tune 191/192, 191/191
   after #3  Tuner in tune 76% stability ≥75 98% (mean 86) of 109/114 | Stay in Key in key 99% of 113/113 (result 93%)
   after #3  Pitch Match int 96/96 pro 95/94 | Drills 96/96/96/96/93 | RTF in tune 96% steady 96% of 112/112 voiced frames (In tune×107, Flat (-22ct)×2, Flat (-21ct)×2) | Choir World held ✓✓ median -2/0 ct, report pitch 95/96 in tune 192/192, 190/191

== V5: vibrato-2417@7396 centred — target 52 (sung +38 ct, re-centred); offline gate: as read 5.35 Hz ±49 r 0.32
   before #1 Tuner in tune 28% stability ≥75 25% (mean 59) of 88/114 | Stay in Key in key 90% of 89/113 (result 88%)
   before #1 Pitch Match int 91/90 pro 76/89 | Drills 83/92/83/83/84 | RTF in tune 65% steady 18% of 113/113 voiced frames (In tune×74, Sharp (+18ct)×5, Sharp (+21ct)×4) | Choir World held ✓✓ median -2/0 ct, report pitch 91/82 in tune 151/158, 135/156
   after #1  Tuner in tune 37% stability ≥75 26% (mean 59) of 90/114 | Stay in Key in key 89% of 89/113 (result 88%)
   after #1  Pitch Match int 85/90 pro 74/89 | Drills 84/93/83/94/84 | RTF in tune 66% steady 21% of 111/112 voiced frames (In tune×73, Sharp (+17ct)×5, Sharp (+21ct)×3) | Choir World held ✓✓ median -3/-3 ct, report pitch 91/91 in tune 150/156, 149/156
   before #2 Tuner in tune 31% stability ≥75 24% (mean 59) of 91/115 | Stay in Key in key 90% of 89/113 (result 88%)
   before #2 Pitch Match int 85/90 pro 76/92 | Drills 82/93/83/93/84 | RTF in tune 72% steady 21% of 111/113 voiced frames (In tune×80, Sharp (+19ct)×7, Sharp (+17ct)×2) | Choir World held ✓✓ median -3/-1 ct, report pitch 91/83 in tune 148/156, 134/157
   after #2  Tuner in tune 26% stability ≥75 24% (mean 58) of 91/115 | Stay in Key in key 93% of 89/113 (result 89%)
   after #2  Pitch Match int 85/90 pro 74/91 | Drills 84/92/83/93/84 | RTF in tune 63% steady 21% of 109/112 voiced frames (In tune×69, Sharp (+18ct)×5, Sharp (+17ct)×5) | Choir World held ✓✓ median -2/-1 ct, report pitch 91/82 in tune 150/158, 132/156
   before #3 Tuner in tune 26% stability ≥75 25% (mean 57) of 90/114 | Stay in Key in key 92% of 89/113 (result 88%)
   before #3 Pitch Match int 84/90 pro 77/91 | Drills 83/93/83/93/83 | RTF in tune 59% steady 13% of 109/113 voiced frames (In tune×64, Sharp (+20ct)×6, Sharp (+17ct)×4) | Choir World held ✓✓ median -2/-2 ct, report pitch 91/82 in tune 152/159, 130/153
   after #3  Tuner in tune 32% stability ≥75 25% (mean 59) of 90/114 | Stay in Key in key 93% of 87/113 (result 89%)
   after #3  Pitch Match int 85/91 pro 76/91 | Drills 83/93/83/93/84 | RTF in tune 68% steady 25% of 111/113 voiced frames (In tune×76, Sharp (+21ct)×3, Sharp (+22ct)×3) | Choir World held ✓✓ median -3/-1 ct, report pitch 91/83 in tune 149/155, 137/156

== V6: vibrato-2961@630 centred — target 49 (sung -27 ct, re-centred); offline gate: vibrato 5.28 Hz ±52 r 0.55
   before #1 Tuner in tune 47% stability ≥75 75% (mean 78) of 115/115 | Stay in Key in key 100% of 113/113 (result 97%)
   before #1 Pitch Match int 92/93 pro 86/91 | Drills 91/94/93/94/92 | RTF in tune 81% steady 68% of 112/112 voiced frames (In tune×91, Sharp (+19ct)×3, Sharp (+22ct)×3) | Choir World held ✓✓ median -4/1 ct, report pitch 92/94 in tune 191/191, 189/192
   after #1  Tuner in tune 48% stability ≥75 75% (mean 79) of 115/115 | Stay in Key in key 100% of 112/112 (result 98%)
   after #1  Pitch Match int 93/92 pro 86/91 | Drills 91/94/93/93/92 | RTF in tune 83% steady 62% of 112/112 voiced frames (In tune×93, Flat (-18ct)×2, Sharp (+20ct)×2) | Choir World held ✓✓ median -3/2 ct, report pitch 92/94 in tune 193/193, 189/192
   before #2 Tuner in tune 46% stability ≥75 77% (mean 79) of 115/115 | Stay in Key in key 100% of 112/113 (result 97%)
   before #2 Pitch Match int 93/92 pro 86/91 | Drills 91/94/92/94/92 | RTF in tune 81% steady 63% of 112/112 voiced frames (In tune×91, Flat (-19ct)×2, Sharp (+17ct)×2) | Choir World held ✓✓ median -3/1 ct, report pitch 92/93 in tune 192/192, 189/192
   after #2  Tuner in tune 50% stability ≥75 74% (mean 78) of 115/115 | Stay in Key in key 100% of 113/113 (result 98%)
   after #2  Pitch Match int 93/92 pro 87/91 | Drills 91/94/92/94/91 | RTF in tune 81% steady 63% of 112/112 voiced frames (In tune×91, Sharp (+18ct)×4, Flat (-19ct)×3) | Choir World held ✓✓ median -1/0 ct, report pitch 92/94 in tune 190/190, 189/192
   before #3 Tuner in tune 46% stability ≥75 76% (mean 79) of 114/114 | Stay in Key in key 100% of 112/113 (result 97%)
   before #3 Pitch Match int 92/93 pro 86/91 | Drills 91/94/93/94/92 | RTF in tune 80% steady 63% of 112/112 voiced frames (In tune×90, Sharp (+17ct)×3, Flat (-18ct)×3) | Choir World held ✓✓ median -4/1 ct, report pitch 92/93 in tune 192/192, 189/192
   after #3  Tuner in tune 47% stability ≥75 73% (mean 78) of 115/115 | Stay in Key in key 100% of 113/113 (result 98%)
   after #3  Pitch Match int 93/92 pro 87/91 | Drills 91/94/92/93/92 | RTF in tune 84% steady 63% of 112/112 voiced frames (In tune×94, Flat (-19ct)×3, Sharp (+16ct)×2) | Choir World held ✓✓ median -1/-1 ct, report pitch 92/93 in tune 191/191, 189/192

== S1: straight-625@3246 centred — target 69 (sung -14 ct, re-centred); offline gate: as read 5.31 Hz ±9 r 0.39
   before #1 Tuner in tune 82% stability ≥75 91% (mean 85) of 114/114 | Stay in Key in key 100% of 113/113 (result 100%)
   before #1 Pitch Match int 96/98 pro 94/97 | Drills 98/98/98/98/98 | RTF in tune 88% steady 74% of 112/112 voiced frames (In tune×99, Flat (-13ct)×4, Sharp (+11ct)×1) | Choir World held ✓✓ median 0/1 ct, report pitch 98/96 in tune 192/192, 192/192
   after #1  Tuner in tune 79% stability ≥75 92% (mean 86) of 114/114 | Stay in Key in key 100% of 113/113 (result 100%)
   after #1  Pitch Match int 96/98 pro 95/97 | Drills 98/98/98/98/98 | RTF in tune 87% steady 76% of 112/112 voiced frames (In tune×97, Sharp (+9ct)×3, Flat (-13ct)×3) | Choir World held ✓✓ median 0/0 ct, report pitch 98/96 in tune 192/192, 192/192
   before #2 Tuner in tune 78% stability ≥75 97% (mean 87) of 115/115 | Stay in Key in key 100% of 115/115 (result 100%)
   before #2 Pitch Match int 96/98 pro 95/97 | Drills 98/98/98/98/98 | RTF in tune 86% steady 75% of 114/114 voiced frames (In tune×98, Sharp (+9ct)×3, Sharp (+11ct)×2) | Choir World held ✓✓ median 0/0 ct, report pitch 98/96 in tune 192/192, 192/192
   after #2  Tuner in tune 79% stability ≥75 93% (mean 86) of 115/115 | Stay in Key in key 100% of 114/114 (result 100%)
   after #2  Pitch Match int 96/98 pro 94/97 | Drills 98/98/98/98/98 | RTF in tune 84% steady 76% of 114/114 voiced frames (In tune×96, Sharp (+11ct)×3, Sharp (+16ct)×2) | Choir World held ✓✓ median 0/0 ct, report pitch 98/96 in tune 192/192, 192/192
   before #3 Tuner in tune 79% stability ≥75 87% (mean 85) of 115/115 | Stay in Key in key 100% of 115/115 (result 100%)
   before #3 Pitch Match int 96/98 pro 95/97 | Drills 98/98/98/98/98 | RTF in tune 86% steady 74% of 115/115 voiced frames (In tune×99, Flat (-16ct)×3, Flat (-15ct)×3) | Choir World held ✓✓ median 0/0 ct, report pitch 98/96 in tune 193/193, 192/192
   after #3  Tuner in tune 81% stability ≥75 91% (mean 86) of 115/115 | Stay in Key in key 100% of 115/115 (result 100%)
   after #3  Pitch Match int 96/98 pro 95/98 | Drills 98/98/98/98/98 | RTF in tune 88% steady 75% of 114/114 voiced frames (In tune×100, Sharp (+10ct)×2, Flat (-11ct)×2) | Choir World held ✓✓ median 0/0 ct, report pitch 98/96 in tune 192/192, 192/192

== S2: straight-286@630 centred — target 60 (sung +32 ct, re-centred); offline gate: as read 4.85 Hz ±19 r 0.26
   before #1 Tuner in tune 78% stability ≥75 76% (mean 79) of 115/115 | Stay in Key in key 98% of 115/115 (result 96%)
   before #1 Pitch Match int 97/88 pro 95/82 | Drills 96/90/97/88/95 | RTF in tune 78% steady 7% of 114/114 voiced frames (In tune×89, Sharp (+12ct)×3, Sharp (+24ct)×3) | Choir World held ✓✓ median 1/1 ct, report pitch 97/90 in tune 192/192, 184/192
   after #1  Tuner in tune 78% stability ≥75 73% (mean 80) of 113/113 | Stay in Key in key 98% of 113/113 (result 96%)
   after #1  Pitch Match int 97/88 pro 95/82 | Drills 96/90/97/88/95 | RTF in tune 80% steady 5% of 113/113 voiced frames (In tune×90, Sharp (+12ct)×2, Sharp (+23ct)×2) | Choir World held ✓✓ median 1/1 ct, report pitch 97/90 in tune 192/192, 186/192
   before #2 Tuner in tune 73% stability ≥75 71% (mean 78) of 114/114 | Stay in Key in key 99% of 113/113 (result 96%)
   before #2 Pitch Match int 97/88 pro 95/82 | Drills 96/90/97/88/95 | RTF in tune 81% steady 5% of 113/113 voiced frames (In tune×91, Sharp (+24ct)×4, Sharp (+20ct)×3) | Choir World held ✓✓ median 2/1 ct, report pitch 97/90 in tune 192/192, 185/192
   after #2  Tuner in tune 71% stability ≥75 71% (mean 78) of 114/114 | Stay in Key in key 98% of 113/113 (result 96%)
   after #2  Pitch Match int 97/88 pro 95/82 | Drills 96/90/97/88/95 | RTF in tune 80% steady 9% of 112/112 voiced frames (In tune×90, Sharp (+26ct)×3, Sharp (+19ct)×2) | Choir World held ✓✓ median 1/1 ct, report pitch 97/90 in tune 192/192, 185/192
   before #3 Tuner in tune 74% stability ≥75 72% (mean 79) of 114/114 | Stay in Key in key 99% of 113/113 (result 96%)
   before #3 Pitch Match int 97/88 pro 95/82 | Drills 96/89/97/88/95 | RTF in tune 77% steady 4% of 114/114 voiced frames (In tune×88, Sharp (+24ct)×4, Sharp (+17ct)×3) | Choir World held ✓✓ median 2/1 ct, report pitch 97/90 in tune 192/192, 186/192
   after #3  Tuner in tune 73% stability ≥75 71% (mean 78) of 114/114 | Stay in Key in key 99% of 113/113 (result 96%)
   after #3  Pitch Match int 97/88 pro 95/82 | Drills 96/90/97/88/95 | RTF in tune 77% steady 4% of 112/112 voiced frames (In tune×86, Flat (-10ct)×2, Sharp (+18ct)×2) | Choir World held ✓✓ median 1/1 ct, report pitch 97/90 in tune 192/192, 186/192

== W1: V1 (real vibrato) sung 60 ct sharp — target 69 (sung -1 ct, re-centred, then +60); offline gate: vibrato 6.16 Hz ±66 r 0.83
   before #1 Tuner in tune 1% stability ≥75 2% (mean 13) of 92/113 | Stay in Key in key 4% of 89/112 (result 5%)
   before #1 Pitch Match int 65/69 pro 51/45 | Drills 61/68/68/73/69 | RTF in tune 5% steady 12% of 100/113 voiced frames (Listening…×13, Sharp (+36ct)×7, Sharp (+45ct)×6) | Choir World held ✗✓ median 52/50 ct, report pitch 66/68 in tune 68/155, 79/152
   after #1  Tuner in tune 0% stability ≥75 4% (mean 13) of 92/114 | Stay in Key in key 3% of 90/113 (result 5%)
   after #1  Pitch Match int 65/69 pro 51/45 | Drills 60/69/67/72/69 | RTF in tune 6% steady 12% of 101/113 voiced frames (Listening…×12, Sharp (+45ct)×7, In tune×6) | Choir World held ✗✓ median 53/50 ct, report pitch 66/67 in tune 59/155, 78/153
   before #2 Tuner in tune 0% stability ≥75 2% (mean 10) of 90/113 | Stay in Key in key 4% of 89/113 (result 6%)
   before #2 Pitch Match int 65/69 pro 51/46 | Drills 59/69/67/73/68 | RTF in tune 5% steady 11% of 99/113 voiced frames (Listening…×14, Sharp (+35ct)×8, Sharp (+36ct)×8) | Choir World held ✗✓ median 53/49 ct, report pitch 66/68 in tune 63/155, 88/152
   after #2  Tuner in tune 0% stability ≥75 1% (mean 9) of 91/114 | Stay in Key in key 2% of 88/112 (result 5%)
   after #2  Pitch Match int 65/69 pro 51/38 | Drills 59/68/67/73/69 | RTF in tune 5% steady 13% of 101/112 voiced frames (Listening…×11, Sharp (+45ct)×8, Sharp (+37ct)×7) | Choir World held ✗✓ median 52/50 ct, report pitch 66/68 in tune 59/155, 82/154
   before #3 Tuner in tune 0% stability ≥75 2% (mean 13) of 90/113 | Stay in Key in key 3% of 90/113 (result 5%)
   before #3 Pitch Match int 65/69 pro 51/45 | Drills 60/69/68/73/68 | RTF in tune 6% steady 8% of 99/113 voiced frames (Listening…×14, Sharp (+47ct)×7, Sharp (+36ct)×7) | Choir World held ✗✓ median 51/50 ct, report pitch 66/68 in tune 66/155, 73/153
   after #3  Tuner in tune 1% stability ≥75 1% (mean 9) of 94/114 | Stay in Key in key 4% of 91/113 (result 5%)
   after #3  Pitch Match int 65/69 pro 51/46 | Drills 58/68/68/73/68 | RTF in tune 7% steady 10% of 100/112 voiced frames (Listening…×12, In tune×7, Sharp (+49ct)×6) | Choir World held ✗✓ median 53/50 ct, report pitch 66/67 in tune 59/155, 80/152

== W5: V1 (real vibrato) sung 80 ct sharp — target 69 (sung -1 ct, re-centred, then +80); offline gate: vibrato 6.16 Hz ±66 r 0.83
   before #1 Tuner in tune 8% stability ≥75 55% (mean 63) of 95/114 | Stay in Key in key 0% of 93/112 (result 2%)
   before #1 Pitch Match int 53/57 pro 31/30 | Drills 49/57/55/59/58 | RTF in tune 16% steady 47% of 101/112 voiced frames (In tune×16, Listening…×11, Flat (-35ct)×7) | Choir World held ✗✗ median 74/70 ct, report pitch 54/54 in tune 6/154, 3/155
   after #1  Tuner in tune 7% stability ≥75 54% (mean 61) of 94/114 | Stay in Key in key 1% of 94/113 (result 3%)
   after #1  Pitch Match int 54/56 pro 31/30 | Drills 49/56/56/59/59 | RTF in tune 20% steady 34% of 103/113 voiced frames (In tune×21, Listening…×10, Flat (-33ct)×8) | Choir World held ✗✗ median 73/74 ct, report pitch 55/53 in tune 12/156, 3/155
   before #2 Tuner in tune 7% stability ≥75 54% (mean 63) of 97/114 | Stay in Key in key 0% of 96/112 (result 1%)
   before #2 Pitch Match int 54/57 pro 31/31 | Drills 49/57/56/59/60 | RTF in tune 21% steady 40% of 102/113 voiced frames (In tune×21, Listening…×11, Flat (-34ct)×6) | Choir World held ✗✗ median 71/73 ct, report pitch 55/54 in tune 9/155, 7/156
   after #2  Tuner in tune 7% stability ≥75 53% (mean 62) of 95/114 | Stay in Key in key 0% of 94/112 (result 2%)
   after #2  Pitch Match int 53/57 pro 32/32 | Drills 48/57/55/60/58 | RTF in tune 19% steady 44% of 102/113 voiced frames (In tune×19, Listening…×11, Flat (-35ct)×8) | Choir World held ✗✗ median 72/75 ct, report pitch 55/53 in tune 9/155, 5/155
   before #3 Tuner in tune 10% stability ≥75 55% (mean 63) of 97/114 | Stay in Key in key 1% of 95/112 (result 2%)
   before #3 Pitch Match int 53/57 pro 30/32 | Drills 48/57/56/59/59 | RTF in tune 16% steady 39% of 102/113 voiced frames (In tune×16, Listening…×11, Flat (-46ct)×8) | Choir World held ✗✗ median 71/72 ct, report pitch 55/53 in tune 7/154, 2/155
   after #3  Tuner in tune 9% stability ≥75 53% (mean 61) of 95/114 | Stay in Key in key 1% of 96/113 (result 2%)
   after #3  Pitch Match int 53/57 pro 31/31 | Drills 49/58/56/59/59 | RTF in tune 19% steady 46% of 102/113 voiced frames (In tune×19, Listening…×11, Flat (-44ct)×10) | Choir World held ✗✗ median 71/73 ct, report pitch 55/54 in tune 8/154, 6/155

== W2: S1 (real straight) sung 40 ct sharp — target 69 (sung -14 ct, re-centred, then +40); offline gate: as read 5.31 Hz ±9 r 0.39
   before #1 Tuner in tune 0% stability ≥75 50% (mean 56) of 114/114 | Stay in Key in key 16% of 112/112 (result 14%)
   before #1 Pitch Match int 76/75 pro 65/65 | Drills 75/75/75/75/75 | RTF in tune 0% steady 22% of 112/112 voiced frames (Sharp (+42ct)×20, Sharp (+43ct)×14, Sharp (+41ct)×13) | Choir World held ✓✓ median 40/40 ct, report pitch 76/76 in tune 170/192, 167/192
   after #1  Tuner in tune 0% stability ≥75 52% (mean 55) of 113/113 | Stay in Key in key 18% of 112/112 (result 15%)
   after #1  Pitch Match int 76/75 pro 65/66 | Drills 75/75/75/75/75 | RTF in tune 0% steady 21% of 113/113 voiced frames (Sharp (+42ct)×22, Sharp (+43ct)×16, Sharp (+44ct)×10) | Choir World held ✓✓ median 40/41 ct, report pitch 76/75 in tune 171/192, 163/192
   before #2 Tuner in tune 0% stability ≥75 45% (mean 58) of 113/113 | Stay in Key in key 16% of 113/113 (result 16%)
   before #2 Pitch Match int 76/75 pro 65/66 | Drills 75/75/75/75/75 | RTF in tune 0% steady 21% of 112/112 voiced frames (Sharp (+42ct)×24, Sharp (+43ct)×20, Sharp (+40ct)×9) | Choir World held ✓✓ median 40/40 ct, report pitch 76/76 in tune 169/192, 168/192
   after #2  Tuner in tune 0% stability ≥75 48% (mean 56) of 113/113 | Stay in Key in key 15% of 113/113 (result 16%)
   after #2  Pitch Match int 76/75 pro 65/66 | Drills 75/75/75/75/75 | RTF in tune 0% steady 26% of 113/113 voiced frames (Sharp (+42ct)×25, Sharp (+44ct)×15, Sharp (+43ct)×13) | Choir World held ✓✓ median 40/40 ct, report pitch 76/76 in tune 170/192, 168/192
   before #3 Tuner in tune 0% stability ≥75 48% (mean 57) of 112/112 | Stay in Key in key 16% of 113/113 (result 16%)
   before #3 Pitch Match int 76/75 pro 65/66 | Drills 75/75/75/75/75 | RTF in tune 0% steady 24% of 112/112 voiced frames (Sharp (+42ct)×21, Sharp (+43ct)×11, Sharp (+44ct)×9) | Choir World held ✓✓ median 40/40 ct, report pitch 76/76 in tune 169/192, 166/192
   after #3  Tuner in tune 0% stability ≥75 54% (mean 56) of 113/113 | Stay in Key in key 19% of 112/112 (result 15%)
   after #3  Pitch Match int 76/75 pro 64/65 | Drills 75/75/75/75/75 | RTF in tune 0% steady 24% of 112/112 voiced frames (Sharp (+42ct)×21, Sharp (+43ct)×11, Sharp (+40ct)×9) | Choir World held ✓✓ median 41/40 ct, report pitch 76/76 in tune 170/192, 168/192

== W3: S1 with a slow ±60 ct wander at 0.8 Hz — target 69 (sung -14 ct, re-centred); offline gate: as read 5.31 Hz ±9 r 0.39
   before #1 Tuner in tune 8% stability ≥75 0% (mean 12) of 115/115 | Stay in Key in key 42% of 113/113 (result 41%)
   before #1 Pitch Match int 77/77 pro 63/68 | Drills 77/76/77/78/76 | RTF in tune 8% steady 0% of 112/112 voiced frames (In tune×9, Flat (-39ct)×4, Sharp (+47ct)×4) | Choir World held ✓✓ median 11/4 ct, report pitch 75/76 in tune 115/192, 124/192
   after #1  Tuner in tune 6% stability ≥75 0% (mean 9) of 115/115 | Stay in Key in key 40% of 113/113 (result 43%)
   after #1  Pitch Match int 77/77 pro 63/68 | Drills 77/76/77/78/76 | RTF in tune 9% steady 0% of 113/113 voiced frames (In tune×10, Sharp (+48ct)×5, Flat (-45ct)×5) | Choir World held ✓✓ median 9/6 ct, report pitch 75/76 in tune 116/192, 124/192
   before #2 Tuner in tune 6% stability ≥75 0% (mean 11) of 114/114 | Stay in Key in key 40% of 112/112 (result 42%)
   before #2 Pitch Match int 77/77 pro 64/68 | Drills 77/76/77/78/76 | RTF in tune 7% steady 0% of 112/112 voiced frames (In tune×8, Flat (-38ct)×4, Sharp (+47ct)×4) | Choir World held ✓✓ median 9/6 ct, report pitch 75/76 in tune 115/192, 123/192
   after #2  Tuner in tune 7% stability ≥75 0% (mean 9) of 115/115 | Stay in Key in key 42% of 113/113 (result 43%)
   after #2  Pitch Match int 77/77 pro 63/68 | Drills 77/76/77/78/76 | RTF in tune 12% steady 0% of 113/113 voiced frames (In tune×13, Flat (-39ct)×5, Sharp (+46ct)×5) | Choir World held ✓✓ median 8/8 ct, report pitch 75/76 in tune 115/192, 121/192
   before #3 Tuner in tune 6% stability ≥75 0% (mean 12) of 114/114 | Stay in Key in key 42% of 113/113 (result 42%)
   before #3 Pitch Match int 77/78 pro 64/69 | Drills 77/76/77/78/76 | RTF in tune 9% steady 0% of 112/112 voiced frames (In tune×10, Flat (-39ct)×6, Flat (-45ct)×5) | Choir World held ✓✓ median 10/5 ct, report pitch 75/76 in tune 115/192, 122/192
   after #3  Tuner in tune 7% stability ≥75 0% (mean 9) of 114/114 | Stay in Key in key 38% of 113/113 (result 40%)
   after #3  Pitch Match int 77/78 pro 63/67 | Drills 77/76/77/78/77 | RTF in tune 8% steady 0% of 112/112 voiced frames (In tune×9, Flat (-49ct)×5, Sharp (+43ct)×5) | Choir World held ✓✓ median 14/-1 ct, report pitch 75/76 in tune 115/192, 123/192

== W4: S1 with an 11 Hz ±40 ct flutter — target 69 (sung -14 ct, re-centred); offline gate: as read 5.31 Hz ±9 r 0.39
   before #1 Tuner in tune 4% stability ≥75 0% (mean 21) of 115/115 | Stay in Key in key 81% of 113/113 (result 83%)
   before #1 Pitch Match int 87/87 pro 79/79 | Drills 88/88/89/89/89 | RTF in tune 17% steady 0% of 113/113 voiced frames (In tune×19, Flat (-17ct)×6, Flat (-29ct)×5) | Choir World held ✓✓ median 6/7 ct, report pitch 86/86 in tune 192/192, 191/192
   after #1  Tuner in tune 12% stability ≥75 0% (mean 21) of 115/115 | Stay in Key in key 81% of 113/113 (result 82%)
   after #1  Pitch Match int 87/87 pro 79/78 | Drills 89/88/89/89/89 | RTF in tune 19% steady 0% of 112/112 voiced frames (In tune×21, Flat (-17ct)×6, Flat (-30ct)×4) | Choir World held ✓✓ median 7/9 ct, report pitch 86/85 in tune 192/192, 192/192
   before #2 Tuner in tune 10% stability ≥75 0% (mean 21) of 115/115 | Stay in Key in key 85% of 113/113 (result 82%)
   before #2 Pitch Match int 87/87 pro 80/79 | Drills 88/88/89/89/89 | RTF in tune 24% steady 0% of 112/112 voiced frames (In tune×27, Sharp (+32ct)×5, Flat (-24ct)×4) | Choir World held ✓✓ median 7/8 ct, report pitch 86/85 in tune 192/192, 192/192
   after #2  Tuner in tune 11% stability ≥75 0% (mean 21) of 114/114 | Stay in Key in key 79% of 113/113 (result 82%)
   after #2  Pitch Match int 87/87 pro 79/79 | Drills 88/89/89/89/89 | RTF in tune 21% steady 0% of 112/112 voiced frames (In tune×23, Sharp (+29ct)×5, Flat (-17ct)×4) | Choir World held ✓✓ median 5/8 ct, report pitch 86/86 in tune 192/192, 192/192
   before #3 Tuner in tune 12% stability ≥75 0% (mean 21) of 115/115 | Stay in Key in key 84% of 113/113 (result 82%)
   before #3 Pitch Match int 86/87 pro 79/79 | Drills 88/88/89/89/89 | RTF in tune 19% steady 0% of 112/112 voiced frames (In tune×21, Flat (-26ct)×5, Sharp (+19ct)×4) | Choir World held ✓✓ median 7/7 ct, report pitch 86/86 in tune 192/192, 192/192
   after #3  Tuner in tune 9% stability ≥75 0% (mean 20) of 115/115 | Stay in Key in key 84% of 113/113 (result 82%)
   after #3  Pitch Match int 86/87 pro 79/78 | Drills 89/89/89/89/89 | RTF in tune 16% steady 0% of 112/112 voiced frames (In tune×18, Flat (-14ct)×6, Sharp (+24ct)×4) | Choir World held ✓✓ median 7/11 ct, report pitch 86/85 in tune 192/192, 192/192

== N1: S1 sung 20 ct flat, irregular ±12 ct (RMS) unsteadiness — target 69 (sung -14 ct, re-centred, then -20); offline gate: as read 5.31 Hz ±9 r 0.39
   before #1 Tuner in tune 4% stability ≥75 65% (mean 79) of 113/113 | Stay in Key in key 99% of 113/113 (result 96%)
   before #1 Pitch Match int 86/88 pro 80/85 | Drills 90/90/88/89/89 | RTF in tune 4% steady 22% of 112/112 voiced frames (Flat (-15ct)×14, Flat (-17ct)×12, Flat (-16ct)×11) | Choir World held ✓✓ median -18/-20 ct, report pitch 88/89 in tune 189/192, 192/192
   after #1  Tuner in tune 4% stability ≥75 66% (mean 79) of 113/113 | Stay in Key in key 98% of 113/113 (result 97%)
   after #1  Pitch Match int 86/88 pro 80/86 | Drills 89/90/88/89/89 | RTF in tune 4% steady 23% of 112/112 voiced frames (Flat (-16ct)×16, Flat (-17ct)×13, Flat (-18ct)×12) | Choir World held ✓✓ median -18/-21 ct, report pitch 88/89 in tune 189/192, 192/192
   before #2 Tuner in tune 7% stability ≥75 42% (mean 72) of 114/114 | Stay in Key in key 99% of 113/113 (result 97%)
   before #2 Pitch Match int 87/88 pro 80/85 | Drills 90/90/88/89/89 | RTF in tune 5% steady 22% of 112/112 voiced frames (Flat (-15ct)×11, Flat (-16ct)×10, Flat (-17ct)×10) | Choir World held ✓✓ median -17/-20 ct, report pitch 89/89 in tune 189/192, 192/192
   after #2  Tuner in tune 6% stability ≥75 53% (mean 75) of 114/114 | Stay in Key in key 98% of 112/112 (result 97%)
   after #2  Pitch Match int 86/89 pro 80/85 | Drills 90/90/88/89/89 | RTF in tune 4% steady 22% of 112/112 voiced frames (Flat (-16ct)×17, Flat (-15ct)×14, Flat (-20ct)×11) | Choir World held ✓✓ median -17/-19 ct, report pitch 89/89 in tune 188/191, 192/192
   before #3 Tuner in tune 6% stability ≥75 50% (mean 75) of 113/113 | Stay in Key in key 99% of 112/112 (result 96%)
   before #3 Pitch Match int 86/89 pro 80/86 | Drills 89/90/88/89/89 | RTF in tune 4% steady 22% of 112/112 voiced frames (Flat (-16ct)×18, Flat (-19ct)×12, Flat (-17ct)×11) | Choir World held ✓✓ median -18/-21 ct, report pitch 88/89 in tune 188/192, 192/192
   after #3  Tuner in tune 3% stability ≥75 56% (mean 76) of 113/113 | Stay in Key in key 99% of 113/113 (result 96%)
   after #3  Pitch Match int 86/88 pro 80/85 | Drills 90/90/88/89/89 | RTF in tune 3% steady 21% of 112/112 voiced frames (Flat (-16ct)×16, Flat (-17ct)×10, Flat (-18ct)×10) | Choir World held ✓✓ median -18/-21 ct, report pitch 88/88 in tune 188/192, 192/192

== N2: S2 sung 25 ct sharp, irregular ±18 ct (RMS) unsteadiness — target 60 (sung +32 ct, re-centred, then +25); offline gate: as read 4.85 Hz ±19 r 0.26
   before #1 Tuner in tune 3% stability ≥75 30% (mean 46) of 114/114 | Stay in Key in key 68% of 113/113 (result 69%)
   before #1 Pitch Match int 82/80 pro 72/66 | Drills 85/80/85/81/85 | RTF in tune 8% steady 10% of 113/113 voiced frames (In tune×9, Sharp (+26ct)×6, Sharp (+21ct)×6) | Choir World held ✓✓ median 24/27 ct, report pitch 82/81 in tune 157/192, 158/192
   after #1  Tuner in tune 4% stability ≥75 30% (mean 47) of 114/114 | Stay in Key in key 70% of 113/113 (result 70%)
   after #1  Pitch Match int 82/79 pro 73/66 | Drills 85/80/85/79/85 | RTF in tune 9% steady 11% of 113/113 voiced frames (In tune×10, Sharp (+26ct)×7, Sharp (+22ct)×5) | Choir World held ✓✓ median 22/27 ct, report pitch 83/81 in tune 161/193, 157/192
   before #2 Tuner in tune 4% stability ≥75 29% (mean 46) of 114/114 | Stay in Key in key 72% of 112/112 (result 69%)
   before #2 Pitch Match int 82/79 pro 73/66 | Drills 85/80/85/81/85 | RTF in tune 9% steady 11% of 112/112 voiced frames (In tune×10, Sharp (+24ct)×8, Sharp (+26ct)×6) | Choir World held ✓✓ median 22/28 ct, report pitch 83/81 in tune 161/192, 160/192
   after #2  Tuner in tune 8% stability ≥75 30% (mean 45) of 114/114 | Stay in Key in key 71% of 114/114 (result 68%)
   after #2  Pitch Match int 82/79 pro 73/65 | Drills 85/80/85/81/85 | RTF in tune 4% steady 11% of 113/113 voiced frames (Sharp (+23ct)×8, Sharp (+27ct)×7, Sharp (+22ct)×7) | Choir World held ✓✓ median 22/28 ct, report pitch 83/81 in tune 161/192, 158/192
   before #3 Tuner in tune 4% stability ≥75 30% (mean 47) of 114/114 | Stay in Key in key 71% of 112/112 (result 70%)
   before #3 Pitch Match int 82/79 pro 73/66 | Drills 85/80/85/79/85 | RTF in tune 8% steady 11% of 113/113 voiced frames (In tune×9, Sharp (+25ct)×7, Sharp (+28ct)×6) | Choir World held ✓✓ median 22/27 ct, report pitch 83/81 in tune 162/192, 157/192
   after #3  Tuner in tune 5% stability ≥75 44% (mean 52) of 113/113 | Stay in Key in key 73% of 113/113 (result 69%)
   after #3  Pitch Match int 82/79 pro 73/66 | Drills 85/80/85/81/85 | RTF in tune 7% steady 11% of 113/113 voiced frames (In tune×8, Sharp (+28ct)×6, Sharp (+19ct)×5) | Choir World held ✓✓ median 24/28 ct, report pitch 83/81 in tune 158/192, 157/192

== N3: V3 (real vibrato ±91 ct) sung 25 ct flat — target 69 (sung +27 ct, re-centred, then -25); offline gate: vibrato 4.74 Hz ±91 r 0.98
   before #1 Tuner in tune 0% stability ≥75 100% (mean 85) of 112/113 | Stay in Key in key 84% of 113/113 (result 80%)
   before #1 Pitch Match int 83/85 pro 77/75 | Drills 85/85/85/85/84 | RTF in tune 18% steady 96% of 112/112 voiced frames (In tune×20, Flat (-26ct)×11, Flat (-25ct)×9) | Choir World held ✓✓ median -22/-23 ct, report pitch 85/84 in tune 186/192, 178/192
   after #1  Tuner in tune 0% stability ≥75 100% (mean 86) of 111/113 | Stay in Key in key 85% of 113/113 (result 81%)
   after #1  Pitch Match int 83/84 pro 76/76 | Drills 85/86/84/86/84 | RTF in tune 19% steady 96% of 113/113 voiced frames (In tune×22, Flat (-25ct)×17, Flat (-28ct)×9) | Choir World held ✓✓ median -21/-24 ct, report pitch 86/84 in tune 186/192, 179/192
   before #2 Tuner in tune 0% stability ≥75 100% (mean 85) of 109/113 | Stay in Key in key 84% of 113/113 (result 82%)
   before #2 Pitch Match int 84/84 pro 76/76 | Drills 85/85/85/85/84 | RTF in tune 17% steady 96% of 113/113 voiced frames (In tune×19, Flat (-23ct)×16, Flat (-25ct)×10) | Choir World held ✓✓ median -23/-23 ct, report pitch 85/85 in tune 185/192, 180/192
   after #2  Tuner in tune 0% stability ≥75 100% (mean 87) of 104/113 | Stay in Key in key 81% of 113/113 (result 80%)
   after #2  Pitch Match int 84/85 pro 76/75 | Drills 85/85/85/85/85 | RTF in tune 18% steady 96% of 112/112 voiced frames (In tune×20, Flat (-26ct)×16, Flat (-24ct)×10) | Choir World held ✓✓ median -22/-23 ct, report pitch 85/85 in tune 184/192, 179/192
   before #3 Tuner in tune 0% stability ≥75 100% (mean 87) of 107/112 | Stay in Key in key 84% of 113/113 (result 81%)
   before #3 Pitch Match int 84/84 pro 76/76 | Drills 85/85/85/85/84 | RTF in tune 20% steady 96% of 113/113 voiced frames (In tune×23, Flat (-25ct)×17, Flat (-26ct)×8) | Choir World held ✓✓ median -21/-24 ct, report pitch 86/84 in tune 184/192, 179/192
   after #3  Tuner in tune 0% stability ≥75 100% (mean 86) of 110/113 | Stay in Key in key 81% of 113/113 (result 80%)
   after #3  Pitch Match int 84/84 pro 75/76 | Drills 85/85/85/85/84 | RTF in tune 18% steady 96% of 112/112 voiced frames (In tune×20, Flat (-22ct)×14, Flat (-25ct)×12) | Choir World held ✓✓ median -22/-23 ct, report pitch 85/84 in tune 184/192, 178/192

== N4: S2 sung 45 ct sharp, irregular ±18 ct (RMS) unsteadiness — target 60 (sung +32 ct, re-centred, then +45); offline gate: as read 4.85 Hz ±19 r 0.26
   before #1 Tuner in tune 1% stability ≥75 19% (mean 21) of 112/113 | Stay in Key in key 4% of 112/112 (result 5%)
   before #1 Pitch Match int 71/67 pro 60/50 | Drills 75/69/74/69/74 | RTF in tune 1% steady 15% of 113/113 voiced frames (Sharp (+42ct)×8, Sharp (+44ct)×6, Sharp (+37ct)×6) | Choir World held ✓✓ median 46/47 ct, report pitch 72/72 in tune 122/192, 118/192
   after #1  Tuner in tune 1% stability ≥75 21% (mean 24) of 113/113 | Stay in Key in key 6% of 112/112 (result 7%)
   after #1  Pitch Match int 71/67 pro 59/49 | Drills 75/69/74/69/74 | RTF in tune 2% steady 14% of 113/113 voiced frames (Sharp (+42ct)×8, Sharp (+49ct)×7, Sharp (+46ct)×6) | Choir World held ✓✓ median 46/47 ct, report pitch 72/72 in tune 118/193, 118/192
   before #2 Tuner in tune 2% stability ≥75 14% (mean 20) of 114/114 | Stay in Key in key 9% of 112/112 (result 7%)
   before #2 Pitch Match int 71/67 pro 60/49 | Drills 75/69/74/69/74 | RTF in tune 1% steady 16% of 113/113 voiced frames (Sharp (+42ct)×9, Sharp (+44ct)×6, Sharp (+49ct)×6) | Choir World held ✓✓ median 45/47 ct, report pitch 72/71 in tune 125/192, 110/192
   after #2  Tuner in tune 1% stability ≥75 18% (mean 23) of 112/113 | Stay in Key in key 7% of 112/112 (result 8%)
   after #2  Pitch Match int 71/67 pro 59/50 | Drills 75/69/74/69/74 | RTF in tune 4% steady 16% of 112/112 voiced frames (Sharp (+45ct)×8, Sharp (+44ct)×6, Sharp (+49ct)×6) | Choir World held ✓✓ median 45/48 ct, report pitch 72/71 in tune 125/192, 101/192
   before #3 Tuner in tune 3% stability ≥75 14% (mean 19) of 113/113 | Stay in Key in key 4% of 112/112 (result 6%)
   before #3 Pitch Match int 71/67 pro 60/50 | Drills 75/69/74/70/74 | RTF in tune 2% steady 14% of 113/113 voiced frames (Sharp (+49ct)×9, Sharp (+42ct)×8, Sharp (+45ct)×8) | Choir World held ✓✓ median 44/49 ct, report pitch 72/71 in tune 125/191, 101/192
   after #3  Tuner in tune 0% stability ≥75 14% (mean 17) of 113/113 | Stay in Key in key 8% of 113/113 (result 8%)
   after #3  Pitch Match int 71/67 pro 60/48 | Drills 75/69/74/69/74 | RTF in tune 4% steady 15% of 112/112 voiced frames (Sharp (+47ct)×7, Sharp (+42ct)×7, Sharp (+44ct)×6) | Choir World held ✓✓ median 45/49 ct, report pitch 72/70 in tune 124/192, 101/192
   note: V5 (real vibrato read as irregular) pmInt: 88 → 88
   note: V5 (real vibrato read as irregular) pmPro: 84 → 83
   note: V5 (real vibrato read as irregular) drills: 87 → 87
   note: V5 (real vibrato read as irregular) cwPitch: 87 → 87

==== Regression: passes on master and fails on the branch, or moves past the tolerance the wrong way (blocks a deploy)

==== Fixed: fails on master and passes on the branch, or moves past the tolerance the right way

==== Already failing: fails on master and on the branch (not caused by the branch)
ALREADY V1 vibrato RTF rtfInTune: master 62/61/61% (median 61, spread 1) → branch 60/58/61% (median 60), change -1 (±5) · within 20 of the straight notes (82% / 84%), must not drop past the tolerance

==== VERDICT (regress, 3 runs per side, medians): 0 regression(s), 0 fixed, 1 already failing, 136 passed
pass V1 vibrato pmInt: master 91/92/92 (median 92, spread 1) → branch 92/92/92 (median 92), change 0 (±3) · within 8 of the straight notes (95 / 95), must not drop more than 3
pass V1 vibrato pmPro: master 88/88/88 (median 88, spread 0) → branch 88/87/88 (median 88), change 0 (±3) · within 8 of the straight notes (93 / 93), must not drop more than 3
pass V1 vibrato drills: master 91/90/90 (median 90, spread 1) → branch 91/91/91 (median 91), change +1 (±3) · within 8 of the straight notes (96 / 96), must not drop more than 3
pass V1 vibrato cwPitch: master 92/91/92 (median 92, spread 1) → branch 91/91/91 (median 91), change -1 (±3) · within 8 of the straight notes (96 / 96), must not drop more than 3
pass V1 vibrato RTF rtfSteady: master 36/36/33% (median 36, spread 3) → branch 35/31/31% (median 31), change -5 (±5) · within 20 of the straight notes (40% / 41%), must not drop past the tolerance
pass V1 Tuner tunerInTune: master 16/16/19% (median 16, spread 3) → branch 18/21/23% (median 21), change +5 (±5) · must not drop past the tolerance
pass V1 Tuner tunerStable: master 44/45/46% (median 45, spread 2) → branch 45/45/45% (median 45), change 0 (±5) · must not drop past the tolerance
pass V1 vibrato Choir World held: master ✓✓✓ → branch ✓✓✓ · must be held
pass V2 vibrato pmInt: master 93/92/93 (median 93, spread 1) → branch 93/92/93 (median 93), change 0 (±3) · within 8 of the straight notes (95 / 95), must not drop more than 3
pass V2 vibrato pmPro: master 89/90/89 (median 89, spread 1) → branch 90/89/91 (median 90), change +1 (±3) · within 8 of the straight notes (93 / 93), must not drop more than 3
pass V2 vibrato drills: master 94/94/94 (median 94, spread 0) → branch 93/93/93 (median 93), change -1 (±3) · within 8 of the straight notes (96 / 96), must not drop more than 3
pass V2 vibrato cwPitch: master 94/94/93 (median 94, spread 1) → branch 94/94/94 (median 94), change 0 (±3) · within 8 of the straight notes (96 / 96), must not drop more than 3
pass V2 vibrato RTF rtfInTune: master 77/79/74% (median 77, spread 5) → branch 79/79/80% (median 79), change +2 (±5) · within 20 of the straight notes (82% / 84%), must not drop past the tolerance
pass V2 vibrato RTF rtfSteady: master 36/36/34% (median 36, spread 2) → branch 38/36/37% (median 37), change +1 (±5) · within 20 of the straight notes (40% / 41%), must not drop past the tolerance
pass V2 Tuner tunerInTune: master 30/31/37% (median 31, spread 7) → branch 32/30/26% (median 30), change -1 (±7) · must not drop past the tolerance
pass V2 Tuner tunerStable: master 7/22/10% (median 10, spread 15) → branch 10/18/10% (median 10), change 0 (±10) · must not drop past the tolerance
pass V2 vibrato Choir World held: master ✓✓✓ → branch ✓✓✓ · must be held
pass V3 vibrato pmInt: master 95/95/95 (median 95, spread 0) → branch 95/95/95 (median 95), change 0 (±3) · within 8 of the straight notes (95 / 95), must not drop more than 3
pass V3 vibrato pmPro: master 92/92/91 (median 92, spread 1) → branch 91/92/93 (median 92), change 0 (±3) · within 8 of the straight notes (93 / 93), must not drop more than 3
pass V3 vibrato drills: master 95/95/95 (median 95, spread 0) → branch 95/95/95 (median 95), change 0 (±3) · within 8 of the straight notes (96 / 96), must not drop more than 3
pass V3 vibrato cwPitch: master 96/95/95 (median 95, spread 1) → branch 95/95/95 (median 95), change 0 (±3) · within 8 of the straight notes (96 / 96), must not drop more than 3
pass V3 vibrato RTF rtfInTune: master 100/100/100% (median 100, spread 0) → branch 100/100/100% (median 100), change 0 (±5) · within 20 of the straight notes (82% / 84%), must not drop past the tolerance
pass V3 vibrato RTF rtfSteady: master 96/97/96% (median 96, spread 1) → branch 96/97/97% (median 97), change +1 (±5) · within 20 of the straight notes (40% / 41%), must not drop past the tolerance
pass V3 Tuner tunerInTune: master 66/66/64% (median 66, spread 2) → branch 67/65/65% (median 65), change -1 (±5) · must not drop past the tolerance
pass V3 Tuner tunerStable: master 100/100/100% (median 100, spread 0) → branch 100/100/100% (median 100), change 0 (±5) · must not drop past the tolerance
pass V3 vibrato Choir World held: master ✓✓✓ → branch ✓✓✓ · must be held
pass V4 vibrato pmInt: master 96/96/95 (median 96, spread 1) → branch 96/96/96 (median 96), change 0 (±3) · within 8 of the straight notes (95 / 95), must not drop more than 3
pass V4 vibrato pmPro: master 94/96/95 (median 95, spread 2) → branch 95/95/95 (median 95), change 0 (±3) · within 8 of the straight notes (93 / 93), must not drop more than 3
pass V4 vibrato drills: master 96/96/95 (median 96, spread 1) → branch 96/95/95 (median 95), change -1 (±3) · within 8 of the straight notes (96 / 96), must not drop more than 3
pass V4 vibrato cwPitch: master 95/96/96 (median 96, spread 1) → branch 96/96/96 (median 96), change 0 (±3) · within 8 of the straight notes (96 / 96), must not drop more than 3
pass V4 vibrato RTF rtfInTune: master 95/96/96% (median 96, spread 1) → branch 96/97/96% (median 96), change 0 (±5) · within 20 of the straight notes (82% / 84%), must not drop past the tolerance
pass V4 vibrato RTF rtfSteady: master 96/95/96% (median 96, spread 1) → branch 96/96/96% (median 96), change 0 (±5) · within 20 of the straight notes (40% / 41%), must not drop past the tolerance
pass V4 Tuner tunerInTune: master 75/71/74% (median 74, spread 4) → branch 71/76/76% (median 76), change +2 (±5) · must not drop past the tolerance
pass V4 Tuner tunerStable: master 96/97/92% (median 96, spread 5) → branch 96/98/98% (median 98), change +2 (±5) · must not drop past the tolerance
pass V4 vibrato Choir World held: master ✓✓✓ → branch ✓✓✓ · must be held
pass V5 Tuner tunerInTune: master 28/31/26% (median 28, spread 5) → branch 37/26/32% (median 32), change +4 (±5) · must not drop past the tolerance
pass V5 Tuner tunerStable: master 25/24/25% (median 25, spread 1) → branch 26/24/25% (median 25), change 0 (±5) · must not drop past the tolerance
pass V6 vibrato pmInt: master 93/93/93 (median 93, spread 0) → branch 93/93/93 (median 93), change 0 (±3) · within 8 of the straight notes (95 / 95), must not drop more than 3
pass V6 vibrato pmPro: master 89/89/89 (median 89, spread 0) → branch 89/89/89 (median 89), change 0 (±3) · within 8 of the straight notes (93 / 93), must not drop more than 3
pass V6 vibrato drills: master 93/93/93 (median 93, spread 0) → branch 93/92/92 (median 92), change -1 (±3) · within 8 of the straight notes (96 / 96), must not drop more than 3
pass V6 vibrato cwPitch: master 93/93/93 (median 93, spread 0) → branch 93/93/93 (median 93), change 0 (±3) · within 8 of the straight notes (96 / 96), must not drop more than 3
pass V6 vibrato RTF rtfInTune: master 81/81/80% (median 81, spread 1) → branch 83/81/84% (median 83), change +2 (±5) · within 20 of the straight notes (82% / 84%), must not drop past the tolerance
pass V6 vibrato RTF rtfSteady: master 68/63/63% (median 63, spread 5) → branch 62/63/63% (median 63), change 0 (±5) · within 20 of the straight notes (40% / 41%), must not drop past the tolerance
pass V6 Tuner tunerInTune: master 47/46/46% (median 46, spread 1) → branch 48/50/47% (median 48), change +2 (±5) · must not drop past the tolerance
pass V6 Tuner tunerStable: master 75/77/76% (median 76, spread 2) → branch 75/74/73% (median 74), change -2 (±5) · must not drop past the tolerance
pass V6 vibrato Choir World held: master ✓✓✓ → branch ✓✓✓ · must be held
pass S1 straight pmInt: master 97/97/97 (median 97, spread 0) → branch 97/97/97 (median 97), change 0 (±3) · must not drop more than 3
pass S1 straight pmPro: master 96/96/96 (median 96, spread 0) → branch 96/96/97 (median 96), change 0 (±3) · must not drop more than 3
pass S1 straight drills: master 98/98/98 (median 98, spread 0) → branch 98/98/98 (median 98), change 0 (±3) · must not drop more than 3
pass S1 straight cwPitch: master 97/97/97 (median 97, spread 0) → branch 97/97/97 (median 97), change 0 (±3) · must not drop more than 3
pass S1 straight RTF rtfInTune: master 88/86/86% (median 86, spread 2) → branch 87/84/88% (median 87), change +1 (±5) · must not drop past the tolerance
pass S1 straight RTF rtfSteady: master 74/75/74% (median 74, spread 1) → branch 76/76/75% (median 76), change +2 (±5) · must not drop past the tolerance
pass S1 Tuner tunerInTune: master 82/78/79% (median 79, spread 4) → branch 79/79/81% (median 79), change 0 (±5) · must not drop past the tolerance
pass S1 Tuner tunerStable: master 91/97/87% (median 91, spread 10) → branch 92/93/91% (median 92), change +1 (±10) · must not drop past the tolerance
pass S1 straight Choir World held: master ✓✓✓ → branch ✓✓✓ · must be held
pass S2 straight pmInt: master 93/93/93 (median 93, spread 0) → branch 93/93/93 (median 93), change 0 (±3) · must not drop more than 3
pass S2 straight pmPro: master 89/89/89 (median 89, spread 0) → branch 89/89/89 (median 89), change 0 (±3) · must not drop more than 3
pass S2 straight drills: master 93/93/93 (median 93, spread 0) → branch 93/93/93 (median 93), change 0 (±3) · must not drop more than 3
pass S2 straight cwPitch: master 94/94/94 (median 94, spread 0) → branch 94/94/94 (median 94), change 0 (±3) · must not drop more than 3
pass S2 straight RTF rtfInTune: master 78/81/77% (median 78, spread 4) → branch 80/80/77% (median 80), change +2 (±5) · must not drop past the tolerance
pass S2 straight RTF rtfSteady: master 7/5/4% (median 5, spread 3) → branch 5/9/4% (median 5), change 0 (±5) · must not drop past the tolerance
pass S2 Tuner tunerInTune: master 78/73/74% (median 74, spread 5) → branch 78/71/73% (median 73), change -1 (±5) · must not drop past the tolerance
pass S2 Tuner tunerStable: master 76/71/72% (median 72, spread 5) → branch 73/71/71% (median 71), change -1 (±5) · must not drop past the tolerance
pass S2 straight Choir World held: master ✓✓✓ → branch ✓✓✓ · must be held
pass W1 V1 (real vibrato) sung 60 ct sharp pmInt: master 67/67/67 (median 67, spread 0) → branch 67/67/67 (median 67) · a straight note 51 ct off scores 69: within 6 of that, and ≥10 below the straight notes
pass W1 V1 (real vibrato) sung 60 ct sharp pmPro: master 48/49/48 (median 48, spread 1) → branch 48/45/49 (median 48) · a straight note 51 ct off scores 54: within 6 of that, and ≥10 below the straight notes
pass W1 V1 (real vibrato) sung 60 ct sharp drills: master 68/67/68 (median 68, spread 1) → branch 67/67/67 (median 67) · a straight note 51 ct off scores 69: within 6 of that, and ≥10 below the straight notes
pass W1 V1 (real vibrato) sung 60 ct sharp cwPitch: master 67/67/67 (median 67, spread 0) → branch 67/67/67 (median 67) · a straight note 51 ct off scores 69: within 6 of that, and ≥10 below the straight notes
pass W1 wrong RTF rtfInTune: master 5/5/6% (median 5, spread 1) → branch 6/5/7% (median 6), change +1 (±5) · must not rise past the tolerance
pass W1 Tuner tunerInTune: master 1/0/0% (median 0, spread 1) → branch 0/0/1% (median 0), change 0 (±5) · must not rise past the tolerance
pass W1 Tuner tunerStable: master 2/2/2% (median 2, spread 0) → branch 4/1/1% (median 1), change -1 (±5) · must not drop past the tolerance
pass W5 V1 (real vibrato) sung 80 ct sharp pmInt: master 55/56/55 (median 55, spread 1) → branch 55/55/55 (median 55) · a straight note 72 ct off scores 57: within 6 of that, and ≥10 below the straight notes
pass W5 V1 (real vibrato) sung 80 ct sharp pmPro: master 31/31/31 (median 31, spread 0) → branch 31/32/31 (median 31) · a straight note 72 ct off scores 35: within 6 of that, and ≥10 below the straight notes
pass W5 V1 (real vibrato) sung 80 ct sharp drills: master 56/56/56 (median 56, spread 0) → branch 56/56/56 (median 56) · a straight note 72 ct off scores 57: within 6 of that, and ≥10 below the straight notes
pass W5 V1 (real vibrato) sung 80 ct sharp cwPitch: master 54/55/54 (median 54, spread 1) → branch 54/54/55 (median 54) · a straight note 72 ct off scores 57: within 6 of that, and ≥10 below the straight notes
pass W5 wrong RTF rtfInTune: master 16/21/16% (median 16, spread 5) → branch 20/19/19% (median 19), change +3 (±5) · must not rise past the tolerance
pass W5 Tuner tunerInTune: master 8/7/10% (median 8, spread 3) → branch 7/7/9% (median 7), change -1 (±5) · must not rise past the tolerance
pass W5 Tuner tunerStable: master 55/54/55% (median 55, spread 1) → branch 54/53/53% (median 53), change -2 (±5) · must not drop past the tolerance
pass W5 V1 (real vibrato) sung 80 ct sharp Choir World held: master ✗✗✗ → branch ✗✗✗ · must not be held (past ±50)
pass W2 wrong pmInt: master 76/76/76 (median 76, spread 0) → branch 76/76/76 (median 76), change 0 (±3) · no vibrato in it: must not rise more than 3
pass W2 wrong pmPro: master 65/66/66 (median 66, spread 1) → branch 66/66/65 (median 66), change 0 (±3) · no vibrato in it: must not rise more than 3
pass W2 wrong drills: master 75/75/75 (median 75, spread 0) → branch 75/75/75 (median 75), change 0 (±3) · no vibrato in it: must not rise more than 3
pass W2 wrong cwPitch: master 76/76/76 (median 76, spread 0) → branch 76/76/76 (median 76), change 0 (±3) · no vibrato in it: must not rise more than 3
pass W2 wrong RTF rtfInTune: master 0/0/0% (median 0, spread 0) → branch 0/0/0% (median 0), change 0 (±5) · must not rise past the tolerance
pass W2 Tuner tunerInTune: master 0/0/0% (median 0, spread 0) → branch 0/0/0% (median 0), change 0 (±5) · must not rise past the tolerance
pass W2 Tuner tunerStable: master 50/45/48% (median 48, spread 5) → branch 52/48/54% (median 52), change +4 (±5) · must not drop past the tolerance
pass W3 wander pmInt: master 77/77/78 (median 77, spread 1) → branch 77/77/78 (median 77), change 0 (±3) · no vibrato in it: must not rise more than 3
pass W3 wander pmPro: master 66/66/67 (median 66, spread 1) → branch 66/66/65 (median 66), change 0 (±3) · no vibrato in it: must not rise more than 3
pass W3 wander drills: master 77/77/77 (median 77, spread 0) → branch 77/77/77 (median 77), change 0 (±3) · no vibrato in it: must not rise more than 3
pass W3 wander cwPitch: master 76/76/76 (median 76, spread 0) → branch 76/76/76 (median 76), change 0 (±3) · no vibrato in it: must not rise more than 3
pass W3 S1 with a slow ±60 ct wander at 0.8 Hz RTF rtfSteady: master 0/0/0% (median 0, spread 0) → branch 0/0/0% (median 0), change 0 (±5) · wobbly, no vibrato: Steady on ≤25% of voiced frames, must not rise past the tolerance
pass W3 Tuner tunerInTune: master 8/6/6% (median 6, spread 2) → branch 6/7/7% (median 7), change +1 (±5) · must not rise past the tolerance
pass W3 Tuner tunerStable: master 0/0/0% (median 0, spread 0) → branch 0/0/0% (median 0), change 0 (±5) · must not rise past the tolerance
pass W4 flutter pmInt: master 87/87/87 (median 87, spread 0) → branch 87/87/87 (median 87), change 0 (±3) · no vibrato in it: must not rise more than 3
pass W4 flutter pmPro: master 79/80/79 (median 79, spread 1) → branch 79/79/79 (median 79), change 0 (±3) · no vibrato in it: must not rise more than 3
pass W4 flutter drills: master 89/89/89 (median 89, spread 0) → branch 89/89/89 (median 89), change 0 (±3) · no vibrato in it: must not rise more than 3
pass W4 flutter cwPitch: master 86/86/86 (median 86, spread 0) → branch 86/86/86 (median 86), change 0 (±3) · no vibrato in it: must not rise more than 3
pass W4 flutter RTF rtfInTune: master 17/24/19% (median 19, spread 7) → branch 19/21/16% (median 19), change 0 (±7) · must not rise past the tolerance
pass W4 S1 with an 11 Hz ±40 ct flutter RTF rtfSteady: master 0/0/0% (median 0, spread 0) → branch 0/0/0% (median 0), change 0 (±5) · wobbly, no vibrato: Steady on ≤25% of voiced frames, must not rise past the tolerance
pass W4 Tuner tunerInTune: master 4/10/12% (median 10, spread 8) → branch 12/11/9% (median 11), change +1 (±8) · must not rise past the tolerance
pass W4 Tuner tunerStable: master 0/0/0% (median 0, spread 0) → branch 0/0/0% (median 0), change 0 (±5) · must not rise past the tolerance
pass N1 unsteady pmInt: master 87/88/88 (median 88, spread 1) → branch 87/88/87 (median 87), change -1 (±3) · no vibrato in it: must not rise more than 3
pass N1 unsteady pmPro: master 83/83/83 (median 83, spread 0) → branch 83/83/83 (median 83), change 0 (±3) · no vibrato in it: must not rise more than 3
pass N1 unsteady drills: master 89/89/89 (median 89, spread 0) → branch 89/89/89 (median 89), change 0 (±3) · no vibrato in it: must not rise more than 3
pass N1 unsteady cwPitch: master 89/89/89 (median 89, spread 0) → branch 89/89/88 (median 89), change 0 (±3) · no vibrato in it: must not rise more than 3
pass N1 unsteady RTF rtfInTune: master 4/5/4% (median 4, spread 1) → branch 4/4/3% (median 4), change 0 (±5) · must not rise past the tolerance
pass N1 S1 sung 20 ct flat, irregular ±12 ct (RMS) unsteadiness RTF rtfInTune: master 4/5/4% (median 4, spread 1) → branch 4/4/3% (median 4) · off pitch past the window: in tune on ≤25% of voiced frames
pass N1 S1 sung 20 ct flat, irregular ±12 ct (RMS) unsteadiness RTF rtfSteady: master 22/22/22% (median 22, spread 0) → branch 23/22/21% (median 22), change 0 (±5) · wobbly, no vibrato: Steady on ≤25% of voiced frames, must not rise past the tolerance
pass N1 Tuner tunerInTune: master 4/7/6% (median 6, spread 3) → branch 4/6/3% (median 4), change -2 (±5) · must not rise past the tolerance
pass N1 Tuner tunerStable: master 65/42/50% (median 50, spread 23) → branch 66/53/56% (median 56), change +6 (±10) · must not rise past the tolerance
pass N2 unsteady pmInt: master 81/81/81 (median 81, spread 0) → branch 81/81/81 (median 81), change 0 (±3) · no vibrato in it: must not rise more than 3
pass N2 unsteady pmPro: master 69/70/70 (median 70, spread 1) → branch 70/69/70 (median 70), change 0 (±3) · no vibrato in it: must not rise more than 3
pass N2 unsteady drills: master 83/83/83 (median 83, spread 0) → branch 83/83/83 (median 83), change 0 (±3) · no vibrato in it: must not rise more than 3
pass N2 unsteady cwPitch: master 82/82/82 (median 82, spread 0) → branch 82/82/82 (median 82), change 0 (±3) · no vibrato in it: must not rise more than 3
pass N2 unsteady RTF rtfInTune: master 8/9/8% (median 8, spread 1) → branch 9/4/7% (median 7), change -1 (±5) · must not rise past the tolerance
pass N2 S2 sung 25 ct sharp, irregular ±18 ct (RMS) unsteadiness RTF rtfInTune: master 8/9/8% (median 8, spread 1) → branch 9/4/7% (median 7) · off pitch past the window: in tune on ≤25% of voiced frames
pass N2 S2 sung 25 ct sharp, irregular ±18 ct (RMS) unsteadiness RTF rtfSteady: master 10/11/11% (median 11, spread 1) → branch 11/11/11% (median 11), change 0 (±5) · wobbly, no vibrato: Steady on ≤25% of voiced frames, must not rise past the tolerance
pass N2 Tuner tunerInTune: master 3/4/4% (median 4, spread 1) → branch 4/8/5% (median 5), change +1 (±5) · must not rise past the tolerance
pass N2 Tuner tunerStable: master 30/29/30% (median 30, spread 1) → branch 30/30/44% (median 30), change 0 (±5) · must not rise past the tolerance
pass N3 V3 (real vibrato ±91 ct) sung 25 ct flat pmInt: master 84/84/84 (median 84, spread 0) → branch 84/85/84 (median 84) · a straight note 22 ct off scores 87: within 6 of that
pass N3 V3 (real vibrato ±91 ct) sung 25 ct flat pmPro: master 76/76/76 (median 76, spread 0) → branch 76/76/76 (median 76) · a straight note 22 ct off scores 80: within 6 of that
pass N3 V3 (real vibrato ±91 ct) sung 25 ct flat drills: master 85/85/85 (median 85, spread 0) → branch 85/85/85 (median 85) · a straight note 22 ct off scores 87: within 6 of that
pass N3 V3 (real vibrato ±91 ct) sung 25 ct flat cwPitch: master 85/85/85 (median 85, spread 0) → branch 85/85/85 (median 85) · a straight note 22 ct off scores 87: within 6 of that
pass N3 wrong RTF rtfInTune: master 18/17/20% (median 18, spread 3) → branch 19/18/18% (median 18), change 0 (±5) · must not rise past the tolerance
pass N3 V3 (real vibrato ±91 ct) sung 25 ct flat RTF rtfInTune: master 18/17/20% (median 18, spread 3) → branch 19/18/18% (median 18) · off pitch past the window: in tune on ≤25% of voiced frames
pass N3 Tuner tunerInTune: master 0/0/0% (median 0, spread 0) → branch 0/0/0% (median 0), change 0 (±5) · must not rise past the tolerance
pass N3 Tuner tunerStable: master 100/100/100% (median 100, spread 0) → branch 100/100/100% (median 100), change 0 (±5) · must not drop past the tolerance
pass N4 unsteady pmInt: master 69/69/69 (median 69, spread 0) → branch 69/69/69 (median 69), change 0 (±3) · no vibrato in it: must not rise more than 3
pass N4 unsteady pmPro: master 55/55/55 (median 55, spread 0) → branch 54/55/54 (median 54), change -1 (±3) · no vibrato in it: must not rise more than 3
pass N4 unsteady drills: master 72/72/72 (median 72, spread 0) → branch 72/72/72 (median 72), change 0 (±3) · no vibrato in it: must not rise more than 3
pass N4 unsteady cwPitch: master 72/72/72 (median 72, spread 0) → branch 72/72/71 (median 72), change 0 (±3) · no vibrato in it: must not rise more than 3
pass N4 unsteady RTF rtfInTune: master 1/1/2% (median 1, spread 1) → branch 2/4/4% (median 4), change +3 (±5) · must not rise past the tolerance
pass N4 S2 sung 45 ct sharp, irregular ±18 ct (RMS) unsteadiness RTF rtfInTune: master 1/1/2% (median 1, spread 1) → branch 2/4/4% (median 4) · off pitch past the window: in tune on ≤25% of voiced frames
pass N4 S2 sung 45 ct sharp, irregular ±18 ct (RMS) unsteadiness RTF rtfSteady: master 15/16/14% (median 15, spread 2) → branch 14/16/15% (median 15), change 0 (±5) · wobbly, no vibrato: Steady on ≤25% of voiced frames, must not rise past the tolerance
pass N4 Tuner tunerInTune: master 1/2/3% (median 2, spread 2) → branch 1/1/0% (median 1), change -1 (±5) · must not rise past the tolerance
pass N4 Tuner tunerStable: master 19/14/14% (median 14, spread 5) → branch 21/18/14% (median 18), change +4 (±5) · must not rise past the tolerance

log: /Users/alegramusenge/Documents/voxcoach-app/scripts/vq-verify/logs/vibfix-local-2026-10-06T16-16-26.log  json: /Users/alegramusenge/Documents/voxcoach-app/scripts/vq-verify/logs/vibfix-local-2026-10-06T16-16-26.json
