== local deploy/ + production backend
   mic: 261.63 Hz (MIDI 60)
   signed up voxcoach-vlh-1790987100578@example.com
  ✓ sidecar allowed in this browser (desktop Chromium)                 

-- Tuner (listens until stopped: 7 s)
  ✓ reached through its hub, start button visible                      
  ✓ gauge visible in the panel, today's total so far                   "Vocal load today" "0% of daily budget"
  ✓ load feed stubbed out: no session stored, no register input opened opened [], rows 0
  ✓ feature result identical with the load feed live                   off {"pitch":"100%","freq":261.7,"stability":96} | on {"pitch":"100%","freq":261.7,"stability":96}
  ✓ both live at once: the feature's own mic + the register input      opened this run [{"audio":{"echoCancellation":true,"noiseSuppression":false,"autoGainControl":false}}]
  ✓ feature's own track still live, unmuted, NS/AGC/EC unchanged       on: ns true agc true ec true muted false | off: ns true agc true ec true
  ✓ feature's own analyser hears the same tone                         on 261.7 Hz rms 0.0295 | off 261.8 Hz rms 0.0294
  ✓ stored: exactly 1 new session, ended                               [{"active_seconds":6.996,"ended":true,"load":13.474730307947,"median_rms":0.270643174845258,"p5_midi":60.0024415323553,"p95_midi":60.0028091493845}]
  ✓ active seconds ≈ time the feature listened (7.05 s, −1.8/+0.3)     6.996 s
  ✓ stored load = active × 1.925926 (hand), within 0.5%                stored 13.4747 vs hand 13.4738
  ✓ pitch stored ≈ 60                                                  p5 60.002, p95 60.003
  ✓ gauge moved while the feature ran                                  mid-run 0.0839% vs before 0.0000%
  ✓ gauge = today's stored total / 6800                                "0.2% of daily budget" pct 0.198158 vs 0.198158

-- Interval Match: target C4, a pass
  ✓ reached through its hub, start button visible                      
  ✓ gauge visible in the panel, today's total so far                   "Vocal load today" "0.2% of daily budget"
  ✓ load feed stubbed out: no session stored, no register input opened opened [], rows 1
  ✓ feature result identical with the load feed live                   off {"acc":"99%","fb":"Right on it."} | on {"acc":"99%","fb":"Right on it."}
  ✓ both live at once: the feature's own mic + the register input      opened this run [{"audio":{"echoCancellation":true,"noiseSuppression":false,"autoGainControl":false}}]
  ✓ feature's own track still live, unmuted, NS/AGC/EC unchanged       on: ns true agc true ec true muted false | off: ns true agc true ec true
  ✓ feature's own analyser hears the same tone                         on 261.7 Hz rms 0.0294 | off 261.7 Hz rms 0.0294
  ✓ stored: exactly 1 new session, ended                               [{"active_seconds":1.538,"ended":true,"load":2.96174230804058,"median_rms":0.26851767552992,"p5_midi":60.0022467009416,"p95_midi":60.0027749097724}]
  ✓ active seconds ≈ time the feature listened (1.64 s, −1.8/+0.3)     1.538 s
  ✓ stored load = active × 1.925926 (hand), within 0.5%                stored 2.9617 vs hand 2.9621
  ✓ pitch stored ≈ 60                                                  p5 60.002, p95 60.003
  ✓ gauge = today's stored total / 6800                                "0.2% of daily budget" pct 0.241713 vs 0.241713

-- Scale Run from C4 (every note captured, runs to the end)
  ✓ reached through its hub, start button visible                      
  ✓ gauge visible in the panel, today's total so far                   "Vocal load today" "0.2% of daily budget"
  ✓ load feed stubbed out: no session stored, no register input opened opened [], rows 2
  ✓ feature result identical with the load feed live                   off {"avg":"24%","dots":"scale-dot done-good,scale-dot done-low,scale-dot done-low,scale-dot done-low,scale-dot done-low,scale-dot done-low,scale-dot done-low,scale-dot done-low,scale-dot done-good"} | on {"avg":"24%","dots":"scale-dot done-good,scale-dot done-low,scale-dot done-low,scale-dot done-low,scale-dot done-low,scale-dot done-low,scale-dot done-low,scale-dot done-low,scale-dot done-good"}
  ✓ both live at once: the feature's own mic + the register input      opened this run [{"audio":{"echoCancellation":true,"noiseSuppression":false,"autoGainControl":false}}]
  ✓ feature's own track still live, unmuted, NS/AGC/EC unchanged       on: ns true agc true ec true muted false | off: ns true agc true ec true
  ✓ feature's own analyser hears the same tone                         on 261.7 Hz rms 0.0294 | off 261.8 Hz rms 0.0295
  ✓ stored: exactly 1 new session, ended                               [{"active_seconds":15.387,"ended":true,"load":29.6371312865173,"median_rms":0.27057829651104,"p5_midi":60.0023488828936,"p95_midi":60.0028802471106}]
  ✓ active seconds ≈ time the feature listened (15.48 s, −1.8/+0.3)    15.387 s
  ✓ stored load = active × 1.925926 (hand), within 0.5%                stored 29.6371 vs hand 29.6342
  ✓ pitch stored ≈ 60                                                  p5 60.002, p95 60.003
  ✓ gauge moved while the feature ran                                  mid-run 0.3254% vs before 0.2417%
  ✓ gauge = today's stored total / 6800                                "0.7% of daily budget" pct 0.677553 vs 0.677553

-- Breath Control (a held tone, stopped at 8 s)
  ✓ reached through its hub, start button visible                      
  ✓ gauge visible in the panel, today's total so far                   "Vocal load today" "0.7% of daily budget"
  ✓ load feed stubbed out: no session stored, no register input opened opened [], rows 3
  ✓ feature result identical with the load feed live                   off {"acc":"80%","samples":484} | on {"acc":"80%","samples":483}
  ✓ both live at once: the feature's own mic + the register input      opened this run [{"audio":{"echoCancellation":true,"noiseSuppression":false,"autoGainControl":false}}]
  ✓ feature's own track still live, unmuted, NS/AGC/EC unchanged       on: ns true agc true ec true muted false | off: ns true agc true ec true
  ✓ feature's own analyser hears the same tone                         on 261.8 Hz rms 0.0294 | off 261.7 Hz rms 0.0294
  ✓ stored: exactly 1 new session, ended                               [{"active_seconds":7.981,"ended":true,"load":15.3727024002676,"median_rms":0.270578943940822,"p5_midi":60.0024907791697,"p95_midi":60.0029509831091}]
  ✓ active seconds ≈ time the feature listened (8.04 s, −1.8/+0.3)     7.981 s
  ✓ stored load = active × 1.925926 (hand), within 0.5%                stored 15.3727 vs hand 15.3708
  ✓ pitch stored ≈ 60                                                  p5 60.002, p95 60.003
  ✓ gauge moved while the feature ran                                  mid-run 0.7611% vs before 0.6776%
  ✓ gauge = today's stored total / 6800                                "0.9% of daily budget" pct 0.903622 vs 0.903622

-- Custom Exercise: 6 notes (seeded), runs to the end
  ✓ reached through its hub, start button visible                      
  ✓ gauge visible in the panel, today's total so far                   "Vocal load today" "0.9% of daily budget"
  ✓ load feed stubbed out: no session stored, no register input opened opened [], rows 4
  ✓ feature result identical with the load feed live                   off {"avg":"50%","rows":"C399%D30%A#40%F4No signalE4No signalC499%"} | on {"avg":"50%","rows":"C399%D30%A#40%F4No signalE4No signalC499%"}
  ✓ both live at once: the feature's own mic + the register input      opened this run [{"audio":{"echoCancellation":true,"noiseSuppression":false,"autoGainControl":false}}]
  ✓ feature's own track still live, unmuted, NS/AGC/EC unchanged       on: ns true agc true ec true muted false | off: ns true agc true ec true
  ✓ feature's own analyser hears the same tone                         on 261.8 Hz rms 0.0295 | off 261.7 Hz rms 0.0294
  ✓ stored: exactly 1 new session, ended                               [{"active_seconds":15.031,"ended":true,"load":28.9508890544423,"median_rms":0.27055382540615,"p5_midi":60.0023666513981,"p95_midi":60.0030920529266}]
  ✓ active seconds ≈ time the feature listened (15.10 s, −1.8/+0.3)    15.031 s
  ✓ stored load = active × 1.925926 (hand), within 0.5%                stored 28.9509 vs hand 28.9486
  ✓ pitch stored ≈ 60                                                  p5 60.002, p95 60.003
  ✓ gauge moved while the feature ran                                  mid-run 0.9871% vs before 0.9036%
  ✓ gauge = today's stored total / 6800                                "1.3% of daily budget" pct 1.329371 vs 1.329371

-- Rhythm Trainer (runs to the end)
  ✓ reached through its hub, start button visible                      
  ✓ gauge visible in the panel, today's total so far                   "Vocal load today" "1.3% of daily budget"
  ✓ load feed stubbed out: no session stored, no register input opened opened [], rows 5
  ✓ feature result identical with the load feed live                   off {"claimed":"00000000","card":"block"} | on {"claimed":"00000000","card":"block"}
  ✓ both live at once: the feature's own mic + the register input      opened this run [{"audio":{"echoCancellation":true,"noiseSuppression":false,"autoGainControl":false}}]
  ✓ feature's own track still live, unmuted, NS/AGC/EC unchanged       on: ns true agc true ec true muted false | off: ns true agc true ec true
  ✓ feature's own analyser hears the same tone                         on 261.7 Hz rms 0.0294 | off 261.8 Hz rms 0.0295
  ✓ stored: exactly 1 new session, ended                               [{"active_seconds":6.006,"ended":true,"load":11.5677144721944,"median_rms":0.27060470707735,"p5_midi":60.0024235552804,"p95_midi":60.002829929256}]
  ✓ active seconds ≈ time the feature listened (6.07 s, −1.8/+0.3)     6.006 s
  ✓ stored load = active × 1.925926 (hand), within 0.5%                stored 11.5677 vs hand 11.5671
  ✓ pitch stored ≈ 60                                                  p5 60.002, p95 60.003
  ✓ gauge moved while the feature ran                                  mid-run 1.4131% vs before 1.3294%
  ✓ gauge = today's stored total / 6800                                "1.5% of daily budget" pct 1.499484 vs 1.499484

-- Mirror Mode (seeded phrase, the echo runs to the end)
  ✓ reached through its hub, start button visible                      
  ✓ gauge visible in the panel, today's total so far                   "Vocal load today" "1.5% of daily budget"
  ✓ load feed stubbed out: no session stored, no register input opened opened [], rows 6
  ✓ feature result identical with the load feed live                   off {"acc":"0%"} | on {"acc":"0%"}
  ✓ both live at once: the feature's own mic + the register input      opened this run [{"audio":{"echoCancellation":true,"noiseSuppression":false,"autoGainControl":false}}]
  ✓ feature's own track still live, unmuted, NS/AGC/EC unchanged       on: ns true agc true ec true muted false | off: ns true agc true ec true
  ✓ feature's own analyser hears the same tone                         on 261.7 Hz rms 0.0294 | off 261.7 Hz rms 0.0294
  ✓ stored: exactly 1 new session, ended                               [{"active_seconds":2.753,"ended":true,"load":5.30193710329299,"median_rms":0.270532364071538,"p5_midi":60.0025338807002,"p95_midi":60.0027056815117}]
  ✓ active seconds ≈ time the feature listened (2.87 s, −1.8/+0.3)     2.753 s
  ✓ stored load = active × 1.925926 (hand), within 0.5%                stored 5.3019 vs hand 5.3021
  ✓ pitch stored ≈ 60                                                  p5 60.003, p95 60.003
  ✓ gauge moved while the feature ran                                  mid-run 1.5411% vs before 1.4995%
  ✓ gauge = today's stored total / 6800                                "1.6% of daily budget" pct 1.577454 vs 1.577454

-- Real-Time Feedback (register input; stopped at 7 s)
  ✓ reached through its hub, start button visible                      
  ✓ gauge visible in the panel, today's total so far                   "Vocal load today" "1.6% of daily budget"
  ✓ load feed stubbed out: no session stored                           opened [{"audio":{"echoCancellation":true,"noiseSuppression":false,"autoGainControl":false}}], rows 7
  ✓ feature result identical with the load feed live                   off {"Pitch":"checklist-icon good In tune","Stability":"checklist-icon good Steady","Breath":"checklist-icon good Steady breath support","Register":"checklist-icon good Balanced tone"} | on {"Pitch":"checklist-icon good In tune","Stability":"checklist-icon good Steady","Breath":"checklist-icon good Steady breath support","Register":"checklist-icon good Balanced tone"}
  ✓ no second register stream opened for the load                      on [{"audio":{"echoCancellation":true,"noiseSuppression":false,"autoGainControl":false}}] | off [{"audio":{"echoCancellation":true,"noiseSuppression":false,"autoGainControl":false}}]
  ✓ stored: exactly 1 new session, ended                               [{"active_seconds":7.02,"ended":true,"load":13.5219138887592,"median_rms":0.270632056582718,"p5_midi":60.0025547210762,"p95_midi":60.0027044262337}]
  ✓ active seconds ≈ time the feature listened (7.04 s, −1.8/+0.3)     7.020 s
  ✓ stored load = active × 1.925926 (hand), within 0.5%                stored 13.5219 vs hand 13.5200
  ✓ pitch stored ≈ 60                                                  p5 60.003, p95 60.003
  ✓ gauge moved while the feature ran                                  mid-run 1.6621% vs before 1.5775%
  ✓ gauge = today's stored total / 6800                                "1.8% of daily budget" pct 1.776305 vs 1.776305

-- Emotional Singing (song, runs to the end)
  ✓ reached through its hub, start button visible                      
  ✓ gauge visible in the panel, today's total so far                   "Vocal load today" "1.8% of daily budget"
  ✓ load feed stubbed out: no session stored, no register input opened opened [], rows 8
  ✓ feature result identical with the load feed live                   off {"pitch":"70%","all":"PITCH 70% EXPRESSION 2%"} | on {"pitch":"70%","all":"PITCH 70% EXPRESSION 2%"}
  ✓ both live at once: the feature's own mic + the register input      opened this run [{"audio":{"echoCancellation":true,"noiseSuppression":false,"autoGainControl":false}}]
  ✓ feature's own track still live, unmuted, NS/AGC/EC unchanged       on: ns true agc true ec true muted false | off: ns true agc true ec true
  ✓ feature's own analyser hears the same tone                         on 261.7 Hz rms 0.0294 | off 261.7 Hz rms 0.0294
  ✓ stored: exactly 1 new session, ended                               [{"active_seconds":26.614,"ended":true,"load":51.2607801488439,"median_rms":0.270586037018566,"p5_midi":60.0024974524604,"p95_midi":60.0028277806268}]
  ✓ active seconds ≈ time the feature listened (26.77 s, −1.8/+0.3)    26.614 s
  ✓ stored load = active × 1.925926 (hand), within 0.5%                stored 51.2608 vs hand 51.2566
  ✓ pitch stored ≈ 60                                                  p5 60.002, p95 60.003
  ✓ gauge moved while the feature ran                                  mid-run 1.8598% vs before 1.7763%
  ✓ gauge = today's stored total / 6800                                "2.5% of daily budget" pct 2.530140 vs 2.530140

-- Range Finder (low captured at 3.5 s, high at 6 s)
  ✓ reached through its hub, start button visible                      
  ✓ gauge visible in the panel, today's total so far                   "Vocal load today" "2.5% of daily budget"
  ✓ load feed stubbed out: no session stored, no register input opened opened [], rows 9
  ✓ feature result identical with the load feed live                   off {"type":"Tenor","span":"C4 → C4"} | on {"type":"Tenor","span":"C4 → C4"}
  ✓ both live at once: the feature's own mic + the register input      opened this run [{"audio":{"echoCancellation":true,"noiseSuppression":false,"autoGainControl":false}}]
  ✓ feature's own track still live, unmuted, NS/AGC/EC unchanged       on: ns true agc true ec true muted false | off: ns true agc true ec true
  ✓ feature's own analyser hears the same tone                         on 261.7 Hz rms 0.0295 | off 261.7 Hz rms 0.0295
  ✓ stored: exactly 1 new session, ended                               [{"active_seconds":6.047,"ended":true,"load":11.6474472383416,"median_rms":0.270548357239539,"p5_midi":60.0024326254012,"p95_midi":60.0028321636034}]
  ✓ active seconds ≈ time the feature listened (6.09 s, −1.8/+0.3)     6.047 s
  ✓ stored load = active × 1.925926 (hand), within 0.5%                stored 11.6474 vs hand 11.6461
  ✓ pitch stored ≈ 60                                                  p5 60.002, p95 60.003
  ✓ gauge moved while the feature ran                                  mid-run 2.6141% vs before 2.5301%
  ✓ gauge = today's stored total / 6800                                "2.7% of daily budget" pct 2.701426 vs 2.701426
  ✓ page errors                                                        none

-- reload: every gauge resumes today's total from the server
  ✓ tuner: same total after reload, not 0                              "2.7% of daily budget"
  ✓ interval: same total after reload, not 0                           "2.7% of daily budget"
  ✓ scale: same total after reload, not 0                              "2.7% of daily budget"
  ✓ breath: same total after reload, not 0                             "2.7% of daily budget"
  ✓ custom: same total after reload, not 0                             "2.7% of daily budget"
  ✓ rhythm: same total after reload, not 0                             "2.7% of daily budget"
  ✓ mirror: same total after reload, not 0                             "2.7% of daily budget"
  ✓ livefb: same total after reload, not 0                             "2.7% of daily budget"
  ✓ emotion: same total after reload, not 0                            "2.7% of daily budget"
  ✓ range: same total after reload, not 0                              "2.7% of daily budget"
  ✓ coach: same total after reload, not 0                              "2.7% of daily budget"
  ✓ daily table = sum of every session                                 [{"day":"2026-10-03","total_load":183.696988208647}] vs 183.6970

-- all four languages (switched with the Profile language buttons)
  ✓ fr: all 11 gauges' label and value in fr                           "Charge vocale du jour" "2,7 % du budget quotidien"
  ✓ es: all 11 gauges' label and value in es                           "Carga vocal de hoy" "2,7 % del presupuesto diario"
  ✓ tr: all 11 gauges' label and value in tr                           "Bugünkü ses yükü" "Günlük bütçe: %2,7"
  ✓ en: all 11 gauges' label and value in en                           "Vocal load today" "2.7% of daily budget"
  ✓ page errors                                                        none

-- Safari user agent: sidecar features open no second stream, store nothing, hide their gauge
  ✓ sidecar blocked for this user agent                                
  ✓ tuner ran on its own stream only, no session stored                opened [], rows 10→10
  ✓ sidecar features' gauges hidden, register-input features' still shown ok

-- signed out
  ✓ every gauge hidden when signed out                                 all hidden

[cleanup] deleted 1 test account(s) this run created; 0 left of voxcoach-vlh-1790987100578@example.com

150 passed, 0 failed
