== local deploy/ + production backend
   mic: 261.63 Hz (MIDI 60)
   signed up voxcoach-vlh-1791220217614@example.com
  ✓ sidecar allowed in this browser (desktop Chromium)                 

-- Entrance & Cutoff Trainer, entrances, Lead (runs to the end of the song)
  ✓ reached through its hub, start button visible                      
  ✓ gauge visible in the panel, today's total so far                   "Vocal load today" "0% of daily budget"
  ✓ load feed stubbed out: no session stored, no register input opened opened [], rows 0
  ✓ feature result identical with the load feed live                   off {"ticks":true,"laterEdges":0,"claimed":"00000000"} | on {"ticks":true,"laterEdges":0,"claimed":"00000000"}
  ✓ both live at once: the feature's own mic + the register input      opened this run [{"audio":{"echoCancellation":true,"noiseSuppression":false,"autoGainControl":false}}]
  ✓ feature's own track still live, unmuted, NS/AGC/EC unchanged       on: ns true agc true ec true muted false | off: ns true agc true ec true
  ✓ feature's own analyser hears the same tone                         on 262 Hz rms 0.0286 | off 261.8 Hz rms 0.0285
  ✓ stored: exactly 1 new session, ended                               [{"active_seconds":30.638,"ended":true,"load":59.0118518993446,"median_rms":0.27057709968809,"p5_midi":60.00220859128,"p95_midi":60.0025568314969}]
  ✓ active seconds ≈ time the feature listened (30.71 s, −1.8/+0.3)    30.638 s
  ✓ stored load = active × 1.925926 (hand), within 0.5%                stored 59.0119 vs hand 59.0065
  ✓ pitch stored ≈ 60                                                  p5 60.002, p95 60.003
  ✓ gauge moved while the feature ran                                  mid-run 0.0837% vs before 0.0000%
  ✓ gauge = today's stored total / 6800                                "0.9% of daily budget" pct 0.867821 vs 0.867821

-- Choir Bosses, the first boss, Lead (runs to the end or the boss wins)
  ✓ reached through its hub, start button visible                      
  ✓ gauge visible in the panel, today's total so far                   "Vocal load today" "0.9% of daily budget"
  ✓ load feed stubbed out: no session stored, no register input opened opened [], rows 1
  ✓ feature result identical with the load feed live                   off {"held":"10111101","score":75,"passed":true,"stoppedAt":null} | on {"held":"10111101","score":75,"passed":true,"stoppedAt":null}
  ✓ both live at once: the feature's own mic + the register input      opened this run [{"audio":{"echoCancellation":true,"noiseSuppression":false,"autoGainControl":false}}]
  ✓ feature's own track still live, unmuted, NS/AGC/EC unchanged       on: ns true agc true ec true muted false | off: ns true agc true ec true
  ✓ feature's own analyser hears the same tone                         on 261.6 Hz rms 0.0284 | off 262.1 Hz rms 0.0286
  ✓ stored: exactly 1 new session, ended                               [{"active_seconds":30.338,"ended":true,"load":58.4332406974571,"median_rms":0.270553105321594,"p5_midi":60.0022886331801,"p95_midi":60.0032180868841}]
  ✓ active seconds ≈ time the feature listened (30.41 s, −1.8/+0.3)    30.338 s
  ✓ stored load = active × 1.925926 (hand), within 0.5%                stored 58.4332 vs hand 58.4287
  ✓ pitch stored ≈ 60                                                  p5 60.002, p95 60.003
  ✓ gauge moved while the feature ran                                  mid-run 0.9520% vs before 0.8678%
  ✓ gauge = today's stored total / 6800                                "1.7% of daily budget" pct 1.727134 vs 1.727134

-- Chaos Mode, Lead (seeded plan, runs to the end)
  ✓ reached through its hub, start button visible                      
  ✓ gauge visible in the panel, today's total so far                   "Vocal load today" "1.7% of daily budget"
  ✓ load feed stubbed out: no session stored, no register input opened opened [], rows 2
  ✓ feature result identical with the load feed live                   off {"held":"10111101","score":75,"passed":true,"stoppedAt":null} | on {"held":"10111101","score":75,"passed":true,"stoppedAt":null}
  ✓ both live at once: the feature's own mic + the register input      opened this run [{"audio":{"echoCancellation":true,"noiseSuppression":false,"autoGainControl":false}}]
  ✓ feature's own track still live, unmuted, NS/AGC/EC unchanged       on: ns true agc true ec true muted false | off: ns true agc true ec true
  ✓ feature's own analyser hears the same tone                         on 261.7 Hz rms 0.0284 | off 261.7 Hz rms 0.0284
  ✓ stored: exactly 1 new session, ended                               [{"active_seconds":30.355,"ended":true,"load":58.4655787591849,"median_rms":0.270597774042984,"p5_midi":60.0022596690875,"p95_midi":60.002628747944}]
  ✓ active seconds ≈ time the feature listened (30.49 s, −1.8/+0.3)    30.355 s
  ✓ stored load = active × 1.925926 (hand), within 0.5%                stored 58.4656 vs hand 58.4615
  ✓ pitch stored ≈ 60                                                  p5 60.002, p95 60.003
  ✓ gauge moved while the feature ran                                  mid-run 1.8113% vs before 1.7271%
  ✓ gauge = today's stored total / 6800                                "2.6% of daily budget" pct 2.586922 vs 2.586922

-- Tempo/Key Ladder, rung 1 up, Lead (runs to the end)
  ✓ reached through its hub, start button visible                      
  ✓ gauge visible in the panel, today's total so far                   "Vocal load today" "2.6% of daily budget"
  ✓ load feed stubbed out: no session stored, no register input opened opened [], rows 3
  ✓ feature result identical with the load feed live                   off {"held":"10111101","score":75,"passed":true,"stoppedAt":null} | on {"held":"10111101","score":75,"passed":true,"stoppedAt":null}
  ✓ both live at once: the feature's own mic + the register input      opened this run [{"audio":{"echoCancellation":true,"noiseSuppression":false,"autoGainControl":false}}]
  ✓ feature's own track still live, unmuted, NS/AGC/EC unchanged       on: ns true agc true ec true muted false | off: ns true agc true ec true
  ✓ feature's own analyser hears the same tone                         on 261.9 Hz rms 0.029 | off 262 Hz rms 0.0288
  ✓ stored: exactly 1 new session, ended                               [{"active_seconds":30.339,"ended":true,"load":58.4357449041674,"median_rms":0.27054737925958,"p5_midi":60.0022191542559,"p95_midi":60.0026172233183}]
  ✓ active seconds ≈ time the feature listened (30.40 s, −1.8/+0.3)    30.339 s
  ✓ stored load = active × 1.925926 (hand), within 0.5%                stored 58.4357 vs hand 58.4307
  ✓ pitch stored ≈ 60                                                  p5 60.002, p95 60.003
  ✓ gauge moved while the feature ran                                  mid-run 2.6711% vs before 2.5869%
  ✓ gauge = today's stored total / 6800                                "3.4% of daily budget" pct 3.446271 vs 3.446271

-- The Vocal Rift (seeded rounds, runs the full 60 s)
  ✓ reached through its hub, start button visible                      
  ✓ gauge visible in the panel, today's total so far                   "Vocal load today" "3.4% of daily budget"
  ✓ load feed stubbed out: no session stored, no register input opened opened [], rows 4
  ✓ feature result identical with the load feed live                   off [{"type":"Pitch","target":48,"acc":99},{"type":"Quick Catch","target":65,"acc":null},{"type":"Sustain Hold","target":58,"acc":0},{"type":"Pitch","target":50,"acc":0},{"type":"Interval Jump","target":52,"acc":null},{"type":"Pitch","target":56,"acc":null},{"type":"Sustain Hold","target":55,"acc":null},{"type":"Quick Catch","target":65,"acc":null},{"type":"Quick Catch","target":57,"acc":null},{"type":"Interval Jump","target":59,"acc":39},{"type":"Quick Catch","target":66,"acc":null},{"type":"Pitch","target":59,"acc":39},{"type":"Interval Jump","target":52,"acc":null},{"type":"Interval Jump","target":56,"acc":null},{"type":"Quick Catch","target":68,"acc":null},{"type":"Pitch","target":71,"acc":39},{"type":"Quick Catch","target":62,"acc":0},{"type":"Sustain Hold","target":57,"acc":null},{"type":"Sustain Hold","target":64,"acc":null},{"type":"Sustain Hold","target":55,"acc":null},{"type":"Sustain Hold","target":57,"acc":null},{"type":"Quick Catch","target":47,"acc":39},{"type":"Pitch","target":50,"acc":0},{"type":"Sustain Hold","target":58,"acc":0},{"type":"Sustain Hold","target":57,"acc":null},{"type":"Quick Catch","target":48,"acc":99}] | on [{"type":"Pitch","target":48,"acc":99},{"type":"Quick Catch","target":65,"acc":null},{"type":"Sustain Hold","target":58,"acc":0},{"type":"Pitch","target":50,"acc":0},{"type":"Interval Jump","target":52,"acc":null},{"type":"Pitch","target":56,"acc":null},{"type":"Sustain Hold","target":55,"acc":null},{"type":"Quick Catch","target":65,"acc":null},{"type":"Quick Catch","target":57,"acc":null},{"type":"Interval Jump","target":59,"acc":39},{"type":"Quick Catch","target":66,"acc":null},{"type":"Pitch","target":59,"acc":39},{"type":"Interval Jump","target":52,"acc":null},{"type":"Interval Jump","target":56,"acc":null},{"type":"Quick Catch","target":68,"acc":null},{"type":"Pitch","target":71,"acc":39},{"type":"Quick Catch","target":62,"acc":0},{"type":"Sustain Hold","target":57,"acc":null},{"type":"Sustain Hold","target":64,"acc":null},{"type":"Sustain Hold","target":55,"acc":null},{"type":"Sustain Hold","target":57,"acc":null},{"type":"Quick Catch","target":47,"acc":39},{"type":"Pitch","target":50,"acc":0},{"type":"Sustain Hold","target":58,"acc":0},{"type":"Sustain Hold","target":57,"acc":null},{"type":"Quick Catch","target":48,"acc":99}]
  ✓ both live at once: the feature's own mic + the register input      opened this run [{"audio":{"echoCancellation":true,"noiseSuppression":false,"autoGainControl":false}}]
  ✓ feature's own track still live, unmuted, NS/AGC/EC unchanged       on: ns true agc true ec true muted false | off: ns true agc true ec true
  ✓ feature's own analyser hears the same tone                         on 261.7 Hz rms 0.0285 | off 261.9 Hz rms 0.0289
  ✓ stored: exactly 1 new session, ended                               [{"active_seconds":59.946,"ended":true,"load":115.474805121796,"median_rms":0.270569378018929,"p5_midi":60.0022166693299,"p95_midi":60.0025371725087}]
  ✓ active seconds ≈ time the feature listened (60.03 s, −1.8/+0.3)    59.946 s
  ✓ stored load = active × 1.925926 (hand), within 0.5%                stored 115.4748 vs hand 115.4516
  ✓ pitch stored ≈ 60                                                  p5 60.002, p95 60.003
  ✓ gauge moved while the feature ran                                  mid-run 3.5298% vs before 3.4463%
  ✓ gauge = today's stored total / 6800                                "5.1% of daily budget" pct 5.144430 vs 5.144430

-- Pitch Dragon weakest-note training: Listen & score (C4, 1.6 s)
  ✓ reached through its hub, start button visible                      
  ✓ gauge visible in the panel, today's total so far                   "Vocal load today" "5.1% of daily budget"
  ✓ load feed stubbed out: no session stored, no register input opened opened [], rows 5
  ✓ feature result identical with the load feed live                   off {"acc":"99%"} | on {"acc":"99%"}
  ✓ both live at once: the feature's own mic + the register input      opened this run [{"audio":{"echoCancellation":true,"noiseSuppression":false,"autoGainControl":false}}]
  ✓ feature's own track still live, unmuted, NS/AGC/EC unchanged       on: ns true agc true ec true muted false | off: ns true agc true ec true
  ✓ feature's own analyser hears the same tone                         on 261.7 Hz rms 0.0284 | off 261.7 Hz rms 0.0284
  ✓ stored: exactly 1 new session, ended                               [{"active_seconds":1.537,"ended":true,"load":2.96116442549539,"median_rms":0.268199126910031,"p5_midi":60.0025080919645,"p95_midi":60.0026352981609}]
  ✓ active seconds ≈ time the feature listened (1.63 s, −1.8/+0.3)     1.537 s
  ✓ stored load = active × 1.925926 (hand), within 0.5%                stored 2.9612 vs hand 2.9601
  ✓ pitch stored ≈ 60                                                  p5 60.003, p95 60.003
  ✓ gauge = today's stored total / 6800                                "5.2% of daily budget" pct 5.187976 vs 5.187976

-- Ear → Voice → Ear (seeded notes, runs to the end)
  ✓ reached through its hub, start button visible                      
  ✓ gauge visible in the panel, today's total so far                   "Vocal load today" "5.2% of daily budget"
  ✓ load feed stubbed out: no session stored, no register input opened opened [], rows 6
  ✓ feature result identical with the load feed live                   off {"first":"99%","second":"99%","note":"Your unaided step held up just as well — exactly the same. Real retained pitch memory."} | on {"first":"99%","second":"99%","note":"Your unaided step held up just as well — exactly the same. Real retained pitch memory."}
  ✓ both live at once: the feature's own mic + the register input      opened this run [{"audio":{"echoCancellation":true,"noiseSuppression":false,"autoGainControl":false}}]
  ✓ feature's own track still live, unmuted, NS/AGC/EC unchanged       on: ns true agc true ec true muted false | off: ns true agc true ec true
  ✓ feature's own analyser hears the same tone                         on 261.6 Hz rms 0.0284 | off 261.8 Hz rms 0.0285
  ✓ stored: exactly 1 new session, ended                               [{"active_seconds":6.963,"ended":true,"load":13.4120130640121,"median_rms":0.270635108037722,"p5_midi":60.0021987067438,"p95_midi":60.0025818870041}]
  ✓ active seconds ≈ time the feature listened (7.02 s, −1.8/+0.3)     6.963 s
  ✓ stored load = active × 1.925926 (hand), within 0.5%                stored 13.4120 vs hand 13.4102
  ✓ pitch stored ≈ 60                                                  p5 60.002, p95 60.003
  ✓ gauge moved while the feature ran                                  mid-run 5.2715% vs before 5.1880%
  ✓ gauge = today's stored total / 6800                                "5.4% of daily budget" pct 5.385212 vs 5.385212

-- Sing It 5 Ways (runs to the end)
  ✓ reached through its hub, start button visible                      
  ✓ gauge visible in the panel, today's total so far                   "Vocal load today" "5.4% of daily budget"
  ✓ load feed stubbed out: no session stored, no register input opened opened [], rows 7
  ✓ feature result identical with the load feed live                   off [{"midi":59,"heard":true,"acc":39},{"midi":60,"heard":true,"acc":99},{"midi":58,"heard":true,"acc":0},{"midi":59,"heard":true,"acc":39},{"midi":59,"heard":true,"acc":39}] | on [{"midi":59,"heard":true,"acc":39},{"midi":60,"heard":true,"acc":99},{"midi":58,"heard":true,"acc":0},{"midi":59,"heard":true,"acc":39},{"midi":59,"heard":true,"acc":39}]
  ✓ both live at once: the feature's own mic + the register input      opened this run [{"audio":{"echoCancellation":true,"noiseSuppression":false,"autoGainControl":false}}]
  ✓ feature's own track still live, unmuted, NS/AGC/EC unchanged       on: ns true agc true ec true muted false | off: ns true agc true ec true
  ✓ feature's own analyser hears the same tone                         on 261.6 Hz rms 0.0284 | off 261.7 Hz rms 0.0285
  ✓ stored: exactly 1 new session, ended                               [{"active_seconds":15.022,"ended":true,"load":28.9337864764184,"median_rms":0.270543695470504,"p5_midi":60.0022025736809,"p95_midi":60.0035294185174}]
  ✓ active seconds ≈ time the feature listened (15.10 s, −1.8/+0.3)    15.022 s
  ✓ stored load = active × 1.925926 (hand), within 0.5%                stored 28.9338 vs hand 28.9313
  ✓ pitch stored ≈ 60                                                  p5 60.002, p95 60.004
  ✓ gauge moved while the feature ran                                  mid-run 5.4690% vs before 5.3852%
  ✓ gauge = today's stored total / 6800                                "5.8% of daily budget" pct 5.810709 vs 5.810709

-- One Take (today's take cleared before each run)
  ✓ reached through its hub, start button visible                      
  ✓ gauge visible in the panel, today's total so far                   "Vocal load today" "5.8% of daily budget"
  ✓ load feed stubbed out: no session stored, no register input opened opened [], rows 8
  ✓ feature result identical with the load feed live                   off {"pitch":39,"stability":97,"timing":100,"heard":true} | on {"pitch":39,"stability":97,"timing":100,"heard":true}
  ✓ both live at once: the feature's own mic + the register input      opened this run [{"audio":{"echoCancellation":true,"noiseSuppression":false,"autoGainControl":false}}]
  ✓ feature's own track still live, unmuted, NS/AGC/EC unchanged       on: ns true agc true ec true muted false | off: ns true agc true ec true
  ✓ feature's own analyser hears the same tone                         on 262.2 Hz rms 0.0286 | off 261.7 Hz rms 0.0284
  ✓ stored: exactly 1 new session, ended                               [{"active_seconds":7.253,"ended":true,"load":13.9702347145901,"median_rms":0.270557830010956,"p5_midi":60.0022072798393,"p95_midi":60.0031410396099}]
  ✓ active seconds ≈ time the feature listened (7.37 s, −1.8/+0.3)     7.253 s
  ✓ stored load = active × 1.925926 (hand), within 0.5%                stored 13.9702 vs hand 13.9687
  ✓ pitch stored ≈ 60                                                  p5 60.002, p95 60.003
  ✓ gauge moved while the feature ran                                  mid-run 5.8944% vs before 5.8107%
  ✓ gauge = today's stored total / 6800                                "6% of daily budget" pct 6.016153 vs 6.016153

-- Can You Hear Your Mistake: the right pick, then the sing-back (1.6 s)
  ✓ reached through its hub, start button visible                      
  ✓ gauge visible in the panel, today's total so far                   "Vocal load today" "6% of daily budget"
  ✓ load feed stubbed out: no session stored, no register input opened opened [], rows 9
  ✓ feature result identical with the load feed live                   off {"acc":"99%","title":"Correct pick!"} | on {"acc":"99%","title":"Correct pick!"}
  ✓ both live at once: the feature's own mic + the register input      opened this run [{"audio":{"echoCancellation":true,"noiseSuppression":false,"autoGainControl":false}}]
  ✓ feature's own track still live, unmuted, NS/AGC/EC unchanged       on: ns true agc true ec true muted false | off: ns true agc true ec true
  ✓ feature's own analyser hears the same tone                         on 262 Hz rms 0.0289 | off 262.2 Hz rms 0.0287
  ✓ stored: exactly 1 new session, ended                               [{"active_seconds":1.552,"ended":true,"load":2.98987198050092,"median_rms":0.264921582601452,"p5_midi":60.00237344395,"p95_midi":60.002854078985}]
  ✓ active seconds ≈ time the feature listened (1.64 s, −1.8/+0.3)     1.552 s
  ✓ stored load = active × 1.925926 (hand), within 0.5%                stored 2.9899 vs hand 2.9890
  ✓ pitch stored ≈ 60                                                  p5 60.002, p95 60.003
  ✓ gauge = today's stored total / 6800                                "6.1% of daily budget" pct 6.060122 vs 6.060122

-- Emotion Mode: Tender, then a seeded second intention (runs to the end)
  ✓ reached through its hub, start button visible                      
  ✓ gauge visible in the panel, today's total so far                   "Vocal load today" "6.1% of daily budget"
  ✓ load feed stubbed out: no session stored, no register input opened opened [], rows 10
  ✓ feature result identical with the load feed live                   off [{"intent":"tender","heard":true,"stability":97},{"intent":"powerful","heard":true,"stability":97}] | on [{"intent":"tender","heard":true,"stability":97},{"intent":"powerful","heard":true,"stability":97}]
  ✓ both live at once: the feature's own mic + the register input      opened this run [{"audio":{"echoCancellation":true,"noiseSuppression":false,"autoGainControl":false}}]
  ✓ feature's own track still live, unmuted, NS/AGC/EC unchanged       on: ns true agc true ec true muted false | off: ns true agc true ec true
  ✓ feature's own analyser hears the same tone                         on 261.7 Hz rms 0.0285 | off 261.7 Hz rms 0.0285
  ✓ stored: exactly 1 new session, ended                               [{"active_seconds":7.782,"ended":true,"load":14.9883208869768,"median_rms":0.270589259001049,"p5_midi":60.0022358777844,"p95_midi":60.0024761890497}]
  ✓ active seconds ≈ time the feature listened (7.85 s, −1.8/+0.3)     7.782 s
  ✓ stored load = active × 1.925926 (hand), within 0.5%                stored 14.9883 vs hand 14.9876
  ✓ pitch stored ≈ 60                                                  p5 60.002, p95 60.002
  ✓ gauge moved while the feature ran                                  mid-run 6.1436% vs before 6.0601%
  ✓ gauge = today's stored total / 6800                                "6.3% of daily budget" pct 6.280538 vs 6.280538

-- Performance Director (runs to the end of the song)
  ✓ reached through its hub, start button visible                      
  ✓ gauge visible in the panel, today's total so far                   "Vocal load today" "6.3% of daily budget"
  ✓ load feed stubbed out: no session stored, no register input opened opened [], rows 11
  ✓ feature result identical with the load feed live                   off {"notes":"99/100 0/100 99/100 99/100 99/100 99/100 0/100 99/100"} | on {"notes":"99/100 0/100 99/100 99/100 99/100 99/100 0/100 99/100"}
  ✓ both live at once: the feature's own mic + the register input      opened this run [{"audio":{"echoCancellation":true,"noiseSuppression":false,"autoGainControl":false}}]
  ✓ feature's own track still live, unmuted, NS/AGC/EC unchanged       on: ns true agc true ec true muted false | off: ns true agc true ec true
  ✓ feature's own analyser hears the same tone                         on 262.1 Hz rms 0.0289 | off 261.7 Hz rms 0.0284
  ✓ stored: exactly 1 new session, ended                               [{"active_seconds":26.62,"ended":true,"load":51.2729071802709,"median_rms":0.270542461439387,"p5_midi":60.0022103140696,"p95_midi":60.00259020877}]
  ✓ active seconds ≈ time the feature listened (26.76 s, −1.8/+0.3)    26.620 s
  ✓ stored load = active × 1.925926 (hand), within 0.5%                stored 51.2729 vs hand 51.2681
  ✓ pitch stored ≈ 60                                                  p5 60.002, p95 60.003
  ✓ gauge moved while the feature ran                                  mid-run 6.3647% vs before 6.2805%
  ✓ gauge = today's stored total / 6800                                "7% of daily budget" pct 7.034552 vs 7.034552
  ✓ page errors                                                        none

-- reload: every gauge resumes today's total from the server
  ✓ tt: same total after reload, not 0                                 "7% of daily budget"
  ✓ cb: same total after reload, not 0                                 "7% of daily budget"
  ✓ cx: same total after reload, not 0                                 "7% of daily budget"
  ✓ tk: same total after reload, not 0                                 "7% of daily budget"
  ✓ rift: same total after reload, not 0                               "7% of daily budget"
  ✓ bosstrain: same total after reload, not 0                          "7% of daily budget"
  ✓ eve: same total after reload, not 0                                "7% of daily budget"
  ✓ five: same total after reload, not 0                               "7% of daily budget"
  ✓ onetake: same total after reload, not 0                            "7% of daily budget"
  ✓ hm: same total after reload, not 0                                 "7% of daily budget"
  ✓ emo: same total after reload, not 0                                "7% of daily budget"
  ✓ pd: same total after reload, not 0                                 "7% of daily budget"
  ✓ coach: same total after reload, not 0                              "7% of daily budget"
  ✓ daily table = sum of every session                                 [{"day":"2026-10-05","total_load":478.349520110214}] vs 478.3495

-- all four languages (switched with the Profile language buttons)
  ✓ fr: all 13 gauges' label and value in fr                           "Charge vocale du jour" "7 % du budget quotidien"
  ✓ es: all 13 gauges' label and value in es                           "Carga vocal de hoy" "7 % del presupuesto diario"
  ✓ tr: all 13 gauges' label and value in tr                           "Bugünkü ses yükü" "Günlük bütçe: %7"
  ✓ en: all 13 gauges' label and value in en                           "Vocal load today" "7% of daily budget"
  ✓ page errors                                                        none

-- Safari user agent: sidecar features open no second stream, store nothing, hide their gauge
  ✓ sidecar blocked for this user agent                                
  ✓ eve ran on its own stream only, no session stored                  opened [], rows 12→12
  ✓ sidecar features' gauges hidden, register-input features' still shown ok

-- signed out
  ✓ every gauge hidden when signed out                                 all hidden

[cleanup] deleted 1 test account(s) this run created; 0 left of voxcoach-vlh-1791220217614@example.com

179 passed, 0 failed
