== local deploy/ + production backend
   mic: 261.63 Hz (MIDI 60)
   signed up voxcoach-vlh-1791323700318@example.com
  ✓ sidecar allowed in this browser (desktop Chromium)                 

-- Tuner (listens until stopped: 7 s)
  ✓ reached through its hub, start button visible                      
  ✓ gauge visible in the panel, today's total so far                   "Vocal load today" "0% of daily budget"
  ✓ load feed stubbed out: no session stored, no register input opened opened [], rows 0
  ✓ feature result identical with the load feed live                   off {"pitch":"98%","freq":261.7,"stability":96} | on {"pitch":"98%","freq":261.7,"stability":96}
  ✓ both live at once: the feature's own mic + the register input      opened this run [{"audio":{"echoCancellation":true,"noiseSuppression":false,"autoGainControl":false}}]
  ✓ feature's own track still live, unmuted, NS/AGC/EC unchanged       on: ns true agc true ec true muted false | off: ns true agc true ec true
  ✓ feature's own analyser hears the same tone                         on 261.8 Hz rms 0.0295 | off 261.7 Hz rms 0.0294
  ✓ stored: exactly 1 new session, ended                               [{"active_seconds":7.088,"ended":true,"load":13.6521417353702,"median_rms":0.270629489186209,"p5_midi":60.002558924746,"p95_midi":60.0028034679803}]
  ✓ active seconds ≈ time the feature listened (7.14 s, −1.8/+0.3)     7.088 s
  ✓ stored load = active × 1.925926 (hand), within 0.5%                stored 13.6521 vs hand 13.6510
  ✓ pitch stored ≈ 60                                                  p5 60.003, p95 60.003
  ✓ gauge moved while the feature ran                                  mid-run 0.0841% vs before 0.0000%
  ✓ gauge = today's stored total / 6800                                "0.2% of daily budget" pct 0.200767 vs 0.200767

-- Interval Match: target C4, a pass
  ✓ reached through its hub, start button visible                      
  ✓ gauge visible in the panel, today's total so far                   "Vocal load today" "0.2% of daily budget"
  ✓ load feed stubbed out: no session stored, no register input opened opened [], rows 1
  ✓ feature result identical with the load feed live                   off {"acc":"99%","fb":"Right on it."} | on {"acc":"99%","fb":"Right on it."}
  ✓ both live at once: the feature's own mic + the register input      opened this run [{"audio":{"echoCancellation":true,"noiseSuppression":false,"autoGainControl":false}}]
  ✓ feature's own track still live, unmuted, NS/AGC/EC unchanged       on: ns true agc true ec true muted false | off: ns true agc true ec true
  ✓ feature's own analyser hears the same tone                         on 261.8 Hz rms 0.0294 | off 261.7 Hz rms 0.0294
  ✓ stored: exactly 1 new session, ended                               [{"active_seconds":2.947,"ended":true,"load":5.67599243279011,"median_rms":0.270484095446475,"p5_midi":60.0025646288368,"p95_midi":60.0028013047252}]
  ✓ active seconds ≈ time the feature listened (3.00 s, −1.8/+0.3)     2.947 s
  ✓ stored load = active × 1.925926 (hand), within 0.5%                stored 5.6760 vs hand 5.6757
  ✓ pitch stored ≈ 60                                                  p5 60.003, p95 60.003
  ✓ gauge = today's stored total / 6800                                "0.3% of daily budget" pct 0.284237 vs 0.284237

-- Scale Run from C4 (every note captured, runs to the end)
  ✓ reached through its hub, start button visible                      
  ✓ gauge visible in the panel, today's total so far                   "Vocal load today" "0.3% of daily budget"
  ✓ load feed stubbed out: no session stored, no register input opened opened [], rows 2
  ✓ feature result identical with the load feed live                   off {"avg":"24%","dots":"scale-dot done-good,scale-dot done-low,scale-dot done-low,scale-dot done-low,scale-dot done-low,scale-dot done-low,scale-dot done-low,scale-dot done-low,scale-dot done-good"} | on {"avg":"24%","dots":"scale-dot done-good,scale-dot done-low,scale-dot done-low,scale-dot done-low,scale-dot done-low,scale-dot done-low,scale-dot done-low,scale-dot done-low,scale-dot done-good"}
  ✓ both live at once: the feature's own mic + the register input      opened this run [{"audio":{"echoCancellation":true,"noiseSuppression":false,"autoGainControl":false}}]
  ✓ feature's own track still live, unmuted, NS/AGC/EC unchanged       on: ns true agc true ec true muted false | off: ns true agc true ec true
  ✓ feature's own analyser hears the same tone                         on 262.3 Hz rms 0.0299 | off 261.7 Hz rms 0.0295
  ✓ stored: exactly 1 new session, ended                               [{"active_seconds":15.505,"ended":true,"load":29.8642005944879,"median_rms":0.270593969353644,"p5_midi":60.0023660939176,"p95_midi":60.0029465278237}]
  ✓ active seconds ≈ time the feature listened (15.62 s, −1.8/+0.3)    15.505 s
  ✓ stored load = active × 1.925926 (hand), within 0.5%                stored 29.8642 vs hand 29.8615
  ✓ pitch stored ≈ 60                                                  p5 60.002, p95 60.003
  ✓ gauge moved while the feature ran                                  mid-run 0.3680% vs before 0.2842%
  ✓ gauge = today's stored total / 6800                                "0.7% of daily budget" pct 0.723417 vs 0.723417

-- Breath Control (a held tone, stopped at 8 s)
  ✓ reached through its hub, start button visible                      
  ✓ gauge visible in the panel, today's total so far                   "Vocal load today" "0.7% of daily budget"
  ✓ load feed stubbed out: no session stored, no register input opened opened [], rows 3
  ✓ feature result identical with the load feed live                   off {"acc":"80%","samples":484} | on {"acc":"79%","samples":483}
  ✓ both live at once: the feature's own mic + the register input      opened this run [{"audio":{"echoCancellation":true,"noiseSuppression":false,"autoGainControl":false}}]
  ✓ feature's own track still live, unmuted, NS/AGC/EC unchanged       on: ns true agc true ec true muted false | off: ns true agc true ec true
  ✓ feature's own analyser hears the same tone                         on 261.9 Hz rms 0.0307 | off 261.6 Hz rms 0.0294
  ✓ stored: exactly 1 new session, ended                               [{"active_seconds":7.982,"ended":true,"load":15.3746323068563,"median_rms":0.270564399257782,"p5_midi":60.0024985791936,"p95_midi":60.0027821182028}]
  ✓ active seconds ≈ time the feature listened (8.04 s, −1.8/+0.3)     7.982 s
  ✓ stored load = active × 1.925926 (hand), within 0.5%                stored 15.3746 vs hand 15.3727
  ✓ pitch stored ≈ 60                                                  p5 60.002, p95 60.003
  ✓ gauge moved while the feature ran                                  mid-run 0.8069% vs before 0.7234%
  ✓ gauge = today's stored total / 6800                                "0.9% of daily budget" pct 0.949514 vs 0.949514

-- Custom Exercise: 6 notes (seeded), runs to the end
  ✓ reached through its hub, start button visible                      
  ✓ gauge visible in the panel, today's total so far                   "Vocal load today" "0.9% of daily budget"
  ✓ load feed stubbed out: no session stored, no register input opened opened [], rows 4
  ✓ feature result identical with the load feed live                   off {"avg":"50%","rows":"C399%D30%A#40%F4No signalE4No signalC499%"} | on {"avg":"50%","rows":"C399%D30%A#40%F4No signalE4No signalC499%"}
  ✓ both live at once: the feature's own mic + the register input      opened this run [{"audio":{"echoCancellation":true,"noiseSuppression":false,"autoGainControl":false}}]
  ✓ feature's own track still live, unmuted, NS/AGC/EC unchanged       on: ns true agc true ec true muted false | off: ns true agc true ec true
  ✓ feature's own analyser hears the same tone                         on 262.2 Hz rms 0.0301 | off 261.7 Hz rms 0.0294
  ✓ stored: exactly 1 new session, ended                               [{"active_seconds":15.43,"ended":true,"load":29.7203576128994,"median_rms":0.270568030203458,"p5_midi":60.0025067477028,"p95_midi":60.002883834191}]
  ✓ active seconds ≈ time the feature listened (15.59 s, −1.8/+0.3)    15.430 s
  ✓ stored load = active × 1.925926 (hand), within 0.5%                stored 29.7204 vs hand 29.7170
  ✓ pitch stored ≈ 60                                                  p5 60.003, p95 60.003
  ✓ gauge moved while the feature ran                                  mid-run 1.0330% vs before 0.9495%
  ✓ gauge = today's stored total / 6800                                "1.4% of daily budget" pct 1.386578 vs 1.386578

-- Rhythm Trainer (runs to the end)
  ✓ reached through its hub, start button visible                      
  ✓ gauge visible in the panel, today's total so far                   "Vocal load today" "1.4% of daily budget"
  ✓ load feed stubbed out: no session stored, no register input opened opened [], rows 5
  ✓ feature result identical with the load feed live                   off {"claimed":"00000000","card":"block"} | on {"claimed":"00000000","card":"block"}
  ✓ both live at once: the feature's own mic + the register input      opened this run [{"audio":{"echoCancellation":true,"noiseSuppression":false,"autoGainControl":false}}]
  ✓ feature's own track still live, unmuted, NS/AGC/EC unchanged       on: ns true agc true ec true muted false | off: ns true agc true ec true
  ✓ feature's own analyser hears the same tone                         on 261.7 Hz rms 0.0295 | off 262.2 Hz rms 0.03
  ✓ stored: exactly 1 new session, ended                               [{"active_seconds":5.999,"ended":true,"load":11.554051867117,"median_rms":0.270557725272311,"p5_midi":60.0025614360868,"p95_midi":60.0029980722099}]
  ✓ active seconds ≈ time the feature listened (6.09 s, −1.8/+0.3)     5.999 s
  ✓ stored load = active × 1.925926 (hand), within 0.5%                stored 11.5541 vs hand 11.5536
  ✓ pitch stored ≈ 60                                                  p5 60.003, p95 60.003
  ✓ gauge moved while the feature ran                                  mid-run 1.4701% vs before 1.3866%
  ✓ gauge = today's stored total / 6800                                "1.6% of daily budget" pct 1.556491 vs 1.556491

-- Mirror Mode (seeded phrase, the echo runs to the end)
  ✓ reached through its hub, start button visible                      
  ✓ gauge visible in the panel, today's total so far                   "Vocal load today" "1.6% of daily budget"
  ✓ load feed stubbed out: no session stored, no register input opened opened [], rows 6
  ✓ feature result identical with the load feed live                   off {"acc":"0%"} | on {"acc":"0%"}
  ✓ both live at once: the feature's own mic + the register input      opened this run [{"audio":{"echoCancellation":true,"noiseSuppression":false,"autoGainControl":false}}]
  ✓ feature's own track still live, unmuted, NS/AGC/EC unchanged       on: ns true agc true ec true muted false | off: ns true agc true ec true
  ✓ feature's own analyser hears the same tone                         on 261.8 Hz rms 0.0295 | off 261.8 Hz rms 0.0295
  ✓ stored: exactly 1 new session, ended                               [{"active_seconds":2.771,"ended":true,"load":5.33740915894944,"median_rms":0.27052918730579,"p5_midi":60.0023754777149,"p95_midi":60.0031258806267}]
  ✓ active seconds ≈ time the feature listened (2.86 s, −1.8/+0.3)     2.771 s
  ✓ stored load = active × 1.925926 (hand), within 0.5%                stored 5.3374 vs hand 5.3367
  ✓ pitch stored ≈ 60                                                  p5 60.002, p95 60.003
  ✓ gauge moved while the feature ran                                  mid-run 1.5987% vs before 1.5565%
  ✓ gauge = today's stored total / 6800                                "1.6% of daily budget" pct 1.634982 vs 1.634982

-- Real-Time Feedback (register input; stopped at 7 s)
  ✓ reached through its hub, start button visible                      
  ✓ gauge visible in the panel, today's total so far                   "Vocal load today" "1.6% of daily budget"
  ✓ load feed stubbed out: no session stored                           opened [{"audio":{"echoCancellation":true,"noiseSuppression":false,"autoGainControl":false}}], rows 7
  ✓ feature result identical with the load feed live                   off {"Pitch":"checklist-icon good In tune","Stability":"checklist-icon good Steady","Breath":"checklist-icon good Steady breath support","Register":"checklist-icon good Balanced tone"} | on {"Pitch":"checklist-icon good In tune","Stability":"checklist-icon good Steady","Breath":"checklist-icon good Steady breath support","Register":"checklist-icon good Balanced tone"}
  ✓ no second register stream opened for the load                      on [{"audio":{"echoCancellation":true,"noiseSuppression":false,"autoGainControl":false}}] | off [{"audio":{"echoCancellation":true,"noiseSuppression":false,"autoGainControl":false}}]
  ✓ stored: exactly 1 new session, ended                               [{"active_seconds":7.021,"ended":true,"load":13.5238561898149,"median_rms":0.270581619457284,"p5_midi":60.0025497006131,"p95_midi":60.0028289402284}]
  ✓ active seconds ≈ time the feature listened (7.04 s, −1.8/+0.3)     7.021 s
  ✓ stored load = active × 1.925926 (hand), within 0.5%                stored 13.5239 vs hand 13.5219
  ✓ pitch stored ≈ 60                                                  p5 60.003, p95 60.003
  ✓ gauge moved while the feature ran                                  mid-run 1.7196% vs before 1.6350%
  ✓ gauge = today's stored total / 6800                                "1.8% of daily budget" pct 1.833862 vs 1.833862

-- Emotional Singing (song, runs to the end)
  ✓ reached through its hub, start button visible                      
  ✓ gauge visible in the panel, today's total so far                   "Vocal load today" "1.8% of daily budget"
  ✓ load feed stubbed out: no session stored, no register input opened opened [], rows 8
  ✓ feature result identical with the load feed live                   off {"pitch":"70%","all":"PITCH 70% EXPRESSION 3%"} | on {"pitch":"70%","all":"PITCH 70% EXPRESSION 2%"}
  ✓ both live at once: the feature's own mic + the register input      opened this run [{"audio":{"echoCancellation":true,"noiseSuppression":false,"autoGainControl":false}}]
  ✓ feature's own track still live, unmuted, NS/AGC/EC unchanged       on: ns true agc true ec true muted false | off: ns true agc true ec true
  ✓ feature's own analyser hears the same tone                         on 261.7 Hz rms 0.0294 | off 261.9 Hz rms 0.0294
  ✓ stored: exactly 1 new session, ended                               [{"active_seconds":26.615,"ended":true,"load":51.2632739908766,"median_rms":0.270600110221296,"p5_midi":60.0024114948171,"p95_midi":60.0028409577739}]
  ✓ active seconds ≈ time the feature listened (26.68 s, −1.8/+0.3)    26.615 s
  ✓ stored load = active × 1.925926 (hand), within 0.5%                stored 51.2633 vs hand 51.2585
  ✓ pitch stored ≈ 60                                                  p5 60.002, p95 60.003
  ✓ gauge moved while the feature ran                                  mid-run 1.9179% vs before 1.8339%
  ✓ gauge = today's stored total / 6800                                "2.6% of daily budget" pct 2.587734 vs 2.587734

-- Range Finder (low captured at 3.5 s, high at 6 s)
  ✓ reached through its hub, start button visible                      
  ✓ gauge visible in the panel, today's total so far                   "Vocal load today" "2.6% of daily budget"
  ✓ load feed stubbed out: no session stored, no register input opened opened [], rows 9
  ✓ feature result identical with the load feed live                   off {"type":"Tenor","span":"C4 → C4"} | on {"type":"Tenor","span":"C4 → C4"}
  ✓ both live at once: the feature's own mic + the register input      opened this run [{"audio":{"echoCancellation":true,"noiseSuppression":false,"autoGainControl":false}}]
  ✓ feature's own track still live, unmuted, NS/AGC/EC unchanged       on: ns true agc true ec true muted false | off: ns true agc true ec true
  ✓ feature's own analyser hears the same tone                         on 261.8 Hz rms 0.0295 | off 261.7 Hz rms 0.0294
  ✓ stored: exactly 1 new session, ended                               [{"active_seconds":6.053,"ended":true,"load":11.6584450067032,"median_rms":0.270583343930307,"p5_midi":60.0023798438473,"p95_midi":60.0029058245213}]
  ✓ active seconds ≈ time the feature listened (6.10 s, −1.8/+0.3)     6.053 s
  ✓ stored load = active × 1.925926 (hand), within 0.5%                stored 11.6584 vs hand 11.6576
  ✓ pitch stored ≈ 60                                                  p5 60.002, p95 60.003
  ✓ gauge moved while the feature ran                                  mid-run 2.6719% vs before 2.5877%
  ✓ gauge = today's stored total / 6800                                "2.8% of daily budget" pct 2.759182 vs 2.759182
  ✓ page errors                                                        none

-- reload: every gauge resumes today's total from the server
  ✓ tuner: same total after reload, not 0                              "2.8% of daily budget"
  ✓ interval: same total after reload, not 0                           "2.8% of daily budget"
  ✓ scale: same total after reload, not 0                              "2.8% of daily budget"
  ✓ breath: same total after reload, not 0                             "2.8% of daily budget"
  ✓ custom: same total after reload, not 0                             "2.8% of daily budget"
  ✓ rhythm: same total after reload, not 0                             "2.8% of daily budget"
  ✓ mirror: same total after reload, not 0                             "2.8% of daily budget"
  ✓ livefb: same total after reload, not 0                             "2.8% of daily budget"
  ✓ emotion: same total after reload, not 0                            "2.8% of daily budget"
  ✓ range: same total after reload, not 0                              "2.8% of daily budget"
  ✓ coach: same total after reload, not 0                              "2.8% of daily budget"
  ✓ daily table = sum of every session                                 [{"day":"2026-10-06","total_load":187.624360895865}] vs 187.6244

-- all four languages (switched with the Profile language buttons)
  ✓ fr: all 11 gauges' label and value in fr                           "Charge vocale du jour" "2,8 % du budget quotidien"
  ✓ es: all 11 gauges' label and value in es                           "Carga vocal de hoy" "2,8 % del presupuesto diario"
  ✓ tr: all 11 gauges' label and value in tr                           "Bugünkü ses yükü" "Günlük bütçe: %2,8"
  ✓ en: all 11 gauges' label and value in en                           "Vocal load today" "2.8% of daily budget"
  ✓ page errors                                                        none

-- Safari user agent: sidecar features open no second stream, store nothing, hide their gauge
  ✓ sidecar blocked for this user agent                                
  ✓ tuner ran on its own stream only, no session stored                opened [], rows 10→10
  ✓ sidecar features' gauges hidden, register-input features' still shown ok

-- signed out
  ✓ every gauge hidden when signed out                                 all hidden

[cleanup] deleted 1 test account(s) this run created; 0 left of voxcoach-vlh-1791323700318@example.com

150 passed, 0 failed
