== local deploy/ + production backend
   mic: 261.63 Hz (MIDI 60)
   signed up voxcoach-vlh-1791298179519@example.com
  ✓ sidecar allowed in this browser (desktop Chromium)                 

-- Tuner (listens until stopped: 7 s)
  ✓ reached through its hub, start button visible                      
  ✓ gauge visible in the panel, today's total so far                   "Vocal load today" "0% of daily budget"
  ✓ load feed stubbed out: no session stored, no register input opened opened [], rows 0
  ✓ feature result identical with the load feed live                   off {"pitch":"98%","freq":261.7,"stability":96} | on {"pitch":"98%","freq":261.7,"stability":96}
  ✓ both live at once: the feature's own mic + the register input      opened this run [{"audio":{"echoCancellation":true,"noiseSuppression":false,"autoGainControl":false}}]
  ✓ feature's own track still live, unmuted, NS/AGC/EC unchanged       on: ns true agc true ec true muted false | off: ns true agc true ec true
  ✓ feature's own analyser hears the same tone                         on 261.7 Hz rms 0.0295 | off 261.7 Hz rms 0.0294
  ✓ stored: exactly 1 new session, ended                               [{"active_seconds":7.078,"ended":true,"load":13.6332652389362,"median_rms":0.270576906188741,"p5_midi":60.0024131811499,"p95_midi":60.002905057321}]
  ✓ active seconds ≈ time the feature listened (7.13 s, −1.8/+0.3)     7.078 s
  ✓ stored load = active × 1.925926 (hand), within 0.5%                stored 13.6333 vs hand 13.6317
  ✓ pitch stored ≈ 60                                                  p5 60.002, p95 60.003
  ✓ gauge moved while the feature ran                                  mid-run 0.0839% vs before 0.0000%
  ✓ gauge = today's stored total / 6800                                "0.2% of daily budget" pct 0.200489 vs 0.200489

-- Interval Match: target C4, a pass
  ✓ reached through its hub, start button visible                      
  ✓ gauge visible in the panel, today's total so far                   "Vocal load today" "0.2% of daily budget"
  ✓ load feed stubbed out: no session stored, no register input opened opened [], rows 1
  ✓ feature result identical with the load feed live                   off {"acc":"99%","fb":"Right on it."} | on {"acc":"99%","fb":"Right on it."}
  ✓ both live at once: the feature's own mic + the register input      opened this run [{"audio":{"echoCancellation":true,"noiseSuppression":false,"autoGainControl":false}}]
  ✓ feature's own track still live, unmuted, NS/AGC/EC unchanged       on: ns true agc true ec true muted false | off: ns true agc true ec true
  ✓ feature's own analyser hears the same tone                         on 261.7 Hz rms 0.0294 | off 261.7 Hz rms 0.0295
  ✓ stored: exactly 1 new session, ended                               [{"active_seconds":2.968,"ended":true,"load":5.71665096107723,"median_rms":0.270505759752628,"p5_midi":60.0024106067935,"p95_midi":60.0031202655659}]
  ✓ active seconds ≈ time the feature listened (3.00 s, −1.8/+0.3)     2.968 s
  ✓ stored load = active × 1.925926 (hand), within 0.5%                stored 5.7167 vs hand 5.7161
  ✓ pitch stored ≈ 60                                                  p5 60.002, p95 60.003
  ✓ gauge = today's stored total / 6800                                "0.3% of daily budget" pct 0.284558 vs 0.284558

-- Scale Run from C4 (every note captured, runs to the end)
  ✓ reached through its hub, start button visible                      
  ✓ gauge visible in the panel, today's total so far                   "Vocal load today" "0.3% of daily budget"
  ✓ load feed stubbed out: no session stored, no register input opened opened [], rows 2
  ✓ feature result identical with the load feed live                   off {"avg":"24%","dots":"scale-dot done-good,scale-dot done-low,scale-dot done-low,scale-dot done-low,scale-dot done-low,scale-dot done-low,scale-dot done-low,scale-dot done-low,scale-dot done-good"} | on {"avg":"24%","dots":"scale-dot done-good,scale-dot done-low,scale-dot done-low,scale-dot done-low,scale-dot done-low,scale-dot done-low,scale-dot done-low,scale-dot done-low,scale-dot done-good"}
  ✓ both live at once: the feature's own mic + the register input      opened this run [{"audio":{"echoCancellation":true,"noiseSuppression":false,"autoGainControl":false}}]
  ✓ feature's own track still live, unmuted, NS/AGC/EC unchanged       on: ns true agc true ec true muted false | off: ns true agc true ec true
  ✓ feature's own analyser hears the same tone                         on 261.9 Hz rms 0.0302 | off 261.7 Hz rms 0.0294
  ✓ stored: exactly 1 new session, ended                               [{"active_seconds":15.536,"ended":true,"load":29.9243192367959,"median_rms":0.270574360570734,"p5_midi":60.0024313704642,"p95_midi":60.0031484940326}]
  ✓ active seconds ≈ time the feature listened (15.62 s, −1.8/+0.3)    15.536 s
  ✓ stored load = active × 1.925926 (hand), within 0.5%                stored 29.9243 vs hand 29.9212
  ✓ pitch stored ≈ 60                                                  p5 60.002, p95 60.003
  ✓ gauge moved while the feature ran                                  mid-run 0.3683% vs before 0.2846%
  ✓ gauge = today's stored total / 6800                                "0.7% of daily budget" pct 0.724621 vs 0.724621

-- Breath Control (a held tone, stopped at 8 s)
  ✓ reached through its hub, start button visible                      
  ✓ gauge visible in the panel, today's total so far                   "Vocal load today" "0.7% of daily budget"
  ✓ load feed stubbed out: no session stored, no register input opened opened [], rows 3
  ✓ feature result identical with the load feed live                   off {"acc":"80%","samples":483} | on {"acc":"80%","samples":483}
  ✓ both live at once: the feature's own mic + the register input      opened this run [{"audio":{"echoCancellation":true,"noiseSuppression":false,"autoGainControl":false}}]
  ✓ feature's own track still live, unmuted, NS/AGC/EC unchanged       on: ns true agc true ec true muted false | off: ns true agc true ec true
  ✓ feature's own analyser hears the same tone                         on 261.7 Hz rms 0.0294 | off 261.8 Hz rms 0.0295
  ✓ stored: exactly 1 new session, ended                               [{"active_seconds":7.965,"ended":true,"load":15.3420779159343,"median_rms":0.270570554822695,"p5_midi":60.0025274257458,"p95_midi":60.0029815648024}]
  ✓ active seconds ≈ time the feature listened (8.04 s, −1.8/+0.3)     7.965 s
  ✓ stored load = active × 1.925926 (hand), within 0.5%                stored 15.3421 vs hand 15.3400
  ✓ pitch stored ≈ 60                                                  p5 60.003, p95 60.003
  ✓ gauge moved while the feature ran                                  mid-run 0.8077% vs before 0.7246%
  ✓ gauge = today's stored total / 6800                                "1% of daily budget" pct 0.950240 vs 0.950240

-- Custom Exercise: 6 notes (seeded), runs to the end
  ✓ reached through its hub, start button visible                      
  ✓ gauge visible in the panel, today's total so far                   "Vocal load today" "1% of daily budget"
  ✓ load feed stubbed out: no session stored, no register input opened opened [], rows 4
  ✓ feature result identical with the load feed live                   off {"avg":"50%","rows":"C399%D30%A#40%F4No signalE4No signalC499%"} | on {"avg":"50%","rows":"C399%D30%A#40%F4No signalE4No signalC499%"}
  ✓ both live at once: the feature's own mic + the register input      opened this run [{"audio":{"echoCancellation":true,"noiseSuppression":false,"autoGainControl":false}}]
  ✓ feature's own track still live, unmuted, NS/AGC/EC unchanged       on: ns true agc true ec true muted false | off: ns true agc true ec true
  ✓ feature's own analyser hears the same tone                         on 261.7 Hz rms 0.0294 | off 261.7 Hz rms 0.0295
  ✓ stored: exactly 1 new session, ended                               [{"active_seconds":15.039,"ended":true,"load":28.9660640719466,"median_rms":0.270572555359047,"p5_midi":60.0024225204377,"p95_midi":60.0029123552553}]
  ✓ active seconds ≈ time the feature listened (15.19 s, −1.8/+0.3)    15.039 s
  ✓ stored load = active × 1.925926 (hand), within 0.5%                stored 28.9661 vs hand 28.9640
  ✓ pitch stored ≈ 60                                                  p5 60.002, p95 60.003
  ✓ gauge moved while the feature ran                                  mid-run 1.0339% vs before 0.9502%
  ✓ gauge = today's stored total / 6800                                "1.4% of daily budget" pct 1.376211 vs 1.376211

-- Rhythm Trainer (runs to the end)
  ✓ reached through its hub, start button visible                      
  ✓ gauge visible in the panel, today's total so far                   "Vocal load today" "1.4% of daily budget"
  ✓ load feed stubbed out: no session stored, no register input opened opened [], rows 5
  ✓ feature result identical with the load feed live                   off {"claimed":"00000000","card":"block"} | on {"claimed":"00000000","card":"block"}
  ✓ both live at once: the feature's own mic + the register input      opened this run [{"audio":{"echoCancellation":true,"noiseSuppression":false,"autoGainControl":false}}]
  ✓ feature's own track still live, unmuted, NS/AGC/EC unchanged       on: ns true agc true ec true muted false | off: ns true agc true ec true
  ✓ feature's own analyser hears the same tone                         on 261.9 Hz rms 0.0295 | off 262.1 Hz rms 0.0296
  ✓ stored: exactly 1 new session, ended                               [{"active_seconds":6,"ended":true,"load":11.5559561940098,"median_rms":0.270590459195937,"p5_midi":60.0024511990098,"p95_midi":60.0027990231567}]
  ✓ active seconds ≈ time the feature listened (6.09 s, −1.8/+0.3)     6.000 s
  ✓ stored load = active × 1.925926 (hand), within 0.5%                stored 11.5560 vs hand 11.5556
  ✓ pitch stored ≈ 60                                                  p5 60.002, p95 60.003
  ✓ gauge moved while the feature ran                                  mid-run 1.4598% vs before 1.3762%
  ✓ gauge = today's stored total / 6800                                "1.5% of daily budget" pct 1.546152 vs 1.546152

-- Mirror Mode (seeded phrase, the echo runs to the end)
  ✓ reached through its hub, start button visible                      
  ✓ gauge visible in the panel, today's total so far                   "Vocal load today" "1.5% of daily budget"
  ✓ load feed stubbed out: no session stored, no register input opened opened [], rows 6
  ✓ feature result identical with the load feed live                   off {"acc":"0%"} | on {"acc":"0%"}
  ✓ both live at once: the feature's own mic + the register input      opened this run [{"audio":{"echoCancellation":true,"noiseSuppression":false,"autoGainControl":false}}]
  ✓ feature's own track still live, unmuted, NS/AGC/EC unchanged       on: ns true agc true ec true muted false | off: ns true agc true ec true
  ✓ feature's own analyser hears the same tone                         on 261.7 Hz rms 0.0294 | off 261.7 Hz rms 0.0294
  ✓ stored: exactly 1 new session, ended                               [{"active_seconds":2.714,"ended":true,"load":5.22683265918339,"median_rms":0.270518008560496,"p5_midi":60.0025267007492,"p95_midi":60.0027633413725}]
  ✓ active seconds ≈ time the feature listened (2.87 s, −1.8/+0.3)     2.714 s
  ✓ stored load = active × 1.925926 (hand), within 0.5%                stored 5.2268 vs hand 5.2270
  ✓ pitch stored ≈ 60                                                  p5 60.003, p95 60.003
  ✓ gauge moved while the feature ran                                  mid-run 1.5867% vs before 1.5462%
  ✓ gauge = today's stored total / 6800                                "1.6% of daily budget" pct 1.623017 vs 1.623017

-- Real-Time Feedback (register input; stopped at 7 s)
  ✓ reached through its hub, start button visible                      
  ✓ gauge visible in the panel, today's total so far                   "Vocal load today" "1.6% of daily budget"
  ✓ load feed stubbed out: no session stored                           opened [{"audio":{"echoCancellation":true,"noiseSuppression":false,"autoGainControl":false}}], rows 7
  ✓ feature result identical with the load feed live                   off {"Pitch":"checklist-icon good In tune","Stability":"checklist-icon good Steady","Breath":"checklist-icon good Steady breath support","Register":"checklist-icon good Balanced tone"} | on {"Pitch":"checklist-icon good In tune","Stability":"checklist-icon good Steady","Breath":"checklist-icon good Steady breath support","Register":"checklist-icon good Balanced tone"}
  ✓ no second register stream opened for the load                      on [{"audio":{"echoCancellation":true,"noiseSuppression":false,"autoGainControl":false}}] | off [{"audio":{"echoCancellation":true,"noiseSuppression":false,"autoGainControl":false}}]
  ✓ stored: exactly 1 new session, ended                               [{"active_seconds":7.016,"ended":true,"load":13.5132415041781,"median_rms":0.270519428699575,"p5_midi":60.0024826019166,"p95_midi":60.0028117458281}]
  ✓ active seconds ≈ time the feature listened (7.04 s, −1.8/+0.3)     7.016 s
  ✓ stored load = active × 1.925926 (hand), within 0.5%                stored 13.5132 vs hand 13.5123
  ✓ pitch stored ≈ 60                                                  p5 60.002, p95 60.003
  ✓ gauge moved while the feature ran                                  mid-run 1.7075% vs before 1.6230%
  ✓ gauge = today's stored total / 6800                                "1.8% of daily budget" pct 1.821741 vs 1.821741

-- Emotional Singing (song, runs to the end)
  ✓ reached through its hub, start button visible                      
  ✓ gauge visible in the panel, today's total so far                   "Vocal load today" "1.8% of daily budget"
  ✓ load feed stubbed out: no session stored, no register input opened opened [], rows 8
  ✓ feature result identical with the load feed live                   off {"pitch":"70%","all":"PITCH 70% EXPRESSION 3%"} | on {"pitch":"70%","all":"PITCH 70% EXPRESSION 3%"}
  ✓ both live at once: the feature's own mic + the register input      opened this run [{"audio":{"echoCancellation":true,"noiseSuppression":false,"autoGainControl":false}}]
  ✓ feature's own track still live, unmuted, NS/AGC/EC unchanged       on: ns true agc true ec true muted false | off: ns true agc true ec true
  ✓ feature's own analyser hears the same tone                         on 261.7 Hz rms 0.0294 | off 262 Hz rms 0.0299
  ✓ stored: exactly 1 new session, ended                               [{"active_seconds":26.613,"ended":true,"load":51.2599618426714,"median_rms":0.270565236044261,"p5_midi":60.0025070960937,"p95_midi":60.0028022249976}]
  ✓ active seconds ≈ time the feature listened (26.77 s, −1.8/+0.3)    26.613 s
  ✓ stored load = active × 1.925926 (hand), within 0.5%                stored 51.2600 vs hand 51.2547
  ✓ pitch stored ≈ 60                                                  p5 60.003, p95 60.003
  ✓ gauge moved while the feature ran                                  mid-run 1.9057% vs before 1.8217%
  ✓ gauge = today's stored total / 6800                                "2.6% of daily budget" pct 2.575564 vs 2.575564

-- Range Finder (low captured at 3.5 s, high at 6 s)
  ✓ reached through its hub, start button visible                      
  ✓ gauge visible in the panel, today's total so far                   "Vocal load today" "2.6% of daily budget"
  ✓ load feed stubbed out: no session stored, no register input opened opened [], rows 9
  ✓ feature result identical with the load feed live                   off {"type":"Tenor","span":"C4 → C4"} | on {"type":"Tenor","span":"C4 → C4"}
  ✓ both live at once: the feature's own mic + the register input      opened this run [{"audio":{"echoCancellation":true,"noiseSuppression":false,"autoGainControl":false}}]
  ✓ feature's own track still live, unmuted, NS/AGC/EC unchanged       on: ns true agc true ec true muted false | off: ns true agc true ec true
  ✓ feature's own analyser hears the same tone                         on 261.7 Hz rms 0.0294 | off 262.2 Hz rms 0.0299
  ✓ stored: exactly 1 new session, ended                               [{"active_seconds":6.048,"ended":true,"load":11.6497652897114,"median_rms":0.27058555580709,"p5_midi":60.0025346115229,"p95_midi":60.0028669689703}]
  ✓ active seconds ≈ time the feature listened (6.10 s, −1.8/+0.3)     6.048 s
  ✓ stored load = active × 1.925926 (hand), within 0.5%                stored 11.6498 vs hand 11.6480
  ✓ pitch stored ≈ 60                                                  p5 60.003, p95 60.003
  ✓ gauge moved while the feature ran                                  mid-run 2.6595% vs before 2.5756%
  ✓ gauge = today's stored total / 6800                                "2.7% of daily budget" pct 2.746884 vs 2.746884
  ✓ page errors                                                        none

-- reload: every gauge resumes today's total from the server
  ✓ tuner: same total after reload, not 0                              "2.7% of daily budget"
  ✓ interval: same total after reload, not 0                           "2.7% of daily budget"
  ✓ scale: same total after reload, not 0                              "2.7% of daily budget"
  ✓ breath: same total after reload, not 0                             "2.7% of daily budget"
  ✓ custom: same total after reload, not 0                             "2.7% of daily budget"
  ✓ rhythm: same total after reload, not 0                             "2.7% of daily budget"
  ✓ mirror: same total after reload, not 0                             "2.7% of daily budget"
  ✓ livefb: same total after reload, not 0                             "2.7% of daily budget"
  ✓ emotion: same total after reload, not 0                            "2.7% of daily budget"
  ✓ range: same total after reload, not 0                              "2.7% of daily budget"
  ✓ coach: same total after reload, not 0                              "2.7% of daily budget"
  ✓ daily table = sum of every session                                 [{"day":"2026-10-06","total_load":186.788134914444}] vs 186.7881

-- all four languages (switched with the Profile language buttons)
  ✓ fr: all 11 gauges' label and value in fr                           "Charge vocale du jour" "2,7 % du budget quotidien"
  ✓ es: all 11 gauges' label and value in es                           "Carga vocal de hoy" "2,7 % del presupuesto diario"
  ✓ tr: all 11 gauges' label and value in tr                           "Bugünkü ses yükü" "Günlük bütçe: %2,7"
  ✓ en: all 11 gauges' label and value in en                           "Vocal load today" "2.7% of daily budget"
  ✓ page errors                                                        none

-- Safari user agent: sidecar features open no second stream, store nothing, hide their gauge
  ✓ sidecar blocked for this user agent                                
  ✓ tuner ran on its own stream only, no session stored                opened [], rows 10→10
  ✓ sidecar features' gauges hidden, register-input features' still shown ok

-- signed out
  ✓ every gauge hidden when signed out                                 all hidden

[cleanup] deleted 1 test account(s) this run created; 0 left of voxcoach-vlh-1791298179519@example.com

150 passed, 0 failed
