== local deploy/ + production backend
   mic: 261.63 Hz (MIDI 60)
   signed up voxcoach-vlh-1791015336339@example.com
  ✓ sidecar allowed in this browser (desktop Chromium)                 

-- Entrance & Cutoff Trainer, entrances, Lead (runs to the end of the song)
  ✓ reached through its hub, start button visible                      
  ✓ gauge visible in the panel, today's total so far                   "Vocal load today" "0% of daily budget"
  ✓ load feed stubbed out: no session stored, no register input opened opened [], rows 0
  ✓ feature result identical with the load feed live                   off {"ticks":true,"laterEdges":0,"claimed":"00000000"} | on {"ticks":true,"laterEdges":0,"claimed":"00000000"}
  ✓ both live at once: the feature's own mic + the register input      opened this run [{"audio":{"echoCancellation":true,"noiseSuppression":false,"autoGainControl":false}}]
  ✓ feature's own track still live, unmuted, NS/AGC/EC unchanged       on: ns true agc true ec true muted false | off: ns true agc true ec true
  ✓ feature's own analyser hears the same tone                         on 261.8 Hz rms 0.0294 | off 261.9 Hz rms 0.0302
  ✓ stored: exactly 1 new session, ended                               [{"active_seconds":30.627,"ended":true,"load":58.9911266876715,"median_rms":0.270579530786385,"p5_midi":60.0025055199706,"p95_midi":60.0028309558154}]
  ✓ active seconds ≈ time the feature listened (30.69 s, −1.8/+0.3)    30.627 s
  ✓ stored load = active × 1.925926 (hand), within 0.5%                stored 58.9911 vs hand 58.9853
  ✓ pitch stored ≈ 60                                                  p5 60.003, p95 60.003
  ✓ gauge moved while the feature ran                                  mid-run 0.0834% vs before 0.0000%
  ✓ gauge = today's stored total / 6800                                "0.9% of daily budget" pct 0.867517 vs 0.867517

-- Choir Bosses, the first boss, Lead (runs to the end or the boss wins)
  ✓ reached through its hub, start button visible                      
  ✓ gauge visible in the panel, today's total so far                   "Vocal load today" "0.9% of daily budget"
  ✓ load feed stubbed out: no session stored, no register input opened opened [], rows 1
  ✓ feature result identical with the load feed live                   off {"held":"10111101","score":75,"passed":true,"stoppedAt":null} | on {"held":"10111101","score":75,"passed":true,"stoppedAt":null}
  ✓ both live at once: the feature's own mic + the register input      opened this run [{"audio":{"echoCancellation":true,"noiseSuppression":false,"autoGainControl":false}}]
  ✓ feature's own track still live, unmuted, NS/AGC/EC unchanged       on: ns true agc true ec true muted false | off: ns true agc true ec true
  ✓ feature's own analyser hears the same tone                         on 261.7 Hz rms 0.0294 | off 261.7 Hz rms 0.0294
  ✗ stored: exactly 1 new session, ended                               []
  ✗ active seconds ≈ time the feature listened (30.41 s, −1.8/+0.3)    NaN s
  ✗ stored load = active × 1.925926 (hand), within 0.5%                stored NaN vs hand NaN
  ✗ pitch stored ≈ 60                                                  p5 NaN, p95 NaN
  ✓ gauge moved while the feature ran                                  mid-run 0.9517% vs before 0.8675%
  ✗ gauge = today's stored total / 6800                                "1.7% of daily budget" pct 1.727230 vs NaN

-- Chaos Mode, Lead (seeded plan, runs to the end)
  ✓ reached through its hub, start button visible                      
  ✗ gauge visible in the panel, today's total so far                   "Vocal load today" "1.7% of daily budget"
  ✓ load feed stubbed out: no session stored, no register input opened opened [], rows 1
  ✓ feature result identical with the load feed live                   off {"held":"10111101","score":75,"passed":true,"stoppedAt":null} | on {"held":"10111101","score":75,"passed":true,"stoppedAt":null}
  ✓ both live at once: the feature's own mic + the register input      opened this run [{"audio":{"echoCancellation":true,"noiseSuppression":false,"autoGainControl":false}}]
  ✓ feature's own track still live, unmuted, NS/AGC/EC unchanged       on: ns true agc true ec true muted false | off: ns true agc true ec true
  ✓ feature's own analyser hears the same tone                         on 261.8 Hz rms 0.0295 | off 261.7 Hz rms 0.0294
  ✓ stored: exactly 1 new session, ended                               [{"active_seconds":30.337,"ended":true,"load":58.4320499209584,"median_rms":0.270587128615236,"p5_midi":60.0024187518576,"p95_midi":60.0028558386278}]
  ✓ active seconds ≈ time the feature listened (30.47 s, −1.8/+0.3)    30.337 s
  ✓ stored load = active × 1.925926 (hand), within 0.5%                stored 58.4320 vs hand 58.4268
  ✓ pitch stored ≈ 60                                                  p5 60.002, p95 60.003
  ✗ gauge moved while the feature ran                                  mid-run 0.9517% vs before NaN%
  ✗ gauge = today's stored total / 6800                                "1.7% of daily budget" pct 1.726811 vs NaN

-- Tempo/Key Ladder, rung 1 up, Lead (runs to the end)
  ✓ reached through its hub, start button visible                      
  ✗ gauge visible in the panel, today's total so far                   "Vocal load today" "1.7% of daily budget"
  ✓ load feed stubbed out: no session stored, no register input opened opened [], rows 2
  ✓ feature result identical with the load feed live                   off {"held":"10111101","score":75,"passed":true,"stoppedAt":null} | on {"held":"10111101","score":75,"passed":true,"stoppedAt":null}
  ✓ both live at once: the feature's own mic + the register input      opened this run [{"audio":{"echoCancellation":true,"noiseSuppression":false,"autoGainControl":false}}]
  ✓ feature's own track still live, unmuted, NS/AGC/EC unchanged       on: ns true agc true ec true muted false | off: ns true agc true ec true
  ✓ feature's own analyser hears the same tone                         on 261.7 Hz rms 0.0294 | off 262.2 Hz rms 0.03
  ✓ stored: exactly 1 new session, ended                               [{"active_seconds":30.338,"ended":true,"load":58.4333897225679,"median_rms":0.270574039051643,"p5_midi":60.002439495052,"p95_midi":60.0029430732356}]
  ✓ active seconds ≈ time the feature listened (30.48 s, −1.8/+0.3)    30.338 s
  ✓ stored load = active × 1.925926 (hand), within 0.5%                stored 58.4334 vs hand 58.4287
  ✓ pitch stored ≈ 60                                                  p5 60.002, p95 60.003
  ✗ gauge moved while the feature ran                                  mid-run 1.8110% vs before NaN%
  ✗ gauge = today's stored total / 6800                                "2.6% of daily budget" pct 2.586126 vs NaN

-- The Vocal Rift (seeded rounds, runs the full 60 s)
  ✓ reached through its hub, start button visible                      
  ✗ gauge visible in the panel, today's total so far                   "Vocal load today" "2.6% of daily budget"
  ✓ load feed stubbed out: no session stored, no register input opened opened [], rows 3
  ✓ feature result identical with the load feed live                   off [{"type":"Pitch","target":48,"acc":99},{"type":"Quick Catch","target":65,"acc":null},{"type":"Sustain Hold","target":58,"acc":0},{"type":"Pitch","target":50,"acc":0},{"type":"Interval Jump","target":52,"acc":null},{"type":"Pitch","target":56,"acc":null},{"type":"Sustain Hold","target":55,"acc":null},{"type":"Quick Catch","target":65,"acc":null},{"type":"Quick Catch","target":57,"acc":null},{"type":"Interval Jump","target":59,"acc":39},{"type":"Quick Catch","target":66,"acc":null},{"type":"Pitch","target":59,"acc":39},{"type":"Interval Jump","target":52,"acc":null},{"type":"Interval Jump","target":56,"acc":null},{"type":"Quick Catch","target":68,"acc":null},{"type":"Pitch","target":71,"acc":39},{"type":"Quick Catch","target":62,"acc":0},{"type":"Sustain Hold","target":57,"acc":null},{"type":"Sustain Hold","target":64,"acc":null},{"type":"Sustain Hold","target":55,"acc":null},{"type":"Sustain Hold","target":57,"acc":null},{"type":"Quick Catch","target":47,"acc":39},{"type":"Pitch","target":50,"acc":0},{"type":"Sustain Hold","target":58,"acc":0},{"type":"Sustain Hold","target":57,"acc":null},{"type":"Quick Catch","target":48,"acc":99}] | on [{"type":"Pitch","target":48,"acc":99},{"type":"Quick Catch","target":65,"acc":null},{"type":"Sustain Hold","target":58,"acc":0},{"type":"Pitch","target":50,"acc":0},{"type":"Interval Jump","target":52,"acc":null},{"type":"Pitch","target":56,"acc":null},{"type":"Sustain Hold","target":55,"acc":null},{"type":"Quick Catch","target":65,"acc":null},{"type":"Quick Catch","target":57,"acc":null},{"type":"Interval Jump","target":59,"acc":39},{"type":"Quick Catch","target":66,"acc":null},{"type":"Pitch","target":59,"acc":39},{"type":"Interval Jump","target":52,"acc":null},{"type":"Interval Jump","target":56,"acc":null},{"type":"Quick Catch","target":68,"acc":null},{"type":"Pitch","target":71,"acc":39},{"type":"Quick Catch","target":62,"acc":0},{"type":"Sustain Hold","target":57,"acc":null},{"type":"Sustain Hold","target":64,"acc":null},{"type":"Sustain Hold","target":55,"acc":null},{"type":"Sustain Hold","target":57,"acc":null},{"type":"Quick Catch","target":47,"acc":39},{"type":"Pitch","target":50,"acc":0},{"type":"Sustain Hold","target":58,"acc":0},{"type":"Sustain Hold","target":57,"acc":null},{"type":"Quick Catch","target":48,"acc":99}]
  ✓ both live at once: the feature's own mic + the register input      opened this run [{"audio":{"echoCancellation":true,"noiseSuppression":false,"autoGainControl":false}}]
  ✓ feature's own track still live, unmuted, NS/AGC/EC unchanged       on: ns true agc true ec true muted false | off: ns true agc true ec true
  ✓ feature's own analyser hears the same tone                         on 262 Hz rms 0.0295 | off 261.7 Hz rms 0.0294
  ✓ stored: exactly 1 new session, ended                               [{"active_seconds":59.953,"ended":true,"load":115.479235921142,"median_rms":0.270592897685468,"p5_midi":60.0024605648554,"p95_midi":60.0029399437765}]
  ✓ active seconds ≈ time the feature listened (60.11 s, −1.8/+0.3)    59.953 s
  ✓ stored load = active × 1.925926 (hand), within 0.5%                stored 115.4792 vs hand 115.4650
  ✓ pitch stored ≈ 60                                                  p5 60.002, p95 60.003
  ✗ gauge moved while the feature ran                                  mid-run 2.6698% vs before NaN%
  ✗ gauge = today's stored total / 6800                                "4.3% of daily budget" pct 4.284350 vs NaN

-- Pitch Dragon weakest-note training: Listen & score (C4, 1.6 s)
  ✓ reached through its hub, start button visible                      
  ✗ gauge visible in the panel, today's total so far                   "Vocal load today" "4.3% of daily budget"
  ✓ load feed stubbed out: no session stored, no register input opened opened [], rows 4
  ✓ feature result identical with the load feed live                   off {"acc":"99%"} | on {"acc":"99%"}
  ✓ both live at once: the feature's own mic + the register input      opened this run [{"audio":{"echoCancellation":true,"noiseSuppression":false,"autoGainControl":false}}]
  ✓ feature's own track still live, unmuted, NS/AGC/EC unchanged       on: ns true agc true ec true muted false | off: ns true agc true ec true
  ✓ feature's own analyser hears the same tone                         on 261.7 Hz rms 0.0294 | off 262.1 Hz rms 0.0301
  ✓ stored: exactly 1 new session, ended                               [{"active_seconds":1.533,"ended":true,"load":2.95327470891492,"median_rms":0.26972633787045,"p5_midi":60.0026405364205,"p95_midi":60.0026820859767}]
  ✓ active seconds ≈ time the feature listened (1.63 s, −1.8/+0.3)     1.533 s
  ✓ stored load = active × 1.925926 (hand), within 0.5%                stored 2.9533 vs hand 2.9524
  ✓ pitch stored ≈ 60                                                  p5 60.003, p95 60.003
  ✗ gauge = today's stored total / 6800                                "4.3% of daily budget" pct 4.327781 vs NaN

-- Ear → Voice → Ear (seeded notes, runs to the end)
  ✓ reached through its hub, start button visible                      
  ✗ gauge visible in the panel, today's total so far                   "Vocal load today" "4.3% of daily budget"
  ✓ load feed stubbed out: no session stored, no register input opened opened [], rows 5
  ✓ feature result identical with the load feed live                   off {"first":"99%","second":"99%","note":"Your unaided step held up just as well — exactly the same. Real retained pitch memory."} | on {"first":"99%","second":"99%","note":"Your unaided step held up just as well — exactly the same. Real retained pitch memory."}
  ✓ both live at once: the feature's own mic + the register input      opened this run [{"audio":{"echoCancellation":true,"noiseSuppression":false,"autoGainControl":false}}]
  ✓ feature's own track still live, unmuted, NS/AGC/EC unchanged       on: ns true agc true ec true muted false | off: ns true agc true ec true
  ✓ feature's own analyser hears the same tone                         on 261.8 Hz rms 0.0294 | off 261.7 Hz rms 0.0294
  ✓ stored: exactly 1 new session, ended                               [{"active_seconds":6.971,"ended":true,"load":13.4265855631886,"median_rms":0.270613977330175,"p5_midi":60.0025661931039,"p95_midi":60.0027799964265}]
  ✓ active seconds ≈ time the feature listened (7.11 s, −1.8/+0.3)     6.971 s
  ✓ stored load = active × 1.925926 (hand), within 0.5%                stored 13.4266 vs hand 13.4256
  ✓ pitch stored ≈ 60                                                  p5 60.003, p95 60.003
  ✗ gauge moved while the feature ran                                  mid-run 4.4115% vs before NaN%
  ✗ gauge = today's stored total / 6800                                "4.5% of daily budget" pct 4.525230 vs NaN

-- Sing It 5 Ways (runs to the end)
  ✓ reached through its hub, start button visible                      
  ✗ gauge visible in the panel, today's total so far                   "Vocal load today" "4.5% of daily budget"
  ✓ load feed stubbed out: no session stored, no register input opened opened [], rows 6
  ✓ feature result identical with the load feed live                   off [{"midi":60,"heard":true,"acc":99},{"midi":61,"heard":true,"acc":41},{"midi":59,"heard":true,"acc":39},{"midi":60,"heard":true,"acc":99},{"midi":60,"heard":true,"acc":99}] | on [{"midi":60,"heard":true,"acc":99},{"midi":61,"heard":true,"acc":41},{"midi":59,"heard":true,"acc":39},{"midi":60,"heard":true,"acc":99},{"midi":60,"heard":true,"acc":99}]
  ✓ both live at once: the feature's own mic + the register input      opened this run [{"audio":{"echoCancellation":true,"noiseSuppression":false,"autoGainControl":false}}]
  ✓ feature's own track still live, unmuted, NS/AGC/EC unchanged       on: ns true agc true ec true muted false | off: ns true agc true ec true
  ✓ feature's own analyser hears the same tone                         on 262.2 Hz rms 0.03 | off 261.7 Hz rms 0.03
  ✓ stored: exactly 1 new session, ended                               [{"active_seconds":15.016,"ended":true,"load":28.9227506550352,"median_rms":0.270591843393085,"p5_midi":60.0024410891473,"p95_midi":60.0029440958774}]
  ✓ active seconds ≈ time the feature listened (15.11 s, −1.8/+0.3)    15.016 s
  ✓ stored load = active × 1.925926 (hand), within 0.5%                stored 28.9228 vs hand 28.9197
  ✓ pitch stored ≈ 60                                                  p5 60.002, p95 60.003
  ✗ gauge moved while the feature ran                                  mid-run 4.6088% vs before NaN%
  ✗ gauge = today's stored total / 6800                                "5% of daily budget" pct 4.950565 vs NaN

-- One Take (today's take cleared before each run)
  ✓ reached through its hub, start button visible                      
  ✗ gauge visible in the panel, today's total so far                   "Vocal load today" "5% of daily budget"
  ✓ load feed stubbed out: no session stored, no register input opened opened [], rows 7
  ✓ feature result identical with the load feed live                   off {"pitch":99,"stability":96,"timing":100,"heard":true} | on {"pitch":99,"stability":96,"timing":100,"heard":true}
  ✓ both live at once: the feature's own mic + the register input      opened this run [{"audio":{"echoCancellation":true,"noiseSuppression":false,"autoGainControl":false}}]
  ✓ feature's own track still live, unmuted, NS/AGC/EC unchanged       on: ns true agc true ec true muted false | off: ns true agc true ec true
  ✓ feature's own analyser hears the same tone                         on 261.7 Hz rms 0.0294 | off 261.9 Hz rms 0.0302
  ✓ stored: exactly 1 new session, ended                               [{"active_seconds":7.234,"ended":true,"load":13.9330016394334,"median_rms":0.270561641587767,"p5_midi":60.0024387054826,"p95_midi":60.0036900299671}]
  ✓ active seconds ≈ time the feature listened (7.36 s, −1.8/+0.3)     7.234 s
  ✓ stored load = active × 1.925926 (hand), within 0.5%                stored 13.9330 vs hand 13.9321
  ✓ pitch stored ≈ 60                                                  p5 60.002, p95 60.004
  ✗ gauge moved while the feature ran                                  mid-run 5.0336% vs before NaN%
  ✗ gauge = today's stored total / 6800                                "5.2% of daily budget" pct 5.155462 vs NaN

-- Can You Hear Your Mistake: the right pick, then the sing-back (1.6 s)
  ✓ reached through its hub, start button visible                      
  ✗ gauge visible in the panel, today's total so far                   "Vocal load today" "5.2% of daily budget"
  ✓ load feed stubbed out: no session stored, no register input opened opened [], rows 8
  ✓ feature result identical with the load feed live                   off {"acc":"99%","title":"Correct pick!"} | on {"acc":"99%","title":"Correct pick!"}
  ✓ both live at once: the feature's own mic + the register input      opened this run [{"audio":{"echoCancellation":true,"noiseSuppression":false,"autoGainControl":false}}]
  ✓ feature's own track still live, unmuted, NS/AGC/EC unchanged       on: ns true agc true ec true muted false | off: ns true agc true ec true
  ✓ feature's own analyser hears the same tone                         on 261.7 Hz rms 0.0295 | off 261.7 Hz rms 0.0295
  ✓ stored: exactly 1 new session, ended                               [{"active_seconds":1.571,"ended":true,"load":3.02684605904863,"median_rms":0.268519379089659,"p5_midi":60.0024962309944,"p95_midi":60.0028196776778}]
  ✓ active seconds ≈ time the feature listened (1.65 s, −1.8/+0.3)     1.571 s
  ✓ stored load = active × 1.925926 (hand), within 0.5%                stored 3.0268 vs hand 3.0256
  ✓ pitch stored ≈ 60                                                  p5 60.002, p95 60.003
  ✗ gauge = today's stored total / 6800                                "5.2% of daily budget" pct 5.199974 vs NaN

-- Emotion Mode: Tender, then a seeded second intention (runs to the end)
  ✓ reached through its hub, start button visible                      
  ✗ gauge visible in the panel, today's total so far                   "Vocal load today" "5.2% of daily budget"
  ✓ load feed stubbed out: no session stored, no register input opened opened [], rows 9
  ✓ feature result identical with the load feed live                   off [{"intent":"tender","heard":true,"stability":96},{"intent":"powerful","heard":true,"stability":96}] | on [{"intent":"tender","heard":true,"stability":96},{"intent":"powerful","heard":true,"stability":96}]
  ✓ both live at once: the feature's own mic + the register input      opened this run [{"audio":{"echoCancellation":true,"noiseSuppression":false,"autoGainControl":false}}]
  ✓ feature's own track still live, unmuted, NS/AGC/EC unchanged       on: ns true agc true ec true muted false | off: ns true agc true ec true
  ✓ feature's own analyser hears the same tone                         on 261.7 Hz rms 0.0295 | off 261.7 Hz rms 0.03
  ✓ stored: exactly 1 new session, ended                               [{"active_seconds":7.751,"ended":true,"load":14.9283547488503,"median_rms":0.270601404590159,"p5_midi":60.0024341646272,"p95_midi":60.0029720699916}]
  ✓ active seconds ≈ time the feature listened (7.84 s, −1.8/+0.3)     7.751 s
  ✓ stored load = active × 1.925926 (hand), within 0.5%                stored 14.9284 vs hand 14.9279
  ✓ pitch stored ≈ 60                                                  p5 60.002, p95 60.003
  ✗ gauge moved while the feature ran                                  mid-run 5.2831% vs before NaN%
  ✗ gauge = today's stored total / 6800                                "5.4% of daily budget" pct 5.419509 vs NaN

-- Performance Director (runs to the end of the song)
  ✓ reached through its hub, start button visible                      
  ✗ gauge visible in the panel, today's total so far                   "Vocal load today" "5.4% of daily budget"
  ✓ load feed stubbed out: no session stored, no register input opened opened [], rows 10
  ✓ feature result identical with the load feed live                   off {"notes":"99/100 0/100 99/100 99/100 99/100 99/100 0/100 99/100"} | on {"notes":"99/100 0/100 99/100 99/100 99/100 99/100 0/100 99/100"}
  ✓ both live at once: the feature's own mic + the register input      opened this run [{"audio":{"echoCancellation":true,"noiseSuppression":false,"autoGainControl":false}}]
  ✓ feature's own track still live, unmuted, NS/AGC/EC unchanged       on: ns true agc true ec true muted false | off: ns true agc true ec true
  ✓ feature's own analyser hears the same tone                         on 261.7 Hz rms 0.0294 | off 261.7 Hz rms 0.0298
  ✓ stored: exactly 1 new session, ended                               [{"active_seconds":26.616,"ended":true,"load":51.2642659666327,"median_rms":0.270604088925381,"p5_midi":60.0025866095244,"p95_midi":60.0027531584541}]
  ✓ active seconds ≈ time the feature listened (26.71 s, −1.8/+0.3)    26.616 s
  ✓ stored load = active × 1.925926 (hand), within 0.5%                stored 51.2643 vs hand 51.2604
  ✓ pitch stored ≈ 60                                                  p5 60.003, p95 60.003
  ✗ gauge moved while the feature ran                                  mid-run 5.5031% vs before NaN%
  ✗ gauge = today's stored total / 6800                                "6.2% of daily budget" pct 6.173395 vs NaN
  ✗ page errors                                                        vocal load checkpoint not saved end TypeError: Failed to fetch
    at apiFetch (http://localhost:8765/:5218:21)
    at async save (http://localhost:8765/vocal-load-store.js:69:13)

-- reload: every gauge resumes today's total from the server
  ✗ tt: same total after reload, not 0                                 "6.2% of daily budget"
  ✗ cb: same total after reload, not 0                                 "6.2% of daily budget"
  ✗ cx: same total after reload, not 0                                 "6.2% of daily budget"
  ✗ tk: same total after reload, not 0                                 "6.2% of daily budget"
  ✗ rift: same total after reload, not 0                               "6.2% of daily budget"
  ✗ bosstrain: same total after reload, not 0                          "6.2% of daily budget"
  ✗ eve: same total after reload, not 0                                "6.2% of daily budget"
  ✗ five: same total after reload, not 0                               "6.2% of daily budget"
  ✗ onetake: same total after reload, not 0                            "6.2% of daily budget"
  ✗ hm: same total after reload, not 0                                 "6.2% of daily budget"
  ✗ emo: same total after reload, not 0                                "6.2% of daily budget"
  ✗ pd: same total after reload, not 0                                 "6.2% of daily budget"
  ✗ coach: same total after reload, not 0                              "6.2% of daily budget"
  ✗ daily table = sum of every session                                 [{"day":"2026-10-03","total_load":419.790881593444}] vs NaN

-- all four languages (switched with the Profile language buttons)
  ✗ fr: all 13 gauges' label and value in fr                           tt: "Charge vocale du jour" "6,2 % du budget quotidien"; cb: "Charge vocale du jour" "6,2 % du budget quotidien"; cx: "Charge vocale du jour" "6,2 % du budget quotidien"; tk: "Charge vocale du jour" "6,2 % du budget quotidien"; rift: "Charge vocale du jour" "6,2 % du budget quotidien"; bosstrain: "Charge vocale du jour" "6,2 % du budget quotidien"; eve: "Charge vocale du jour" "6,2 % du budget quotidien"; five: "Charge vocale du jour" "6,2 % du budget quotidien"; onetake: "Charge vocale du jour" "6,2 % du budget quotidien"; hm: "Charge vocale du jour" "6,2 % du budget quotidien"; emo: "Charge vocale du jour" "6,2 % du budget quotidien"; pd: "Charge vocale du jour" "6,2 % du budget quotidien"; coach: "Charge vocale du jour" "6,2 % du budget quotidien"
  ✗ es: all 13 gauges' label and value in es                           tt: "Carga vocal de hoy" "6,2 % del presupuesto diario"; cb: "Carga vocal de hoy" "6,2 % del presupuesto diario"; cx: "Carga vocal de hoy" "6,2 % del presupuesto diario"; tk: "Carga vocal de hoy" "6,2 % del presupuesto diario"; rift: "Carga vocal de hoy" "6,2 % del presupuesto diario"; bosstrain: "Carga vocal de hoy" "6,2 % del presupuesto diario"; eve: "Carga vocal de hoy" "6,2 % del presupuesto diario"; five: "Carga vocal de hoy" "6,2 % del presupuesto diario"; onetake: "Carga vocal de hoy" "6,2 % del presupuesto diario"; hm: "Carga vocal de hoy" "6,2 % del presupuesto diario"; emo: "Carga vocal de hoy" "6,2 % del presupuesto diario"; pd: "Carga vocal de hoy" "6,2 % del presupuesto diario"; coach: "Carga vocal de hoy" "6,2 % del presupuesto diario"
  ✗ tr: all 13 gauges' label and value in tr                           tt: "Bugünkü ses yükü" "Günlük bütçe: %6,2"; cb: "Bugünkü ses yükü" "Günlük bütçe: %6,2"; cx: "Bugünkü ses yükü" "Günlük bütçe: %6,2"; tk: "Bugünkü ses yükü" "Günlük bütçe: %6,2"; rift: "Bugünkü ses yükü" "Günlük bütçe: %6,2"; bosstrain: "Bugünkü ses yükü" "Günlük bütçe: %6,2"; eve: "Bugünkü ses yükü" "Günlük bütçe: %6,2"; five: "Bugünkü ses yükü" "Günlük bütçe: %6,2"; onetake: "Bugünkü ses yükü" "Günlük bütçe: %6,2"; hm: "Bugünkü ses yükü" "Günlük bütçe: %6,2"; emo: "Bugünkü ses yükü" "Günlük bütçe: %6,2"; pd: "Bugünkü ses yükü" "Günlük bütçe: %6,2"; coach: "Bugünkü ses yükü" "Günlük bütçe: %6,2"
  ✗ en: all 13 gauges' label and value in en                           tt: "Vocal load today" "6.2% of daily budget"; cb: "Vocal load today" "6.2% of daily budget"; cx: "Vocal load today" "6.2% of daily budget"; tk: "Vocal load today" "6.2% of daily budget"; rift: "Vocal load today" "6.2% of daily budget"; bosstrain: "Vocal load today" "6.2% of daily budget"; eve: "Vocal load today" "6.2% of daily budget"; five: "Vocal load today" "6.2% of daily budget"; onetake: "Vocal load today" "6.2% of daily budget"; hm: "Vocal load today" "6.2% of daily budget"; emo: "Vocal load today" "6.2% of daily budget"; pd: "Vocal load today" "6.2% of daily budget"; coach: "Vocal load today" "6.2% of daily budget"
  ✓ page errors                                                        none

-- Safari user agent: sidecar features open no second stream, store nothing, hide their gauge
  ✓ sidecar blocked for this user agent                                
  ✓ eve ran on its own stream only, no session stored                  opened [], rows 11→11
  ✓ sidecar features' gauges hidden, register-input features' still shown ok

-- signed out
  ✓ every gauge hidden when signed out                                 all hidden

[cleanup] deleted 1 test account(s) this run created; 0 left of voxcoach-vlh-1791015336339@example.com

127 passed, 52 failed
