[sweep] deleted 0 leftover voxcoach-vlb-* account(s) from earlier runs
== local deploy/ + production backend
   mic: 261.63 Hz (MIDI 60)
   signed up voxcoach-vlb-1791142852979@example.com
  ✓ sidecar allowed in this browser (desktop Chromium)                 

-- Pitch Match (drill): target C4, a pass
  ✓ reached through its hub, start button visible                      
  ✓ gauge visible in the panel, today's total so far                   "Vocal load today" "0% of daily budget"
  ✓ sidecar stubbed out: no register input opened, no session stored   opened [], rows 0
  ✓ feature result identical with the sidecar live                     off {"acc":"99%","fb":"Right on it."} | on {"acc":"99%","fb":"Right on it."}
  ✓ both live at once: the feature's own mic + the register input      opened this run [{"audio":{"echoCancellation":true,"noiseSuppression":false,"autoGainControl":false}}]
  ✓ feature's own track still live, unmuted, NS/AGC/EC unchanged       on: ns true agc true ec true muted false | off: ns true agc true ec true
  ✓ feature's own analyser hears the same tone                         on 262 Hz rms 0.0295 | off 261.8 Hz rms 0.0295
  ✓ stored: exactly 1 new session, ended                               [{"active_seconds":2.953,"ended":true,"load":5.6875348417133,"median_rms":0.270443510405599,"p5_midi":60.0024748317652,"p95_midi":60.0027328369861}]
  ✓ active seconds ≈ time the feature listened (3.11 s, −1.8/+0.3)     2.953 s
  ✓ stored load = active × 1.925926 (hand), within 0.5%                stored 5.6875 vs hand 5.6873
  ✓ pitch stored ≈ 60                                                  p5 60.002, p95 60.003
  ✓ gauge = today's stored total / 6800                                "0.1% of daily budget" pct 0.083640 vs 0.083640

-- Pitch Match (drill): target D4, a miss
  ✓ reached through its hub, start button visible                      
  ✓ gauge visible in the panel, today's total so far                   "Vocal load today" "0.1% of daily budget"
  ✓ sidecar stubbed out: no register input opened, no session stored   opened [], rows 1
  ✓ feature result identical with the sidecar live                     off {"acc":"11%","fb":"Off target — try matching the tone before you start singing."} | on {"acc":"11%","fb":"Off target — try matching the tone before you start singing."}
  ✓ both live at once: the feature's own mic + the register input      opened this run [{"audio":{"echoCancellation":true,"noiseSuppression":false,"autoGainControl":false}}]
  ✓ feature's own track still live, unmuted, NS/AGC/EC unchanged       on: ns true agc true ec true muted false | off: ns true agc true ec true
  ✓ feature's own analyser hears the same tone                         on 262.1 Hz rms 0.0301 | off 261.7 Hz rms 0.0294
  ✓ stored: exactly 1 new session, ended                               [{"active_seconds":2.931,"ended":true,"load":5.64459703613994,"median_rms":0.270503525086409,"p5_midi":60.0023919418499,"p95_midi":60.0028725942053}]
  ✓ active seconds ≈ time the feature listened (3.01 s, −1.8/+0.3)     2.931 s
  ✓ stored load = active × 1.925926 (hand), within 0.5%                stored 5.6446 vs hand 5.6449
  ✓ pitch stored ≈ 60                                                  p5 60.002, p95 60.003
  ✓ gauge = today's stored total / 6800                                "0.2% of daily budget" pct 0.166649 vs 0.166649

-- Stay in Key (song drill, runs to the end)
  ✓ reached through its hub, start button visible                      
  ✓ gauge visible in the panel, today's total so far                   "Vocal load today" "0.2% of daily budget"
  ✓ sidecar stubbed out: no register input opened, no session stored   opened [], rows 2
  ✓ feature result identical with the sidecar live                     off {"shown":"75%","inKeyShare":0.75} | on {"shown":"75%","inKeyShare":0.75}
  ✓ both live at once: the feature's own mic + the register input      opened this run [{"audio":{"echoCancellation":true,"noiseSuppression":false,"autoGainControl":false}}]
  ✓ feature's own track still live, unmuted, NS/AGC/EC unchanged       on: ns true agc true ec true muted false | off: ns true agc true ec true
  ✓ feature's own analyser hears the same tone                         on 261.7 Hz rms 0.0294 | off 262.3 Hz rms 0.0299
  ✓ stored: exactly 1 new session, ended                               [{"active_seconds":26.615,"ended":true,"load":51.262311015298,"median_rms":0.27057250189976,"p5_midi":60.0025301739708,"p95_midi":60.0027993365628}]
  ✓ active seconds ≈ time the feature listened (26.66 s, −1.8/+0.3)    26.615 s
  ✓ stored load = active × 1.925926 (hand), within 0.5%                stored 51.2623 vs hand 51.2585
  ✓ pitch stored ≈ 60                                                  p5 60.003, p95 60.003
  ✓ gauge moved while the feature ran                                  mid-run 0.3073% vs before 0.1666%
  ✓ gauge = today's stored total / 6800                                "0.9% of daily budget" pct 0.920507 vs 0.920507

-- Karaoke (song game, runs to the end)
  ✓ reached through its hub, start button visible                      
  ✓ gauge visible in the panel, today's total so far                   "Vocal load today" "0.9% of daily budget"
  ✓ sidecar stubbed out: no register input opened, no session stored   opened [], rows 3
  ✓ feature result identical with the sidecar live                     off {"notes":"99/100/h 0/100/h 99/100/h 99/100/h 99/100/h 99/100/h 0/100/h 99/100/h","pitch":"74%","timing":"100%"} | on {"notes":"99/100/h 0/100/h 99/100/h 99/100/h 99/100/h 99/100/h 0/100/h 99/100/h","pitch":"74%","timing":"100%"}
  ✓ both live at once: the feature's own mic + the register input      opened this run [{"audio":{"echoCancellation":true,"noiseSuppression":false,"autoGainControl":false}}]
  ✓ feature's own track still live, unmuted, NS/AGC/EC unchanged       on: ns true agc true ec true muted false | off: ns true agc true ec true
  ✓ feature's own analyser hears the same tone                         on 261.7 Hz rms 0.0294 | off 261.6 Hz rms 0.0294
  ✓ stored: exactly 1 new session, ended                               [{"active_seconds":26.614,"ended":true,"load":51.261128355572,"median_rms":0.270580844412251,"p5_midi":60.0024410897843,"p95_midi":60.0028972727727}]
  ✓ active seconds ≈ time the feature listened (26.69 s, −1.8/+0.3)    26.614 s
  ✓ stored load = active × 1.925926 (hand), within 0.5%                stored 51.2611 vs hand 51.2566
  ✓ pitch stored ≈ 60                                                  p5 60.002, p95 60.003
  ✓ gauge moved while the feature ran                                  mid-run 1.0611% vs before 0.9205%
  ✓ gauge = today's stored total / 6800                                "1.7% of daily budget" pct 1.674347 vs 1.674347

-- Harmony Memory stage 1, Lead (Choir World individual practice)
  ✓ reached through its hub, start button visible                      
  ✓ gauge visible in the panel, today's total so far                   "Vocal load today" "1.7% of daily budget"
  ✓ sidecar stubbed out: no register input opened, no session stored   opened [], rows 4
  ✓ feature result identical with the sidecar live                     off {"held":"10111101","score":75,"passed":true} | on {"held":"10111101","score":75,"passed":true}
  ✓ both live at once: the feature's own mic + the register input      opened this run [{"audio":{"echoCancellation":true,"noiseSuppression":false,"autoGainControl":false}}]
  ✓ feature's own track still live, unmuted, NS/AGC/EC unchanged       on: ns true agc true ec true muted false | off: ns true agc true ec true
  ✓ feature's own analyser hears the same tone                         on 261.7 Hz rms 0.0295 | off 261.7 Hz rms 0.0294
  ✓ stored: exactly 1 new session, ended                               [{"active_seconds":30.331,"ended":true,"load":58.4198586009321,"median_rms":0.270584701092704,"p5_midi":60.0025018928158,"p95_midi":60.0029038833542}]
  ✓ active seconds ≈ time the feature listened (30.44 s, −1.8/+0.3)    30.331 s
  ✓ stored load = active × 1.925926 (hand), within 0.5%                stored 58.4199 vs hand 58.4153
  ✓ pitch stored ≈ 60                                                  p5 60.003, p95 60.003
  ✓ gauge moved while the feature ran                                  mid-run 1.8151% vs before 1.6743%
  ✓ gauge = today's stored total / 6800                                "2.5% of daily budget" pct 2.533462 vs 2.533462
  ✓ page errors                                                        none

-- reload: every gauge resumes today's total from the server
  ✓ pitch: same total after reload, not 0                              "2.5% of daily budget"
  ✓ staykey: same total after reload, not 0                            "2.5% of daily budget"
  ✓ karaoke: same total after reload, not 0                            "2.5% of daily budget"
  ✓ hmem: same total after reload, not 0                               "2.5% of daily budget"
  ✓ glider: same total after reload, not 0                             "2.5% of daily budget"
  ✓ boss: same total after reload, not 0                               "2.5% of daily budget"
  ✓ coach: same total after reload, not 0                              "2.5% of daily budget"

-- Pitch Dragon boss, beginner (runs to the end)
  ✓ reached through its hub, start button visible                      
  ✓ gauge visible in the panel, today's total so far                   "Vocal load today" "2.5% of daily budget"
  ✓ sidecar stubbed out: no register input opened, no session stored   opened [], rows 5
  ✓ feature result identical with the sidecar live                     off {"boss":0,"player":82,"notes":"99 0 99 99 99 99 0"} | on {"boss":0,"player":82,"notes":"99 0 99 99 99 99 0"}
  ✓ both live at once: the feature's own mic + the register input      opened this run [{"audio":{"echoCancellation":true,"noiseSuppression":false,"autoGainControl":false}}]
  ✓ feature's own track still live, unmuted, NS/AGC/EC unchanged       on: ns true agc true ec true muted false | off: ns true agc true ec true
  ✓ feature's own analyser hears the same tone                         on 262.3 Hz rms 0.0304 | off 262.3 Hz rms 0.0299
  ✓ stored: exactly 1 new session, ended                               [{"active_seconds":19.931,"ended":true,"load":38.3889358344328,"median_rms":0.270620362969113,"p5_midi":60.0023386332407,"p95_midi":60.0029255191962}]
  ✓ active seconds ≈ time the feature listened (20.11 s, −1.8/+0.3)    19.931 s
  ✓ stored load = active × 1.925926 (hand), within 0.5%                stored 38.3889 vs hand 38.3856
  ✓ pitch stored ≈ 60                                                  p5 60.002, p95 60.003
  ✓ gauge moved while the feature ran                                  mid-run 2.6731% vs before 2.5335%
  ✓ gauge = today's stored total / 6800                                "3.1% of daily budget" pct 3.098005 vs 3.098005
  ✓ page errors                                                        none

   mic: 202.29 Hz (MIDI 55.546875)

-- Glider (arcade game, Melody Road, beginner; runs until the crash)
  ✓ reached through its hub, start button visible                      
  ✓ gauge visible in the panel, today's total so far                   "Vocal load today" "3.1% of daily budget"
  ✓ sidecar stubbed out: no register input opened, no session stored   opened [], rows 6
  ✓ feature result identical with the sidecar live                     off {"score":497,"coins":18,"title":"end","startY":230,"firstGapY":230,"tookOffOnFrame":1} | on {"score":496,"coins":18,"title":"end","startY":230,"firstGapY":230,"tookOffOnFrame":1}
  ✓ off: starts at the first gap's centre, takes off on frame 1 (no wait) start y 230, first gap 230, took off on frame 1
  ✓ on: starts at the first gap's centre, takes off on frame 1 (no wait) start y 230, first gap 230, took off on frame 1
  ✓ both live at once: the feature's own mic + the register input      opened this run [{"audio":{"echoCancellation":true,"noiseSuppression":false,"autoGainControl":false}}]
  ✓ feature's own track still live, unmuted, NS/AGC/EC unchanged       on: ns true agc true ec true muted false | off: ns true agc true ec true
  ✓ feature's own analyser hears the same tone                         on 202.3 Hz rms 0.0296 | off 202.3 Hz rms 0.0303
  ✓ stored: exactly 1 new session, ended                               [{"active_seconds":44.18,"ended":true,"load":72.9625811585102,"median_rms":0.270521089220987,"p5_midi":55.5506844807115,"p95_midi":55.5509640659961}]
  ✓ active seconds ≈ time the feature listened (44.28 s, −1.8/+0.3)    44.180 s
  ✓ stored load = active × 1.651042 (hand), within 0.5%                stored 72.9626 vs hand 72.9430
  ✓ pitch stored ≈ 55.546875                                           p5 55.551, p95 55.551
  ✓ gauge moved while the feature ran                                  mid-run 3.2178% vs before 3.0980%
  ✓ gauge = today's stored total / 6800                                "4.2% of daily budget" pct 4.170985 vs 4.170985
  ✓ daily table = sum of every session                                 [{"day":"2026-10-04","total_load":283.626946842598}] vs 283.6269

-- all four languages (switched with the Profile language buttons)
  ✓ fr: all 7 gauges' label and value in fr                            "Charge vocale du jour" "4,2 % du budget quotidien"
  ✓ es: all 7 gauges' label and value in es                            "Carga vocal de hoy" "4,2 % del presupuesto diario"
  ✓ tr: all 7 gauges' label and value in tr                            "Bugünkü ses yükü" "Günlük bütçe: %4,2"
  ✓ en: all 7 gauges' label and value in en                            "Vocal load today" "4.2% of daily budget"
  ✓ page errors                                                        none

-- Safari user agent: no second stream, nothing stored, these gauges hidden
  ✓ sidecar blocked for this user agent                                
  ✓ Glider ran on its own stream only, no session stored               opened [], rows 7→7, score 496
  ✓ Glider started at the first gap's centre and took off on frame 1   start y 230, first gap 230, frame 1
  ✓ the six features' gauges hidden, Register Coach's still shown      ok

-- signed out
  ✓ every gauge hidden when signed out                                 all hidden

[cleanup] deleted 1 test account(s) this run created; 0 left of voxcoach-vlb-1791142852979@example.com

112 passed, 0 failed
