== local deploy/ + production backend
   mic: 261.63 Hz (MIDI 60)
   signed up voxcoach-vlh-1791123238623@example.com
  ✓ sidecar allowed in this browser (desktop Chromium)                 

-- Tuner (listens until stopped: 7 s)
  ✓ reached through its hub, start button visible                      
  ✓ gauge visible in the panel, today's total so far                   "Vocal load today" "0% of daily budget"
  ✓ load feed stubbed out: no session stored, no register input opened opened [], rows 0
  ✗ feature result identical with the load feed live                   off {"pitch":"98%","freq":261.7,"stability":96} | on {"pitch":"92%","freq":262.3,"stability":96}
  ✓ both live at once: the feature's own mic + the register input      opened this run [{"audio":{"echoCancellation":true,"noiseSuppression":false,"autoGainControl":false}}]
  ✓ feature's own track still live, unmuted, NS/AGC/EC unchanged       on: ns true agc true ec true muted false | off: ns true agc true ec true
  ✓ feature's own analyser hears the same tone                         on 261.7 Hz rms 0.0294 | off 261.9 Hz rms 0.0302
  ✓ stored: exactly 1 new session, ended                               [{"active_seconds":7.005,"ended":true,"load":13.4916896799251,"median_rms":0.27061368932241,"p5_midi":60.0023969206389,"p95_midi":60.002889972665}]
  ✓ active seconds ≈ time the feature listened (7.05 s, −1.8/+0.3)     7.005 s
  ✓ stored load = active × 1.925926 (hand), within 0.5%                stored 13.4917 vs hand 13.4911
  ✓ pitch stored ≈ 60                                                  p5 60.002, p95 60.003
  ✓ gauge moved while the feature ran                                  mid-run 0.0842% vs before 0.0000%
  ✓ gauge = today's stored total / 6800                                "0.2% of daily budget" pct 0.198407 vs 0.198407

-- Interval Match: target C4, a pass
  ✓ reached through its hub, start button visible                      
  ✓ gauge visible in the panel, today's total so far                   "Vocal load today" "0.2% of daily budget"
  ✓ load feed stubbed out: no session stored, no register input opened opened [], rows 1
  ✓ feature result identical with the load feed live                   off {"acc":"99%","fb":"Right on it."} | on {"acc":"99%","fb":"Right on it."}
  ✓ both live at once: the feature's own mic + the register input      opened this run [{"audio":{"echoCancellation":true,"noiseSuppression":false,"autoGainControl":false}}]
  ✓ feature's own track still live, unmuted, NS/AGC/EC unchanged       on: ns true agc true ec true muted false | off: ns true agc true ec true
  ✓ feature's own analyser hears the same tone                         on 262.3 Hz rms 0.0297 | off 261.7 Hz rms 0.0294
  ✓ stored: exactly 1 new session, ended                               [{"active_seconds":1.513,"ended":true,"load":2.91399143034127,"median_rms":0.269820735109854,"p5_midi":60.0025280267625,"p95_midi":60.0028799025851}]
  ✓ active seconds ≈ time the feature listened (1.63 s, −1.8/+0.3)     1.513 s
  ✓ stored load = active × 1.925926 (hand), within 0.5%                stored 2.9140 vs hand 2.9139
  ✓ pitch stored ≈ 60                                                  p5 60.003, p95 60.003
  ✓ gauge = today's stored total / 6800                                "0.2% of daily budget" pct 0.241260 vs 0.241260

-- Scale Run from C4 (every note captured, runs to the end)
  ✓ reached through its hub, start button visible                      
  ✓ gauge visible in the panel, today's total so far                   "Vocal load today" "0.2% of daily budget"
  ✓ load feed stubbed out: no session stored, no register input opened opened [], rows 2
  ✓ feature result identical with the load feed live                   off {"avg":"24%","dots":"scale-dot done-good,scale-dot done-low,scale-dot done-low,scale-dot done-low,scale-dot done-low,scale-dot done-low,scale-dot done-low,scale-dot done-low,scale-dot done-good"} | on {"avg":"24%","dots":"scale-dot done-good,scale-dot done-low,scale-dot done-low,scale-dot done-low,scale-dot done-low,scale-dot done-low,scale-dot done-low,scale-dot done-low,scale-dot done-good"}
  ✓ both live at once: the feature's own mic + the register input      opened this run [{"audio":{"echoCancellation":true,"noiseSuppression":false,"autoGainControl":false}}]
  ✓ feature's own track still live, unmuted, NS/AGC/EC unchanged       on: ns true agc true ec true muted false | off: ns true agc true ec true
  ✓ feature's own analyser hears the same tone                         on 261.9 Hz rms 0.0302 | off 261.8 Hz rms 0.0295
  ✓ stored: exactly 1 new session, ended                               [{"active_seconds":15.381,"ended":true,"load":29.6244433216153,"median_rms":0.270545155115973,"p5_midi":60.0025545789538,"p95_midi":60.0028256887631}]
  ✓ active seconds ≈ time the feature listened (15.51 s, −1.8/+0.3)    15.381 s
  ✓ stored load = active × 1.925926 (hand), within 0.5%                stored 29.6244 vs hand 29.6227
  ✓ pitch stored ≈ 60                                                  p5 60.003, p95 60.003
  ✓ gauge moved while the feature ran                                  mid-run 0.3248% vs before 0.2413%
  ✓ gauge = today's stored total / 6800                                "0.7% of daily budget" pct 0.676914 vs 0.676914

-- Breath Control (a held tone, stopped at 8 s)
  ✓ reached through its hub, start button visible                      
  ✓ gauge visible in the panel, today's total so far                   "Vocal load today" "0.7% of daily budget"
  ✓ load feed stubbed out: no session stored, no register input opened opened [], rows 3
  ✓ feature result identical with the load feed live                   off {"acc":"79%","samples":483} | on {"acc":"80%","samples":483}
  ✓ both live at once: the feature's own mic + the register input      opened this run [{"audio":{"echoCancellation":true,"noiseSuppression":false,"autoGainControl":false}}]
  ✓ feature's own track still live, unmuted, NS/AGC/EC unchanged       on: ns true agc true ec true muted false | off: ns true agc true ec true
  ✓ feature's own analyser hears the same tone                         on 261.8 Hz rms 0.0295 | off 261.9 Hz rms 0.0306
  ✓ stored: exactly 1 new session, ended                               [{"active_seconds":7.981,"ended":true,"load":15.3728833085328,"median_rms":0.270647061171741,"p5_midi":60.0024036808665,"p95_midi":60.0028614819238}]
  ✓ active seconds ≈ time the feature listened (8.04 s, −1.8/+0.3)     7.981 s
  ✓ stored load = active × 1.925926 (hand), within 0.5%                stored 15.3729 vs hand 15.3708
  ✓ pitch stored ≈ 60                                                  p5 60.002, p95 60.003
  ✓ gauge moved while the feature ran                                  mid-run 0.7605% vs before 0.6769%
  ✓ gauge = today's stored total / 6800                                "0.9% of daily budget" pct 0.902985 vs 0.902985

-- Custom Exercise: 6 notes (seeded), runs to the end
  ✓ reached through its hub, start button visible                      
  ✓ gauge visible in the panel, today's total so far                   "Vocal load today" "0.9% of daily budget"
  ✓ load feed stubbed out: no session stored, no register input opened opened [], rows 4
  ✓ feature result identical with the load feed live                   off {"avg":"50%","rows":"C399%D30%A#40%F4No signalE4No signalC499%"} | on {"avg":"50%","rows":"C399%D30%A#40%F4No signalE4No signalC499%"}
  ✓ both live at once: the feature's own mic + the register input      opened this run [{"audio":{"echoCancellation":true,"noiseSuppression":false,"autoGainControl":false}}]
  ✓ feature's own track still live, unmuted, NS/AGC/EC unchanged       on: ns true agc true ec true muted false | off: ns true agc true ec true
  ✓ feature's own analyser hears the same tone                         on 261.6 Hz rms 0.0294 | off 262.3 Hz rms 0.0298
  ✓ stored: exactly 1 new session, ended                               [{"active_seconds":15.013,"ended":true,"load":28.9169541084821,"median_rms":0.270574200048662,"p5_midi":60.0024109775866,"p95_midi":60.0028968354762}]
  ✓ active seconds ≈ time the feature listened (15.16 s, −1.8/+0.3)    15.013 s
  ✓ stored load = active × 1.925926 (hand), within 0.5%                stored 28.9170 vs hand 28.9139
  ✓ pitch stored ≈ 60                                                  p5 60.002, p95 60.003
  ✓ gauge moved while the feature ran                                  mid-run 0.9860% vs before 0.9030%
  ✓ gauge = today's stored total / 6800                                "1.3% of daily budget" pct 1.328235 vs 1.328235

-- Rhythm Trainer (runs to the end)
  ✓ reached through its hub, start button visible                      
  ✓ gauge visible in the panel, today's total so far                   "Vocal load today" "1.3% of daily budget"
  ✓ load feed stubbed out: no session stored, no register input opened opened [], rows 5
  ✓ feature result identical with the load feed live                   off {"claimed":"00000000","card":"block"} | on {"claimed":"00000000","card":"block"}
  ✓ both live at once: the feature's own mic + the register input      opened this run [{"audio":{"echoCancellation":true,"noiseSuppression":false,"autoGainControl":false}}]
  ✓ feature's own track still live, unmuted, NS/AGC/EC unchanged       on: ns true agc true ec true muted false | off: ns true agc true ec true
  ✓ feature's own analyser hears the same tone                         on 261.8 Hz rms 0.0295 | off 262 Hz rms 0.0302
  ✓ stored: exactly 1 new session, ended                               [{"active_seconds":6,"ended":true,"load":11.5561508775411,"median_rms":0.27052285109775,"p5_midi":60.0025148264877,"p95_midi":60.0027500677444}]
  ✓ active seconds ≈ time the feature listened (6.11 s, −1.8/+0.3)     6.000 s
  ✓ stored load = active × 1.925926 (hand), within 0.5%                stored 11.5562 vs hand 11.5556
  ✓ pitch stored ≈ 60                                                  p5 60.003, p95 60.003
  ✓ gauge moved while the feature ran                                  mid-run 1.4118% vs before 1.3282%
  ✓ gauge = today's stored total / 6800                                "1.5% of daily budget" pct 1.498178 vs 1.498178

-- Mirror Mode (seeded phrase, the echo runs to the end)
  ✓ reached through its hub, start button visible                      
  ✓ gauge visible in the panel, today's total so far                   "Vocal load today" "1.5% of daily budget"
  ✓ load feed stubbed out: no session stored, no register input opened opened [], rows 6
  ✓ feature result identical with the load feed live                   off {"acc":"0%"} | on {"acc":"0%"}
  ✓ both live at once: the feature's own mic + the register input      opened this run [{"audio":{"echoCancellation":true,"noiseSuppression":false,"autoGainControl":false}}]
  ✓ feature's own track still live, unmuted, NS/AGC/EC unchanged       on: ns true agc true ec true muted false | off: ns true agc true ec true
  ✓ feature's own analyser hears the same tone                         on 261.8 Hz rms 0.0294 | off 261.7 Hz rms 0.0295
  ✓ stored: exactly 1 new session, ended                               [{"active_seconds":2.753,"ended":true,"load":5.3017534532492,"median_rms":0.270591760139631,"p5_midi":60.0024468396852,"p95_midi":60.0027638735027}]
  ✓ active seconds ≈ time the feature listened (2.86 s, −1.8/+0.3)     2.753 s
  ✓ stored load = active × 1.925926 (hand), within 0.5%                stored 5.3018 vs hand 5.3021
  ✓ pitch stored ≈ 60                                                  p5 60.002, p95 60.003
  ✓ gauge moved while the feature ran                                  mid-run 1.5398% vs before 1.4982%
  ✓ gauge = today's stored total / 6800                                "1.6% of daily budget" pct 1.576145 vs 1.576145

-- Real-Time Feedback (register input; stopped at 7 s)
  ✓ reached through its hub, start button visible                      
  ✓ gauge visible in the panel, today's total so far                   "Vocal load today" "1.6% of daily budget"
  ✓ load feed stubbed out: no session stored                           opened [{"audio":{"echoCancellation":true,"noiseSuppression":false,"autoGainControl":false}}], rows 7
  ✓ feature result identical with the load feed live                   off {"Pitch":"checklist-icon good In tune","Stability":"checklist-icon good Steady","Breath":"checklist-icon good Steady breath support","Register":"checklist-icon good Balanced tone"} | on {"Pitch":"checklist-icon good In tune","Stability":"checklist-icon good Steady","Breath":"checklist-icon good Steady breath support","Register":"checklist-icon good Balanced tone"}
  ✓ no second register stream opened for the load                      on [{"audio":{"echoCancellation":true,"noiseSuppression":false,"autoGainControl":false}}] | off [{"audio":{"echoCancellation":true,"noiseSuppression":false,"autoGainControl":false}}]
  ✓ stored: exactly 1 new session, ended                               [{"active_seconds":7.038,"ended":true,"load":13.5564170718459,"median_rms":0.270553072548487,"p5_midi":60.0023622480255,"p95_midi":60.0031964286429}]
  ✓ active seconds ≈ time the feature listened (7.04 s, −1.8/+0.3)     7.038 s
  ✓ stored load = active × 1.925926 (hand), within 0.5%                stored 13.5564 vs hand 13.5547
  ✓ pitch stored ≈ 60                                                  p5 60.002, p95 60.003
  ✓ gauge moved while the feature ran                                  mid-run 1.6613% vs before 1.5761%
  ✓ gauge = today's stored total / 6800                                "1.8% of daily budget" pct 1.775504 vs 1.775504

-- Emotional Singing (song, runs to the end)
  ✓ reached through its hub, start button visible                      
  ✓ gauge visible in the panel, today's total so far                   "Vocal load today" "1.8% of daily budget"
  ✓ load feed stubbed out: no session stored, no register input opened opened [], rows 8
  ✓ feature result identical with the load feed live                   off {"pitch":"70%","all":"PITCH 70% EXPRESSION 3%"} | on {"pitch":"70%","all":"PITCH 70% EXPRESSION 2%"}
  ✓ both live at once: the feature's own mic + the register input      opened this run [{"audio":{"echoCancellation":true,"noiseSuppression":false,"autoGainControl":false}}]
  ✓ feature's own track still live, unmuted, NS/AGC/EC unchanged       on: ns true agc true ec true muted false | off: ns true agc true ec true
  ✓ feature's own analyser hears the same tone                         on 261.9 Hz rms 0.0294 | off 261.7 Hz rms 0.0294
  ✓ stored: exactly 1 new session, ended                               [{"active_seconds":26.621,"ended":true,"load":51.2744303146558,"median_rms":0.270605521495078,"p5_midi":60.0024546570406,"p95_midi":60.0028214536658}]
  ✓ active seconds ≈ time the feature listened (26.77 s, −1.8/+0.3)    26.621 s
  ✓ stored load = active × 1.925926 (hand), within 0.5%                stored 51.2744 vs hand 51.2701
  ✓ pitch stored ≈ 60                                                  p5 60.002, p95 60.003
  ✓ gauge moved while the feature ran                                  mid-run 1.8592% vs before 1.7755%
  ✓ gauge = today's stored total / 6800                                "2.5% of daily budget" pct 2.529540 vs 2.529540

-- Range Finder (low captured at 3.5 s, high at 6 s)
  ✓ reached through its hub, start button visible                      
  ✓ gauge visible in the panel, today's total so far                   "Vocal load today" "2.5% of daily budget"
  ✓ load feed stubbed out: no session stored, no register input opened opened [], rows 9
  ✓ feature result identical with the load feed live                   off {"type":"Tenor","span":"C4 → C4"} | on {"type":"Tenor","span":"C4 → C4"}
  ✓ both live at once: the feature's own mic + the register input      opened this run [{"audio":{"echoCancellation":true,"noiseSuppression":false,"autoGainControl":false}}]
  ✓ feature's own track still live, unmuted, NS/AGC/EC unchanged       on: ns true agc true ec true muted false | off: ns true agc true ec true
  ✓ feature's own analyser hears the same tone                         on 261.7 Hz rms 0.0294 | off 261.7 Hz rms 0.0294
  ✓ stored: exactly 1 new session, ended                               [{"active_seconds":6.056,"ended":true,"load":11.6642360936202,"median_rms":0.270658887770902,"p5_midi":60.0024537235144,"p95_midi":60.0029543688881}]
  ✓ active seconds ≈ time the feature listened (6.10 s, −1.8/+0.3)     6.056 s
  ✓ stored load = active × 1.925926 (hand), within 0.5%                stored 11.6642 vs hand 11.6634
  ✓ pitch stored ≈ 60                                                  p5 60.002, p95 60.003
  ✓ gauge moved while the feature ran                                  mid-run 2.6137% vs before 2.5295%
  ✓ gauge = today's stored total / 6800                                "2.7% of daily budget" pct 2.701073 vs 2.701073
  ✓ page errors                                                        none

-- reload: every gauge resumes today's total from the server
  ✓ tuner: same total after reload, not 0                              "2.7% of daily budget"
  ✓ interval: same total after reload, not 0                           "2.7% of daily budget"
  ✓ scale: same total after reload, not 0                              "2.7% of daily budget"
  ✓ breath: same total after reload, not 0                             "2.7% of daily budget"
  ✓ custom: same total after reload, not 0                             "2.7% of daily budget"
  ✓ rhythm: same total after reload, not 0                             "2.7% of daily budget"
  ✓ mirror: same total after reload, not 0                             "2.7% of daily budget"
  ✓ livefb: same total after reload, not 0                             "2.7% of daily budget"
  ✓ emotion: same total after reload, not 0                            "2.7% of daily budget"
  ✓ range: same total after reload, not 0                              "2.7% of daily budget"
  ✓ coach: same total after reload, not 0                              "2.7% of daily budget"
  ✓ daily table = sum of every session                                 [{"day":"2026-10-04","total_load":183.672949659809}] vs 183.6729

-- all four languages (switched with the Profile language buttons)
  ✓ fr: all 11 gauges' label and value in fr                           "Charge vocale du jour" "2,7 % du budget quotidien"
  ✓ es: all 11 gauges' label and value in es                           "Carga vocal de hoy" "2,7 % del presupuesto diario"
  ✓ tr: all 11 gauges' label and value in tr                           "Bugünkü ses yükü" "Günlük bütçe: %2,7"
  ✓ en: all 11 gauges' label and value in en                           "Vocal load today" "2.7% of daily budget"
  ✓ page errors                                                        none

-- Safari user agent: sidecar features open no second stream, store nothing, hide their gauge
  ✓ sidecar blocked for this user agent                                
  ✓ tuner ran on its own stream only, no session stored                opened [], rows 10→10
  ✓ sidecar features' gauges hidden, register-input features' still shown ok

-- signed out
  ✓ every gauge hidden when signed out                                 all hidden

[cleanup] deleted 1 test account(s) this run created; 0 left of voxcoach-vlh-1791123238623@example.com

149 passed, 1 failed
