[sweep] deleted 0 leftover voxcoach-vlb-* account(s) from earlier runs
== local deploy/ + production backend
   mic: 261.63 Hz (MIDI 60)
   signed up voxcoach-vlb-1791352632991@example.com
  ✓ sidecar allowed in this browser (desktop Chromium)                 

-- Pitch Match (drill): target C4, a pass
  ✓ reached through its hub, start button visible                      
  ✓ gauge visible in the panel, today's total so far                   "Vocal load today" "0% of daily budget"
  ✓ sidecar stubbed out: no register input opened, no session stored   opened [], rows 0
  ✓ feature result identical with the sidecar live                     off {"acc":"99%","fb":"Right on it."} | on {"acc":"99%","fb":"Right on it."}
  ✓ both live at once: the feature's own mic + the register input      opened this run [{"audio":{"echoCancellation":true,"noiseSuppression":false,"autoGainControl":false}}]
  ✓ feature's own track still live, unmuted, NS/AGC/EC unchanged       on: ns true agc true ec true muted false | off: ns true agc true ec true
  ✓ feature's own analyser hears the same tone                         on 261.8 Hz rms 0.0295 | off 261.7 Hz rms 0.0294
  ✓ stored: exactly 1 new session, ended                               [{"active_seconds":2.946,"ended":true,"load":5.67367612244739,"median_rms":0.270576571091729,"p5_midi":60.0024862084133,"p95_midi":60.0027344947687}]
  ✓ active seconds ≈ time the feature listened (3.10 s, −1.8/+0.3)     2.946 s
  ✓ stored load = active × 1.925926 (hand), within 0.5%                stored 5.6737 vs hand 5.6738
  ✓ pitch stored ≈ 60                                                  p5 60.002, p95 60.003
  ✓ gauge = today's stored total / 6800                                "0.1% of daily budget" pct 0.083436 vs 0.083436

-- Pitch Match (drill): target D4, a miss
  ✓ reached through its hub, start button visible                      
  ✓ gauge visible in the panel, today's total so far                   "Vocal load today" "0.1% of daily budget"
  ✓ sidecar stubbed out: no register input opened, no session stored   opened [], rows 1
  ✓ feature result identical with the sidecar live                     off {"acc":"11%","fb":"Off target — try matching the tone before you start singing."} | on {"acc":"11%","fb":"Off target — try matching the tone before you start singing."}
  ✓ both live at once: the feature's own mic + the register input      opened this run [{"audio":{"echoCancellation":true,"noiseSuppression":false,"autoGainControl":false}}]
  ✓ feature's own track still live, unmuted, NS/AGC/EC unchanged       on: ns true agc true ec true muted false | off: ns true agc true ec true
  ✓ feature's own analyser hears the same tone                         on 261.7 Hz rms 0.0294 | off 261.7 Hz rms 0.0295
  ✓ stored: exactly 1 new session, ended                               [{"active_seconds":2.955,"ended":true,"load":5.6908264602753,"median_rms":0.270543806258728,"p5_midi":60.0025796013744,"p95_midi":60.0028065920743}]
  ✓ active seconds ≈ time the feature listened (3.03 s, −1.8/+0.3)     2.955 s
  ✓ stored load = active × 1.925926 (hand), within 0.5%                stored 5.6908 vs hand 5.6911
  ✓ pitch stored ≈ 60                                                  p5 60.003, p95 60.003
  ✓ gauge = today's stored total / 6800                                "0.2% of daily budget" pct 0.167125 vs 0.167125

-- Stay in Key (song drill, runs to the end)
  ✓ reached through its hub, start button visible                      
  ✓ gauge visible in the panel, today's total so far                   "Vocal load today" "0.2% of daily budget"
  ✓ sidecar stubbed out: no register input opened, no session stored   opened [], rows 2
  ✓ feature result identical with the sidecar live                     off {"shown":"75%","inKeyShare":0.75} | on {"shown":"75%","inKeyShare":0.75}
  ✓ both live at once: the feature's own mic + the register input      opened this run [{"audio":{"echoCancellation":true,"noiseSuppression":false,"autoGainControl":false}}]
  ✓ feature's own track still live, unmuted, NS/AGC/EC unchanged       on: ns true agc true ec true muted false | off: ns true agc true ec true
  ✓ feature's own analyser hears the same tone                         on 261.7 Hz rms 0.0294 | off 261.9 Hz rms 0.0302
  ✓ stored: exactly 1 new session, ended                               [{"active_seconds":26.621,"ended":true,"load":51.2738758179316,"median_rms":0.270579528510786,"p5_midi":60.0025391849316,"p95_midi":60.0028415872426}]
  ✓ active seconds ≈ time the feature listened (26.68 s, −1.8/+0.3)    26.621 s
  ✓ stored load = active × 1.925926 (hand), within 0.5%                stored 51.2739 vs hand 51.2701
  ✓ pitch stored ≈ 60                                                  p5 60.003, p95 60.003
  ✓ gauge moved while the feature ran                                  mid-run 0.3080% vs before 0.1671%
  ✓ gauge = today's stored total / 6800                                "0.9% of daily budget" pct 0.921153 vs 0.921153

-- Karaoke (song game, runs to the end)
  ✓ reached through its hub, start button visible                      
  ✓ gauge visible in the panel, today's total so far                   "Vocal load today" "0.9% of daily budget"
  ✓ sidecar stubbed out: no register input opened, no session stored   opened [], rows 3
  ✓ feature result identical with the sidecar live                     off {"notes":"99/100/h 0/100/h 99/100/h 99/100/h 99/100/h 99/100/h 0/100/h 99/100/h","pitch":"74%","timing":"100%"} | on {"notes":"99/100/h 0/100/h 99/100/h 99/100/h 99/100/h 99/100/h 0/100/h 99/100/h","pitch":"74%","timing":"100%"}
  ✓ both live at once: the feature's own mic + the register input      opened this run [{"audio":{"echoCancellation":true,"noiseSuppression":false,"autoGainControl":false}}]
  ✓ feature's own track still live, unmuted, NS/AGC/EC unchanged       on: ns true agc true ec true muted false | off: ns true agc true ec true
  ✓ feature's own analyser hears the same tone                         on 261.7 Hz rms 0.0295 | off 261.7 Hz rms 0.0294
  ✓ stored: exactly 1 new session, ended                               [{"active_seconds":26.599,"ended":true,"load":51.2311028767947,"median_rms":0.270580215707734,"p5_midi":60.0025212382075,"p95_midi":60.0028206873964}]
  ✓ active seconds ≈ time the feature listened (26.73 s, −1.8/+0.3)    26.599 s
  ✓ stored load = active × 1.925926 (hand), within 0.5%                stored 51.2311 vs hand 51.2277
  ✓ pitch stored ≈ 60                                                  p5 60.003, p95 60.003
  ✓ gauge moved while the feature ran                                  mid-run 1.0613% vs before 0.9212%
  ✓ gauge = today's stored total / 6800                                "1.7% of daily budget" pct 1.674551 vs 1.674551

-- Harmony Memory stage 1, Lead (Choir World individual practice)
  ✓ reached through its hub, start button visible                      
  ✓ gauge visible in the panel, today's total so far                   "Vocal load today" "1.7% of daily budget"
  ✓ sidecar stubbed out: no register input opened, no session stored   opened [], rows 4
  ✓ feature result identical with the sidecar live                     off {"held":"10111101","score":75,"passed":true} | on {"held":"10111101","score":75,"passed":true}
  ✓ both live at once: the feature's own mic + the register input      opened this run [{"audio":{"echoCancellation":true,"noiseSuppression":false,"autoGainControl":false}}]
  ✓ feature's own track still live, unmuted, NS/AGC/EC unchanged       on: ns true agc true ec true muted false | off: ns true agc true ec true
  ✓ feature's own analyser hears the same tone                         on 261.9 Hz rms 0.0302 | off 261.7 Hz rms 0.0295
  ✓ stored: exactly 1 new session, ended                               [{"active_seconds":30.33,"ended":true,"load":58.4181312037787,"median_rms":0.270580356642822,"p5_midi":60.0024151374512,"p95_midi":60.0029387087657}]
  ✓ active seconds ≈ time the feature listened (30.46 s, −1.8/+0.3)    30.330 s
  ✓ stored load = active × 1.925926 (hand), within 0.5%                stored 58.4181 vs hand 58.4133
  ✓ pitch stored ≈ 60                                                  p5 60.002, p95 60.003
  ✓ gauge moved while the feature ran                                  mid-run 1.8148% vs before 1.6746%
  ✓ gauge = today's stored total / 6800                                "2.5% of daily budget" pct 2.533641 vs 2.533641
  ✓ page errors                                                        none

-- reload: every gauge resumes today's total from the server
  ✓ pitch: same total after reload, not 0                              "2.5% of daily budget"
  ✓ staykey: same total after reload, not 0                            "2.5% of daily budget"
  ✓ karaoke: same total after reload, not 0                            "2.5% of daily budget"
  ✓ hmem: same total after reload, not 0                               "2.5% of daily budget"
  ✓ glider: same total after reload, not 0                             "2.5% of daily budget"
  ✓ boss: same total after reload, not 0                               "2.5% of daily budget"
  ✓ coach: same total after reload, not 0                              "2.5% of daily budget"

-- Pitch Dragon boss, beginner (runs to the end)
  ✓ reached through its hub, start button visible                      
  ✓ gauge visible in the panel, today's total so far                   "Vocal load today" "2.5% of daily budget"
  ✓ sidecar stubbed out: no register input opened, no session stored   opened [], rows 5
  ✓ feature result identical with the sidecar live                     off {"boss":0,"player":82,"notes":"99 0 99 99 99 99 0"} | on {"boss":0,"player":82,"notes":"99 0 99 99 99 99 0"}
  ✓ both live at once: the feature's own mic + the register input      opened this run [{"audio":{"echoCancellation":true,"noiseSuppression":false,"autoGainControl":false}}]
  ✓ feature's own track still live, unmuted, NS/AGC/EC unchanged       on: ns true agc true ec true muted false | off: ns true agc true ec true
  ✓ feature's own analyser hears the same tone                         on 261.7 Hz rms 0.0295 | off 262.2 Hz rms 0.03
  ✓ stored: exactly 1 new session, ended                               [{"active_seconds":19.962,"ended":true,"load":38.4493835675001,"median_rms":0.270598276221203,"p5_midi":60.0024824440588,"p95_midi":60.0029381750302}]
  ✓ active seconds ≈ time the feature listened (20.12 s, −1.8/+0.3)    19.962 s
  ✓ stored load = active × 1.925926 (hand), within 0.5%                stored 38.4494 vs hand 38.4453
  ✓ pitch stored ≈ 60                                                  p5 60.002, p95 60.003
  ✓ gauge moved while the feature ran                                  mid-run 2.6742% vs before 2.5336%
  ✓ gauge = today's stored total / 6800                                "3.1% of daily budget" pct 3.099073 vs 3.099073
  ✓ page errors                                                        none

   mic: 202.29 Hz (MIDI 55.546875)

-- Glider (arcade game, Melody Road, beginner; runs until the crash)
  ✓ reached through its hub, start button visible                      
  ✓ gauge visible in the panel, today's total so far                   "Vocal load today" "3.1% of daily budget"
  ✓ sidecar stubbed out: no register input opened, no session stored   opened [], rows 6
  ✓ feature result identical with the sidecar live                     off {"score":497,"coins":18,"title":"end","startY":230,"firstGapY":230,"tookOffOnFrame":1} | on {"score":497,"coins":18,"title":"end","startY":230,"firstGapY":230,"tookOffOnFrame":1}
  ✓ off: starts at the first gap's centre, takes off on frame 1 (no wait) start y 230, first gap 230, took off on frame 1
  ✓ on: starts at the first gap's centre, takes off on frame 1 (no wait) start y 230, first gap 230, took off on frame 1
  ✓ both live at once: the feature's own mic + the register input      opened this run [{"audio":{"echoCancellation":true,"noiseSuppression":false,"autoGainControl":false}}]
  ✓ feature's own track still live, unmuted, NS/AGC/EC unchanged       on: ns true agc true ec true muted false | off: ns true agc true ec true
  ✓ feature's own analyser hears the same tone                         on 202.4 Hz rms 0.0293 | off 203 Hz rms 0.0301
  ✓ stored: exactly 1 new session, ended                               [{"active_seconds":44.192,"ended":true,"load":72.9762903376208,"median_rms":0.270579816622996,"p5_midi":55.5506582764245,"p95_midi":55.5509283022045}]
  ✓ active seconds ≈ time the feature listened (44.35 s, −1.8/+0.3)    44.192 s
  ✓ stored load = active × 1.651042 (hand), within 0.5%                stored 72.9763 vs hand 72.9628
  ✓ pitch stored ≈ 55.546875                                           p5 55.551, p95 55.551
  ✓ gauge moved while the feature ran                                  mid-run 3.2191% vs before 3.0991%
  ✓ gauge = today's stored total / 6800                                "4.2% of daily budget" pct 4.172254 vs 4.172254
  ✓ daily table = sum of every session                                 [{"day":"2026-10-07","total_load":283.713286386349}] vs 283.7133

-- all four languages (switched with the Profile language buttons)
  ✓ fr: all 7 gauges' label and value in fr                            "Charge vocale du jour" "4,2 % du budget quotidien"
  ✓ es: all 7 gauges' label and value in es                            "Carga vocal de hoy" "4,2 % del presupuesto diario"
  ✓ tr: all 7 gauges' label and value in tr                            "Bugünkü ses yükü" "Günlük bütçe: %4,2"
  ✓ en: all 7 gauges' label and value in en                            "Vocal load today" "4.2% of daily budget"
  ✓ page errors                                                        none

-- Safari user agent: no second stream, nothing stored, these gauges hidden
  ✓ sidecar blocked for this user agent                                
  ✓ Glider ran on its own stream only, no session stored               opened [], rows 7→7, score 497
  ✓ Glider started at the first gap's centre and took off on frame 1   start y 230, first gap 230, frame 1
  ✓ the six features' gauges hidden, Register Coach's still shown      ok

-- signed out
  ✓ every gauge hidden when signed out                                 all hidden

[cleanup] deleted 1 test account(s) this run created; 0 left of voxcoach-vlb-1791352632991@example.com

112 passed, 0 failed
