== local deploy/ + production backend
   mic: 261.63 Hz (MIDI 60)
   signed up voxcoach-vlh-1791126569403@example.com
  ✓ sidecar allowed in this browser (desktop Chromium)                 

-- Entrance & Cutoff Trainer, entrances, Lead (runs to the end of the song)
  ✓ reached through its hub, start button visible                      
  ✓ gauge visible in the panel, today's total so far                   "Vocal load today" "0% of daily budget"
  ✓ load feed stubbed out: no session stored, no register input opened opened [], rows 0
  ✓ feature result identical with the load feed live                   off {"ticks":true,"laterEdges":0,"claimed":"00000000"} | on {"ticks":true,"laterEdges":0,"claimed":"00000000"}
  ✓ both live at once: the feature's own mic + the register input      opened this run [{"audio":{"echoCancellation":true,"noiseSuppression":false,"autoGainControl":false}}]
  ✓ feature's own track still live, unmuted, NS/AGC/EC unchanged       on: ns true agc true ec true muted false | off: ns true agc true ec true
  ✓ feature's own analyser hears the same tone                         on 262.1 Hz rms 0.03 | off 262.1 Hz rms 0.0301
  ✓ stored: exactly 1 new session, ended                               [{"active_seconds":30.629,"ended":true,"load":58.9947732099633,"median_rms":0.270581940627153,"p5_midi":60.0025772545391,"p95_midi":60.0028571049253}]
  ✓ active seconds ≈ time the feature listened (30.73 s, −1.8/+0.3)    30.629 s
  ✓ stored load = active × 1.925926 (hand), within 0.5%                stored 58.9948 vs hand 58.9892
  ✓ pitch stored ≈ 60                                                  p5 60.003, p95 60.003
  ✓ gauge moved while the feature ran                                  mid-run 0.0835% vs before 0.0000%
  ✓ gauge = today's stored total / 6800                                "0.9% of daily budget" pct 0.867570 vs 0.867570

-- Choir Bosses, the first boss, Lead (runs to the end or the boss wins)
  ✓ reached through its hub, start button visible                      
  ✓ gauge visible in the panel, today's total so far                   "Vocal load today" "0.9% of daily budget"
  ✓ load feed stubbed out: no session stored, no register input opened opened [], rows 1
  ✓ feature result identical with the load feed live                   off {"held":"10111101","score":75,"passed":true,"stoppedAt":null} | on {"held":"10111101","score":75,"passed":true,"stoppedAt":null}
  ✓ both live at once: the feature's own mic + the register input      opened this run [{"audio":{"echoCancellation":true,"noiseSuppression":false,"autoGainControl":false}}]
  ✓ feature's own track still live, unmuted, NS/AGC/EC unchanged       on: ns true agc true ec true muted false | off: ns true agc true ec true
  ✓ feature's own analyser hears the same tone                         on 261.7 Hz rms 0.0294 | off 261.7 Hz rms 0.0295
  ✓ stored: exactly 1 new session, ended                               [{"active_seconds":30.333,"ended":true,"load":58.4233265297258,"median_rms":0.270550496763538,"p5_midi":60.0024734075159,"p95_midi":60.0028900604087}]
  ✓ active seconds ≈ time the feature listened (30.39 s, −1.8/+0.3)    30.333 s
  ✓ stored load = active × 1.925926 (hand), within 0.5%                stored 58.4233 vs hand 58.4191
  ✓ pitch stored ≈ 60                                                  p5 60.002, p95 60.003
  ✓ gauge moved while the feature ran                                  mid-run 0.9516% vs before 0.8676%
  ✓ gauge = today's stored total / 6800                                "1.7% of daily budget" pct 1.726737 vs 1.726737

-- Chaos Mode, Lead (seeded plan, runs to the end)
  ✓ reached through its hub, start button visible                      
  ✓ gauge visible in the panel, today's total so far                   "Vocal load today" "1.7% of daily budget"
  ✓ load feed stubbed out: no session stored, no register input opened opened [], rows 2
  ✓ feature result identical with the load feed live                   off {"held":"10111101","score":75,"passed":true,"stoppedAt":null} | on {"held":"10111101","score":75,"passed":true,"stoppedAt":null}
  ✓ both live at once: the feature's own mic + the register input      opened this run [{"audio":{"echoCancellation":true,"noiseSuppression":false,"autoGainControl":false}}]
  ✓ feature's own track still live, unmuted, NS/AGC/EC unchanged       on: ns true agc true ec true muted false | off: ns true agc true ec true
  ✓ feature's own analyser hears the same tone                         on 261.7 Hz rms 0.0294 | off 261.7 Hz rms 0.0294
  ✓ stored: exactly 1 new session, ended                               [{"active_seconds":30.33,"ended":true,"load":58.4191057857002,"median_rms":0.27056774182667,"p5_midi":60.0024981855041,"p95_midi":60.0028676426328}]
  ✓ active seconds ≈ time the feature listened (30.49 s, −1.8/+0.3)    30.330 s
  ✓ stored load = active × 1.925926 (hand), within 0.5%                stored 58.4191 vs hand 58.4133
  ✓ pitch stored ≈ 60                                                  p5 60.002, p95 60.003
  ✓ gauge moved while the feature ran                                  mid-run 1.8103% vs before 1.7267%
  ✓ gauge = today's stored total / 6800                                "2.6% of daily budget" pct 2.585841 vs 2.585841

-- Tempo/Key Ladder, rung 1 up, Lead (runs to the end)
  ✓ reached through its hub, start button visible                      
  ✓ gauge visible in the panel, today's total so far                   "Vocal load today" "2.6% of daily budget"
  ✓ load feed stubbed out: no session stored, no register input opened opened [], rows 3
  ✓ feature result identical with the load feed live                   off {"held":"10111101","score":75,"passed":true,"stoppedAt":null} | on {"held":"10111101","score":75,"passed":true,"stoppedAt":null}
  ✓ both live at once: the feature's own mic + the register input      opened this run [{"audio":{"echoCancellation":true,"noiseSuppression":false,"autoGainControl":false}}]
  ✓ feature's own track still live, unmuted, NS/AGC/EC unchanged       on: ns true agc true ec true muted false | off: ns true agc true ec true
  ✓ feature's own analyser hears the same tone                         on 261.7 Hz rms 0.0294 | off 261.7 Hz rms 0.0294
  ✓ stored: exactly 1 new session, ended                               [{"active_seconds":30.355,"ended":true,"load":58.4657109000159,"median_rms":0.270574277504481,"p5_midi":60.0024384835677,"p95_midi":60.002855039772}]
  ✓ active seconds ≈ time the feature listened (30.49 s, −1.8/+0.3)    30.355 s
  ✓ stored load = active × 1.925926 (hand), within 0.5%                stored 58.4657 vs hand 58.4615
  ✓ pitch stored ≈ 60                                                  p5 60.002, p95 60.003
  ✓ gauge moved while the feature ran                                  mid-run 2.6701% vs before 2.5858%
  ✓ gauge = today's stored total / 6800                                "3.4% of daily budget" pct 3.445631 vs 3.445631

-- The Vocal Rift (seeded rounds, runs the full 60 s)
  ✓ reached through its hub, start button visible                      
  ✓ gauge visible in the panel, today's total so far                   "Vocal load today" "3.4% of daily budget"
  ✓ load feed stubbed out: no session stored, no register input opened opened [], rows 4
  ✓ feature result identical with the load feed live                   off [{"type":"Pitch","target":48,"acc":99},{"type":"Quick Catch","target":65,"acc":null},{"type":"Sustain Hold","target":58,"acc":0},{"type":"Pitch","target":50,"acc":0},{"type":"Interval Jump","target":52,"acc":null},{"type":"Pitch","target":56,"acc":null},{"type":"Sustain Hold","target":55,"acc":null},{"type":"Quick Catch","target":65,"acc":null},{"type":"Quick Catch","target":57,"acc":null},{"type":"Interval Jump","target":59,"acc":39},{"type":"Quick Catch","target":66,"acc":null},{"type":"Pitch","target":59,"acc":39},{"type":"Interval Jump","target":52,"acc":null},{"type":"Interval Jump","target":56,"acc":null},{"type":"Quick Catch","target":68,"acc":null},{"type":"Pitch","target":71,"acc":39},{"type":"Quick Catch","target":62,"acc":0},{"type":"Sustain Hold","target":57,"acc":null},{"type":"Sustain Hold","target":64,"acc":null},{"type":"Sustain Hold","target":55,"acc":null},{"type":"Sustain Hold","target":57,"acc":null},{"type":"Quick Catch","target":47,"acc":39},{"type":"Pitch","target":50,"acc":0},{"type":"Sustain Hold","target":58,"acc":0},{"type":"Sustain Hold","target":57,"acc":null},{"type":"Quick Catch","target":48,"acc":99}] | on [{"type":"Pitch","target":48,"acc":99},{"type":"Quick Catch","target":65,"acc":null},{"type":"Sustain Hold","target":58,"acc":0},{"type":"Pitch","target":50,"acc":0},{"type":"Interval Jump","target":52,"acc":null},{"type":"Pitch","target":56,"acc":null},{"type":"Sustain Hold","target":55,"acc":null},{"type":"Quick Catch","target":65,"acc":null},{"type":"Quick Catch","target":57,"acc":null},{"type":"Interval Jump","target":59,"acc":39},{"type":"Quick Catch","target":66,"acc":null},{"type":"Pitch","target":59,"acc":39},{"type":"Interval Jump","target":52,"acc":null},{"type":"Interval Jump","target":56,"acc":null},{"type":"Quick Catch","target":68,"acc":null},{"type":"Pitch","target":71,"acc":39},{"type":"Quick Catch","target":62,"acc":0},{"type":"Sustain Hold","target":57,"acc":null},{"type":"Sustain Hold","target":64,"acc":null},{"type":"Sustain Hold","target":55,"acc":null},{"type":"Sustain Hold","target":57,"acc":null},{"type":"Quick Catch","target":47,"acc":39},{"type":"Pitch","target":50,"acc":0},{"type":"Sustain Hold","target":58,"acc":0},{"type":"Sustain Hold","target":57,"acc":null},{"type":"Quick Catch","target":48,"acc":99}]
  ✓ both live at once: the feature's own mic + the register input      opened this run [{"audio":{"echoCancellation":true,"noiseSuppression":false,"autoGainControl":false}}]
  ✓ feature's own track still live, unmuted, NS/AGC/EC unchanged       on: ns true agc true ec true muted false | off: ns true agc true ec true
  ✓ feature's own analyser hears the same tone                         on 261.8 Hz rms 0.0295 | off 261.7 Hz rms 0.0299
  ✓ stored: exactly 1 new session, ended                               [{"active_seconds":59.947,"ended":true,"load":115.468772553496,"median_rms":0.270584452326321,"p5_midi":60.0024615046944,"p95_midi":60.0028394888097}]
  ✓ active seconds ≈ time the feature listened (60.04 s, −1.8/+0.3)    59.947 s
  ✓ stored load = active × 1.925926 (hand), within 0.5%                stored 115.4688 vs hand 115.4535
  ✓ pitch stored ≈ 60                                                  p5 60.002, p95 60.003
  ✓ gauge moved while the feature ran                                  mid-run 3.5291% vs before 3.4456%
  ✓ gauge = today's stored total / 6800                                "5.1% of daily budget" pct 5.143701 vs 5.143701

-- Pitch Dragon weakest-note training: Listen & score (C4, 1.6 s)
  ✓ reached through its hub, start button visible                      
  ✓ gauge visible in the panel, today's total so far                   "Vocal load today" "5.1% of daily budget"
  ✓ load feed stubbed out: no session stored, no register input opened opened [], rows 5
  ✓ feature result identical with the load feed live                   off {"acc":"99%"} | on {"acc":"99%"}
  ✓ both live at once: the feature's own mic + the register input      opened this run [{"audio":{"echoCancellation":true,"noiseSuppression":false,"autoGainControl":false}}]
  ✓ feature's own track still live, unmuted, NS/AGC/EC unchanged       on: ns true agc true ec true muted false | off: ns true agc true ec true
  ✓ feature's own analyser hears the same tone                         on 261.8 Hz rms 0.0294 | off 261.7 Hz rms 0.0295
  ✓ stored: exactly 1 new session, ended                               [{"active_seconds":1.537,"ended":true,"load":2.96020780941658,"median_rms":0.268269752372983,"p5_midi":60.002540285414,"p95_midi":60.0027219609245}]
  ✓ active seconds ≈ time the feature listened (1.64 s, −1.8/+0.3)     1.537 s
  ✓ stored load = active × 1.925926 (hand), within 0.5%                stored 2.9602 vs hand 2.9601
  ✓ pitch stored ≈ 60                                                  p5 60.003, p95 60.003
  ✓ gauge = today's stored total / 6800                                "5.2% of daily budget" pct 5.187234 vs 5.187234

-- Ear → Voice → Ear (seeded notes, runs to the end)
  ✓ reached through its hub, start button visible                      
  ✓ gauge visible in the panel, today's total so far                   "Vocal load today" "5.2% of daily budget"
  ✓ load feed stubbed out: no session stored, no register input opened opened [], rows 6
  ✓ feature result identical with the load feed live                   off {"first":"99%","second":"99%","note":"Your unaided step held up just as well — exactly the same. Real retained pitch memory."} | on {"first":"99%","second":"99%","note":"Your unaided step held up just as well — exactly the same. Real retained pitch memory."}
  ✓ both live at once: the feature's own mic + the register input      opened this run [{"audio":{"echoCancellation":true,"noiseSuppression":false,"autoGainControl":false}}]
  ✓ feature's own track still live, unmuted, NS/AGC/EC unchanged       on: ns true agc true ec true muted false | off: ns true agc true ec true
  ✓ feature's own analyser hears the same tone                         on 261.7 Hz rms 0.0294 | off 261.7 Hz rms 0.0294
  ✓ stored: exactly 1 new session, ended                               [{"active_seconds":6.964,"ended":true,"load":13.4142604868048,"median_rms":0.270580422927254,"p5_midi":60.0025174086907,"p95_midi":60.0027437387803}]
  ✓ active seconds ≈ time the feature listened (7.02 s, −1.8/+0.3)     6.964 s
  ✓ stored load = active × 1.925926 (hand), within 0.5%                stored 13.4143 vs hand 13.4121
  ✓ pitch stored ≈ 60                                                  p5 60.003, p95 60.003
  ✓ gauge moved while the feature ran                                  mid-run 5.2708% vs before 5.1872%
  ✓ gauge = today's stored total / 6800                                "5.4% of daily budget" pct 5.384502 vs 5.384502

-- Sing It 5 Ways (runs to the end)
  ✓ reached through its hub, start button visible                      
  ✓ gauge visible in the panel, today's total so far                   "Vocal load today" "5.4% of daily budget"
  ✓ load feed stubbed out: no session stored, no register input opened opened [], rows 7
  ✓ feature result identical with the load feed live                   off [{"midi":60,"heard":true,"acc":99},{"midi":61,"heard":true,"acc":41},{"midi":59,"heard":true,"acc":39},{"midi":60,"heard":true,"acc":99},{"midi":60,"heard":true,"acc":99}] | on [{"midi":60,"heard":true,"acc":99},{"midi":61,"heard":true,"acc":41},{"midi":59,"heard":true,"acc":39},{"midi":60,"heard":true,"acc":99},{"midi":60,"heard":true,"acc":99}]
  ✓ both live at once: the feature's own mic + the register input      opened this run [{"audio":{"echoCancellation":true,"noiseSuppression":false,"autoGainControl":false}}]
  ✓ feature's own track still live, unmuted, NS/AGC/EC unchanged       on: ns true agc true ec true muted false | off: ns true agc true ec true
  ✓ feature's own analyser hears the same tone                         on 261.7 Hz rms 0.0298 | off 261.7 Hz rms 0.0294
  ✓ stored: exactly 1 new session, ended                               [{"active_seconds":15.022,"ended":true,"load":28.9333381259725,"median_rms":0.270585194723575,"p5_midi":60.0025483558976,"p95_midi":60.0027867662213}]
  ✓ active seconds ≈ time the feature listened (15.17 s, −1.8/+0.3)    15.022 s
  ✓ stored load = active × 1.925926 (hand), within 0.5%                stored 28.9333 vs hand 28.9313
  ✓ pitch stored ≈ 60                                                  p5 60.003, p95 60.003
  ✓ gauge moved while the feature ran                                  mid-run 5.4682% vs before 5.3845%
  ✓ gauge = today's stored total / 6800                                "5.8% of daily budget" pct 5.809993 vs 5.809993

-- One Take (today's take cleared before each run)
  ✓ reached through its hub, start button visible                      
  ✓ gauge visible in the panel, today's total so far                   "Vocal load today" "5.8% of daily budget"
  ✓ load feed stubbed out: no session stored, no register input opened opened [], rows 8
  ✓ feature result identical with the load feed live                   off {"pitch":99,"stability":96,"timing":100,"heard":true} | on {"pitch":99,"stability":96,"timing":100,"heard":true}
  ✓ both live at once: the feature's own mic + the register input      opened this run [{"audio":{"echoCancellation":true,"noiseSuppression":false,"autoGainControl":false}}]
  ✓ feature's own track still live, unmuted, NS/AGC/EC unchanged       on: ns true agc true ec true muted false | off: ns true agc true ec true
  ✓ feature's own analyser hears the same tone                         on 261.7 Hz rms 0.0298 | off 261.7 Hz rms 0.0294
  ✓ stored: exactly 1 new session, ended                               [{"active_seconds":7.254,"ended":true,"load":13.9728373779808,"median_rms":0.270617055891064,"p5_midi":60.0024788682595,"p95_midi":60.0028382913142}]
  ✓ active seconds ≈ time the feature listened (7.36 s, −1.8/+0.3)     7.254 s
  ✓ stored load = active × 1.925926 (hand), within 0.5%                stored 13.9728 vs hand 13.9707
  ✓ pitch stored ≈ 60                                                  p5 60.002, p95 60.003
  ✓ gauge moved while the feature ran                                  mid-run 5.8937% vs before 5.8100%
  ✓ gauge = today's stored total / 6800                                "6% of daily budget" pct 6.015475 vs 6.015475

-- Can You Hear Your Mistake: the right pick, then the sing-back (1.6 s)
  ✓ reached through its hub, start button visible                      
  ✓ gauge visible in the panel, today's total so far                   "Vocal load today" "6% of daily budget"
  ✓ load feed stubbed out: no session stored, no register input opened opened [], rows 9
  ✓ feature result identical with the load feed live                   off {"acc":"99%","title":"Correct pick!"} | on {"acc":"99%","title":"Correct pick!"}
  ✓ both live at once: the feature's own mic + the register input      opened this run [{"audio":{"echoCancellation":true,"noiseSuppression":false,"autoGainControl":false}}]
  ✓ feature's own track still live, unmuted, NS/AGC/EC unchanged       on: ns true agc true ec true muted false | off: ns true agc true ec true
  ✓ feature's own analyser hears the same tone                         on 261.8 Hz rms 0.0295 | off 261.7 Hz rms 0.0294
  ✓ stored: exactly 1 new session, ended                               [{"active_seconds":1.536,"ended":true,"load":2.95885179877928,"median_rms":0.268972711657406,"p5_midi":60.0022357386447,"p95_midi":60.0027588727594}]
  ✓ active seconds ≈ time the feature listened (1.65 s, −1.8/+0.3)     1.536 s
  ✓ stored load = active × 1.925926 (hand), within 0.5%                stored 2.9589 vs hand 2.9582
  ✓ pitch stored ≈ 60                                                  p5 60.002, p95 60.003
  ✓ gauge = today's stored total / 6800                                "6.1% of daily budget" pct 6.058988 vs 6.058988

-- Emotion Mode: Tender, then a seeded second intention (runs to the end)
  ✓ reached through its hub, start button visible                      
  ✓ gauge visible in the panel, today's total so far                   "Vocal load today" "6.1% of daily budget"
  ✓ load feed stubbed out: no session stored, no register input opened opened [], rows 10
  ✓ feature result identical with the load feed live                   off [{"intent":"tender","heard":true,"stability":96},{"intent":"powerful","heard":true,"stability":96}] | on [{"intent":"tender","heard":true,"stability":96},{"intent":"powerful","heard":true,"stability":96}]
  ✓ both live at once: the feature's own mic + the register input      opened this run [{"audio":{"echoCancellation":true,"noiseSuppression":false,"autoGainControl":false}}]
  ✓ feature's own track still live, unmuted, NS/AGC/EC unchanged       on: ns true agc true ec true muted false | off: ns true agc true ec true
  ✓ feature's own analyser hears the same tone                         on 261.8 Hz rms 0.0295 | off 261.6 Hz rms 0.0294
  ✓ stored: exactly 1 new session, ended                               [{"active_seconds":7.771,"ended":true,"load":14.9670657788435,"median_rms":0.270556605249153,"p5_midi":60.0024830022909,"p95_midi":60.0028120875893}]
  ✓ active seconds ≈ time the feature listened (7.86 s, −1.8/+0.3)     7.771 s
  ✓ stored load = active × 1.925926 (hand), within 0.5%                stored 14.9671 vs hand 14.9664
  ✓ pitch stored ≈ 60                                                  p5 60.002, p95 60.003
  ✓ gauge moved while the feature ran                                  mid-run 6.1427% vs before 6.0590%
  ✓ gauge = today's stored total / 6800                                "6.3% of daily budget" pct 6.279092 vs 6.279092

-- Performance Director (runs to the end of the song)
  ✓ reached through its hub, start button visible                      
  ✓ gauge visible in the panel, today's total so far                   "Vocal load today" "6.3% of daily budget"
  ✓ load feed stubbed out: no session stored, no register input opened opened [], rows 11
  ✓ feature result identical with the load feed live                   off {"notes":"99/100 0/100 99/100 99/100 99/100 99/100 0/100 99/100"} | on {"notes":"99/100 0/100 99/100 99/100 99/100 99/100 0/100 99/100"}
  ✓ both live at once: the feature's own mic + the register input      opened this run [{"audio":{"echoCancellation":true,"noiseSuppression":false,"autoGainControl":false}}]
  ✓ feature's own track still live, unmuted, NS/AGC/EC unchanged       on: ns true agc true ec true muted false | off: ns true agc true ec true
  ✓ feature's own analyser hears the same tone                         on 261.7 Hz rms 0.0294 | off 261.7 Hz rms 0.0294
  ✓ stored: exactly 1 new session, ended                               [{"active_seconds":26.619,"ended":true,"load":51.2713382675929,"median_rms":0.270512106187962,"p5_midi":60.0025546412333,"p95_midi":60.0027348113877}]
  ✓ active seconds ≈ time the feature listened (26.72 s, −1.8/+0.3)    26.619 s
  ✓ stored load = active × 1.925926 (hand), within 0.5%                stored 51.2713 vs hand 51.2662
  ✓ pitch stored ≈ 60                                                  p5 60.003, p95 60.003
  ✓ gauge moved while the feature ran                                  mid-run 6.3628% vs before 6.2791%
  ✓ gauge = today's stored total / 6800                                "7% of daily budget" pct 7.033082 vs 7.033082
  ✓ page errors                                                        none

-- reload: every gauge resumes today's total from the server
  ✓ tt: same total after reload, not 0                                 "7% of daily budget"
  ✓ cb: same total after reload, not 0                                 "7% of daily budget"
  ✓ cx: same total after reload, not 0                                 "7% of daily budget"
  ✓ tk: same total after reload, not 0                                 "7% of daily budget"
  ✓ rift: same total after reload, not 0                               "7% of daily budget"
  ✓ bosstrain: same total after reload, not 0                          "7% of daily budget"
  ✓ eve: same total after reload, not 0                                "7% of daily budget"
  ✓ five: same total after reload, not 0                               "7% of daily budget"
  ✓ onetake: same total after reload, not 0                            "7% of daily budget"
  ✓ hm: same total after reload, not 0                                 "7% of daily budget"
  ✓ emo: same total after reload, not 0                                "7% of daily budget"
  ✓ pd: same total after reload, not 0                                 "7% of daily budget"
  ✓ coach: same total after reload, not 0                              "7% of daily budget"
  ✓ daily table = sum of every session                                 [{"day":"2026-10-04","total_load":478.249588624292}] vs 478.2496

-- all four languages (switched with the Profile language buttons)
  ✓ fr: all 13 gauges' label and value in fr                           "Charge vocale du jour" "7 % du budget quotidien"
  ✓ es: all 13 gauges' label and value in es                           "Carga vocal de hoy" "7 % del presupuesto diario"
  ✓ tr: all 13 gauges' label and value in tr                           "Bugünkü ses yükü" "Günlük bütçe: %7"
  ✓ en: all 13 gauges' label and value in en                           "Vocal load today" "7% of daily budget"
  ✓ page errors                                                        none

-- Safari user agent: sidecar features open no second stream, store nothing, hide their gauge
  ✓ sidecar blocked for this user agent                                
  ✓ eve ran on its own stream only, no session stored                  opened [], rows 12→12
  ✓ sidecar features' gauges hidden, register-input features' still shown ok

-- signed out
  ✓ every gauge hidden when signed out                                 all hidden

[cleanup] deleted 1 test account(s) this run created; 0 left of voxcoach-vlh-1791126569403@example.com

179 passed, 0 failed
