== local deploy/ + production backend
   mic: 261.63 Hz (MIDI 60)
   signed up voxcoach-vlh-1791218238541@example.com
  ✓ sidecar allowed in this browser (desktop Chromium)                 

-- Register Runner (seeded course, runs until the lives are gone)
  ✓ reached through its hub, start button visible                      
  ✓ gauge visible in the panel, today's total so far                   "Vocal load today" "0% of daily budget"
  ✓ load feed stubbed out: no session stored                           opened [{"audio":{"echoCancellation":true,"noiseSuppression":false,"autoGainControl":false}}], rows 0
  ✓ feature result identical with the load feed live                   off {"score":135,"lives":0,"lane":"chest","title":"New best!"} | on {"score":135,"lives":0,"lane":"chest","title":"New best!"}
  ✓ no second register stream opened for the load                      on [{"audio":{"echoCancellation":true,"noiseSuppression":false,"autoGainControl":false}}] | off [{"audio":{"echoCancellation":true,"noiseSuppression":false,"autoGainControl":false}}]
  ✓ stored: exactly 1 new session, ended                               [{"active_seconds":8.515,"ended":true,"load":16.4015700910966,"median_rms":0.256955068641346,"p5_midi":60.0028289391337,"p95_midi":60.0030626930177}]
  ✓ active seconds ≈ time the feature listened (8.70 s, −1.8/+0.3)     8.515 s
  ✓ stored load = active × 1.925926 (hand), within 0.5%                stored 16.4016 vs hand 16.3993
  ✓ pitch stored ≈ 60                                                  p5 60.003, p95 60.003
  ✓ gauge moved while the feature ran                                  mid-run 0.0812% vs before 0.0000%
  ✓ gauge = today's stored total / 6800                                "0.2% of daily budget" pct 0.241200 vs 0.241200

-- Register Wraith boss, beginner (runs to the end)
  ✓ reached through its hub, start button visible                      
  ✓ gauge visible in the panel, today's total so far                   "Vocal load today" "0.2% of daily budget"
  ✓ load feed stubbed out: no session stored                           opened [{"audio":{"echoCancellation":true,"noiseSuppression":false,"autoGainControl":false}}], rows 1
  ✓ feature result identical with the load feed live                   off {"boss":0,"player":82,"notes":"75 0 75 75 75 75 0"} | on {"boss":0,"player":82,"notes":"75 0 75 75 75 75 0"}
  ✓ no second register stream opened for the load                      on [{"audio":{"echoCancellation":true,"noiseSuppression":false,"autoGainControl":false}}] | off [{"audio":{"echoCancellation":true,"noiseSuppression":false,"autoGainControl":false}}]
  ✓ stored: exactly 1 new session, ended                               [{"active_seconds":19.856,"ended":true,"load":38.2444029898118,"median_rms":0.256983968015839,"p5_midi":60.0025962869798,"p95_midi":60.0031874175522}]
  ✓ active seconds ≈ time the feature listened (20.06 s, −1.8/+0.3)    19.856 s
  ✓ stored load = active × 1.925926 (hand), within 0.5%                stored 38.2444 vs hand 38.2412
  ✓ pitch stored ≈ 60                                                  p5 60.003, p95 60.003
  ✓ gauge moved while the feature ran                                  mid-run 0.3221% vs before 0.2412%
  ✓ gauge = today's stored total / 6800                                "0.8% of daily budget" pct 0.803617 vs 0.803617

-- Resonance Visualizer (stopped at 7 s)
  ✓ reached through its hub, start button visible                      
  ✓ gauge visible in the panel, today's total so far                   "Vocal load today" "0.8% of daily budget"
  ✓ load feed stubbed out: no session stored                           opened [{"audio":{"echoCancellation":true,"noiseSuppression":false,"autoGainControl":false}}], rows 2
  ✓ feature result identical with the load feed live                   off {"register":"Chest","steady":"100%","osc":"Calm"} | on {"register":"Chest","steady":"100%","osc":"Calm"}
  ✓ no second register stream opened for the load                      on [{"audio":{"echoCancellation":true,"noiseSuppression":false,"autoGainControl":false}}] | off [{"audio":{"echoCancellation":true,"noiseSuppression":false,"autoGainControl":false}}]
  ✓ stored: exactly 1 new session, ended                               [{"active_seconds":6.938,"ended":true,"load":13.3643253388071,"median_rms":0.25695832621054,"p5_midi":60.0027934751986,"p95_midi":60.0097618020954}]
  ✓ active seconds ≈ time the feature listened (7.04 s, −1.8/+0.3)     6.938 s
  ✓ stored load = active × 1.925926 (hand), within 0.5%                stored 13.3643 vs hand 13.3621
  ✓ pitch stored ≈ 60                                                  p5 60.003, p95 60.010
  ✓ gauge moved while the feature ran                                  mid-run 0.8859% vs before 0.8036%
  ✓ gauge = today's stored total / 6800                                "1% of daily budget" pct 1.000151 vs 1.000151

-- Register Drills (5 seeded notes)
  ✓ reached through its hub, start button visible                      
  ✓ gauge visible in the panel, today's total so far                   "Vocal load today" "1% of daily budget"
  ✓ load feed stubbed out: no session stored                           opened [{"audio":{"echoCancellation":true,"noiseSuppression":false,"autoGainControl":false}}], rows 3
  ✓ feature result identical with the load feed live                   off {"rows":"Note 1 (A2) No signal Note 2 (A#2) 0% · ✅ matched Note 3 (F#3) No signal Note 4 (D#3) 0% · ✅ matched Note 5 (D3) 0% · ✅ matched","note":"3 of 3 notes genuinely matched Chest Voice-dominant resonance — average pitch accuracy 0%."} | on {"rows":"Note 1 (A2) No signal Note 2 (A#2) 0% · ✅ matched Note 3 (F#3) No signal Note 4 (D#3) 0% · ✅ matched Note 5 (D3) 0% · ✅ matched","note":"3 of 3 notes genuinely matched Chest Voice-dominant resonance — average pitch accuracy 0%."}
  ✓ no second register stream opened for the load                      on [{"audio":{"echoCancellation":true,"noiseSuppression":false,"autoGainControl":false}}] | off [{"audio":{"echoCancellation":true,"noiseSuppression":false,"autoGainControl":false}}]
  ✓ stored: exactly 1 new session, ended                               [{"active_seconds":9.372,"ended":true,"load":18.0518608429715,"median_rms":0.257070658581477,"p5_midi":60.0027454284594,"p95_midi":60.0030896159757}]
  ✓ active seconds ≈ 5 capture windows × 1.8 s, not the whole run (8.20–9.70 s) 9.372 s
  ✓ stored load = active × 1.925926 (hand), within 0.5%                stored 18.0519 vs hand 18.0498
  ✓ pitch stored ≈ 60                                                  p5 60.003, p95 60.003
  ✓ gauge moved while the feature ran                                  mid-run 1.0508% vs before 1.0002%
  ✓ gauge = today's stored total / 6800                                "1.3% of daily budget" pct 1.265620 vs 1.265620

-- Vibrato Analyzer (its own unprocessed capture, 4 s)
  ✓ reached through its hub, start button visible                      
  ✓ gauge visible in the panel, today's total so far                   "Vocal load today" "1.3% of daily budget"
  ✓ load feed stubbed out: no session stored                           opened [{"audio":{"echoCancellation":false,"noiseSuppression":false,"autoGainControl":false}}], rows 4
  ✓ feature result identical with the load feed live                   off {"rate":"—","depth":"—","consistency":"—","fb":"No clear oscillation detected — that's expected for a straight tone, or the hold may need to be steadier/longer."} | on {"rate":"—","depth":"—","consistency":"—","fb":"No clear oscillation detected — that's expected for a straight tone, or the hold may need to be steadier/longer."}
  ✓ no extra stream opened for the load, no register input             on [{"audio":{"echoCancellation":false,"noiseSuppression":false,"autoGainControl":false}}] | off [{"audio":{"echoCancellation":false,"noiseSuppression":false,"autoGainControl":false}}]
  ✓ stored: exactly 1 new session, ended                               [{"active_seconds":4.006,"ended":true,"load":7.7160268653734,"median_rms":0.270599098819663,"p5_midi":60.0021714582271,"p95_midi":60.0024402499431}]
  ✓ active seconds ≈ time the feature listened (4.13 s, −1.8/+0.3)     4.006 s
  ✓ stored load = active × 1.925926 (hand), within 0.5%                stored 7.7160 vs hand 7.7153
  ✓ pitch stored ≈ 60                                                  p5 60.002, p95 60.002
  ✓ gauge moved while the feature ran                                  mid-run 1.3494% vs before 1.2656%
  ✓ gauge = today's stored total / 6800                                "1.4% of daily budget" pct 1.379091 vs 1.379091

-- Voice Quality (its own unprocessed capture, 4 s)
  ✓ reached through its hub, start button visible                      
  ✓ gauge visible in the panel, today's total so far                   "Vocal load today" "1.4% of daily budget"
  ✓ load feed stubbed out: no session stored                           opened [{"audio":{"echoCancellation":false,"noiseSuppression":false,"autoGainControl":false}}], rows 5
  ✓ feature result identical with the load feed live                   off {"vqVibVal":"—","vqVibRead":"No regular vibrato: a straight tone. That's a choice, not a fault.","vqHnrVal":"76.1 dB","vqHnrRead":"Clear tone: the harmonics stand well above the noise between them.","vqBrightVal":"408 Hz · 1.56× pitch","vqBrightRead":"Brighter, more forward tone: strong upper harmonics.","vqNote":"Measured on C4 (262 Hz), 4.0 s of steady voice."} | on {"vqVibVal":"—","vqVibRead":"No regular vibrato: a straight tone. That's a choice, not a fault.","vqHnrVal":"76.1 dB","vqHnrRead":"Clear tone: the harmonics stand well above the noise between them.","vqBrightVal":"408 Hz · 1.56× pitch","vqBrightRead":"Brighter, more forward tone: strong upper harmonics.","vqNote":"Measured on C4 (262 Hz), 4.0 s of steady voice."}
  ✓ no extra stream opened for the load, no register input             on [{"audio":{"echoCancellation":false,"noiseSuppression":false,"autoGainControl":false}}] | off [{"audio":{"echoCancellation":false,"noiseSuppression":false,"autoGainControl":false}}]
  ✓ stored: exactly 1 new session, ended                               [{"active_seconds":3.989,"ended":true,"load":7.68270523252185,"median_rms":0.270498898361014,"p5_midi":60.0022517073753,"p95_midi":60.0023914829359}]
  ✓ active seconds ≈ time the feature listened (4.13 s, −1.8/+0.3)     3.989 s
  ✓ stored load = active × 1.925926 (hand), within 0.5%                stored 7.6827 vs hand 7.6825
  ✓ pitch stored ≈ 60                                                  p5 60.002, p95 60.002
  ✓ gauge moved while the feature ran                                  mid-run 1.4628% vs before 1.3791%
  ✓ gauge = today's stored total / 6800                                "1.5% of daily budget" pct 1.492072 vs 1.492072

-- Studio Mode (a 15 s take)
  ✓ reached through its hub, start button visible                      
  ✓ gauge visible in the panel, today's total so far                   "Vocal load today" "1.5% of daily budget"
  ✓ load feed stubbed out: no session stored, no register input opened opened [], rows 6
  ✓ feature result identical with the load feed live                   off {"note":"Take N saved — real audio, stored locally.","kb":82} | on {"note":"Take N saved — real audio, stored locally.","kb":82}
  ✓ both live at once: the feature's own mic + the register input      opened this run [{"audio":{"echoCancellation":true,"noiseSuppression":false,"autoGainControl":false}}]
  ✓ feature's own track still live, unmuted, NS/AGC/EC unchanged       on: ns true agc true ec true muted false | off: ns true agc true ec true
  ✓ feature's own analyser hears the same tone                         on 261.8 Hz rms 0.0285 | off 261.8 Hz rms 0.0285
  ✓ stored: exactly 1 new session, ended                               [{"active_seconds":14.972,"ended":true,"load":28.8366117350756,"median_rms":0.270505619182096,"p5_midi":60.0022648618095,"p95_midi":60.0027808147542}]
  ✓ active seconds ≈ time the feature listened (15.10 s, −1.8/+0.3)    14.972 s
  ✓ stored load = active × 1.925926 (hand), within 0.5%                stored 28.8366 vs hand 28.8350
  ✓ pitch stored ≈ 60                                                  p5 60.002, p95 60.003
  ✓ gauge moved while the feature ran                                  mid-run 1.5763% vs before 1.4921%
  ✓ gauge = today's stored total / 6800                                "1.9% of daily budget" pct 1.916140 vs 1.916140

-- Hear Yourself Improve: the day-1 clip (Journey, 4 s)
  ✓ reached through its hub, start button visible                      
  ✓ gauge visible in the panel, today's total so far                   "Vocal load today" "1.9% of daily budget"
  ✓ load feed stubbed out: no session stored, no register input opened opened [], rows 7
  ✓ feature result identical with the load feed live                   off {"check":"✓","btn":"✓ Recorded","kb":22} | on {"check":"✓","btn":"✓ Recorded","kb":22}
  ✓ both live at once: the feature's own mic + the register input      opened this run [{"audio":{"echoCancellation":true,"noiseSuppression":false,"autoGainControl":false}}]
  ✓ feature's own track still live, unmuted, NS/AGC/EC unchanged       on: ns true agc true ec true muted false | off: ns true agc true ec true
  ✓ feature's own analyser hears the same tone                         on 261.7 Hz rms 0.0284 | off 261.9 Hz rms 0.0285
  ✓ stored: exactly 1 new session, ended                               [{"active_seconds":3.956,"ended":true,"load":7.61956350041621,"median_rms":0.270627754269087,"p5_midi":60.0022900223468,"p95_midi":60.002621980202}]
  ✓ active seconds ≈ time the feature listened (4.05 s, −1.8/+0.3)     3.956 s
  ✓ stored load = active × 1.925926 (hand), within 0.5%                stored 7.6196 vs hand 7.6190
  ✓ pitch stored ≈ 60                                                  p5 60.002, p95 60.003
  ✓ gauge moved while the feature ran                                  mid-run 1.9999% vs before 1.9161%
  ✓ gauge = today's stored total / 6800                                "2% of daily budget" pct 2.028192 vs 2.028192

-- Hear Yourself Improve: today's clip (4 s)
  ✓ reached through its hub, start button visible                      
  ✓ gauge visible in the panel, today's total so far                   "Vocal load today" "2% of daily budget"
  ✓ load feed stubbed out: no session stored, no register input opened opened [], rows 8
  ✓ feature result identical with the load feed live                   off {"player":"block","kb":22} | on {"player":"block","kb":22}
  ✓ both live at once: the feature's own mic + the register input      opened this run [{"audio":{"echoCancellation":true,"noiseSuppression":false,"autoGainControl":false}}]
  ✓ feature's own track still live, unmuted, NS/AGC/EC unchanged       on: ns true agc true ec true muted false | off: ns true agc true ec true
  ✓ feature's own analyser hears the same tone                         on 261.7 Hz rms 0.0284 | off 261.8 Hz rms 0.0285
  ✓ stored: exactly 1 new session, ended                               [{"active_seconds":3.956,"ended":true,"load":7.61934498671195,"median_rms":0.270512565681632,"p5_midi":60.0022379641094,"p95_midi":60.0025874989907}]
  ✓ active seconds ≈ time the feature listened (4.03 s, −1.8/+0.3)     3.956 s
  ✓ stored load = active × 1.925926 (hand), within 0.5%                stored 7.6193 vs hand 7.6190
  ✓ pitch stored ≈ 60                                                  p5 60.002, p95 60.003
  ✓ gauge moved while the feature ran                                  mid-run 2.1119% vs before 2.0282%
  ✓ gauge = today's stored total / 6800                                "2.1% of daily budget" pct 2.140241 vs 2.140241

-- Harmony Arena (song, runs to the end)
  ✓ reached through its hub, start button visible                      
  ✓ gauge visible in the panel, today's total so far                   "Vocal load today" "2.1% of daily budget"
  ✓ load feed stubbed out: no session stored, no register input opened opened [], rows 9
  ✓ feature result identical with the load feed live                   off {"acc":"79%","pitch":"70%","timing":"100%","part":"75%"} | on {"acc":"79%","pitch":"70%","timing":"100%","part":"75%"}
  ✓ both live at once: the feature's own mic + the register input      opened this run [{"audio":{"echoCancellation":true,"noiseSuppression":false,"autoGainControl":false}}]
  ✓ feature's own track still live, unmuted, NS/AGC/EC unchanged       on: ns true agc true ec true muted false | off: ns true agc true ec true
  ✓ feature's own analyser hears the same tone                         on 261.8 Hz rms 0.0285 | off 261.7 Hz rms 0.0286
  ✓ stored: exactly 1 new session, ended                               [{"active_seconds":26.618,"ended":true,"load":51.2680013138493,"median_rms":0.270568391546323,"p5_midi":60.0022328150383,"p95_midi":60.002497286174}]
  ✓ active seconds ≈ time the feature listened (26.75 s, −1.8/+0.3)    26.618 s
  ✓ stored load = active × 1.925926 (hand), within 0.5%                stored 51.2680 vs hand 51.2643
  ✓ pitch stored ≈ 60                                                  p5 60.002, p95 60.002
  ✓ gauge moved while the feature ran                                  mid-run 2.2244% vs before 2.1402%
  ✓ gauge = today's stored total / 6800                                "2.9% of daily budget" pct 2.894183 vs 2.894183

-- AI Duet Partner (the other parts play; stopped at 8 s)
  ✓ reached through its hub, start button visible                      
  ✓ gauge visible in the panel, today's total so far                   "Vocal load today" "2.9% of daily budget"
  ✓ load feed stubbed out: no session stored, no register input opened opened [], rows 10
  ✓ feature result identical with the load feed live                   off {"muted":"Soprano","playing":true,"part":"Soprano"} | on {"muted":"Soprano","playing":true,"part":"Soprano"}
  ✓ both live at once: the feature's own mic + the register input      opened this run [{"audio":{"echoCancellation":true,"noiseSuppression":false,"autoGainControl":false}}]
  ✓ feature's own track still live, unmuted, NS/AGC/EC unchanged       on: ns true agc true ec true muted false | off: ns true agc true ec true
  ✓ feature's own analyser hears the same tone                         on 261.7 Hz rms 0.0284 | off 262 Hz rms 0.0289
  ✓ stored: exactly 1 new session, ended                               [{"active_seconds":7.989,"ended":true,"load":15.3880887645962,"median_rms":0.270578276473688,"p5_midi":60.0022743267233,"p95_midi":60.0044209674164}]
  ✓ active seconds ≈ time the feature listened (8.04 s, −1.8/+0.3)     7.989 s
  ✓ stored load = active × 1.925926 (hand), within 0.5%                stored 15.3881 vs hand 15.3862
  ✓ pitch stored ≈ 60                                                  p5 60.002, p95 60.004
  ✓ gauge moved while the feature ran                                  mid-run 2.9779% vs before 2.8942%
  ✓ gauge = today's stored total / 6800                                "3.1% of daily budget" pct 3.120478 vs 3.120478

-- Your Choir: record the Lead part (runs to the end of the song)
  ✓ reached through its hub, start button visible                      
  ✓ gauge visible in the panel, today's total so far                   "Vocal load today" "3.1% of daily budget"
  ✓ load feed stubbed out: no session stored, no register input opened opened [], rows 11
  ✓ feature result identical with the load feed live                   off {"status":"Lead saved.","dur":27.19,"lead":3.4} | on {"status":"Lead saved.","dur":27.19,"lead":3.4}
  ✓ both live at once: the feature's own mic + the register input      opened this run [{"audio":{"echoCancellation":true,"noiseSuppression":false,"autoGainControl":false}}]
  ✓ feature's own track still live, unmuted, NS/AGC/EC unchanged       on: ns true agc true ec true muted false | off: ns true agc true ec true
  ✓ feature's own analyser hears the same tone                         on 261.7 Hz rms 0.0285 | off 261.7 Hz rms 0.0284
  ✓ stored: exactly 1 new session, ended                               [{"active_seconds":30.603,"ended":true,"load":58.9444135823349,"median_rms":0.270585872036943,"p5_midi":60.0022295686373,"p95_midi":60.0025218509697}]
  ✓ active seconds ≈ time the feature listened (30.67 s, −1.8/+0.3)    30.603 s
  ✓ stored load = active × 1.925926 (hand), within 0.5%                stored 58.9444 vs hand 58.9391
  ✓ pitch stored ≈ 60                                                  p5 60.002, p95 60.003
  ✓ gauge moved while the feature ran                                  mid-run 3.2047% vs before 3.1205%
  ✓ gauge = today's stored total / 6800                                "4% of daily budget" pct 3.987308 vs 3.987308
  ✓ page errors                                                        none

-- reload: every gauge resumes today's total from the server
  ✓ bridge: same total after reload, not 0                             "4% of daily budget"
  ✓ wraith: same total after reload, not 0                             "4% of daily budget"
  ✓ resonance: same total after reload, not 0                          "4% of daily budget"
  ✓ drills: same total after reload, not 0                             "4% of daily budget"
  ✓ vibrato: same total after reload, not 0                            "4% of daily budget"
  ✓ vq: same total after reload, not 0                                 "4% of daily budget"
  ✓ studio: same total after reload, not 0                             "4% of daily budget"
  ✓ journey: same total after reload, not 0                            "4% of daily budget"
  ✓ today: same total after reload, not 0                              "4% of daily budget"
  ✓ harmony: same total after reload, not 0                            "4% of daily budget"
  ✓ duet: same total after reload, not 0                               "4% of daily budget"
  ✓ yourchoir: same total after reload, not 0                          "4% of daily budget"
  ✓ coach: same total after reload, not 0                              "4% of daily budget"
  ✓ daily table = sum of every session                                 [{"day":"2026-10-05","total_load":271.136915243566}] vs 271.1369

-- all four languages (switched with the Profile language buttons)
  ✓ fr: all 13 gauges' label and value in fr                           "Charge vocale du jour" "4 % du budget quotidien"
  ✓ es: all 13 gauges' label and value in es                           "Carga vocal de hoy" "4 % del presupuesto diario"
  ✓ tr: all 13 gauges' label and value in tr                           "Bugünkü ses yükü" "Günlük bütçe: %4"
  ✓ en: all 13 gauges' label and value in en                           "Vocal load today" "4% of daily budget"
  ✓ page errors                                                        none

-- Safari user agent: sidecar features open no second stream, store nothing, hide their gauge
  ✓ sidecar blocked for this user agent                                
  ✓ studio ran on its own stream only, no session stored               opened [], rows 12→12
  ✓ sidecar features' gauges hidden, register-input features' still shown ok

-- signed out
  ✓ every gauge hidden when signed out                                 all hidden

[cleanup] deleted 1 test account(s) this run created; 0 left of voxcoach-vlh-1791218238541@example.com

169 passed, 0 failed
