== local deploy/ + production backend
   mic: 261.63 Hz (MIDI 60)
   signed up voxcoach-vlh-1791355699260@example.com
  ✓ sidecar allowed in this browser (desktop Chromium)                 

-- Register Runner (seeded course, runs until the lives are gone)
  ✓ reached through its hub, start button visible                      
  ✓ gauge visible in the panel, today's total so far                   "Vocal load today" "0% of daily budget"
  ✓ load feed stubbed out: no session stored                           opened [{"audio":{"echoCancellation":true,"noiseSuppression":false,"autoGainControl":false}}], rows 0
  ✓ feature result identical with the load feed live                   off {"score":135,"lives":0,"lane":"chest","title":"New best!"} | on {"score":135,"lives":0,"lane":"chest","title":"New best!"}
  ✓ no second register stream opened for the load                      on [{"audio":{"echoCancellation":true,"noiseSuppression":false,"autoGainControl":false}}] | off [{"audio":{"echoCancellation":true,"noiseSuppression":false,"autoGainControl":false}}]
  ✓ stored: exactly 1 new session, ended                               [{"active_seconds":8.567,"ended":true,"load":16.5008709394352,"median_rms":0.266056531034154,"p5_midi":60.0026946893956,"p95_midi":60.0028685105415}]
  ✓ active seconds ≈ time the feature listened (8.74 s, −1.8/+0.3)     8.567 s
  ✓ stored load = active × 1.925926 (hand), within 0.5%                stored 16.5009 vs hand 16.4994
  ✓ pitch stored ≈ 60                                                  p5 60.003, p95 60.003
  ✓ gauge moved while the feature ran                                  mid-run 0.0826% vs before 0.0000%
  ✓ gauge = today's stored total / 6800                                "0.2% of daily budget" pct 0.242660 vs 0.242660

-- Register Wraith boss, beginner (runs to the end)
  ✓ reached through its hub, start button visible                      
  ✓ gauge visible in the panel, today's total so far                   "Vocal load today" "0.2% of daily budget"
  ✓ load feed stubbed out: no session stored                           opened [{"audio":{"echoCancellation":true,"noiseSuppression":false,"autoGainControl":false}}], rows 1
  ✓ feature result identical with the load feed live                   off {"boss":0,"player":82,"notes":"75 0 75 75 75 75 0"} | on {"boss":0,"player":82,"notes":"75 0 75 75 75 75 0"}
  ✓ no second register stream opened for the load                      on [{"audio":{"echoCancellation":true,"noiseSuppression":false,"autoGainControl":false}}] | off [{"audio":{"echoCancellation":true,"noiseSuppression":false,"autoGainControl":false}}]
  ✓ stored: exactly 1 new session, ended                               [{"active_seconds":19.916,"ended":true,"load":38.360702808548,"median_rms":0.26607289373028,"p5_midi":60.0025437461459,"p95_midi":60.0029663701731}]
  ✓ active seconds ≈ time the feature listened (20.08 s, −1.8/+0.3)    19.916 s
  ✓ stored load = active × 1.925926 (hand), within 0.5%                stored 38.3607 vs hand 38.3567
  ✓ pitch stored ≈ 60                                                  p5 60.003, p95 60.003
  ✓ gauge moved while the feature ran                                  mid-run 0.3253% vs before 0.2427%
  ✓ gauge = today's stored total / 6800                                "0.8% of daily budget" pct 0.806788 vs 0.806788

-- Resonance Visualizer (stopped at 7 s)
  ✓ reached through its hub, start button visible                      
  ✓ gauge visible in the panel, today's total so far                   "Vocal load today" "0.8% of daily budget"
  ✓ load feed stubbed out: no session stored                           opened [{"audio":{"echoCancellation":true,"noiseSuppression":false,"autoGainControl":false}}], rows 2
  ✓ feature result identical with the load feed live                   off {"register":"Chest","steady":"100%","osc":"Calm"} | on {"register":"Chest","steady":"100%","osc":"Calm"}
  ✓ no second register stream opened for the load                      on [{"audio":{"echoCancellation":true,"noiseSuppression":false,"autoGainControl":false}}] | off [{"audio":{"echoCancellation":true,"noiseSuppression":false,"autoGainControl":false}}]
  ✓ stored: exactly 1 new session, ended                               [{"active_seconds":6.949,"ended":true,"load":13.384444467784,"median_rms":0.266032903221002,"p5_midi":60.002706983551,"p95_midi":60.0028404742849}]
  ✓ active seconds ≈ time the feature listened (7.04 s, −1.8/+0.3)     6.949 s
  ✓ stored load = active × 1.925926 (hand), within 0.5%                stored 13.3844 vs hand 13.3833
  ✓ pitch stored ≈ 60                                                  p5 60.003, p95 60.003
  ✓ gauge moved while the feature ran                                  mid-run 0.8893% vs before 0.8068%
  ✓ gauge = today's stored total / 6800                                "1% of daily budget" pct 1.003618 vs 1.003618

-- Register Drills (5 seeded notes)
  ✓ reached through its hub, start button visible                      
  ✓ gauge visible in the panel, today's total so far                   "Vocal load today" "1% of daily budget"
  ✓ load feed stubbed out: no session stored                           opened [{"audio":{"echoCancellation":true,"noiseSuppression":false,"autoGainControl":false}}], rows 3
  ✓ feature result identical with the load feed live                   off {"rows":"Note 1 (A2) No signal Note 2 (A#2) 0% · ✅ matched Note 3 (F#3) No signal Note 4 (D#3) 0% · ✅ matched Note 5 (D3) 0% · ✅ matched","note":"3 of 3 notes genuinely matched Chest Voice-dominant resonance — average pitch accuracy 0%."} | on {"rows":"Note 1 (A2) No signal Note 2 (A#2) 0% · ✅ matched Note 3 (F#3) No signal Note 4 (D#3) 0% · ✅ matched Note 5 (D3) 0% · ✅ matched","note":"3 of 3 notes genuinely matched Chest Voice-dominant resonance — average pitch accuracy 0%."}
  ✓ no second register stream opened for the load                      on [{"audio":{"echoCancellation":true,"noiseSuppression":false,"autoGainControl":false}}] | off [{"audio":{"echoCancellation":true,"noiseSuppression":false,"autoGainControl":false}}]
  ✓ stored: exactly 1 new session, ended                               [{"active_seconds":9.418,"ended":true,"load":18.1397886175938,"median_rms":0.266161577155668,"p5_midi":60.0025664403037,"p95_midi":60.0029378415771}]
  ✓ active seconds ≈ 5 capture windows × 1.8 s, not the whole run (8.20–9.70 s) 9.418 s
  ✓ stored load = active × 1.925926 (hand), within 0.5%                stored 18.1398 vs hand 18.1384
  ✓ pitch stored ≈ 60                                                  p5 60.003, p95 60.003
  ✓ gauge moved while the feature ran                                  mid-run 1.0548% vs before 1.0036%
  ✓ gauge = today's stored total / 6800                                "1.3% of daily budget" pct 1.270380 vs 1.270380

-- Vibrato Analyzer (its own unprocessed capture, 4 s)
  ✓ reached through its hub, start button visible                      
  ✓ gauge visible in the panel, today's total so far                   "Vocal load today" "1.3% of daily budget"
  ✓ load feed stubbed out: no session stored                           opened [{"audio":{"echoCancellation":false,"noiseSuppression":false,"autoGainControl":false}}], rows 4
  ✓ feature result identical with the load feed live                   off {"rate":"—","depth":"—","consistency":"—","fb":"No clear oscillation detected — that's expected for a straight tone, or the hold may need to be steadier/longer."} | on {"rate":"—","depth":"—","consistency":"—","fb":"No clear oscillation detected — that's expected for a straight tone, or the hold may need to be steadier/longer."}
  ✓ no extra stream opened for the load, no register input             on [{"audio":{"echoCancellation":false,"noiseSuppression":false,"autoGainControl":false}}] | off [{"audio":{"echoCancellation":false,"noiseSuppression":false,"autoGainControl":false}}]
  ✓ stored: exactly 1 new session, ended                               [{"active_seconds":3.989,"ended":true,"load":7.68316387142751,"median_rms":0.270558217083371,"p5_midi":60.0025626661305,"p95_midi":60.0026967022547}]
  ✓ active seconds ≈ time the feature listened (4.04 s, −1.8/+0.3)     3.989 s
  ✓ stored load = active × 1.925926 (hand), within 0.5%                stored 7.6832 vs hand 7.6825
  ✓ pitch stored ≈ 60                                                  p5 60.003, p95 60.003
  ✓ gauge moved while the feature ran                                  mid-run 1.3541% vs before 1.2704%
  ✓ gauge = today's stored total / 6800                                "1.4% of daily budget" pct 1.383367 vs 1.383367

-- Voice Quality (its own unprocessed capture, 4 s)
  ✓ reached through its hub, start button visible                      
  ✓ gauge visible in the panel, today's total so far                   "Vocal load today" "1.4% of daily budget"
  ✓ load feed stubbed out: no session stored                           opened [{"audio":{"echoCancellation":false,"noiseSuppression":false,"autoGainControl":false}}], rows 5
  ✓ feature result identical with the load feed live                   off {"vqVibVal":"—","vqVibRead":"No regular vibrato: a straight tone. That's a choice, not a fault.","vqHnrVal":"74.4 dB","vqHnrRead":"Clear tone: the harmonics stand well above the noise between them.","vqBrightVal":"408 Hz · 1.56× pitch","vqBrightRead":"Brighter, more forward tone: strong upper harmonics.","vqNote":"Measured on C4 (262 Hz), 4.0 s of steady voice."} | on {"vqVibVal":"—","vqVibRead":"No regular vibrato: a straight tone. That's a choice, not a fault.","vqHnrVal":"74.4 dB","vqHnrRead":"Clear tone: the harmonics stand well above the noise between them.","vqBrightVal":"408 Hz · 1.56× pitch","vqBrightRead":"Brighter, more forward tone: strong upper harmonics.","vqNote":"Measured on C4 (262 Hz), 4.0 s of steady voice."}
  ✓ no extra stream opened for the load, no register input             on [{"audio":{"echoCancellation":false,"noiseSuppression":false,"autoGainControl":false}}] | off [{"audio":{"echoCancellation":false,"noiseSuppression":false,"autoGainControl":false}}]
  ✓ stored: exactly 1 new session, ended                               [{"active_seconds":3.988,"ended":true,"load":7.68221350832187,"median_rms":0.270595941167591,"p5_midi":60.0026015648385,"p95_midi":60.0027316673601}]
  ✓ active seconds ≈ time the feature listened (4.04 s, −1.8/+0.3)     3.988 s
  ✓ stored load = active × 1.925926 (hand), within 0.5%                stored 7.6822 vs hand 7.6806
  ✓ pitch stored ≈ 60                                                  p5 60.003, p95 60.003
  ✓ gauge moved while the feature ran                                  mid-run 1.4671% vs before 1.3834%
  ✓ gauge = today's stored total / 6800                                "1.5% of daily budget" pct 1.496341 vs 1.496341

-- Studio Mode (a 15 s take)
  ✓ reached through its hub, start button visible                      
  ✓ gauge visible in the panel, today's total so far                   "Vocal load today" "1.5% of daily budget"
  ✓ load feed stubbed out: no session stored, no register input opened opened [], rows 6
  ✓ feature result identical with the load feed live                   off {"note":"Take N saved — real audio, stored locally.","kb":82} | on {"note":"Take N saved — real audio, stored locally.","kb":82}
  ✓ both live at once: the feature's own mic + the register input      opened this run [{"audio":{"echoCancellation":true,"noiseSuppression":false,"autoGainControl":false}}]
  ✓ feature's own track still live, unmuted, NS/AGC/EC unchanged       on: ns true agc true ec true muted false | off: ns true agc true ec true
  ✓ feature's own analyser hears the same tone                         on 262 Hz rms 0.0302 | off 261.6 Hz rms 0.0294
  ✓ stored: exactly 1 new session, ended                               [{"active_seconds":14.932,"ended":true,"load":28.7609568539245,"median_rms":0.270562319920641,"p5_midi":60.0025455068606,"p95_midi":60.0027742898577}]
  ✓ active seconds ≈ time the feature listened (15.05 s, −1.8/+0.3)    14.932 s
  ✓ stored load = active × 1.925926 (hand), within 0.5%                stored 28.7610 vs hand 28.7579
  ✓ pitch stored ≈ 60                                                  p5 60.003, p95 60.003
  ✓ gauge moved while the feature ran                                  mid-run 1.5794% vs before 1.4963%
  ✓ gauge = today's stored total / 6800                                "1.9% of daily budget" pct 1.919296 vs 1.919296

-- Hear Yourself Improve: the day-1 clip (Journey, 4 s)
  ✓ reached through its hub, start button visible                      
  ✓ gauge visible in the panel, today's total so far                   "Vocal load today" "1.9% of daily budget"
  ✓ load feed stubbed out: no session stored, no register input opened opened [], rows 7
  ✓ feature result identical with the load feed live                   off {"check":"✓","btn":"✓ Recorded","kb":22} | on {"check":"✓","btn":"✓ Recorded","kb":22}
  ✓ both live at once: the feature's own mic + the register input      opened this run [{"audio":{"echoCancellation":true,"noiseSuppression":false,"autoGainControl":false}}]
  ✓ feature's own track still live, unmuted, NS/AGC/EC unchanged       on: ns true agc true ec true muted false | off: ns true agc true ec true
  ✓ feature's own analyser hears the same tone                         on 261.7 Hz rms 0.0294 | off 261.7 Hz rms 0.0294
  ✓ stored: exactly 1 new session, ended                               [{"active_seconds":3.95,"ended":true,"load":7.60901605214259,"median_rms":0.270694509691086,"p5_midi":60.0025055817041,"p95_midi":60.0027142294135}]
  ✓ active seconds ≈ time the feature listened (4.05 s, −1.8/+0.3)     3.950 s
  ✓ stored load = active × 1.925926 (hand), within 0.5%                stored 7.6090 vs hand 7.6074
  ✓ pitch stored ≈ 60                                                  p5 60.003, p95 60.003
  ✗ gauge moved while the feature ran                                  mid-run 1.9193% vs before 1.9193%
  ✓ gauge = today's stored total / 6800                                "2% of daily budget" pct 2.031193 vs 2.031193

-- Hear Yourself Improve: today's clip (4 s)
  ✓ reached through its hub, start button visible                      
  ✓ gauge visible in the panel, today's total so far                   "Vocal load today" "2% of daily budget"
  ✓ load feed stubbed out: no session stored, no register input opened opened [], rows 8
  ✓ feature result identical with the load feed live                   off {"player":"block","kb":22} | on {"player":"block","kb":22}
  ✓ both live at once: the feature's own mic + the register input      opened this run [{"audio":{"echoCancellation":true,"noiseSuppression":false,"autoGainControl":false}}]
  ✓ feature's own track still live, unmuted, NS/AGC/EC unchanged       on: ns true agc true ec true muted false | off: ns true agc true ec true
  ✓ feature's own analyser hears the same tone                         on 261.8 Hz rms 0.0294 | off 261.7 Hz rms 0.0295
  ✓ stored: exactly 1 new session, ended                               [{"active_seconds":3.934,"ended":true,"load":7.57705526210459,"median_rms":0.270632755170879,"p5_midi":60.002532001814,"p95_midi":60.0028268867874}]
  ✓ active seconds ≈ time the feature listened (4.05 s, −1.8/+0.3)     3.934 s
  ✓ stored load = active × 1.925926 (hand), within 0.5%                stored 7.5771 vs hand 7.5766
  ✓ pitch stored ≈ 60                                                  p5 60.003, p95 60.003
  ✓ gauge moved while the feature ran                                  mid-run 2.1143% vs before 2.0312%
  ✓ gauge = today's stored total / 6800                                "2.1% of daily budget" pct 2.142621 vs 2.142621

-- Harmony Arena (song, runs to the end)
  ✓ reached through its hub, start button visible                      
  ✓ gauge visible in the panel, today's total so far                   "Vocal load today" "2.1% of daily budget"
  ✓ load feed stubbed out: no session stored, no register input opened opened [], rows 9
  ✓ feature result identical with the load feed live                   off {"acc":"79%","pitch":"70%","timing":"100%","part":"75%"} | on {"acc":"79%","pitch":"70%","timing":"100%","part":"75%"}
  ✓ both live at once: the feature's own mic + the register input      opened this run [{"audio":{"echoCancellation":true,"noiseSuppression":false,"autoGainControl":false}}]
  ✓ feature's own track still live, unmuted, NS/AGC/EC unchanged       on: ns true agc true ec true muted false | off: ns true agc true ec true
  ✓ feature's own analyser hears the same tone                         on 261.7 Hz rms 0.0294 | off 262.2 Hz rms 0.0297
  ✓ stored: exactly 1 new session, ended                               [{"active_seconds":26.615,"ended":true,"load":51.2619038857849,"median_rms":0.270559725425274,"p5_midi":60.0024787956901,"p95_midi":60.00281136572}]
  ✓ active seconds ≈ time the feature listened (26.70 s, −1.8/+0.3)    26.615 s
  ✓ stored load = active × 1.925926 (hand), within 0.5%                stored 51.2619 vs hand 51.2585
  ✓ pitch stored ≈ 60                                                  p5 60.002, p95 60.003
  ✓ gauge moved while the feature ran                                  mid-run 2.2266% vs before 2.1426%
  ✓ gauge = today's stored total / 6800                                "2.9% of daily budget" pct 2.896472 vs 2.896472

-- AI Duet Partner (the other parts play; stopped at 8 s)
  ✓ reached through its hub, start button visible                      
  ✓ gauge visible in the panel, today's total so far                   "Vocal load today" "2.9% of daily budget"
  ✓ load feed stubbed out: no session stored, no register input opened opened [], rows 10
  ✓ feature result identical with the load feed live                   off {"muted":"Soprano","playing":true,"part":"Soprano"} | on {"muted":"Soprano","playing":true,"part":"Soprano"}
  ✓ both live at once: the feature's own mic + the register input      opened this run [{"audio":{"echoCancellation":true,"noiseSuppression":false,"autoGainControl":false}}]
  ✓ feature's own track still live, unmuted, NS/AGC/EC unchanged       on: ns true agc true ec true muted false | off: ns true agc true ec true
  ✓ feature's own analyser hears the same tone                         on 261.9 Hz rms 0.0302 | off 262 Hz rms 0.0302
  ✓ stored: exactly 1 new session, ended                               [{"active_seconds":7.974,"ended":true,"load":15.3586181174315,"median_rms":0.270582006902528,"p5_midi":60.0023933738044,"p95_midi":60.0027604768011}]
  ✓ active seconds ≈ time the feature listened (8.03 s, −1.8/+0.3)     7.974 s
  ✓ stored load = active × 1.925926 (hand), within 0.5%                stored 15.3586 vs hand 15.3573
  ✓ pitch stored ≈ 60                                                  p5 60.002, p95 60.003
  ✓ gauge moved while the feature ran                                  mid-run 2.9798% vs before 2.8965%
  ✓ gauge = today's stored total / 6800                                "3.1% of daily budget" pct 3.122334 vs 3.122334

-- Your Choir: record the Lead part (runs to the end of the song)
  ✓ reached through its hub, start button visible                      
  ✓ gauge visible in the panel, today's total so far                   "Vocal load today" "3.1% of daily budget"
  ✓ load feed stubbed out: no session stored, no register input opened opened [], rows 11
  ✓ feature result identical with the load feed live                   off {"status":"Lead saved.","dur":27.19,"lead":3.4} | on {"status":"Lead saved.","dur":27.19,"lead":3.4}
  ✓ both live at once: the feature's own mic + the register input      opened this run [{"audio":{"echoCancellation":true,"noiseSuppression":false,"autoGainControl":false}}]
  ✓ feature's own track still live, unmuted, NS/AGC/EC unchanged       on: ns true agc true ec true muted false | off: ns true agc true ec true
  ✓ feature's own analyser hears the same tone                         on 261.7 Hz rms 0.0294 | off 261.7 Hz rms 0.0294
  ✓ stored: exactly 1 new session, ended                               [{"active_seconds":30.589,"ended":true,"load":58.9181338325116,"median_rms":0.270602862304506,"p5_midi":60.0025099913129,"p95_midi":60.0028413968813}]
  ✓ active seconds ≈ time the feature listened (30.71 s, −1.8/+0.3)    30.589 s
  ✓ stored load = active × 1.925926 (hand), within 0.5%                stored 58.9181 vs hand 58.9121
  ✓ pitch stored ≈ 60                                                  p5 60.003, p95 60.003
  ✓ gauge moved while the feature ran                                  mid-run 3.2061% vs before 3.1223%
  ✓ gauge = today's stored total / 6800                                "4% of daily budget" pct 3.988777 vs 3.988777
  ✓ page errors                                                        none

-- reload: every gauge resumes today's total from the server
  ✓ bridge: same total after reload, not 0                             "4% of daily budget"
  ✓ wraith: same total after reload, not 0                             "4% of daily budget"
  ✓ resonance: same total after reload, not 0                          "4% of daily budget"
  ✓ drills: same total after reload, not 0                             "4% of daily budget"
  ✓ vibrato: same total after reload, not 0                            "4% of daily budget"
  ✓ vq: same total after reload, not 0                                 "4% of daily budget"
  ✓ studio: same total after reload, not 0                             "4% of daily budget"
  ✓ journey: same total after reload, not 0                            "4% of daily budget"
  ✓ today: same total after reload, not 0                              "4% of daily budget"
  ✓ harmony: same total after reload, not 0                            "4% of daily budget"
  ✓ duet: same total after reload, not 0                               "4% of daily budget"
  ✓ yourchoir: same total after reload, not 0                          "4% of daily budget"
  ✓ coach: same total after reload, not 0                              "4% of daily budget"
  ✓ daily table = sum of every session                                 [{"day":"2026-10-07","total_load":271.23686821701}] vs 271.2369

-- all four languages (switched with the Profile language buttons)
  ✓ fr: all 13 gauges' label and value in fr                           "Charge vocale du jour" "4 % du budget quotidien"
  ✓ es: all 13 gauges' label and value in es                           "Carga vocal de hoy" "4 % del presupuesto diario"
  ✓ tr: all 13 gauges' label and value in tr                           "Bugünkü ses yükü" "Günlük bütçe: %4"
  ✓ en: all 13 gauges' label and value in en                           "Vocal load today" "4% of daily budget"
  ✓ page errors                                                        none

-- Safari user agent: sidecar features open no second stream, store nothing, hide their gauge
  ✓ sidecar blocked for this user agent                                
  ✓ studio ran on its own stream only, no session stored               opened [], rows 12→12
  ✓ sidecar features' gauges hidden, register-input features' still shown ok

-- signed out
  ✓ every gauge hidden when signed out                                 all hidden

[cleanup] deleted 1 test account(s) this run created; 0 left of voxcoach-vlh-1791355699260@example.com

168 passed, 1 failed
