[sweep] deleted 0 leftover voxcoach-vlb-* account(s) from earlier runs
== local deploy/ + production backend
   mic: 261.63 Hz (MIDI 60)
   signed up voxcoach-vlb-1790985208967@example.com
  ✓ sidecar allowed in this browser (desktop Chromium)                 

-- Pitch Match (drill): target C4, a pass
  ✓ reached through its hub, start button visible                      
  ✓ gauge visible in the panel, today's total so far                   "Vocal load today" "0% of daily budget"
  ✓ sidecar stubbed out: no register input opened, no session stored   opened [], rows 0
  ✓ feature result identical with the sidecar live                     off {"acc":"99%","fb":"Right on it."} | on {"acc":"99%","fb":"Right on it."}
  ✓ both live at once: the feature's own mic + the register input      opened this run [{"audio":{"echoCancellation":true,"noiseSuppression":false,"autoGainControl":false}}]
  ✓ feature's own track still live, unmuted, NS/AGC/EC unchanged       on: ns true agc true ec true muted false | off: ns true agc true ec true
  ✓ feature's own analyser hears the same tone                         on 261.9 Hz rms 0.0302 | off 261.9 Hz rms 0.0294
  ✓ stored: exactly 1 new session, ended                               [{"active_seconds":1.512,"ended":true,"load":2.9122713657929,"median_rms":0.26989897815539,"p5_midi":60.0028192223547,"p95_midi":60.0029509712636}]
  ✓ active seconds ≈ time the feature listened (1.65 s, −1.8/+0.3)     1.512 s
  ✓ stored load = active × 1.925926 (hand), within 0.5%                stored 2.9123 vs hand 2.9120
  ✓ pitch stored ≈ 60                                                  p5 60.003, p95 60.003
  ✓ gauge = today's stored total / 6800                                "0% of daily budget" pct 0.042828 vs 0.042828

-- Pitch Match (drill): target D4, a miss
  ✓ reached through its hub, start button visible                      
  ✓ gauge visible in the panel, today's total so far                   "Vocal load today" "0% of daily budget"
  ✓ sidecar stubbed out: no register input opened, no session stored   opened [], rows 1
  ✓ feature result identical with the sidecar live                     off {"acc":"11%","fb":"Off target — try matching the tone before you start singing."} | on {"acc":"11%","fb":"Off target — try matching the tone before you start singing."}
  ✓ both live at once: the feature's own mic + the register input      opened this run [{"audio":{"echoCancellation":true,"noiseSuppression":false,"autoGainControl":false}}]
  ✓ feature's own track still live, unmuted, NS/AGC/EC unchanged       on: ns true agc true ec true muted false | off: ns true agc true ec true
  ✓ feature's own analyser hears the same tone                         on 261.7 Hz rms 0.0295 | off 261.7 Hz rms 0.0299
  ✓ stored: exactly 1 new session, ended                               [{"active_seconds":1.531,"ended":true,"load":2.94940748500232,"median_rms":0.269058734896001,"p5_midi":60.0024619139597,"p95_midi":60.0025998787937}]
  ✓ active seconds ≈ time the feature listened (1.64 s, −1.8/+0.3)     1.531 s
  ✓ stored load = active × 1.925926 (hand), within 0.5%                stored 2.9494 vs hand 2.9486
  ✓ pitch stored ≈ 60                                                  p5 60.002, p95 60.003
  ✓ gauge = today's stored total / 6800                                "0.1% of daily budget" pct 0.086201 vs 0.086201

-- Stay in Key (song drill, runs to the end)
  ✓ reached through its hub, start button visible                      
  ✓ gauge visible in the panel, today's total so far                   "Vocal load today" "0.1% of daily budget"
  ✓ sidecar stubbed out: no register input opened, no session stored   opened [], rows 2
  ✓ feature result identical with the sidecar live                     off {"shown":"75%","inKeyShare":0.75} | on {"shown":"75%","inKeyShare":0.75}
  ✓ both live at once: the feature's own mic + the register input      opened this run [{"audio":{"echoCancellation":true,"noiseSuppression":false,"autoGainControl":false}}]
  ✓ feature's own track still live, unmuted, NS/AGC/EC unchanged       on: ns true agc true ec true muted false | off: ns true agc true ec true
  ✓ feature's own analyser hears the same tone                         on 261.7 Hz rms 0.0294 | off 262.3 Hz rms 0.0297
  ✓ stored: exactly 1 new session, ended                               [{"active_seconds":26.596,"ended":true,"load":51.2263200789705,"median_rms":0.270573733593421,"p5_midi":60.0024436383929,"p95_midi":60.0028725125461}]
  ✓ active seconds ≈ time the feature listened (26.72 s, −1.8/+0.3)    26.596 s
  ✓ stored load = active × 1.925926 (hand), within 0.5%                stored 51.2263 vs hand 51.2219
  ✓ pitch stored ≈ 60                                                  p5 60.002, p95 60.003
  ✓ gauge moved while the feature ran                                  mid-run 0.2264% vs before 0.0862%
  ✓ gauge = today's stored total / 6800                                "0.8% of daily budget" pct 0.839529 vs 0.839529

-- Karaoke (song game, runs to the end)
  ✓ reached through its hub, start button visible                      
  ✓ gauge visible in the panel, today's total so far                   "Vocal load today" "0.8% of daily budget"
  ✓ sidecar stubbed out: no register input opened, no session stored   opened [], rows 3
  ✓ feature result identical with the sidecar live                     off {"notes":"99/100/h 0/100/h 99/100/h 99/100/h 99/100/h 99/100/h 0/100/h 99/100/h","pitch":"74%","timing":"100%"} | on {"notes":"99/100/h 0/100/h 99/100/h 99/100/h 99/100/h 99/100/h 0/100/h 99/100/h","pitch":"74%","timing":"100%"}
  ✓ both live at once: the feature's own mic + the register input      opened this run [{"audio":{"echoCancellation":true,"noiseSuppression":false,"autoGainControl":false}}]
  ✓ feature's own track still live, unmuted, NS/AGC/EC unchanged       on: ns true agc true ec true muted false | off: ns true agc true ec true
  ✓ feature's own analyser hears the same tone                         on 262.3 Hz rms 0.0298 | off 261.7 Hz rms 0.0294
  ✓ stored: exactly 1 new session, ended                               [{"active_seconds":26.616,"ended":true,"load":51.264044825036,"median_rms":0.270563863968688,"p5_midi":60.0025056871547,"p95_midi":60.0028256119751}]
  ✓ active seconds ≈ time the feature listened (26.72 s, −1.8/+0.3)    26.616 s
  ✓ stored load = active × 1.925926 (hand), within 0.5%                stored 51.2640 vs hand 51.2604
  ✓ pitch stored ≈ 60                                                  p5 60.003, p95 60.003
  ✓ gauge moved while the feature ran                                  mid-run 0.9798% vs before 0.8395%
  ✓ gauge = today's stored total / 6800                                "1.6% of daily budget" pct 1.593412 vs 1.593412

-- Harmony Memory stage 1, Lead (Choir World individual practice)
  ✓ reached through its hub, start button visible                      
  ✓ gauge visible in the panel, today's total so far                   "Vocal load today" "1.6% of daily budget"
  ✓ sidecar stubbed out: no register input opened, no session stored   opened [], rows 4
  ✓ feature result identical with the sidecar live                     off {"held":"10111101","score":75,"passed":true} | on {"held":"10111101","score":75,"passed":true}
  ✓ both live at once: the feature's own mic + the register input      opened this run [{"audio":{"echoCancellation":true,"noiseSuppression":false,"autoGainControl":false}}]
  ✓ feature's own track still live, unmuted, NS/AGC/EC unchanged       on: ns true agc true ec true muted false | off: ns true agc true ec true
  ✓ feature's own analyser hears the same tone                         on 261.9 Hz rms 0.0295 | off 261.9 Hz rms 0.0295
  ✓ stored: exactly 1 new session, ended                               [{"active_seconds":30.315,"ended":true,"load":58.3896309833924,"median_rms":0.270571913743338,"p5_midi":60.0024425144924,"p95_midi":60.0028521331432}]
  ✓ active seconds ≈ time the feature listened (30.40 s, −1.8/+0.3)    30.315 s
  ✓ stored load = active × 1.925926 (hand), within 0.5%                stored 58.3896 vs hand 58.3844
  ✓ pitch stored ≈ 60                                                  p5 60.002, p95 60.003
  ✗ gauge moved while the feature ran                                  mid-run 0.1403% vs before 1.5934%
  ✗ gauge = today's stored total / 6800                                "0.9% of daily budget" pct 0.858671 vs 2.452083
  ✓ page errors                                                        none

-- reload: every gauge resumes today's total from the server
  ✗ pitch: same total after reload, not 0                              "0.9% of daily budget"
  ✗ staykey: same total after reload, not 0                            "0.9% of daily budget"
  ✗ karaoke: same total after reload, not 0                            "0.9% of daily budget"
  ✗ hmem: same total after reload, not 0                               "0.9% of daily budget"
  ✗ glider: same total after reload, not 0                             "0.9% of daily budget"
  ✗ boss: same total after reload, not 0                               "0.9% of daily budget"
  ✗ coach: same total after reload, not 0                              "0.9% of daily budget"

-- Pitch Dragon boss, beginner (runs to the end)
  ✓ reached through its hub, start button visible                      
  ✗ gauge visible in the panel, today's total so far                   "Vocal load today" "0.9% of daily budget"
  ✓ sidecar stubbed out: no register input opened, no session stored   opened [], rows 5
  ✓ feature result identical with the sidecar live                     off {"boss":0,"player":82,"notes":"99 0 99 99 99 99 0"} | on {"boss":0,"player":82,"notes":"99 0 99 99 99 99 0"}
  ✓ both live at once: the feature's own mic + the register input      opened this run [{"audio":{"echoCancellation":true,"noiseSuppression":false,"autoGainControl":false}}]
  ✓ feature's own track still live, unmuted, NS/AGC/EC unchanged       on: ns true agc true ec true muted false | off: ns true agc true ec true
  ✓ feature's own analyser hears the same tone                         on 261.9 Hz rms 0.0306 | off 261.7 Hz rms 0.0295
  ✓ stored: exactly 1 new session, ended                               [{"active_seconds":19.954,"ended":true,"load":38.4336159364804,"median_rms":0.270572945941537,"p5_midi":60.0024919716247,"p95_midi":60.0029689717333}]
  ✓ active seconds ≈ time the feature listened (20.12 s, −1.8/+0.3)    19.954 s
  ✓ stored load = active × 1.925926 (hand), within 0.5%                stored 38.4336 vs hand 38.4299
  ✓ pitch stored ≈ 60                                                  p5 60.002, p95 60.003
  ✗ gauge moved while the feature ran                                  mid-run 0.9990% vs before 2.4521%
  ✗ gauge = today's stored total / 6800                                "1.4% of daily budget" pct 1.423871 vs 3.017284
  ✓ page errors                                                        none

   mic: 202.29 Hz (MIDI 55.546875)

-- Glider (arcade game, Melody Road, beginner; runs until the crash)
  ✓ reached through its hub, start button visible                      
  ✗ gauge visible in the panel, today's total so far                   "Vocal load today" "1.4% of daily budget"
  ✓ sidecar stubbed out: no register input opened, no session stored   opened [], rows 6
  ✓ feature result identical with the sidecar live                     off {"score":497,"coins":18,"title":"end","startY":230,"firstGapY":230,"tookOffOnFrame":1} | on {"score":497,"coins":18,"title":"end","startY":230,"firstGapY":230,"tookOffOnFrame":1}
  ✓ off: starts at the first gap's centre, takes off on frame 1 (no wait) start y 230, first gap 230, took off on frame 1
  ✓ on: starts at the first gap's centre, takes off on frame 1 (no wait) start y 230, first gap 230, took off on frame 1
  ✓ both live at once: the feature's own mic + the register input      opened this run [{"audio":{"echoCancellation":true,"noiseSuppression":false,"autoGainControl":false}}]
  ✓ feature's own track still live, unmuted, NS/AGC/EC unchanged       on: ns true agc true ec true muted false | off: ns true agc true ec true
  ✓ feature's own analyser hears the same tone                         on 202.5 Hz rms 0.0293 | off 202.4 Hz rms 0.0297
  ✓ stored: exactly 1 new session, ended                               [{"active_seconds":44.21,"ended":true,"load":73.0111945336171,"median_rms":0.270585888225202,"p5_midi":55.5506625969896,"p95_midi":55.5510264147687}]
  ✓ active seconds ≈ time the feature listened (44.28 s, −1.8/+0.3)    44.210 s
  ✓ stored load = active × 1.651042 (hand), within 0.5%                stored 73.0112 vs hand 72.9926
  ✓ pitch stored ≈ 55.546875                                           p5 55.551, p95 55.551
  ✗ gauge moved while the feature ran                                  mid-run 1.5440% vs before 3.0173%
  ✗ gauge = today's stored total / 6800                                "2.5% of daily budget" pct 2.497565 vs 4.090978
  ✗ daily table = sum of every session                                 [{"day":"2026-10-02","total_load":108.352043754802},{"day":"2026-10-03","total_load":169.83444145349}] vs 278.1865

-- all four languages (switched with the Profile language buttons)
  ✗ fr: all 7 gauges' label and value in fr                            pitch: "Charge vocale du jour" "2,5 % du budget quotidien"; staykey: "Charge vocale du jour" "2,5 % du budget quotidien"; karaoke: "Charge vocale du jour" "2,5 % du budget quotidien"; hmem: "Charge vocale du jour" "2,5 % du budget quotidien"; glider: "Charge vocale du jour" "2,5 % du budget quotidien"; boss: "Charge vocale du jour" "2,5 % du budget quotidien"; coach: "Charge vocale du jour" "2,5 % du budget quotidien"
  ✗ es: all 7 gauges' label and value in es                            pitch: "Carga vocal de hoy" "2,5 % del presupuesto diario"; staykey: "Carga vocal de hoy" "2,5 % del presupuesto diario"; karaoke: "Carga vocal de hoy" "2,5 % del presupuesto diario"; hmem: "Carga vocal de hoy" "2,5 % del presupuesto diario"; glider: "Carga vocal de hoy" "2,5 % del presupuesto diario"; boss: "Carga vocal de hoy" "2,5 % del presupuesto diario"; coach: "Carga vocal de hoy" "2,5 % del presupuesto diario"
  ✗ tr: all 7 gauges' label and value in tr                            pitch: "Bugünkü ses yükü" "Günlük bütçe: %2,5"; staykey: "Bugünkü ses yükü" "Günlük bütçe: %2,5"; karaoke: "Bugünkü ses yükü" "Günlük bütçe: %2,5"; hmem: "Bugünkü ses yükü" "Günlük bütçe: %2,5"; glider: "Bugünkü ses yükü" "Günlük bütçe: %2,5"; boss: "Bugünkü ses yükü" "Günlük bütçe: %2,5"; coach: "Bugünkü ses yükü" "Günlük bütçe: %2,5"
  ✗ en: all 7 gauges' label and value in en                            pitch: "Vocal load today" "2.5% of daily budget"; staykey: "Vocal load today" "2.5% of daily budget"; karaoke: "Vocal load today" "2.5% of daily budget"; hmem: "Vocal load today" "2.5% of daily budget"; glider: "Vocal load today" "2.5% of daily budget"; boss: "Vocal load today" "2.5% of daily budget"; coach: "Vocal load today" "2.5% of daily budget"
  ✓ page errors                                                        none

-- Safari user agent: no second stream, nothing stored, these gauges hidden
  ✓ sidecar blocked for this user agent                                
  ✓ Glider ran on its own stream only, no session stored               opened [], rows 7→7, score 497
  ✓ Glider started at the first gap's centre and took off on frame 1   start y 230, first gap 230, frame 1
  ✓ the six features' gauges hidden, Register Coach's still shown      ok

-- signed out
  ✓ every gauge hidden when signed out                                 all hidden

[cleanup] deleted 1 test account(s) this run created; 0 left of voxcoach-vlb-1790985208967@example.com

92 passed, 20 failed
