noisegate 2026-10-07T14-01-08  sides: before, after  before: master  target MIDI 57

== noise-rumble-10 (broadband)
   before #1 Pitch Match —/— | Drills —/—/0/—/— | RTF heard 7% in tune 1% | Tuner heard 0% in tune 0% | Stay in Key heard 0% in key 0% | Choir World heard 0% of frames, held 0/2
   after #1  Pitch Match —/— | Drills 0/0/0/—/— | RTF heard 4% in tune 0% | Tuner heard 0% in tune 0% | Stay in Key heard 0% in key 0% | Choir World heard 0% of frames, held 0/2
   before #2 Pitch Match —/— | Drills 0/0/0/—/— | RTF heard 6% in tune 0% | Tuner heard 0% in tune 0% | Stay in Key heard 0% in key 0% | Choir World heard 0% of frames, held 0/2
   after #2  Pitch Match —/— | Drills —/—/0/—/— | RTF heard 7% in tune 1% | Tuner heard 0% in tune 0% | Stay in Key heard 0% in key 0% | Choir World heard 0% of frames, held 0/2
   before #3 Pitch Match —/— | Drills 0/0/—/—/— | RTF heard 4% in tune 0% | Tuner heard 0% in tune 0% | Stay in Key heard 0% in key 0% | Choir World heard 0% of frames, held 0/2
   after #3  Pitch Match —/— | Drills 0/0/0/—/— | RTF heard 5% in tune 0% | Tuner heard 0% in tune 0% | Stay in Key heard 0% in key 0% | Choir World heard 0% of frames, held 0/2
   before #4 Pitch Match —/— | Drills 0/0/0/—/— | RTF heard 9% in tune 0% | Tuner heard 0% in tune 0% | Stay in Key heard 0% in key 0% | Choir World heard 0% of frames, held 0/2
   after #4  Pitch Match —/— | Drills 0/0/0/—/— | RTF heard 6% in tune 2% | Tuner heard 0% in tune 0% | Stay in Key heard 0% in key 0% | Choir World heard 0% of frames, held 0/2
   before #5 Pitch Match —/— | Drills —/—/0/—/— | RTF heard 11% in tune 3% | Tuner heard 0% in tune 0% | Stay in Key heard 0% in key 0% | Choir World heard 0% of frames, held 0/2
   after #5  Pitch Match —/— | Drills 0/0/0/—/— | RTF heard 3% in tune 0% | Tuner heard 0% in tune 0% | Stay in Key heard 0% in key 0% | Choir World heard 0% of frames, held 0/2

==== Regression: passes on master and fails on the branch, or moves past the tolerance the wrong way (blocks a deploy)

==== Fixed: fails on master and passes on the branch, or moves past the tolerance the right way

==== Already failing: fails on master and on the branch (not caused by the branch)
ALREADY noise-rumble-10 scores: Pitch Match scored 0/0/0/0/0 → 0/0/0/0/0, Drills heard 1/3/2/3/1 → 3/1/3/3/3, Choir held 0/0/0/0/0 → 0/0/0/0/0 · nothing may be scored or held (medians)

==== Within noise: crosses a pass/fail bar, but by no more than master's own spread (±5 to ±10): not blocking
NOISE noise-rumble-10 rtfVoiced: master 7/6/4/9/11 (median 7, spread 7) → branch 4/7/5/6/3 (median 5), change -2 (±7) · no pitch in it: heard on ≤5% of frames

==== VERDICT (regress, 5 runs per side, medians): 0 regression(s), 0 fixed, 1 already failing, 1 within noise, 11 passed
pass noise-rumble-10 tunerVoiced: master 0/0/0/0/0 (median 0, spread 0) → branch 0/0/0/0/0 (median 0), change 0 (±5) · no pitch in it: heard on ≤5% of frames
pass noise-rumble-10 skVoiced: master 0/0/0/0/0 (median 0, spread 0) → branch 0/0/0/0/0 (median 0), change 0 (±5) · no pitch in it: heard on ≤5% of frames
pass noise-rumble-10 cwFrames: master 0/0/0/0/0 (median 0, spread 0) → branch 0/0/0/0/0 (median 0), change 0 (±5) · no pitch in it: heard on ≤5% of frames
pass noise-rumble-10 rtfVoiced: master 7/6/4/9/11 (median 7, spread 7) → branch 4/7/5/6/3 (median 5), change -2 (±7) · noise alone: must not get worse past the tolerance
pass noise-rumble-10 tunerVoiced: master 0/0/0/0/0 (median 0, spread 0) → branch 0/0/0/0/0 (median 0), change 0 (±5) · noise alone: must not get worse past the tolerance
pass noise-rumble-10 skVoiced: master 0/0/0/0/0 (median 0, spread 0) → branch 0/0/0/0/0 (median 0), change 0 (±5) · noise alone: must not get worse past the tolerance
pass noise-rumble-10 cwFrames: master 0/0/0/0/0 (median 0, spread 0) → branch 0/0/0/0/0 (median 0), change 0 (±5) · noise alone: must not get worse past the tolerance
pass noise-rumble-10 rtfInTune: master 1/0/0/0/3 (median 0, spread 3) → branch 0/1/0/2/0 (median 0), change 0 (±5) · noise alone: must not get worse past the tolerance
pass noise-rumble-10 tunerInTune: master 0/0/0/0/0 (median 0, spread 0) → branch 0/0/0/0/0 (median 0), change 0 (±5) · noise alone: must not get worse past the tolerance
pass noise-rumble-10 skInKey: master 0/0/0/0/0 (median 0, spread 0) → branch 0/0/0/0/0 (median 0), change 0 (±5) · noise alone: must not get worse past the tolerance
pass noise-rumble-10 Choir World held: master 0/0/0/0/0 (median 0, spread 0) → branch 0/0/0/0/0 (median 0), change 0 (±0) · noise alone: the median held count must not rise past master's own spread

log: /Users/alegramusenge/Documents/voxcoach-app/scripts/vq-verify/logs/noisegate-local-2026-10-07T14-01-08.log  json: /Users/alegramusenge/Documents/voxcoach-app/scripts/vq-verify/logs/noisegate-local-2026-10-07T14-01-08.json
