loopback 2026-10-05T14-46-52 · before: master · after: working tree · nobody singing · song: hymn, Harmony part Alto, rehearsal part Lead

== before, coupling -20 dB
   Harmony, piano guide (master level)          heard 0/1602 frames · notes scored 0 · landed 0 · Timing 0% · Part 0%
   Harmony, distraction (master level)          heard 0/1602 frames · notes scored 0 · landed 0 · Timing 0% · Part 0%
   Harmony, no guide (the choir only: baseline) heard 0/1602 frames · notes scored 0 · landed 0 · Timing 0% · Part 0%
   Scale Run, professional                      steps heard 10/10 · scores 92/94/95/96/95/93/92/94/95/96 · shown 94%
   Entrance Trainer                             bleed hits 0 · entrances 8/8 · warning false
   Harmony Memory stage 1                       held 3/8 · frames with a pitch per note 182/182/182/182/182/182/182/182
   Harmony Memory stage 6                       held 0/8 · frames with a pitch per note 0/0/0/0/0/0/0/0
   page errors: none

== after, coupling -20 dB
   Harmony, piano guide (as built)              heard 0/1602 frames · notes scored 0 · landed 0 · Timing 0% · Part 0%
   Harmony, distraction (as built)              heard 0/1602 frames · notes scored 0 · landed 0 · Timing 0% · Part 0%
   Harmony, piano guide at -23.4 dBFS (gain 0.096) heard 0/1602 frames · notes scored 0 · landed 0 · Timing 0% · Part 0%
   Harmony, distraction at -23.4 dBFS           heard 0/1602 frames · notes scored 0 · landed 0 · Timing 0% · Part 0%
   Harmony, piano guide at -20 dBFS (gain 0.142) heard 1160/1602 frames · notes scored 8 · landed 8 · Timing 72% · Part 100%
   Harmony, distraction at -20 dBFS             heard 917/1602 frames · notes scored 8 · landed 0 · Timing 57% · Part 0%
   Harmony, piano guide at -18 dBFS (gain 0.1788) heard 1173/1602 frames · notes scored 8 · landed 8 · Timing 73% · Part 100%
   Harmony, distraction at -18 dBFS             heard 1002/1602 frames · notes scored 8 · landed 0 · Timing 63% · Part 0%
   Harmony, piano guide at -16 dBFS (gain 0.225) heard 1179/1602 frames · notes scored 8 · landed 8 · Timing 74% · Part 100%
   Harmony, distraction at -16 dBFS             heard 1077/1602 frames · notes scored 8 · landed 0 · Timing 67% · Part 0%
   Harmony, piano guide at -14 dBFS (gain 0.2833) heard 1184/1602 frames · notes scored 8 · landed 8 · Timing 74% · Part 100%
   Harmony, distraction at -14 dBFS             heard 1123/1602 frames · notes scored 8 · landed 0 · Timing 70% · Part 0%
   Harmony, piano guide at -12 dBFS (gain 0.3567) heard 1197/1601 frames · notes scored 8 · landed 8 · Timing 75% · Part 100%
   Harmony, distraction at -12 dBFS             heard 1174/1602 frames · notes scored 8 · landed 0 · Timing 73% · Part 0%
   Harmony, no guide (the choir only: baseline) heard 6/1602 frames · notes scored 1 · landed 0 · Timing 0% · Part 0%
   Scale Run, professional                      steps heard 10/10 · scores 93/96/96/97/96/95/95/95/96/97 · shown 96%
   Entrance Trainer                             bleed hits 0 · entrances 8/8 · warning false
   Harmony Memory stage 1                       held 3/8 · frames with a pitch per note 182/182/182/182/182/182/182/182
   Harmony Memory stage 6                       held 0/8 · frames with a pitch per note 0/0/0/0/0/0/0/0
   page errors: none

== before, coupling -10 dB
   Harmony, piano guide (master level)          heard 1188/1599 frames · notes scored 8 · landed 8 · Timing 74% · Part 100%
   Harmony, distraction (master level)          heard 1171/1602 frames · notes scored 8 · landed 0 · Timing 73% · Part 0%
   Harmony, no guide (the choir only: baseline) heard 6/1601 frames · notes scored 1 · landed 0 · Timing 0% · Part 0%
   Scale Run, professional                      steps heard 10/10 · scores 88/92/94/98/94/94/88/93/94/97 · shown 93%
   Entrance Trainer                             bleed hits 4 · entrances 8/8 · warning true
   Harmony Memory stage 1                       held 3/8 · frames with a pitch per note 183/183/183/183/183/182/183/183
   Harmony Memory stage 6                       held 0/8 · frames with a pitch per note 0/0/0/0/0/0/0/0
   page errors: none

== after, coupling -10 dB
   Harmony, piano guide (as built)              heard 1182/1599 frames · notes scored 8 · landed 8 · Timing 74% · Part 100%
   Harmony, distraction (as built)              heard 1166/1602 frames · notes scored 8 · landed 0 · Timing 73% · Part 0%
   Harmony, piano guide at -23.4 dBFS (gain 0.096) heard 1200/1602 frames · notes scored 8 · landed 8 · Timing 75% · Part 100%
   Harmony, distraction at -23.4 dBFS           heard 1172/1602 frames · notes scored 8 · landed 0 · Timing 73% · Part 0%
   Harmony, piano guide at -20 dBFS (gain 0.142) heard 1202/1601 frames · notes scored 8 · landed 8 · Timing 75% · Part 100%
   Harmony, distraction at -20 dBFS             heard 1232/1602 frames · notes scored 8 · landed 0 · Timing 77% · Part 0%
   Harmony, piano guide at -18 dBFS (gain 0.1788) heard 1202/1601 frames · notes scored 8 · landed 8 · Timing 75% · Part 100%
   Harmony, distraction at -18 dBFS             heard 1259/1602 frames · notes scored 8 · landed 0 · Timing 79% · Part 0%
   Harmony, piano guide at -16 dBFS (gain 0.225) heard 1207/1601 frames · notes scored 8 · landed 8 · Timing 75% · Part 100%
   Harmony, distraction at -16 dBFS             heard 1283/1602 frames · notes scored 8 · landed 0 · Timing 80% · Part 0%
   Harmony, piano guide at -14 dBFS (gain 0.2833) heard 1202/1601 frames · notes scored 8 · landed 8 · Timing 75% · Part 100%
   Harmony, distraction at -14 dBFS             heard 1305/1602 frames · notes scored 8 · landed 0 · Timing 81% · Part 0%
   Harmony, piano guide at -12 dBFS (gain 0.3567) heard 1209/1601 frames · notes scored 8 · landed 8 · Timing 76% · Part 100%
   Harmony, distraction at -12 dBFS             heard 1317/1602 frames · notes scored 8 · landed 0 · Timing 82% · Part 0%
   Harmony, no guide (the choir only: baseline) heard 8/1601 frames · notes scored 1 · landed 0 · Timing 0% · Part 0%
   Scale Run, professional                      steps heard 10/10 · scores 94/95/98/98/95/96/96/96/98/98 · shown 96%
   Entrance Trainer                             bleed hits 4 · entrances 8/8 · warning true
   Harmony Memory stage 1                       held 3/8 · frames with a pitch per note 182/182/182/182/182/182/182/182
   Harmony Memory stage 6                       held 0/8 · frames with a pitch per note 0/0/0/0/0/0/0/0
   page errors: none

==== guide levels with 0 landed notes at both couplings: none dBFS → highest: none
==== Harmony landed notes as built, master → branch: -20 dB: guide 0 → 0, distraction 0 → 0 · -10 dB: guide 8 → 8, distraction 0 → 0
==== Scale Run steps heard (nobody singing), master → branch: -20 dB: 10 → 10 · -10 dB: 10 → 10
==== Entrance Trainer bleed hits, nobody singing: -20 dB: master 0 → branch 0 · -10 dB: master 4 → branch 4
==== Harmony Memory notes held, nobody singing: -20 dB: stage 1 held 3 → 3, stage 6 held 0 → 0 · -10 dB: stage 1 held 3 → 3, stage 6 held 0 → 0
log: /Users/alegramusenge/Documents/voxcoach-app/scripts/vq-verify/logs/loopback-local-2026-10-05T14-46-52.log
