vibfix 2026-10-07T11-44-50  sides: before, after  before: master  mode: regress (rises become "must not move")

== V1: vibrato-628@2896 centred — target 69 (sung -1 ct, re-centred); offline gate: vibrato 6.16 Hz ±66 r 0.83
   before #1 Tuner in tune 16% stability ≥75 45% (mean 62) of 92/116 | Stay in Key in key 95% of 91/115 (result 94%)
   before #1 Pitch Match int 91/92 pro 89/86 | Drills 91/91/90/91/91 | RTF in tune 59% steady 35% of 93/116 voiced frames (In tune×55, Listening…×23, Flat (-23ct)×5) | Choir World held ✓✓ median -6/-9 ct, report pitch 92/92 in tune 153/153, 154/154
   after #1  Tuner in tune 18% stability ≥75 44% (mean 63) of 92/116 | Stay in Key in key 94% of 89/114 (result 95%)
   after #1  Pitch Match int 91/92 pro 89/85 | Drills 91/91/91/91/92 | RTF in tune 58% steady 31% of 90/114 voiced frames (In tune×52, Listening…×24, Flat (-22ct)×4) | Choir World held ✓✓ median -8/-10 ct, report pitch 91/92 in tune 153/153, 154/154
   before #2 Tuner in tune 16% stability ≥75 45% (mean 62) of 93/116 | Stay in Key in key 92% of 90/115 (result 95%)
   before #2 Pitch Match int 91/92 pro 89/86 | Drills 91/91/90/91/91 | RTF in tune 64% steady 33% of 91/115 voiced frames (In tune×58, Listening…×24, Flat (-23ct)×4) | Choir World held ✓✓ median -6/-10 ct, report pitch 91/91 in tune 154/154, 153/154
   after #2  Tuner in tune 18% stability ≥75 46% (mean 62) of 91/115 | Stay in Key in key 96% of 90/115 (result 93%)
   after #2  Pitch Match int 91/92 pro 89/86 | Drills 92/90/90/91/91 | RTF in tune 57% steady 32% of 90/114 voiced frames (In tune×51, Listening…×24, Flat (-24ct)×8) | Choir World held ✓✓ median -8/-11 ct, report pitch 91/91 in tune 154/154, 153/154
   before #3 Tuner in tune 16% stability ≥75 44% (mean 62) of 91/115 | Stay in Key in key 95% of 91/115 (result 95%)
   before #3 Pitch Match int 91/92 pro 89/85 | Drills 89/91/90/91/91 | RTF in tune 60% steady 37% of 91/115 voiced frames (In tune×55, Listening…×24, Flat (-24ct)×5) | Choir World held ✓✓ median -6/-10 ct, report pitch 91/91 in tune 154/154, 153/154
   after #3  Tuner in tune 21% stability ≥75 44% (mean 62) of 92/116 | Stay in Key in key 94% of 90/115 (result 92%)
   after #3  Pitch Match int 91/92 pro 89/86 | Drills 89/91/90/91/91 | RTF in tune 60% steady 39% of 92/115 voiced frames (In tune×55, Listening…×23, Flat (-23ct)×7) | Choir World held ✓✓ median -5/-10 ct, report pitch 92/91 in tune 154/154, 153/154

== V2: vibrato-3131@8046 centred — target 49 (sung -32 ct, re-centred); offline gate: vibrato 5.07 Hz ±106 r 0.94
   before #1 Tuner in tune 26% stability ≥75 14% (mean 47) of 92/115 | Stay in Key in key 74% of 101/115 (result 75%)
   before #1 Pitch Match int 92/93 pro 88/89 | Drills 94/94/94/93/93 | RTF in tune 76% steady 35% of 94/115 voiced frames (In tune×71, Listening…×21, Sharp (+21ct)×3) | Choir World held ✓✓ median 3/6 ct, report pitch 94/93 in tune 147/147, 169/169
   after #1  Tuner in tune 27% stability ≥75 9% (mean 50) of 94/115 | Stay in Key in key 75% of 100/114 (result 74%)
   after #1  Pitch Match int 92/91 pro 90/87 | Drills 94/93/94/92/93 | RTF in tune 76% steady 38% of 92/114 voiced frames (In tune×70, Listening…×22, Sharp (+22ct)×3) | Choir World held ✓✓ median 2/6 ct, report pitch 94/93 in tune 147/147, 169/169
   before #2 Tuner in tune 30% stability ≥75 22% (mean 50) of 94/116 | Stay in Key in key 71% of 101/115 (result 75%)
   before #2 Pitch Match int 93/93 pro 89/90 | Drills 94/94/94/92/93 | RTF in tune 78% steady 37% of 94/115 voiced frames (In tune×73, Listening…×21, Flat (-12ct)×2) | Choir World held ✓✓ median 5/5 ct, report pitch 94/93 in tune 149/149, 169/169
   after #2  Tuner in tune 32% stability ≥75 13% (mean 47) of 94/116 | Stay in Key in key 75% of 99/115 (result 74%)
   after #2  Pitch Match int 92/93 pro 88/90 | Drills 94/94/94/93/93 | RTF in tune 76% steady 34% of 93/115 voiced frames (In tune×71, Listening…×22, Flat (-31ct)×2) | Choir World held ✓✓ median 4/8 ct, report pitch 94/93 in tune 150/150, 169/169
   before #3 Tuner in tune 30% stability ≥75 9% (mean 53) of 94/116 | Stay in Key in key 74% of 100/115 (result 73%)
   before #3 Pitch Match int 92/92 pro 92/88 | Drills 94/94/94/93/93 | RTF in tune 76% steady 38% of 91/114 voiced frames (In tune×69, Listening…×23, Flat (-19ct)×2) | Choir World held ✓✓ median 1/5 ct, report pitch 94/93 in tune 145/145, 169/169
   after #3  Tuner in tune 27% stability ≥75 8% (mean 53) of 93/115 | Stay in Key in key 74% of 100/115 (result 73%)
   after #3  Pitch Match int 93/91 pro 92/89 | Drills 95/94/94/93/93 | RTF in tune 80% steady 35% of 93/115 voiced frames (In tune×74, Listening…×22, Flat (-11ct)×2) | Choir World held ✓✓ median 3/7 ct, report pitch 94/93 in tune 148/148, 169/169

== V3: vibrato-1154@4013 centred — target 69 (sung +27 ct, re-centred); offline gate: vibrato 4.74 Hz ±91 r 0.98
   before #1 Tuner in tune 67% stability ≥75 100% (mean 85) of 115/116 | Stay in Key in key 99% of 115/115 (result 93%)
   before #1 Pitch Match int 95/95 pro 92/91 | Drills 95/95/95/95/95 | RTF in tune 100% steady 98% of 115/115 voiced frames (In tune×115) | Choir World held ✓✓ median 4/0 ct, report pitch 95/95 in tune 193/193, 192/192
   after #1  Tuner in tune 67% stability ≥75 100% (mean 85) of 115/116 | Stay in Key in key 98% of 114/114 (result 93%)
   after #1  Pitch Match int 95/95 pro 92/91 | Drills 95/95/95/95/95 | RTF in tune 100% steady 97% of 115/115 voiced frames (In tune×115) | Choir World held ✓✓ median 3/2 ct, report pitch 95/95 in tune 192/192, 192/192
   before #2 Tuner in tune 69% stability ≥75 100% (mean 85) of 116/116 | Stay in Key in key 99% of 114/114 (result 94%)
   before #2 Pitch Match int 95/95 pro 92/92 | Drills 95/95/95/95/95 | RTF in tune 100% steady 97% of 115/115 voiced frames (In tune×115) | Choir World held ✓✓ median 3/2 ct, report pitch 95/95 in tune 192/192, 192/192
   after #2  Tuner in tune 68% stability ≥75 100% (mean 85) of 116/116 | Stay in Key in key 100% of 115/115 (result 94%)
   after #2  Pitch Match int 95/95 pro 92/92 | Drills 95/95/95/95/95 | RTF in tune 100% steady 97% of 115/115 voiced frames (In tune×115) | Choir World held ✓✓ median 3/2 ct, report pitch 95/95 in tune 192/192, 192/192
   before #3 Tuner in tune 68% stability ≥75 100% (mean 85) of 113/115 | Stay in Key in key 97% of 115/115 (result 93%)
   before #3 Pitch Match int 95/95 pro 92/92 | Drills 95/95/95/95/95 | RTF in tune 100% steady 97% of 115/115 voiced frames (In tune×115) | Choir World held ✓✓ median 3/2 ct, report pitch 95/95 in tune 192/192, 192/192
   after #3  Tuner in tune 63% stability ≥75 100% (mean 85) of 113/116 | Stay in Key in key 99% of 115/115 (result 93%)
   after #3  Pitch Match int 95/95 pro 92/92 | Drills 95/95/95/95/95 | RTF in tune 100% steady 97% of 114/114 voiced frames (In tune×114) | Choir World held ✓✓ median 3/3 ct, report pitch 95/95 in tune 192/192, 192/192

== V4: vibrato-772@4946 centred — target 67 (sung +24 ct, re-centred); offline gate: vibrato 5.28 Hz ±90 r 0.98
   before #1 Tuner in tune 71% stability ≥75 98% (mean 86) of 115/115 | Stay in Key in key 99% of 114/114 (result 94%)
   before #1 Pitch Match int 95/96 pro 95/95 | Drills 96/96/96/96/95 | RTF in tune 96% steady 94% of 114/114 voiced frames (In tune×109, Flat (-22ct)×2, Flat (-24ct)×1) | Choir World held ✓✓ median -2/0 ct, report pitch 95/96 in tune 191/192, 190/191
   after #1  Tuner in tune 72% stability ≥75 95% (mean 86) of 114/115 | Stay in Key in key 97% of 115/115 (result 94%)
   after #1  Pitch Match int 96/95 pro 95/95 | Drills 96/96/96/96/94 | RTF in tune 94% steady 97% of 115/115 voiced frames (In tune×108, Flat (-22ct)×3, Flat (-23ct)×2) | Choir World held ✓✓ median -1/-1 ct, report pitch 95/96 in tune 192/192, 191/192
   before #2 Tuner in tune 73% stability ≥75 97% (mean 86) of 113/115 | Stay in Key in key 97% of 115/115 (result 93%)
   before #2 Pitch Match int 96/96 pro 96/94 | Drills 96/96/96/96/94 | RTF in tune 97% steady 97% of 115/115 voiced frames (In tune×111, Flat (-22ct)×2, Flat (-21ct)×1) | Choir World held ✓✓ median -1/0 ct, report pitch 96/96 in tune 191/192, 190/190
   after #2  Tuner in tune 70% stability ≥75 95% (mean 86) of 114/115 | Stay in Key in key 100% of 115/115 (result 94%)
   after #2  Pitch Match int 96/96 pro 95/94 | Drills 96/96/96/96/95 | RTF in tune 98% steady 96% of 114/114 voiced frames (In tune×112, Flat (-25ct)×1, Flat (-21ct)×1) | Choir World held ✓✓ median -2/0 ct, report pitch 95/96 in tune 191/192, 192/192
   before #3 Tuner in tune 75% stability ≥75 97% (mean 86) of 114/115 | Stay in Key in key 97% of 115/115 (result 93%)
   before #3 Pitch Match int 96/96 pro 94/93 | Drills 96/96/96/96/94 | RTF in tune 97% steady 97% of 115/115 voiced frames (In tune×112, Flat (-23ct)×1, Flat (-22ct)×1) | Choir World held ✓✓ median -1/-1 ct, report pitch 95/96 in tune 191/191, 190/191
   after #3  Tuner in tune 75% stability ≥75 100% (mean 86) of 114/115 | Stay in Key in key 99% of 115/115 (result 94%)
   after #3  Pitch Match int 95/96 pro 94/93 | Drills 96/96/96/96/94 | RTF in tune 94% steady 96% of 114/114 voiced frames (In tune×107, Flat (-21ct)×4, Flat (-22ct)×2) | Choir World held ✓✓ median -2/-2 ct, report pitch 95/95 in tune 191/192, 189/192

== V5: vibrato-2417@7396 centred — target 52 (sung +38 ct, re-centred); offline gate: as read 5.35 Hz ±49 r 0.32
   before #1 Tuner in tune 37% stability ≥75 24% (mean 59) of 91/115 | Stay in Key in key 89% of 90/114 (result 88%)
   before #1 Pitch Match int 91/89 pro 73/91 | Drills 83/93/83/93/83 | RTF in tune 66% steady 18% of 114/114 voiced frames (In tune×75, Sharp (+18ct)×3, Sharp (+19ct)×3) | Choir World held ✓✓ median -4/-4 ct, report pitch 91/90 in tune 154/161, 143/150
   after #1  Tuner in tune 30% stability ≥75 26% (mean 59) of 91/115 | Stay in Key in key 90% of 91/114 (result 88%)
   after #1  Pitch Match int 85/90 pro 74/91 | Drills 84/92/83/82/84 | RTF in tune 59% steady 17% of 114/115 voiced frames (In tune×67, Sharp (+16ct)×6, Sharp (+19ct)×5) | Choir World held ✓✓ median -3/-3 ct, report pitch 91/91 in tune 150/157, 149/155
   before #2 Tuner in tune 32% stability ≥75 26% (mean 59) of 90/114 | Stay in Key in key 90% of 90/115 (result 90%)
   before #2 Pitch Match int 91/90 pro 74/91 | Drills 82/93/84/92/84 | RTF in tune 61% steady 21% of 111/114 voiced frames (In tune×68, Sharp (+19ct)×6, Sharp (+18ct)×3) | Choir World held ✓✓ median -3/-2 ct, report pitch 91/82 in tune 155/161, 128/151
   after #2  Tuner in tune 34% stability ≥75 27% (mean 59) of 91/116 | Stay in Key in key 89% of 91/114 (result 88%)
   after #2  Pitch Match int 85/90 pro 75/91 | Drills 84/92/83/82/84 | RTF in tune 65% steady 19% of 113/114 voiced frames (In tune×73, Sharp (+19ct)×5, Sharp (+22ct)×4) | Choir World held ✓✓ median -3/-3 ct, report pitch 91/91 in tune 152/159, 147/153
   before #3 Tuner in tune 29% stability ≥75 23% (mean 59) of 90/115 | Stay in Key in key 88% of 92/115 (result 88%)
   before #3 Pitch Match int 85/90 pro 74/91 | Drills 84/92/83/82/84 | RTF in tune 68% steady 17% of 114/114 voiced frames (In tune×77, Sharp (+19ct)×7, Sharp (+17ct)×4) | Choir World held ✓✓ median -3/-3 ct, report pitch 91/91 in tune 153/160, 146/152
   after #3  Tuner in tune 32% stability ≥75 26% (mean 58) of 92/115 | Stay in Key in key 92% of 90/114 (result 90%)
   after #3  Pitch Match int 85/90 pro 74/88 | Drills 83/81/83/93/83 | RTF in tune 60% steady 21% of 112/114 voiced frames (In tune×67, Sharp (+21ct)×5, Sharp (+16ct)×5) | Choir World held ✓✓ median -5/-3 ct, report pitch 91/82 in tune 155/164, 122/144

== V6: vibrato-2961@630 centred — target 49 (sung -27 ct, re-centred); offline gate: vibrato 5.28 Hz ±52 r 0.55
   before #1 Tuner in tune 47% stability ≥75 76% (mean 78) of 116/116 | Stay in Key in key 100% of 114/114 (result 98%)
   before #1 Pitch Match int 92/93 pro 86/91 | Drills 91/94/92/94/92 | RTF in tune 80% steady 64% of 114/114 voiced frames (In tune×91, Sharp (+19ct)×4, Flat (-13ct)×4) | Choir World held ✓✓ median -4/1 ct, report pitch 91/93 in tune 192/192, 188/192
   after #1  Tuner in tune 49% stability ≥75 77% (mean 79) of 115/115 | Stay in Key in key 100% of 114/115 (result 97%)
   after #1  Pitch Match int 93/92 pro 85/92 | Drills 91/94/92/93/91 | RTF in tune 82% steady 67% of 114/114 voiced frames (In tune×93, Sharp (+19ct)×5, Flat (-19ct)×2) | Choir World held ✓✓ median -1/0 ct, report pitch 93/94 in tune 192/192, 189/192
   before #2 Tuner in tune 49% stability ≥75 76% (mean 79) of 115/115 | Stay in Key in key 100% of 114/115 (result 97%)
   before #2 Pitch Match int 92/93 pro 86/91 | Drills 91/94/92/94/91 | RTF in tune 83% steady 62% of 114/114 voiced frames (In tune×95, Sharp (+21ct)×3, Flat (-19ct)×2) | Choir World held ✓✓ median -3/1 ct, report pitch 92/93 in tune 192/192, 189/192
   after #2  Tuner in tune 47% stability ≥75 77% (mean 79) of 114/115 | Stay in Key in key 100% of 114/114 (result 98%)
   after #2  Pitch Match int 93/92 pro 86/91 | Drills 91/94/93/94/91 | RTF in tune 83% steady 71% of 115/115 voiced frames (In tune×96, Flat (-18ct)×3, Sharp (+19ct)×2) | Choir World held ✓✓ median -3/0 ct, report pitch 92/94 in tune 192/192, 189/192
   before #3 Tuner in tune 46% stability ≥75 80% (mean 79) of 116/116 | Stay in Key in key 100% of 114/114 (result 98%)
   before #3 Pitch Match int 92/92 pro 86/91 | Drills 91/94/92/94/92 | RTF in tune 84% steady 68% of 114/114 voiced frames (In tune×96, Sharp (+18ct)×3, Flat (-20ct)×3) | Choir World held ✓✓ median -2/2 ct, report pitch 92/93 in tune 192/192, 189/192
   after #3  Tuner in tune 46% stability ≥75 77% (mean 78) of 114/115 | Stay in Key in key 100% of 115/115 (result 98%)
   after #3  Pitch Match int 93/92 pro 86/90 | Drills 91/94/93/94/91 | RTF in tune 82% steady 65% of 114/114 voiced frames (In tune×94, Flat (-18ct)×4, Flat (-13ct)×3) | Choir World held ✓✓ median -3/1 ct, report pitch 91/94 in tune 191/192, 189/192

== S1: straight-625@3246 centred — target 69 (sung -14 ct, re-centred); offline gate: as read 5.31 Hz ±9 r 0.39
   before #1 Tuner in tune 80% stability ≥75 89% (mean 86) of 116/116 | Stay in Key in key 100% of 115/115 (result 100%)
   before #1 Pitch Match int 96/98 pro 95/98 | Drills 98/98/98/98/98 | RTF in tune 88% steady 80% of 114/114 voiced frames (In tune×100, Flat (-13ct)×2, Flat (-19ct)×2) | Choir World held ✓✓ median 0/0 ct, report pitch 98/96 in tune 192/192, 192/192
   after #1  Tuner in tune 81% stability ≥75 89% (mean 86) of 116/116 | Stay in Key in key 100% of 115/115 (result 100%)
   after #1  Pitch Match int 96/98 pro 94/98 | Drills 98/98/98/98/98 | RTF in tune 87% steady 76% of 114/114 voiced frames (In tune×99, Sharp (+10ct)×2, Flat (-17ct)×2) | Choir World held ✓✓ median 0/1 ct, report pitch 98/96 in tune 192/192, 192/192
   before #2 Tuner in tune 82% stability ≥75 91% (mean 86) of 115/115 | Stay in Key in key 100% of 115/115 (result 100%)
   before #2 Pitch Match int 96/98 pro 94/97 | Drills 98/98/98/98/98 | RTF in tune 84% steady 75% of 114/114 voiced frames (In tune×96, Flat (-12ct)×4, Flat (-14ct)×3) | Choir World held ✓✓ median 1/1 ct, report pitch 96/96 in tune 192/192, 192/192
   after #2  Tuner in tune 76% stability ≥75 97% (mean 86) of 115/115 | Stay in Key in key 100% of 115/115 (result 100%)
   after #2  Pitch Match int 96/98 pro 94/97 | Drills 98/98/98/98/98 | RTF in tune 87% steady 75% of 115/115 voiced frames (In tune×100, Sharp (+14ct)×2, Flat (-17ct)×2) | Choir World held ✓✓ median 0/0 ct, report pitch 98/96 in tune 192/192, 192/192
   before #3 Tuner in tune 79% stability ≥75 89% (mean 87) of 115/115 | Stay in Key in key 100% of 115/115 (result 100%)
   before #3 Pitch Match int 96/98 pro 94/98 | Drills 98/98/98/98/98 | RTF in tune 85% steady 76% of 114/114 voiced frames (In tune×97, Flat (-14ct)×3, Flat (-17ct)×2) | Choir World held ✓✓ median 0/0 ct, report pitch 96/98 in tune 192/192, 192/192
   after #3  Tuner in tune 79% stability ≥75 86% (mean 86) of 115/115 | Stay in Key in key 100% of 115/115 (result 100%)
   after #3  Pitch Match int 96/98 pro 94/97 | Drills 98/98/98/98/98 | RTF in tune 85% steady 76% of 115/115 voiced frames (In tune×98, Flat (-13ct)×4, Flat (-14ct)×2) | Choir World held ✓✓ median 0/0 ct, report pitch 98/98 in tune 192/192, 192/192

== S2: straight-286@630 centred — target 60 (sung +32 ct, re-centred); offline gate: as read 4.85 Hz ±19 r 0.26
   before #1 Tuner in tune 70% stability ≥75 67% (mean 78) of 115/115 | Stay in Key in key 98% of 115/115 (result 96%)
   before #1 Pitch Match int 97/88 pro 95/82 | Drills 96/90/97/88/95 | RTF in tune 77% steady 7% of 114/114 voiced frames (In tune×88, Sharp (+20ct)×3, Flat (-11ct)×2) | Choir World held ✓✓ median 1/0 ct, report pitch 97/90 in tune 192/192, 187/192
   after #1  Tuner in tune 77% stability ≥75 73% (mean 79) of 116/116 | Stay in Key in key 98% of 115/115 (result 95%)
   after #1  Pitch Match int 97/88 pro 95/82 | Drills 96/90/97/88/95 | RTF in tune 78% steady 9% of 115/115 voiced frames (In tune×90, Sharp (+25ct)×3, Sharp (+12ct)×3) | Choir World held ✓✓ median 1/1 ct, report pitch 97/90 in tune 192/192, 187/192
   before #2 Tuner in tune 72% stability ≥75 71% (mean 78) of 115/115 | Stay in Key in key 99% of 115/115 (result 96%)
   before #2 Pitch Match int 97/88 pro 95/83 | Drills 96/90/97/88/95 | RTF in tune 78% steady 7% of 114/114 voiced frames (In tune×89, Sharp (+18ct)×3, Sharp (+15ct)×2) | Choir World held ✓✓ median 2/1 ct, report pitch 97/90 in tune 192/192, 186/192
   after #2  Tuner in tune 76% stability ≥75 72% (mean 80) of 115/115 | Stay in Key in key 99% of 115/115 (result 96%)
   after #2  Pitch Match int 97/88 pro 95/83 | Drills 96/90/97/88/95 | RTF in tune 81% steady 6% of 114/114 voiced frames (In tune×92, Sharp (+18ct)×2, Sharp (+19ct)×2) | Choir World held ✓✓ median 1/1 ct, report pitch 97/90 in tune 192/192, 188/192
   before #3 Tuner in tune 75% stability ≥75 74% (mean 80) of 115/115 | Stay in Key in key 99% of 115/115 (result 96%)
   before #3 Pitch Match int 97/88 pro 95/82 | Drills 96/89/97/88/95 | RTF in tune 81% steady 8% of 114/114 voiced frames (In tune×92, Flat (-10ct)×2, Sharp (+18ct)×2) | Choir World held ✓✓ median 1/1 ct, report pitch 97/90 in tune 192/192, 185/192
   after #3  Tuner in tune 76% stability ≥75 72% (mean 78) of 116/116 | Stay in Key in key 99% of 115/115 (result 95%)
   after #3  Pitch Match int 97/87 pro 95/82 | Drills 96/90/97/88/95 | RTF in tune 81% steady 8% of 115/115 voiced frames (In tune×93, Sharp (+24ct)×3, Flat (-11ct)×2) | Choir World held ✓✓ median 2/1 ct, report pitch 97/90 in tune 192/192, 186/192

== W1: V1 (real vibrato) sung 60 ct sharp — target 69 (sung -1 ct, re-centred, then +60); offline gate: vibrato 6.16 Hz ±66 r 0.83
   before #1 Tuner in tune 0% stability ≥75 3% (mean 11) of 94/115 | Stay in Key in key 3% of 92/115 (result 5%)
   before #1 Pitch Match int 65/69 pro 51/45 | Drills 60/68/68/73/69 | RTF in tune 6% steady 12% of 101/115 voiced frames (Listening…×14, Sharp (+37ct)×10, In tune×6) | Choir World held ✗✗ median 53/51 ct, report pitch 66/67 in tune 57/155, 67/152
   after #1  Tuner in tune 1% stability ≥75 1% (mean 8) of 91/115 | Stay in Key in key 1% of 92/115 (result 5%)
   after #1  Pitch Match int 65/69 pro 52/48 | Drills 61/68/68/73/68 | RTF in tune 4% steady 9% of 101/115 voiced frames (Listening…×14, Sharp (+38ct)×8, Sharp (+48ct)×6) | Choir World held ✗✓ median 53/50 ct, report pitch 66/68 in tune 62/155, 78/153
   before #2 Tuner in tune 2% stability ≥75 1% (mean 11) of 93/115 | Stay in Key in key 4% of 92/115 (result 6%)
   before #2 Pitch Match int 66/69 pro 51/46 | Drills 60/68/68/72/69 | RTF in tune 6% steady 14% of 102/115 voiced frames (Listening…×13, Sharp (+36ct)×9, In tune×6) | Choir World held ✗✓ median 51/49 ct, report pitch 66/68 in tune 69/156, 82/152
   after #2  Tuner in tune 1% stability ≥75 2% (mean 13) of 94/115 | Stay in Key in key 2% of 92/115 (result 5%)
   after #2  Pitch Match int 65/69 pro 51/46 | Drills 60/69/68/73/69 | RTF in tune 7% steady 12% of 102/114 voiced frames (Listening…×12, In tune×7, Sharp (+38ct)×7) | Choir World held ✗✗ median 52/52 ct, report pitch 66/67 in tune 60/155, 66/152
   before #3 Tuner in tune 0% stability ≥75 5% (mean 12) of 91/115 | Stay in Key in key 4% of 90/114 (result 6%)
   before #3 Pitch Match int 65/69 pro 51/46 | Drills 60/67/68/73/68 | RTF in tune 7% steady 9% of 100/114 voiced frames (Listening…×14, Sharp (+36ct)×8, In tune×7) | Choir World held ✗✓ median 52/49 ct, report pitch 67/68 in tune 66/155, 95/152
   after #3  Tuner in tune 1% stability ≥75 3% (mean 12) of 91/115 | Stay in Key in key 2% of 91/114 (result 5%)
   after #3  Pitch Match int 65/69 pro 52/46 | Drills 60/67/68/73/68 | RTF in tune 5% steady 11% of 100/115 voiced frames (Listening…×15, Sharp (+46ct)×7, Sharp (+38ct)×6) | Choir World held ✗✓ median 52/49 ct, report pitch 66/68 in tune 65/155, 85/153

== W5: V1 (real vibrato) sung 80 ct sharp — target 69 (sung -1 ct, re-centred, then +80); offline gate: vibrato 6.16 Hz ±66 r 0.83
   before #1 Tuner in tune 6% stability ≥75 56% (mean 63) of 98/116 | Stay in Key in key 1% of 98/114 (result 2%)
   before #1 Pitch Match int 54/57 pro 30/30 | Drills 47/56/55/60/59 | RTF in tune 20% steady 42% of 104/115 voiced frames (In tune×21, Listening…×11, Flat (-34ct)×10) | Choir World held ✗✗ median 72/70 ct, report pitch 55/54 in tune 7/155, 2/155
   after #1  Tuner in tune 8% stability ≥75 56% (mean 63) of 98/116 | Stay in Key in key 1% of 97/114 (result 2%)
   after #1  Pitch Match int 53/57 pro 30/31 | Drills 48/58/55/59/60 | RTF in tune 19% steady 37% of 103/114 voiced frames (In tune×20, Listening…×11, Flat (-32ct)×6) | Choir World held ✗✗ median 71/70 ct, report pitch 55/54 in tune 8/155, 3/155
   before #2 Tuner in tune 8% stability ≥75 53% (mean 62) of 98/115 | Stay in Key in key 1% of 98/115 (result 3%)
   before #2 Pitch Match int 54/56 pro 31/30 | Drills 47/57/55/59/60 | RTF in tune 19% steady 38% of 103/114 voiced frames (In tune×20, Listening…×11, Flat (-34ct)×7) | Choir World held ✗✗ median 72/75 ct, report pitch 55/53 in tune 12/155, 4/155
   after #2  Tuner in tune 8% stability ≥75 55% (mean 63) of 98/116 | Stay in Key in key 1% of 96/114 (result 2%)
   after #2  Pitch Match int 54/57 pro 31/30 | Drills 47/56/55/60/59 | RTF in tune 21% steady 36% of 104/115 voiced frames (In tune×22, Listening…×11, Flat (-32ct)×6) | Choir World held ✗✗ median 72/72 ct, report pitch 55/54 in tune 12/155, 3/155
   before #3 Tuner in tune 10% stability ≥75 52% (mean 63) of 99/116 | Stay in Key in key 0% of 97/114 (result 2%)
   before #3 Pitch Match int 53/57 pro 31/31 | Drills 49/59/56/59/58 | RTF in tune 17% steady 47% of 103/115 voiced frames (In tune×17, Listening…×12, Flat (-43ct)×7) | Choir World held ✗✗ median 72/72 ct, report pitch 55/54 in tune 8/154, 3/155
   after #3  Tuner in tune 6% stability ≥75 56% (mean 62) of 97/115 | Stay in Key in key 1% of 95/112 (result 3%)
   after #3  Pitch Match int 54/57 pro 31/30 | Drills 48/57/56/60/59 | RTF in tune 19% steady 41% of 102/113 voiced frames (In tune×19, Listening…×11, Flat (-43ct)×8) | Choir World held ✗✗ median 72/74 ct, report pitch 54/53 in tune 10/155, 4/155

== W2: S1 (real straight) sung 40 ct sharp — target 69 (sung -14 ct, re-centred, then +40); offline gate: as read 5.31 Hz ±9 r 0.39
   before #1 Tuner in tune 0% stability ≥75 53% (mean 56) of 114/114 | Stay in Key in key 16% of 113/113 (result 15%)
   before #1 Pitch Match int 76/75 pro 65/66 | Drills 75/75/75/75/75 | RTF in tune 0% steady 23% of 113/113 voiced frames (Sharp (+42ct)×21, Sharp (+43ct)×17, Sharp (+44ct)×8) | Choir World held ✓✓ median 41/40 ct, report pitch 76/76 in tune 170/192, 167/192
   after #1  Tuner in tune 0% stability ≥75 46% (mean 56) of 113/113 | Stay in Key in key 14% of 113/113 (result 16%)
   after #1  Pitch Match int 76/75 pro 65/66 | Drills 75/75/75/75/75 | RTF in tune 0% steady 22% of 113/113 voiced frames (Sharp (+42ct)×26, Sharp (+43ct)×16, Sharp (+41ct)×11) | Choir World held ✓✓ median 41/40 ct, report pitch 76/76 in tune 170/192, 167/192
   before #2 Tuner in tune 0% stability ≥75 49% (mean 59) of 114/114 | Stay in Key in key 17% of 115/115 (result 16%)
   before #2 Pitch Match int 76/75 pro 65/66 | Drills 75/75/75/75/75 | RTF in tune 0% steady 21% of 114/114 voiced frames (Sharp (+43ct)×15, Sharp (+42ct)×15, Sharp (+44ct)×13) | Choir World held ✓✓ median 41/40 ct, report pitch 76/76 in tune 171/192, 169/192
   after #2  Tuner in tune 0% stability ≥75 48% (mean 58) of 115/115 | Stay in Key in key 17% of 114/114 (result 15%)
   after #2  Pitch Match int 76/75 pro 65/66 | Drills 75/75/75/75/75 | RTF in tune 0% steady 24% of 115/115 voiced frames (Sharp (+42ct)×16, Sharp (+43ct)×15, Sharp (+41ct)×14) | Choir World held ✓✓ median 40/40 ct, report pitch 76/76 in tune 169/193, 165/192
   before #3 Tuner in tune 0% stability ≥75 54% (mean 56) of 115/115 | Stay in Key in key 17% of 115/115 (result 16%)
   before #3 Pitch Match int 76/75 pro 65/65 | Drills 75/75/75/75/75 | RTF in tune 0% steady 23% of 115/115 voiced frames (Sharp (+42ct)×24, Sharp (+43ct)×17, Sharp (+40ct)×10) | Choir World held ✓✓ median 41/40 ct, report pitch 76/76 in tune 170/192, 166/192
   after #3  Tuner in tune 0% stability ≥75 51% (mean 56) of 114/114 | Stay in Key in key 18% of 115/115 (result 17%)
   after #3  Pitch Match int 76/75 pro 65/65 | Drills 75/75/75/75/75 | RTF in tune 0% steady 23% of 115/115 voiced frames (Sharp (+42ct)×19, Sharp (+43ct)×18, Sharp (+41ct)×15) | Choir World held ✓✓ median 41/40 ct, report pitch 76/76 in tune 170/192, 169/192

== W3: S1 with a slow ±60 ct wander at 0.8 Hz — target 69 (sung -14 ct, re-centred); offline gate: as read 5.31 Hz ±9 r 0.39
   before #1 Tuner in tune 7% stability ≥75 0% (mean 8) of 115/115 | Stay in Key in key 39% of 114/114 (result 42%)
   before #1 Pitch Match int 77/77 pro 64/69 | Drills 77/76/77/78/76 | RTF in tune 8% steady 0% of 114/114 voiced frames (In tune×9, Sharp (+43ct)×5, Sharp (+44ct)×4) | Choir World held ✓✓ median 10/5 ct, report pitch 75/76 in tune 115/192, 123/192
   after #1  Tuner in tune 8% stability ≥75 0% (mean 11) of 115/115 | Stay in Key in key 40% of 114/114 (result 39%)
   after #1  Pitch Match int 77/78 pro 63/68 | Drills 77/76/77/78/76 | RTF in tune 11% steady 0% of 114/114 voiced frames (In tune×12, Sharp (+47ct)×6, Flat (-40ct)×4) | Choir World held ✓✓ median 13/-9 ct, report pitch 76/76 in tune 115/193, 123/192
   before #2 Tuner in tune 8% stability ≥75 0% (mean 9) of 115/115 | Stay in Key in key 43% of 114/114 (result 41%)
   before #2 Pitch Match int 77/77 pro 64/68 | Drills 77/76/77/78/76 | RTF in tune 11% steady 0% of 114/114 voiced frames (In tune×12, Sharp (+42ct)×5, Flat (-31ct)×4) | Choir World held ✓✓ median 16/-3 ct, report pitch 75/76 in tune 113/192, 123/192
   after #2  Tuner in tune 5% stability ≥75 0% (mean 9) of 116/116 | Stay in Key in key 42% of 115/115 (result 43%)
   after #2  Pitch Match int 77/77 pro 64/69 | Drills 77/76/77/78/76 | RTF in tune 10% steady 0% of 114/114 voiced frames (In tune×11, Flat (-49ct)×4, Sharp (+43ct)×4) | Choir World held ✓✓ median 6/8 ct, report pitch 75/76 in tune 115/192, 122/192
   before #3 Tuner in tune 6% stability ≥75 0% (mean 9) of 116/116 | Stay in Key in key 39% of 114/114 (result 40%)
   before #3 Pitch Match int 77/77 pro 63/68 | Drills 77/76/77/78/76 | RTF in tune 9% steady 0% of 114/114 voiced frames (In tune×10, Flat (-35ct)×5, Sharp (+46ct)×4) | Choir World held ✓✓ median 14/-1 ct, report pitch 75/76 in tune 114/192, 123/192
   after #3  Tuner in tune 5% stability ≥75 0% (mean 9) of 116/116 | Stay in Key in key 43% of 115/115 (result 43%)
   after #3  Pitch Match int 77/77 pro 63/68 | Drills 77/76/77/78/77 | RTF in tune 9% steady 0% of 115/115 voiced frames (In tune×10, Sharp (+46ct)×6, Sharp (+42ct)×5) | Choir World held ✓✓ median 6/9 ct, report pitch 75/76 in tune 114/192, 120/192

== W4: S1 with an 11 Hz ±40 ct flutter — target 69 (sung -14 ct, re-centred); offline gate: as read 5.31 Hz ±9 r 0.39
   before #1 Tuner in tune 11% stability ≥75 0% (mean 19) of 116/116 | Stay in Key in key 80% of 115/115 (result 80%)
   before #1 Pitch Match int 86/86 pro 78/78 | Drills 88/88/89/89/89 | RTF in tune 24% steady 0% of 115/115 voiced frames (In tune×28, Flat (-24ct)×5, Flat (-10ct)×4) | Choir World held ✓✓ median 7/8 ct, report pitch 86/85 in tune 192/192, 190/192
   after #1  Tuner in tune 8% stability ≥75 0% (mean 21) of 115/115 | Stay in Key in key 81% of 115/115 (result 81%)
   after #1  Pitch Match int 87/87 pro 80/79 | Drills 88/89/89/89/89 | RTF in tune 13% steady 0% of 115/115 voiced frames (In tune×15, Flat (-19ct)×4, Sharp (+21ct)×4) | Choir World held ✓✓ median 3/8 ct, report pitch 87/86 in tune 192/192, 192/192
   before #2 Tuner in tune 9% stability ≥75 0% (mean 19) of 116/116 | Stay in Key in key 79% of 115/115 (result 80%)
   before #2 Pitch Match int 86/86 pro 79/78 | Drills 89/89/89/89/89 | RTF in tune 12% steady 0% of 115/115 voiced frames (In tune×14, Sharp (+22ct)×5, Flat (-19ct)×5) | Choir World held ✓✓ median 10/8 ct, report pitch 86/85 in tune 192/192, 192/192
   after #2  Tuner in tune 10% stability ≥75 0% (mean 21) of 115/115 | Stay in Key in key 77% of 115/115 (result 82%)
   after #2  Pitch Match int 87/87 pro 79/79 | Drills 88/89/89/89/89 | RTF in tune 23% steady 0% of 115/115 voiced frames (In tune×26, Flat (-24ct)×6, Sharp (+22ct)×4) | Choir World held ✓✓ median 7/7 ct, report pitch 86/86 in tune 193/193, 192/192
   before #3 Tuner in tune 9% stability ≥75 0% (mean 19) of 115/115 | Stay in Key in key 84% of 115/115 (result 81%)
   before #3 Pitch Match int 86/86 pro 79/77 | Drills 89/89/89/89/89 | RTF in tune 17% steady 0% of 115/115 voiced frames (In tune×19, Flat (-19ct)×5, Sharp (+21ct)×5) | Choir World held ✓✓ median 7/9 ct, report pitch 86/85 in tune 192/192, 190/192
   after #3  Tuner in tune 10% stability ≥75 0% (mean 21) of 115/115 | Stay in Key in key 85% of 115/115 (result 83%)
   after #3  Pitch Match int 87/87 pro 79/79 | Drills 89/88/88/89/89 | RTF in tune 20% steady 0% of 115/115 voiced frames (In tune×23, Flat (-10ct)×5, Sharp (+25ct)×4) | Choir World held ✓✓ median 7/7 ct, report pitch 86/86 in tune 192/192, 191/192

== N1: S1 sung 20 ct flat, irregular ±12 ct (RMS) unsteadiness — target 69 (sung -14 ct, re-centred, then -20); offline gate: as read 5.31 Hz ±9 r 0.39
   before #1 Tuner in tune 3% stability ≥75 42% (mean 73) of 115/115 | Stay in Key in key 98% of 114/114 (result 95%)
   before #1 Pitch Match int 87/88 pro 80/86 | Drills 89/90/88/89/89 | RTF in tune 4% steady 21% of 114/114 voiced frames (Flat (-16ct)×17, Flat (-15ct)×13, Flat (-17ct)×11) | Choir World held ✓✓ median -18/-20 ct, report pitch 88/88 in tune 189/192, 192/192
   after #1  Tuner in tune 5% stability ≥75 65% (mean 77) of 115/115 | Stay in Key in key 99% of 115/115 (result 99%)
   after #1  Pitch Match int 86/89 pro 80/85 | Drills 90/90/88/89/89 | RTF in tune 3% steady 23% of 115/115 voiced frames (Flat (-15ct)×15, Flat (-16ct)×14, Flat (-18ct)×10) | Choir World held ✓✓ median -18/-18 ct, report pitch 90/89 in tune 192/192, 192/192
   before #2 Tuner in tune 4% stability ≥75 55% (mean 75) of 115/115 | Stay in Key in key 98% of 115/115 (result 97%)
   before #2 Pitch Match int 86/89 pro 80/85 | Drills 90/90/88/89/89 | RTF in tune 5% steady 24% of 114/114 voiced frames (Flat (-16ct)×14, Flat (-21ct)×12, Flat (-15ct)×12) | Choir World held ✓✓ median -18/-21 ct, report pitch 88/89 in tune 189/192, 192/192
   after #2  Tuner in tune 3% stability ≥75 58% (mean 77) of 115/115 | Stay in Key in key 97% of 115/115 (result 96%)
   after #2  Pitch Match int 86/89 pro 80/86 | Drills 90/89/88/89/89 | RTF in tune 3% steady 23% of 115/115 voiced frames (Flat (-16ct)×18, Flat (-15ct)×12, Flat (-21ct)×11) | Choir World held ✓✓ median -18/-20 ct, report pitch 88/89 in tune 188/192, 192/192
   before #3 Tuner in tune 3% stability ≥75 63% (mean 79) of 115/115 | Stay in Key in key 99% of 114/114 (result 96%)
   before #3 Pitch Match int 86/88 pro 80/86 | Drills 90/90/88/89/89 | RTF in tune 4% steady 25% of 114/114 voiced frames (Flat (-15ct)×13, Flat (-16ct)×13, Flat (-17ct)×12) | Choir World held ✓✓ median -18/-21 ct, report pitch 88/89 in tune 188/192, 192/192
   after #3  Tuner in tune 5% stability ≥75 67% (mean 78) of 115/115 | Stay in Key in key 98% of 115/115 (result 98%)
   after #3  Pitch Match int 87/89 pro 80/85 | Drills 90/90/88/89/89 | RTF in tune 4% steady 25% of 114/114 voiced frames (Flat (-16ct)×15, Flat (-21ct)×10, Flat (-17ct)×10) | Choir World held ✓✓ median -16/-18 ct, report pitch 89/89 in tune 189/192, 192/192

== N2: S2 sung 25 ct sharp, irregular ±18 ct (RMS) unsteadiness — target 60 (sung +32 ct, re-centred, then +25); offline gate: as read 4.85 Hz ±19 r 0.26
   before #1 Tuner in tune 4% stability ≥75 34% (mean 52) of 116/116 | Stay in Key in key 69% of 114/114 (result 69%)
   before #1 Pitch Match int 82/78 pro 73/66 | Drills 85/80/85/81/85 | RTF in tune 8% steady 11% of 115/115 voiced frames (In tune×9, Sharp (+25ct)×7, Sharp (+31ct)×6) | Choir World held ✓✓ median 22/28 ct, report pitch 83/81 in tune 162/192, 161/192
   after #1  Tuner in tune 3% stability ≥75 38% (mean 54) of 115/115 | Stay in Key in key 71% of 114/114 (result 69%)
   after #1  Pitch Match int 82/79 pro 73/65 | Drills 85/80/85/81/85 | RTF in tune 4% steady 10% of 115/115 voiced frames (Sharp (+23ct)×7, Sharp (+45ct)×6, Sharp (+26ct)×6) | Choir World held ✓✓ median 22/27 ct, report pitch 83/81 in tune 161/192, 157/192
   before #2 Tuner in tune 4% stability ≥75 34% (mean 51) of 116/116 | Stay in Key in key 71% of 115/115 (result 69%)
   before #2 Pitch Match int 82/78 pro 73/66 | Drills 85/80/85/81/85 | RTF in tune 9% steady 10% of 115/115 voiced frames (In tune×10, Sharp (+21ct)×6, Sharp (+19ct)×6) | Choir World held ✓✓ median 22/29 ct, report pitch 83/81 in tune 160/192, 161/192
   after #2  Tuner in tune 8% stability ≥75 32% (mean 50) of 115/115 | Stay in Key in key 69% of 114/114 (result 69%)
   after #2  Pitch Match int 82/79 pro 74/65 | Drills 85/80/85/81/85 | RTF in tune 8% steady 11% of 114/114 voiced frames (In tune×9, Sharp (+31ct)×7, Sharp (+26ct)×7) | Choir World held ✓✓ median 24/28 ct, report pitch 83/81 in tune 160/192, 159/192
   before #3 Tuner in tune 3% stability ≥75 33% (mean 49) of 116/116 | Stay in Key in key 70% of 115/115 (result 67%)
   before #3 Pitch Match int 82/79 pro 73/66 | Drills 85/80/85/79/85 | RTF in tune 5% steady 10% of 115/115 voiced frames (Sharp (+26ct)×7, Sharp (+23ct)×7, In tune×6) | Choir World held ✓✓ median 22/28 ct, report pitch 83/81 in tune 160/192, 158/192
   after #3  Tuner in tune 8% stability ≥75 31% (mean 48) of 115/115 | Stay in Key in key 71% of 114/114 (result 69%)
   after #3  Pitch Match int 83/79 pro 73/66 | Drills 85/80/85/81/85 | RTF in tune 5% steady 11% of 115/115 voiced frames (In tune×6, Sharp (+27ct)×6, Sharp (+22ct)×6) | Choir World held ✓✓ median 23/28 ct, report pitch 83/81 in tune 158/192, 160/192

== N3: V3 (real vibrato ±91 ct) sung 25 ct flat — target 69 (sung +27 ct, re-centred, then -25); offline gate: vibrato 4.74 Hz ±91 r 0.98
   before #1 Tuner in tune 0% stability ≥75 100% (mean 85) of 112/115 | Stay in Key in key 84% of 114/114 (result 80%)
   before #1 Pitch Match int 83/84 pro 75/76 | Drills 85/85/85/85/84 | RTF in tune 17% steady 96% of 115/115 voiced frames (In tune×20, Flat (-25ct)×14, Flat (-26ct)×11) | Choir World held ✓✓ median -23/-24 ct, report pitch 85/84 in tune 185/192, 178/192
   after #1  Tuner in tune 0% stability ≥75 100% (mean 85) of 110/115 | Stay in Key in key 83% of 115/115 (result 81%)
   after #1  Pitch Match int 83/84 pro 76/76 | Drills 85/85/85/85/84 | RTF in tune 18% steady 96% of 114/114 voiced frames (In tune×20, Flat (-26ct)×12, Flat (-24ct)×10) | Choir World held ✓✓ median -23/-24 ct, report pitch 85/84 in tune 186/192, 178/192
   before #2 Tuner in tune 0% stability ≥75 100% (mean 85) of 115/115 | Stay in Key in key 83% of 115/115 (result 80%)
   before #2 Pitch Match int 83/85 pro 77/76 | Drills 85/85/85/85/84 | RTF in tune 18% steady 96% of 114/114 voiced frames (In tune×20, Flat (-27ct)×11, Flat (-24ct)×10) | Choir World held ✓✓ median -24/-23 ct, report pitch 85/84 in tune 185/192, 175/192
   after #2  Tuner in tune 0% stability ≥75 100% (mean 86) of 109/115 | Stay in Key in key 83% of 115/115 (result 80%)
   after #2  Pitch Match int 84/85 pro 76/76 | Drills 85/85/85/85/84 | RTF in tune 18% steady 96% of 114/114 voiced frames (In tune×21, Flat (-26ct)×13, Flat (-23ct)×12) | Choir World held ✓✓ median -24/-22 ct, report pitch 85/85 in tune 185/192, 178/192
   before #3 Tuner in tune 0% stability ≥75 100% (mean 84) of 111/115 | Stay in Key in key 84% of 114/114 (result 82%)
   before #3 Pitch Match int 83/84 pro 76/77 | Drills 85/85/85/85/84 | RTF in tune 18% steady 97% of 115/115 voiced frames (In tune×21, Flat (-26ct)×12, Flat (-25ct)×9) | Choir World held ✓✓ median -23/-23 ct, report pitch 85/85 in tune 185/192, 180/192
   after #3  Tuner in tune 0% stability ≥75 100% (mean 87) of 110/115 | Stay in Key in key 83% of 115/115 (result 80%)
   after #3  Pitch Match int 84/85 pro 77/75 | Drills 85/85/85/85/84 | RTF in tune 16% steady 96% of 115/115 voiced frames (In tune×18, Flat (-27ct)×12, Flat (-22ct)×10) | Choir World held ✓✓ median -23/-24 ct, report pitch 85/84 in tune 183/192, 179/192

== N4: S2 sung 45 ct sharp, irregular ±18 ct (RMS) unsteadiness — target 60 (sung +32 ct, re-centred, then +45); offline gate: as read 4.85 Hz ±19 r 0.26
   before #1 Tuner in tune 2% stability ≥75 16% (mean 20) of 115/115 | Stay in Key in key 6% of 115/115 (result 8%)
   before #1 Pitch Match int 71/67 pro 60/50 | Drills 75/69/74/70/74 | RTF in tune 3% steady 15% of 115/115 voiced frames (Sharp (+48ct)×9, Sharp (+45ct)×7, Sharp (+42ct)×6) | Choir World held ✓✓ median 45/47 ct, report pitch 72/71 in tune 127/192, 108/192
   after #1  Tuner in tune 2% stability ≥75 14% (mean 18) of 114/115 | Stay in Key in key 7% of 115/115 (result 9%)
   after #1  Pitch Match int 71/67 pro 60/50 | Drills 75/69/74/69/74 | RTF in tune 2% steady 15% of 114/114 voiced frames (Sharp (+49ct)×11, Sharp (+42ct)×8, Sharp (+43ct)×6) | Choir World held ✓✓ median 45/48 ct, report pitch 72/70 in tune 125/192, 102/192
   before #2 Tuner in tune 1% stability ≥75 17% (mean 19) of 115/115 | Stay in Key in key 5% of 115/115 (result 8%)
   before #2 Pitch Match int 71/67 pro 59/49 | Drills 75/69/74/69/74 | RTF in tune 3% steady 15% of 114/114 voiced frames (Sharp (+43ct)×7, Sharp (+48ct)×7, Sharp (+42ct)×7) | Choir World held ✓✓ median 45/47 ct, report pitch 72/71 in tune 128/192, 109/192
   after #2  Tuner in tune 3% stability ≥75 16% (mean 19) of 114/115 | Stay in Key in key 7% of 114/114 (result 9%)
   after #2  Pitch Match int 71/67 pro 60/48 | Drills 75/69/74/69/74 | RTF in tune 2% steady 16% of 114/114 voiced frames (Sharp (+42ct)×8, Sharp (+47ct)×6, Flat (-44ct)×5) | Choir World held ✓✓ median 45/48 ct, report pitch 72/70 in tune 124/192, 102/192
   before #3 Tuner in tune 1% stability ≥75 18% (mean 21) of 114/115 | Stay in Key in key 6% of 115/115 (result 7%)
   before #3 Pitch Match int 71/67 pro 60/50 | Drills 75/69/74/69/74 | RTF in tune 3% steady 10% of 115/115 voiced frames (Sharp (+42ct)×12, Sharp (+49ct)×7, Sharp (+48ct)×6) | Choir World held ✓✓ median 45/47 ct, report pitch 72/71 in tune 122/192, 109/192
   after #3  Tuner in tune 1% stability ≥75 16% (mean 18) of 114/115 | Stay in Key in key 7% of 115/115 (result 8%)
   after #3  Pitch Match int 71/67 pro 59/50 | Drills 75/69/74/69/73 | RTF in tune 1% steady 16% of 115/115 voiced frames (Sharp (+49ct)×8, Sharp (+45ct)×7, Sharp (+44ct)×6) | Choir World held ✓✓ median 46/48 ct, report pitch 72/70 in tune 128/192, 103/192
   note: V5 (real vibrato read as irregular) pmInt: 90 → 88
   note: V5 (real vibrato read as irregular) pmPro: 83 → 83
   note: V5 (real vibrato read as irregular) drills: 87 → 85
   note: V5 (real vibrato read as irregular) cwPitch: 91 → 91

==== Regression: passes on master and fails on the branch, or moves past the tolerance the wrong way (blocks a deploy)

==== Fixed: fails on master and passes on the branch, or moves past the tolerance the right way

==== Already failing: fails on master and on the branch (not caused by the branch)
ALREADY V1 vibrato RTF rtfInTune: master 59/64/60% (median 60, spread 5) → branch 58/57/60% (median 58), change -2 (±5) · within 20 of the straight notes (82% / 84%), must not drop past the tolerance

==== VERDICT (regress, 3 runs per side, medians): 0 regression(s), 0 fixed, 1 already failing, 136 passed
pass V1 vibrato pmInt: master 92/92/92 (median 92, spread 0) → branch 92/92/92 (median 92), change 0 (±3) · within 8 of the straight notes (95 / 95), must not drop more than 3
pass V1 vibrato pmPro: master 88/88/87 (median 88, spread 1) → branch 87/88/88 (median 88), change 0 (±3) · within 8 of the straight notes (93 / 93), must not drop more than 3
pass V1 vibrato drills: master 91/91/90 (median 91, spread 1) → branch 91/91/90 (median 91), change 0 (±3) · within 8 of the straight notes (96 / 96), must not drop more than 3
pass V1 vibrato cwPitch: master 92/91/91 (median 91, spread 1) → branch 92/91/92 (median 92), change +1 (±3) · within 8 of the straight notes (96 / 96), must not drop more than 3
pass V1 vibrato RTF rtfSteady: master 35/33/37% (median 35, spread 4) → branch 31/32/39% (median 32), change -3 (±5) · within 20 of the straight notes (42% / 42%), must not drop past the tolerance
pass V1 Tuner tunerInTune: master 16/16/16% (median 16, spread 0) → branch 18/18/21% (median 18), change +2 (±5) · must not drop past the tolerance
pass V1 Tuner tunerStable: master 45/45/44% (median 45, spread 1) → branch 44/46/44% (median 44), change -1 (±5) · must not drop past the tolerance
pass V1 vibrato Choir World held: master ✓✓✓ → branch ✓✓✓ · must be held
pass V2 vibrato pmInt: master 93/93/92 (median 93, spread 1) → branch 92/93/92 (median 92), change -1 (±3) · within 8 of the straight notes (95 / 95), must not drop more than 3
pass V2 vibrato pmPro: master 89/90/90 (median 90, spread 1) → branch 89/89/91 (median 89), change -1 (±3) · within 8 of the straight notes (93 / 93), must not drop more than 3
pass V2 vibrato drills: master 94/93/94 (median 94, spread 1) → branch 93/94/94 (median 94), change 0 (±3) · within 8 of the straight notes (96 / 96), must not drop more than 3
pass V2 vibrato cwPitch: master 94/94/94 (median 94, spread 0) → branch 94/94/94 (median 94), change 0 (±3) · within 8 of the straight notes (96 / 96), must not drop more than 3
pass V2 vibrato RTF rtfInTune: master 76/78/76% (median 76, spread 2) → branch 76/76/80% (median 76), change 0 (±5) · within 20 of the straight notes (82% / 84%), must not drop past the tolerance
pass V2 vibrato RTF rtfSteady: master 35/37/38% (median 37, spread 3) → branch 38/34/35% (median 35), change -2 (±5) · within 20 of the straight notes (42% / 42%), must not drop past the tolerance
pass V2 Tuner tunerInTune: master 26/30/30% (median 30, spread 4) → branch 27/32/27% (median 27), change -3 (±5) · must not drop past the tolerance
pass V2 Tuner tunerStable: master 14/22/9% (median 14, spread 13) → branch 9/13/8% (median 9), change -5 (±10) · must not drop past the tolerance
pass V2 vibrato Choir World held: master ✓✓✓ → branch ✓✓✓ · must be held
pass V3 vibrato pmInt: master 95/95/95 (median 95, spread 0) → branch 95/95/95 (median 95), change 0 (±3) · within 8 of the straight notes (95 / 95), must not drop more than 3
pass V3 vibrato pmPro: master 92/92/92 (median 92, spread 0) → branch 92/92/92 (median 92), change 0 (±3) · within 8 of the straight notes (93 / 93), must not drop more than 3
pass V3 vibrato drills: master 95/95/95 (median 95, spread 0) → branch 95/95/95 (median 95), change 0 (±3) · within 8 of the straight notes (96 / 96), must not drop more than 3
pass V3 vibrato cwPitch: master 95/95/95 (median 95, spread 0) → branch 95/95/95 (median 95), change 0 (±3) · within 8 of the straight notes (96 / 96), must not drop more than 3
pass V3 vibrato RTF rtfInTune: master 100/100/100% (median 100, spread 0) → branch 100/100/100% (median 100), change 0 (±5) · within 20 of the straight notes (82% / 84%), must not drop past the tolerance
pass V3 vibrato RTF rtfSteady: master 98/97/97% (median 97, spread 1) → branch 97/97/97% (median 97), change 0 (±5) · within 20 of the straight notes (42% / 42%), must not drop past the tolerance
pass V3 Tuner tunerInTune: master 67/69/68% (median 68, spread 2) → branch 67/68/63% (median 67), change -1 (±5) · must not drop past the tolerance
pass V3 Tuner tunerStable: master 100/100/100% (median 100, spread 0) → branch 100/100/100% (median 100), change 0 (±5) · must not drop past the tolerance
pass V3 vibrato Choir World held: master ✓✓✓ → branch ✓✓✓ · must be held
pass V4 vibrato pmInt: master 96/96/96 (median 96, spread 0) → branch 96/96/96 (median 96), change 0 (±3) · within 8 of the straight notes (95 / 95), must not drop more than 3
pass V4 vibrato pmPro: master 95/95/94 (median 95, spread 1) → branch 95/95/94 (median 95), change 0 (±3) · within 8 of the straight notes (93 / 93), must not drop more than 3
pass V4 vibrato drills: master 96/96/96 (median 96, spread 0) → branch 96/96/96 (median 96), change 0 (±3) · within 8 of the straight notes (96 / 96), must not drop more than 3
pass V4 vibrato cwPitch: master 96/96/96 (median 96, spread 0) → branch 96/96/95 (median 96), change 0 (±3) · within 8 of the straight notes (96 / 96), must not drop more than 3
pass V4 vibrato RTF rtfInTune: master 96/97/97% (median 97, spread 1) → branch 94/98/94% (median 94), change -3 (±5) · within 20 of the straight notes (82% / 84%), must not drop past the tolerance
pass V4 vibrato RTF rtfSteady: master 94/97/97% (median 97, spread 3) → branch 97/96/96% (median 96), change -1 (±5) · within 20 of the straight notes (42% / 42%), must not drop past the tolerance
pass V4 Tuner tunerInTune: master 71/73/75% (median 73, spread 4) → branch 72/70/75% (median 72), change -1 (±5) · must not drop past the tolerance
pass V4 Tuner tunerStable: master 98/97/97% (median 97, spread 1) → branch 95/95/100% (median 95), change -2 (±5) · must not drop past the tolerance
pass V4 vibrato Choir World held: master ✓✓✓ → branch ✓✓✓ · must be held
pass V5 Tuner tunerInTune: master 37/32/29% (median 32, spread 8) → branch 30/34/32% (median 32), change 0 (±8) · must not drop past the tolerance
pass V5 Tuner tunerStable: master 24/26/23% (median 24, spread 3) → branch 26/27/26% (median 26), change +2 (±5) · must not drop past the tolerance
pass V6 vibrato pmInt: master 93/93/92 (median 93, spread 1) → branch 93/93/93 (median 93), change 0 (±3) · within 8 of the straight notes (95 / 95), must not drop more than 3
pass V6 vibrato pmPro: master 89/89/89 (median 89, spread 0) → branch 89/89/88 (median 89), change 0 (±3) · within 8 of the straight notes (93 / 93), must not drop more than 3
pass V6 vibrato drills: master 93/92/93 (median 93, spread 1) → branch 92/93/93 (median 93), change 0 (±3) · within 8 of the straight notes (96 / 96), must not drop more than 3
pass V6 vibrato cwPitch: master 92/93/93 (median 93, spread 1) → branch 94/93/93 (median 93), change 0 (±3) · within 8 of the straight notes (96 / 96), must not drop more than 3
pass V6 vibrato RTF rtfInTune: master 80/83/84% (median 83, spread 4) → branch 82/83/82% (median 82), change -1 (±5) · within 20 of the straight notes (82% / 84%), must not drop past the tolerance
pass V6 vibrato RTF rtfSteady: master 64/62/68% (median 64, spread 6) → branch 67/71/65% (median 67), change +3 (±6) · within 20 of the straight notes (42% / 42%), must not drop past the tolerance
pass V6 Tuner tunerInTune: master 47/49/46% (median 47, spread 3) → branch 49/47/46% (median 47), change 0 (±5) · must not drop past the tolerance
pass V6 Tuner tunerStable: master 76/76/80% (median 76, spread 4) → branch 77/77/77% (median 77), change +1 (±5) · must not drop past the tolerance
pass V6 vibrato Choir World held: master ✓✓✓ → branch ✓✓✓ · must be held
pass S1 straight pmInt: master 97/97/97 (median 97, spread 0) → branch 97/97/97 (median 97), change 0 (±3) · must not drop more than 3
pass S1 straight pmPro: master 97/96/96 (median 96, spread 1) → branch 96/96/96 (median 96), change 0 (±3) · must not drop more than 3
pass S1 straight drills: master 98/98/98 (median 98, spread 0) → branch 98/98/98 (median 98), change 0 (±3) · must not drop more than 3
pass S1 straight cwPitch: master 97/96/97 (median 97, spread 1) → branch 97/97/98 (median 97), change 0 (±3) · must not drop more than 3
pass S1 straight RTF rtfInTune: master 88/84/85% (median 85, spread 4) → branch 87/87/85% (median 87), change +2 (±5) · must not drop past the tolerance
pass S1 straight RTF rtfSteady: master 80/75/76% (median 76, spread 5) → branch 76/75/76% (median 76), change 0 (±5) · must not drop past the tolerance
pass S1 Tuner tunerInTune: master 80/82/79% (median 80, spread 3) → branch 81/76/79% (median 79), change -1 (±5) · must not drop past the tolerance
pass S1 Tuner tunerStable: master 89/91/89% (median 89, spread 2) → branch 89/97/86% (median 89), change 0 (±5) · must not drop past the tolerance
pass S1 straight Choir World held: master ✓✓✓ → branch ✓✓✓ · must be held
pass S2 straight pmInt: master 93/93/93 (median 93, spread 0) → branch 93/93/92 (median 93), change 0 (±3) · must not drop more than 3
pass S2 straight pmPro: master 89/89/89 (median 89, spread 0) → branch 89/89/89 (median 89), change 0 (±3) · must not drop more than 3
pass S2 straight drills: master 93/93/93 (median 93, spread 0) → branch 93/93/93 (median 93), change 0 (±3) · must not drop more than 3
pass S2 straight cwPitch: master 94/94/94 (median 94, spread 0) → branch 94/94/94 (median 94), change 0 (±3) · must not drop more than 3
pass S2 straight RTF rtfInTune: master 77/78/81% (median 78, spread 4) → branch 78/81/81% (median 81), change +3 (±5) · must not drop past the tolerance
pass S2 straight RTF rtfSteady: master 7/7/8% (median 7, spread 1) → branch 9/6/8% (median 8), change +1 (±5) · must not drop past the tolerance
pass S2 Tuner tunerInTune: master 70/72/75% (median 72, spread 5) → branch 77/76/76% (median 76), change +4 (±5) · must not drop past the tolerance
pass S2 Tuner tunerStable: master 67/71/74% (median 71, spread 7) → branch 73/72/72% (median 72), change +1 (±7) · must not drop past the tolerance
pass S2 straight Choir World held: master ✓✓✓ → branch ✓✓✓ · must be held
pass W1 V1 (real vibrato) sung 60 ct sharp pmInt: master 67/68/67 (median 67, spread 1) → branch 67/67/67 (median 67) · a straight note 51 ct off scores 69: within 6 of that, and ≥10 below the straight notes
pass W1 V1 (real vibrato) sung 60 ct sharp pmPro: master 48/49/49 (median 49, spread 1) → branch 50/49/49 (median 49) · a straight note 51 ct off scores 54: within 6 of that, and ≥10 below the straight notes
pass W1 V1 (real vibrato) sung 60 ct sharp drills: master 68/67/67 (median 67, spread 1) → branch 68/68/67 (median 68) · a straight note 51 ct off scores 69: within 6 of that, and ≥10 below the straight notes
pass W1 V1 (real vibrato) sung 60 ct sharp cwPitch: master 67/67/68 (median 67, spread 1) → branch 67/67/67 (median 67) · a straight note 51 ct off scores 69: within 6 of that, and ≥10 below the straight notes
pass W1 wrong RTF rtfInTune: master 6/6/7% (median 6, spread 1) → branch 4/7/5% (median 5), change -1 (±5) · must not rise past the tolerance
pass W1 Tuner tunerInTune: master 0/2/0% (median 0, spread 2) → branch 1/1/1% (median 1), change +1 (±5) · must not rise past the tolerance
pass W1 Tuner tunerStable: master 3/1/5% (median 3, spread 4) → branch 1/2/3% (median 2), change -1 (±5) · must not drop past the tolerance
pass W5 V1 (real vibrato) sung 80 ct sharp pmInt: master 56/55/55 (median 55, spread 1) → branch 55/56/56 (median 56) · a straight note 72 ct off scores 57: within 6 of that, and ≥10 below the straight notes
pass W5 V1 (real vibrato) sung 80 ct sharp pmPro: master 30/31/31 (median 31, spread 1) → branch 31/31/31 (median 31) · a straight note 72 ct off scores 35: within 6 of that, and ≥10 below the straight notes
pass W5 V1 (real vibrato) sung 80 ct sharp drills: master 55/56/56 (median 56, spread 1) → branch 56/55/56 (median 56) · a straight note 72 ct off scores 57: within 6 of that, and ≥10 below the straight notes
pass W5 V1 (real vibrato) sung 80 ct sharp cwPitch: master 55/54/55 (median 55, spread 1) → branch 55/55/54 (median 55) · a straight note 72 ct off scores 57: within 6 of that, and ≥10 below the straight notes
pass W5 wrong RTF rtfInTune: master 20/19/17% (median 19, spread 3) → branch 19/21/19% (median 19), change 0 (±5) · must not rise past the tolerance
pass W5 Tuner tunerInTune: master 6/8/10% (median 8, spread 4) → branch 8/8/6% (median 8), change 0 (±5) · must not rise past the tolerance
pass W5 Tuner tunerStable: master 56/53/52% (median 53, spread 4) → branch 56/55/56% (median 56), change +3 (±5) · must not drop past the tolerance
pass W5 V1 (real vibrato) sung 80 ct sharp Choir World held: master ✗✗✗ → branch ✗✗✗ · must not be held (past ±50)
pass W2 wrong pmInt: master 76/76/76 (median 76, spread 0) → branch 76/76/76 (median 76), change 0 (±3) · no vibrato in it: must not rise more than 3
pass W2 wrong pmPro: master 66/66/65 (median 66, spread 1) → branch 66/66/65 (median 66), change 0 (±3) · no vibrato in it: must not rise more than 3
pass W2 wrong drills: master 75/75/75 (median 75, spread 0) → branch 75/75/75 (median 75), change 0 (±3) · no vibrato in it: must not rise more than 3
pass W2 wrong cwPitch: master 76/76/76 (median 76, spread 0) → branch 76/76/76 (median 76), change 0 (±3) · no vibrato in it: must not rise more than 3
pass W2 wrong RTF rtfInTune: master 0/0/0% (median 0, spread 0) → branch 0/0/0% (median 0), change 0 (±5) · must not rise past the tolerance
pass W2 Tuner tunerInTune: master 0/0/0% (median 0, spread 0) → branch 0/0/0% (median 0), change 0 (±5) · must not rise past the tolerance
pass W2 Tuner tunerStable: master 53/49/54% (median 53, spread 5) → branch 46/48/51% (median 48), change -5 (±5) · must not drop past the tolerance
pass W3 wander pmInt: master 77/77/77 (median 77, spread 0) → branch 78/77/77 (median 77), change 0 (±3) · no vibrato in it: must not rise more than 3
pass W3 wander pmPro: master 67/66/66 (median 66, spread 1) → branch 66/67/66 (median 66), change 0 (±3) · no vibrato in it: must not rise more than 3
pass W3 wander drills: master 77/77/77 (median 77, spread 0) → branch 77/77/77 (median 77), change 0 (±3) · no vibrato in it: must not rise more than 3
pass W3 wander cwPitch: master 76/76/76 (median 76, spread 0) → branch 76/76/76 (median 76), change 0 (±3) · no vibrato in it: must not rise more than 3
pass W3 S1 with a slow ±60 ct wander at 0.8 Hz RTF rtfSteady: master 0/0/0% (median 0, spread 0) → branch 0/0/0% (median 0), change 0 (±5) · wobbly, no vibrato: Steady on ≤25% of voiced frames, must not rise past the tolerance
pass W3 Tuner tunerInTune: master 7/8/6% (median 7, spread 2) → branch 8/5/5% (median 5), change -2 (±5) · must not rise past the tolerance
pass W3 Tuner tunerStable: master 0/0/0% (median 0, spread 0) → branch 0/0/0% (median 0), change 0 (±5) · must not rise past the tolerance
pass W4 flutter pmInt: master 86/86/86 (median 86, spread 0) → branch 87/87/87 (median 87), change +1 (±3) · no vibrato in it: must not rise more than 3
pass W4 flutter pmPro: master 78/79/78 (median 78, spread 1) → branch 80/79/79 (median 79), change +1 (±3) · no vibrato in it: must not rise more than 3
pass W4 flutter drills: master 89/89/89 (median 89, spread 0) → branch 89/89/89 (median 89), change 0 (±3) · no vibrato in it: must not rise more than 3
pass W4 flutter cwPitch: master 86/86/86 (median 86, spread 0) → branch 87/86/86 (median 86), change 0 (±3) · no vibrato in it: must not rise more than 3
pass W4 flutter RTF rtfInTune: master 24/12/17% (median 17, spread 12) → branch 13/23/20% (median 20), change +3 (±10) · must not rise past the tolerance
pass W4 S1 with an 11 Hz ±40 ct flutter RTF rtfSteady: master 0/0/0% (median 0, spread 0) → branch 0/0/0% (median 0), change 0 (±5) · wobbly, no vibrato: Steady on ≤25% of voiced frames, must not rise past the tolerance
pass W4 Tuner tunerInTune: master 11/9/9% (median 9, spread 2) → branch 8/10/10% (median 10), change +1 (±5) · must not rise past the tolerance
pass W4 Tuner tunerStable: master 0/0/0% (median 0, spread 0) → branch 0/0/0% (median 0), change 0 (±5) · must not rise past the tolerance
pass N1 unsteady pmInt: master 88/88/87 (median 88, spread 1) → branch 88/88/88 (median 88), change 0 (±3) · no vibrato in it: must not rise more than 3
pass N1 unsteady pmPro: master 83/83/83 (median 83, spread 0) → branch 83/83/83 (median 83), change 0 (±3) · no vibrato in it: must not rise more than 3
pass N1 unsteady drills: master 89/89/89 (median 89, spread 0) → branch 89/89/89 (median 89), change 0 (±3) · no vibrato in it: must not rise more than 3
pass N1 unsteady cwPitch: master 88/89/89 (median 89, spread 1) → branch 90/89/89 (median 89), change 0 (±3) · no vibrato in it: must not rise more than 3
pass N1 unsteady RTF rtfInTune: master 4/5/4% (median 4, spread 1) → branch 3/3/4% (median 3), change -1 (±5) · must not rise past the tolerance
pass N1 S1 sung 20 ct flat, irregular ±12 ct (RMS) unsteadiness RTF rtfInTune: master 4/5/4% (median 4, spread 1) → branch 3/3/4% (median 3) · off pitch past the window: in tune on ≤25% of voiced frames
pass N1 S1 sung 20 ct flat, irregular ±12 ct (RMS) unsteadiness RTF rtfSteady: master 21/24/25% (median 24, spread 4) → branch 23/23/25% (median 23), change -1 (±5) · wobbly, no vibrato: Steady on ≤25% of voiced frames, must not rise past the tolerance
pass N1 Tuner tunerInTune: master 3/4/3% (median 3, spread 1) → branch 5/3/5% (median 5), change +2 (±5) · must not rise past the tolerance
pass N1 Tuner tunerStable: master 42/55/63% (median 55, spread 21) → branch 65/58/67% (median 65), change +10 (±10) · must not rise past the tolerance
pass N2 unsteady pmInt: master 80/80/81 (median 80, spread 1) → branch 81/81/81 (median 81), change +1 (±3) · no vibrato in it: must not rise more than 3
pass N2 unsteady pmPro: master 70/70/70 (median 70, spread 0) → branch 69/70/70 (median 70), change 0 (±3) · no vibrato in it: must not rise more than 3
pass N2 unsteady drills: master 83/83/83 (median 83, spread 0) → branch 83/83/83 (median 83), change 0 (±3) · no vibrato in it: must not rise more than 3
pass N2 unsteady cwPitch: master 82/82/82 (median 82, spread 0) → branch 82/82/82 (median 82), change 0 (±3) · no vibrato in it: must not rise more than 3
pass N2 unsteady RTF rtfInTune: master 8/9/5% (median 8, spread 4) → branch 4/8/5% (median 5), change -3 (±5) · must not rise past the tolerance
pass N2 S2 sung 25 ct sharp, irregular ±18 ct (RMS) unsteadiness RTF rtfInTune: master 8/9/5% (median 8, spread 4) → branch 4/8/5% (median 5) · off pitch past the window: in tune on ≤25% of voiced frames
pass N2 S2 sung 25 ct sharp, irregular ±18 ct (RMS) unsteadiness RTF rtfSteady: master 11/10/10% (median 10, spread 1) → branch 10/11/11% (median 11), change +1 (±5) · wobbly, no vibrato: Steady on ≤25% of voiced frames, must not rise past the tolerance
pass N2 Tuner tunerInTune: master 4/4/3% (median 4, spread 1) → branch 3/8/8% (median 8), change +4 (±5) · must not rise past the tolerance
pass N2 Tuner tunerStable: master 34/34/33% (median 34, spread 1) → branch 38/32/31% (median 32), change -2 (±5) · must not rise past the tolerance
pass N3 V3 (real vibrato ±91 ct) sung 25 ct flat pmInt: master 84/84/84 (median 84, spread 0) → branch 84/85/85 (median 85) · a straight note 23 ct off scores 86: within 6 of that
pass N3 V3 (real vibrato ±91 ct) sung 25 ct flat pmPro: master 76/77/77 (median 77, spread 1) → branch 76/76/76 (median 76) · a straight note 23 ct off scores 79: within 6 of that
pass N3 V3 (real vibrato ±91 ct) sung 25 ct flat drills: master 85/85/85 (median 85, spread 0) → branch 85/85/85 (median 85) · a straight note 23 ct off scores 86: within 6 of that
pass N3 V3 (real vibrato ±91 ct) sung 25 ct flat cwPitch: master 85/85/85 (median 85, spread 0) → branch 85/85/85 (median 85) · a straight note 23 ct off scores 86: within 6 of that
pass N3 wrong RTF rtfInTune: master 17/18/18% (median 18, spread 1) → branch 18/18/16% (median 18), change 0 (±5) · must not rise past the tolerance
pass N3 V3 (real vibrato ±91 ct) sung 25 ct flat RTF rtfInTune: master 17/18/18% (median 18, spread 1) → branch 18/18/16% (median 18) · off pitch past the window: in tune on ≤25% of voiced frames
pass N3 Tuner tunerInTune: master 0/0/0% (median 0, spread 0) → branch 0/0/0% (median 0), change 0 (±5) · must not rise past the tolerance
pass N3 Tuner tunerStable: master 100/100/100% (median 100, spread 0) → branch 100/100/100% (median 100), change 0 (±5) · must not drop past the tolerance
pass N4 unsteady pmInt: master 69/69/69 (median 69, spread 0) → branch 69/69/69 (median 69), change 0 (±3) · no vibrato in it: must not rise more than 3
pass N4 unsteady pmPro: master 55/54/55 (median 55, spread 1) → branch 55/54/55 (median 55), change 0 (±3) · no vibrato in it: must not rise more than 3
pass N4 unsteady drills: master 72/72/72 (median 72, spread 0) → branch 72/72/72 (median 72), change 0 (±3) · no vibrato in it: must not rise more than 3
pass N4 unsteady cwPitch: master 72/72/72 (median 72, spread 0) → branch 71/71/71 (median 71), change -1 (±3) · no vibrato in it: must not rise more than 3
pass N4 unsteady RTF rtfInTune: master 3/3/3% (median 3, spread 0) → branch 2/2/1% (median 2), change -1 (±5) · must not rise past the tolerance
pass N4 S2 sung 45 ct sharp, irregular ±18 ct (RMS) unsteadiness RTF rtfInTune: master 3/3/3% (median 3, spread 0) → branch 2/2/1% (median 2) · off pitch past the window: in tune on ≤25% of voiced frames
pass N4 S2 sung 45 ct sharp, irregular ±18 ct (RMS) unsteadiness RTF rtfSteady: master 15/15/10% (median 15, spread 5) → branch 15/16/16% (median 16), change +1 (±5) · wobbly, no vibrato: Steady on ≤25% of voiced frames, must not rise past the tolerance
pass N4 Tuner tunerInTune: master 2/1/1% (median 1, spread 1) → branch 2/3/1% (median 2), change +1 (±5) · must not rise past the tolerance
pass N4 Tuner tunerStable: master 16/17/18% (median 17, spread 2) → branch 14/16/16% (median 16), change -1 (±5) · must not rise past the tolerance

log: /Users/alegramusenge/Documents/voxcoach-app/scripts/vq-verify/logs/vibfix-local-2026-10-07T11-44-50.log  json: /Users/alegramusenge/Documents/voxcoach-app/scripts/vq-verify/logs/vibfix-local-2026-10-07T11-44-50.json
