vibfix 2026-10-05T18-27-29  sides: before, after  before: master  mode: regress (rises become "must not move")

== V1: vibrato-628@2896 centred — target 69 (sung -1 ct, re-centred); offline gate: vibrato 6.16 Hz ±66 r 0.83
   before #1 Tuner in tune 19% stability ≥75 44% (mean 61) of 90/115 | Stay in Key in key 97% of 88/114 (result 95%)
   before #1 Pitch Match int 92/92 pro 89/87 | Drills 91/91/91/91/91 | RTF in tune 64% steady 35% of 92/114 voiced frames (In tune×59, Listening…×22, Flat (-24ct)×5) | Choir World held ✓✓ median -8/-11 ct, report pitch 92/91 in tune 152/152, 152/153
   after #1  Tuner in tune 19% stability ≥75 44% (mean 62) of 91/116 | Stay in Key in key 95% of 91/115 (result 94%)
   after #1  Pitch Match int 92/92 pro 89/86 | Drills 91/91/90/91/91 | RTF in tune 57% steady 32% of 91/115 voiced frames (In tune×52, Listening…×24, Flat (-24ct)×6) | Choir World held ✓✓ median -7/-11 ct, report pitch 92/91 in tune 152/153, 153/153
   before #2 Tuner in tune 18% stability ≥75 45% (mean 62) of 89/115 | Stay in Key in key 98% of 89/114 (result 96%)
   before #2 Pitch Match int 92/92 pro 89/87 | Drills 90/91/90/91/91 | RTF in tune 57% steady 36% of 92/115 voiced frames (In tune×52, Listening…×23, Flat (-23ct)×5) | Choir World held ✓✓ median -8/-11 ct, report pitch 92/91 in tune 151/152, 151/153
   after #2  Tuner in tune 20% stability ≥75 46% (mean 63) of 91/115 | Stay in Key in key 93% of 90/115 (result 94%)
   after #2  Pitch Match int 92/92 pro 89/85 | Drills 91/90/89/91/90 | RTF in tune 59% steady 33% of 90/114 voiced frames (In tune×53, Listening…×24, Flat (-23ct)×6) | Choir World held ✓✓ median -8/-11 ct, report pitch 91/91 in tune 153/153, 153/153
   before #3 Tuner in tune 18% stability ≥75 46% (mean 64) of 90/115 | Stay in Key in key 94% of 90/115 (result 95%)
   before #3 Pitch Match int 92/92 pro 90/85 | Drills 91/91/90/91/91 | RTF in tune 60% steady 34% of 92/115 voiced frames (In tune×55, Listening…×23, Flat (-24ct)×6) | Choir World held ✓✓ median -7/-10 ct, report pitch 92/92 in tune 153/153, 152/153
   after #3  Tuner in tune 21% stability ≥75 44% (mean 63) of 91/115 | Stay in Key in key 95% of 88/113 (result 94%)
   after #3  Pitch Match int 92/92 pro 89/85 | Drills 91/91/90/91/91 | RTF in tune 63% steady 36% of 91/113 voiced frames (In tune×57, Listening…×22, Flat (-24ct)×5) | Choir World held ✓✓ median -8/-10 ct, report pitch 91/92 in tune 153/153, 153/153

== V2: vibrato-3131@8046 centred — target 49 (sung -32 ct, re-centred); offline gate: vibrato 5.07 Hz ±106 r 0.94
   before #1 Tuner in tune 40% stability ≥75 16% (mean 53) of 92/115 | Stay in Key in key 83% of 98/113 (result 80%)
   before #1 Pitch Match int 92/94 pro 91/91 | Drills 94/93/94/93/93 | RTF in tune 79% steady 34% of 92/113 voiced frames (In tune×73, Listening…×21, Sharp (+31ct)×2) | Choir World held ✓✓ median 3/9 ct, report pitch 94/93 in tune 148/148, 169/169
   after #1  Tuner in tune 28% stability ≥75 18% (mean 50) of 94/115 | Stay in Key in key 79% of 99/113 (result 77%)
   after #1  Pitch Match int 93/94 pro 92/91 | Drills 95/93/93/92/93 | RTF in tune 81% steady 35% of 91/113 voiced frames (In tune×74, Listening…×22, Sharp (+21ct)×3) | Choir World held ✓✓ median 3/4 ct, report pitch 94/93 in tune 149/149, 170/170
   before #2 Tuner in tune 41% stability ≥75 17% (mean 54) of 92/115 | Stay in Key in key 78% of 99/113 (result 77%)
   before #2 Pitch Match int 93/94 pro 91/90 | Drills 94/93/94/93/93 | RTF in tune 74% steady 37% of 90/113 voiced frames (In tune×67, Listening…×23, Sharp (+19ct)×3) | Choir World held ✓✓ median 3/8 ct, report pitch 94/93 in tune 149/149, 169/169
   after #2  Tuner in tune 51% stability ≥75 22% (mean 58) of 92/114 | Stay in Key in key 81% of 99/113 (result 80%)
   after #2  Pitch Match int 93/94 pro 91/90 | Drills 95/93/94/93/92 | RTF in tune 77% steady 35% of 91/112 voiced frames (In tune×70, Listening…×21, Flat (-19ct)×3) | Choir World held ✓✓ median 4/9 ct, report pitch 94/93 in tune 152/152, 169/169
   before #3 Tuner in tune 50% stability ≥75 31% (mean 54) of 94/115 | Stay in Key in key 83% of 99/113 (result 78%)
   before #3 Pitch Match int 92/95 pro 92/92 | Drills 94/93/93/92/93 | RTF in tune 75% steady 36% of 89/112 voiced frames (In tune×67, Listening…×23, Sharp (+21ct)×2) | Choir World held ✓✓ median 2/7 ct, report pitch 94/94 in tune 149/149, 170/170
   after #3  Tuner in tune 44% stability ≥75 34% (mean 59) of 94/115 | Stay in Key in key 76% of 99/114 (result 77%)
   after #3  Pitch Match int 92/94 pro 91/91 | Drills 94/94/94/93/93 | RTF in tune 77% steady 37% of 92/114 voiced frames (In tune×71, Listening…×22, Flat (-48ct)×2) | Choir World held ✓✓ median 3/7 ct, report pitch 94/93 in tune 153/153, 169/169

== V3: vibrato-1154@4013 centred — target 69 (sung +27 ct, re-centred); offline gate: vibrato 4.74 Hz ±91 r 0.98
   before #1 Tuner in tune 66% stability ≥75 100% (mean 85) of 113/116 | Stay in Key in key 99% of 115/115 (result 94%)
   before #1 Pitch Match int 94/95 pro 92/92 | Drills 95/95/95/95/95 | RTF in tune 100% steady 97% of 115/115 voiced frames (In tune×115) | Choir World held ✓✓ median 3/2 ct, report pitch 95/95 in tune 192/192, 192/192
   after #1  Tuner in tune 64% stability ≥75 100% (mean 86) of 115/115 | Stay in Key in key 98% of 115/115 (result 94%)
   after #1  Pitch Match int 94/95 pro 92/91 | Drills 95/95/95/95/95 | RTF in tune 100% steady 97% of 114/114 voiced frames (In tune×114) | Choir World held ✓✓ median 4/2 ct, report pitch 95/95 in tune 192/192, 192/192
   before #2 Tuner in tune 68% stability ≥75 100% (mean 84) of 116/116 | Stay in Key in key 99% of 115/115 (result 94%)
   before #2 Pitch Match int 94/95 pro 92/92 | Drills 95/95/95/95/95 | RTF in tune 100% steady 97% of 114/114 voiced frames (In tune×114) | Choir World held ✓✓ median 3/3 ct, report pitch 95/95 in tune 192/192, 192/192
   after #2  Tuner in tune 66% stability ≥75 100% (mean 87) of 115/115 | Stay in Key in key 99% of 115/115 (result 94%)
   after #2  Pitch Match int 94/95 pro 91/91 | Drills 95/95/95/95/95 | RTF in tune 100% steady 97% of 114/114 voiced frames (In tune×114) | Choir World held ✓✓ median 4/1 ct, report pitch 95/95 in tune 192/192, 192/192
   before #3 Tuner in tune 65% stability ≥75 100% (mean 85) of 110/115 | Stay in Key in key 99% of 114/114 (result 94%)
   before #3 Pitch Match int 94/95 pro 92/91 | Drills 95/95/95/95/95 | RTF in tune 100% steady 96% of 114/114 voiced frames (In tune×114) | Choir World held ✓✓ median 4/1 ct, report pitch 95/95 in tune 192/192, 192/192
   after #3  Tuner in tune 62% stability ≥75 100% (mean 85) of 114/116 | Stay in Key in key 98% of 115/115 (result 94%)
   after #3  Pitch Match int 94/95 pro 91/92 | Drills 95/95/95/95/95 | RTF in tune 100% steady 97% of 114/114 voiced frames (In tune×114) | Choir World held ✓✓ median 3/2 ct, report pitch 95/95 in tune 192/192, 192/192

== V4: vibrato-772@4946 centred — target 67 (sung +24 ct, re-centred); offline gate: vibrato 5.28 Hz ±90 r 0.98
   before #1 Tuner in tune 70% stability ≥75 83% (mean 84) of 113/116 | Stay in Key in key 94% of 115/115 (result 90%)
   before #1 Pitch Match int 95/95 pro 93/92 | Drills 96/95/96/96/95 | RTF in tune 97% steady 97% of 115/115 voiced frames (In tune×111, Flat (-22ct)×3, Flat (-24ct)×1) | Choir World held ✓✓ median -2/-2 ct, report pitch 95/95 in tune 190/192, 191/192
   after #1  Tuner in tune 67% stability ≥75 92% (mean 84) of 112/115 | Stay in Key in key 96% of 115/115 (result 90%)
   after #1  Pitch Match int 95/95 pro 95/95 | Drills 96/96/96/96/95 | RTF in tune 98% steady 93% of 115/115 voiced frames (In tune×113, Flat (-24ct)×1, Flat (-26ct)×1) | Choir World held ✓✓ median -3/-1 ct, report pitch 95/95 in tune 189/192, 191/192
   before #2 Tuner in tune 64% stability ≥75 94% (mean 87) of 111/116 | Stay in Key in key 97% of 114/114 (result 90%)
   before #2 Pitch Match int 94/95 pro 95/95 | Drills 96/96/95/96/95 | RTF in tune 95% steady 95% of 114/114 voiced frames (In tune×108, Flat (-21ct)×3, Flat (-22ct)×2) | Choir World held ✓✓ median -2/-1 ct, report pitch 95/95 in tune 189/193, 190/192
   after #2  Tuner in tune 64% stability ≥75 96% (mean 85) of 107/115 | Stay in Key in key 95% of 115/115 (result 91%)
   after #2  Pitch Match int 94/95 pro 96/96 | Drills 96/95/96/96/95 | RTF in tune 96% steady 94% of 114/114 voiced frames (In tune×109, Flat (-21ct)×3, Flat (-25ct)×1) | Choir World held ✓✓ median -1/-2 ct, report pitch 96/95 in tune 192/192, 191/192
   before #3 Tuner in tune 72% stability ≥75 92% (mean 84) of 112/115 | Stay in Key in key 96% of 114/114 (result 91%)
   before #3 Pitch Match int 94/96 pro 94/95 | Drills 96/95/96/96/95 | RTF in tune 96% steady 96% of 114/114 voiced frames (In tune×110, Flat (-22ct)×2, Flat (-21ct)×1) | Choir World held ✓✓ median -3/-1 ct, report pitch 95/95 in tune 192/192, 191/192
   after #3  Tuner in tune 69% stability ≥75 98% (mean 87) of 110/114 | Stay in Key in key 96% of 113/113 (result 91%)
   after #3  Pitch Match int 96/95 pro 96/95 | Drills 96/95/96/96/95 | RTF in tune 96% steady 96% of 112/112 voiced frames (In tune×107, Flat (-22ct)×3, Flat (-23ct)×1) | Choir World held ✓✓ median -2/-2 ct, report pitch 95/95 in tune 190/192, 189/192

== V5: vibrato-2417@7396 centred — target 52 (sung +38 ct, re-centred); offline gate: as read 5.35 Hz ±49 r 0.32
   before #1 Tuner in tune 30% stability ≥75 28% (mean 59) of 90/111 | Stay in Key in key 90% of 89/113 (result 89%)
   before #1 Pitch Match int 82/90 pro 73/91 | Drills 84/83/84/93/84 | RTF in tune 67% steady 21% of 112/112 voiced frames (In tune×75, Sharp (+17ct)×7, Sharp (+19ct)×3) | Choir World held ✓✓ median -3/-1 ct, report pitch 92/80 in tune 157/163, 126/148
   after #1  Tuner in tune 36% stability ≥75 26% (mean 60) of 90/114 | Stay in Key in key 90% of 90/113 (result 88%)
   after #1  Pitch Match int 83/89 pro 82/92 | Drills 84/83/83/94/83 | RTF in tune 70% steady 30% of 111/112 voiced frames (In tune×78, Sharp (+22ct)×4, Sharp (+16ct)×4) | Choir World held ✓✓ median -3/-2 ct, report pitch 91/91 in tune 153/160, 150/156
   before #2 Tuner in tune 36% stability ≥75 30% (mean 60) of 92/115 | Stay in Key in key 91% of 89/112 (result 89%)
   before #2 Pitch Match int 83/89 pro 83/90 | Drills 84/92/84/93/84 | RTF in tune 71% steady 28% of 110/112 voiced frames (In tune×78, Sharp (+23ct)×4, Sharp (+18ct)×4) | Choir World held ✓✓ median -4/-3 ct, report pitch 92/90 in tune 156/164, 143/151
   after #2  Tuner in tune 31% stability ≥75 30% (mean 60) of 91/115 | Stay in Key in key 91% of 89/113 (result 89%)
   after #2  Pitch Match int 82/83 pro 82/90 | Drills 84/92/85/92/83 | RTF in tune 69% steady 20% of 112/112 voiced frames (In tune×77, Sharp (+18ct)×4, Sharp (+17ct)×3) | Choir World held ✓✓ median -4/-4 ct, report pitch 92/90 in tune 158/165, 143/150
   before #3 Tuner in tune 31% stability ≥75 27% (mean 57) of 91/116 | Stay in Key in key 91% of 89/114 (result 90%)
   before #3 Pitch Match int 81/90 pro 86/91 | Drills 84/93/84/92/84 | RTF in tune 63% steady 20% of 112/114 voiced frames (In tune×71, Sharp (+19ct)×4, Sharp (+15ct)×3) | Choir World held ✓✓ median -3/0 ct, report pitch 91/81 in tune 154/160, 130/152
   after #3  Tuner in tune 33% stability ≥75 27% (mean 59) of 93/115 | Stay in Key in key 90% of 90/114 (result 87%)
   after #3  Pitch Match int 83/90 pro 82/84 | Drills 84/93/84/93/84 | RTF in tune 69% steady 18% of 114/114 voiced frames (In tune×79, Sharp (+17ct)×3, Sharp (+21ct)×3) | Choir World held ✓✓ median -3/1 ct, report pitch 91/82 in tune 160/166, 130/151

== V6: vibrato-2961@630 centred — target 49 (sung -27 ct, re-centred); offline gate: vibrato 5.28 Hz ±52 r 0.55
   before #1 Tuner in tune 49% stability ≥75 77% (mean 79) of 116/116 | Stay in Key in key 100% of 115/115 (result 98%)
   before #1 Pitch Match int 92/93 pro 87/91 | Drills 92/94/93/94/92 | RTF in tune 83% steady 67% of 114/114 voiced frames (In tune×95, Sharp (+18ct)×3, Sharp (+21ct)×3) | Choir World held ✓✓ median -3/1 ct, report pitch 92/94 in tune 192/192, 190/192
   after #1  Tuner in tune 48% stability ≥75 76% (mean 78) of 115/116 | Stay in Key in key 99% of 115/115 (result 96%)
   after #1  Pitch Match int 92/92 pro 86/91 | Drills 91/94/92/94/92 | RTF in tune 82% steady 64% of 114/114 voiced frames (In tune×94, Flat (-18ct)×4, Sharp (+19ct)×3) | Choir World held ✓✓ median -3/2 ct, report pitch 92/93 in tune 192/192, 190/192
   before #2 Tuner in tune 49% stability ≥75 79% (mean 79) of 113/114 | Stay in Key in key 100% of 112/113 (result 97%)
   before #2 Pitch Match int 93/93 pro 86/91 | Drills 91/94/92/94/91 | RTF in tune 84% steady 71% of 112/112 voiced frames (In tune×94, Sharp (+17ct)×3, Flat (-19ct)×2) | Choir World held ✓✓ median -2/1 ct, report pitch 93/94 in tune 192/192, 190/192
   after #2  Tuner in tune 48% stability ≥75 76% (mean 78) of 115/115 | Stay in Key in key 100% of 113/113 (result 98%)
   after #2  Pitch Match int 92/93 pro 87/91 | Drills 92/94/92/94/92 | RTF in tune 83% steady 66% of 112/112 voiced frames (In tune×93, Sharp (+18ct)×4, Sharp (+19ct)×3) | Choir World held ✓✓ median -3/2 ct, report pitch 92/94 in tune 191/191, 189/192
   before #3 Tuner in tune 50% stability ≥75 79% (mean 79) of 114/114 | Stay in Key in key 99% of 113/113 (result 97%)
   before #3 Pitch Match int 92/93 pro 88/91 | Drills 91/94/92/93/91 | RTF in tune 81% steady 74% of 112/112 voiced frames (In tune×91, Flat (-19ct)×3, Flat (-17ct)×3) | Choir World held ✓✓ median -3/1 ct, report pitch 92/93 in tune 192/192, 189/192
   after #3  Tuner in tune 46% stability ≥75 76% (mean 78) of 116/116 | Stay in Key in key 100% of 115/115 (result 98%)
   after #3  Pitch Match int 92/93 pro 86/91 | Drills 91/94/92/94/91 | RTF in tune 79% steady 62% of 115/115 voiced frames (In tune×91, Flat (-18ct)×7, Sharp (+19ct)×3) | Choir World held ✓✓ median -2/-1 ct, report pitch 93/93 in tune 190/191, 190/192

== S1: straight-625@3246 centred — target 69 (sung -14 ct, re-centred); offline gate: as read 5.31 Hz ±9 r 0.39
   before #1 Tuner in tune 77% stability ≥75 78% (mean 84) of 115/115 | Stay in Key in key 100% of 115/115 (result 100%)
   before #1 Pitch Match int 96/98 pro 95/97 | Drills 98/98/98/98/98 | RTF in tune 86% steady 79% of 114/114 voiced frames (In tune×98, Flat (-14ct)×3, Flat (-9ct)×2) | Choir World held ✓✓ median -1/0 ct, report pitch 98/96 in tune 192/192, 192/192
   after #1  Tuner in tune 79% stability ≥75 80% (mean 85) of 115/115 | Stay in Key in key 100% of 115/115 (result 100%)
   after #1  Pitch Match int 96/98 pro 95/97 | Drills 98/98/98/98/98 | RTF in tune 87% steady 76% of 115/115 voiced frames (In tune×100, Flat (-10ct)×2, Flat (-13ct)×2) | Choir World held ✓✓ median 0/0 ct, report pitch 96/96 in tune 192/192, 192/192
   before #2 Tuner in tune 82% stability ≥75 81% (mean 84) of 115/115 | Stay in Key in key 100% of 115/115 (result 100%)
   before #2 Pitch Match int 96/98 pro 94/97 | Drills 98/98/98/98/98 | RTF in tune 84% steady 81% of 114/114 voiced frames (In tune×96, Sharp (+9ct)×3, Flat (-10ct)×2) | Choir World held ✓✓ median 0/-1 ct, report pitch 96/98 in tune 192/192, 192/192
   after #2  Tuner in tune 77% stability ≥75 81% (mean 85) of 114/114 | Stay in Key in key 100% of 113/113 (result 100%)
   after #2  Pitch Match int 96/98 pro 95/97 | Drills 98/98/98/98/98 | RTF in tune 87% steady 78% of 111/111 voiced frames (In tune×97, Flat (-15ct)×4, Flat (-13ct)×2) | Choir World held ✓✓ median -1/0 ct, report pitch 98/98 in tune 192/192, 192/192
   before #3 Tuner in tune 78% stability ≥75 78% (mean 84) of 114/114 | Stay in Key in key 100% of 113/113 (result 100%)
   before #3 Pitch Match int 96/98 pro 95/97 | Drills 98/98/98/98/98 | RTF in tune 88% steady 77% of 112/112 voiced frames (In tune×99, Flat (-13ct)×3, Flat (-14ct)×2) | Choir World held ✓✓ median -1/1 ct, report pitch 98/96 in tune 192/192, 192/192
   after #3  Tuner in tune 75% stability ≥75 82% (mean 85) of 114/114 | Stay in Key in key 100% of 113/113 (result 100%)
   after #3  Pitch Match int 96/98 pro 95/97 | Drills 98/98/98/98/98 | RTF in tune 88% steady 78% of 111/111 voiced frames (In tune×98, Flat (-13ct)×5, Flat (-15ct)×1) | Choir World held ✓✓ median 0/0 ct, report pitch 98/96 in tune 192/192, 192/192

== S2: straight-286@630 centred — target 60 (sung +32 ct, re-centred); offline gate: as read 4.85 Hz ±19 r 0.26
   before #1 Tuner in tune 78% stability ≥75 73% (mean 78) of 114/114 | Stay in Key in key 99% of 113/113 (result 96%)
   before #1 Pitch Match int 97/88 pro 95/82 | Drills 96/90/97/88/95 | RTF in tune 81% steady 10% of 113/113 voiced frames (In tune×91, Sharp (+26ct)×3, Flat (-11ct)×2) | Choir World held ✓✓ median 1/1 ct, report pitch 97/90 in tune 192/192, 187/192
   after #1  Tuner in tune 73% stability ≥75 73% (mean 80) of 114/114 | Stay in Key in key 99% of 112/112 (result 96%)
   after #1  Pitch Match int 97/88 pro 95/82 | Drills 96/90/97/88/95 | RTF in tune 80% steady 9% of 112/112 voiced frames (In tune×90, Sharp (+11ct)×3, Sharp (+18ct)×2) | Choir World held ✓✓ median 1/1 ct, report pitch 97/90 in tune 192/192, 187/192
   before #2 Tuner in tune 71% stability ≥75 69% (mean 79) of 115/115 | Stay in Key in key 98% of 113/113 (result 96%)
   before #2 Pitch Match int 97/88 pro 95/83 | Drills 96/89/97/88/95 | RTF in tune 79% steady 10% of 113/113 voiced frames (In tune×89, Sharp (+27ct)×4, Sharp (+24ct)×2) | Choir World held ✓✓ median 1/0 ct, report pitch 97/90 in tune 192/192, 188/192
   after #2  Tuner in tune 76% stability ≥75 75% (mean 79) of 114/114 | Stay in Key in key 99% of 113/113 (result 96%)
   after #2  Pitch Match int 97/88 pro 95/83 | Drills 96/90/97/88/95 | RTF in tune 81% steady 9% of 112/112 voiced frames (In tune×91, Sharp (+19ct)×3, Sharp (+26ct)×3) | Choir World held ✓✓ median 1/1 ct, report pitch 97/90 in tune 192/192, 186/192
   before #3 Tuner in tune 75% stability ≥75 66% (mean 79) of 114/114 | Stay in Key in key 98% of 113/113 (result 96%)
   before #3 Pitch Match int 97/88 pro 95/83 | Drills 96/90/97/88/95 | RTF in tune 80% steady 8% of 112/112 voiced frames (In tune×90, Flat (-10ct)×2, Sharp (+19ct)×2) | Choir World held ✓✓ median 1/1 ct, report pitch 97/90 in tune 192/192, 187/192
   after #3  Tuner in tune 74% stability ≥75 74% (mean 78) of 115/115 | Stay in Key in key 98% of 115/115 (result 96%)
   after #3  Pitch Match int 97/88 pro 95/83 | Drills 96/89/97/88/95 | RTF in tune 82% steady 7% of 114/114 voiced frames (In tune×94, Sharp (+17ct)×2, Sharp (+26ct)×2) | Choir World held ✓✓ median 1/1 ct, report pitch 97/90 in tune 192/192, 185/192

== W1: V1 (real vibrato) sung 60 ct sharp — target 69 (sung -1 ct, re-centred, then +60); offline gate: vibrato 6.16 Hz ±66 r 0.83
   before #1 Tuner in tune 0% stability ≥75 10% (mean 18) of 91/115 | Stay in Key in key 4% of 91/114 (result 5%)
   before #1 Pitch Match int 67/70 pro 51/45 | Drills 60/68/68/73/69 | RTF in tune 4% steady 12% of 101/114 voiced frames (Listening…×13, Flat (-44ct)×7, Sharp (+38ct)×7) | Choir World held ✗✓ median 52/48 ct, report pitch 66/68 in tune 68/154, 85/151
   after #1  Tuner in tune 0% stability ≥75 9% (mean 18) of 91/115 | Stay in Key in key 2% of 90/114 (result 6%)
   after #1  Pitch Match int 67/70 pro 50/46 | Drills 60/68/68/73/69 | RTF in tune 6% steady 14% of 101/114 voiced frames (Listening…×13, In tune×6, Sharp (+35ct)×6) | Choir World held ✓✓ median 50/50 ct, report pitch 66/68 in tune 74/155, 77/151
   before #2 Tuner in tune 1% stability ≥75 8% (mean 15) of 92/115 | Stay in Key in key 2% of 91/115 (result 5%)
   before #2 Pitch Match int 68/70 pro 49/47 | Drills 59/69/68/73/69 | RTF in tune 4% steady 10% of 100/114 voiced frames (Listening…×14, Sharp (+35ct)×8, Sharp (+49ct)×6) | Choir World held ✓✓ median 49/48 ct, report pitch 67/69 in tune 83/155, 93/155
   after #2  Tuner in tune 2% stability ≥75 6% (mean 15) of 92/116 | Stay in Key in key 5% of 91/115 (result 6%)
   after #2  Pitch Match int 67/70 pro 51/47 | Drills 59/68/68/73/68 | RTF in tune 5% steady 12% of 102/115 voiced frames (Listening…×13, Sharp (+44ct)×6, Sharp (+36ct)×6) | Choir World held ✗✓ median 53/49 ct, report pitch 66/68 in tune 67/154, 84/153
   before #3 Tuner in tune 0% stability ≥75 9% (mean 15) of 91/115 | Stay in Key in key 4% of 91/115 (result 6%)
   before #3 Pitch Match int 67/70 pro 49/46 | Drills 60/69/67/74/69 | RTF in tune 7% steady 14% of 100/114 voiced frames (Listening…×14, In tune×7, Sharp (+35ct)×6) | Choir World held ✗✓ median 52/48 ct, report pitch 66/69 in tune 69/155, 90/154
   after #3  Tuner in tune 1% stability ≥75 7% (mean 13) of 91/115 | Stay in Key in key 2% of 90/115 (result 5%)
   after #3  Pitch Match int 67/70 pro 51/45 | Drills 59/69/68/73/69 | RTF in tune 6% steady 14% of 101/114 voiced frames (Listening…×13, Sharp (+47ct)×7, Sharp (+37ct)×7) | Choir World held ✗✓ median 52/47 ct, report pitch 66/68 in tune 54/154, 95/155

== W5: V1 (real vibrato) sung 80 ct sharp — target 69 (sung -1 ct, re-centred, then +80); offline gate: vibrato 6.16 Hz ±66 r 0.83
   before #1 Tuner in tune 6% stability ≥75 55% (mean 61) of 94/116 | Stay in Key in key 1% of 94/114 (result 3%)
   before #1 Pitch Match int 55/57 pro 31/32 | Drills 49/57/56/60/59 | RTF in tune 19% steady 35% of 102/114 voiced frames (In tune×19, Listening…×12, Flat (-34ct)×7) | Choir World held ✗✗ median 70/71 ct, report pitch 54/54 in tune 3/153, 5/155
   after #1  Tuner in tune 9% stability ≥75 54% (mean 64) of 97/116 | Stay in Key in key 1% of 96/115 (result 2%)
   after #1  Pitch Match int 55/56 pro 31/33 | Drills 49/57/56/60/59 | RTF in tune 20% steady 49% of 103/114 voiced frames (In tune×21, Listening…×11, Flat (-33ct)×6) | Choir World held ✗✗ median 73/72 ct, report pitch 55/54 in tune 9/154, 1/155
   before #2 Tuner in tune 6% stability ≥75 52% (mean 64) of 96/115 | Stay in Key in key 0% of 94/114 (result 2%)
   before #2 Pitch Match int 55/58 pro 33/31 | Drills 48/56/56/60/58 | RTF in tune 20% steady 44% of 103/114 voiced frames (In tune×21, Listening…×11, Flat (-34ct)×8) | Choir World held ✗✗ median 72/72 ct, report pitch 55/55 in tune 4/153, 5/155
   after #2  Tuner in tune 8% stability ≥75 53% (mean 64) of 96/116 | Stay in Key in key 1% of 94/112 (result 3%)
   after #2  Pitch Match int 55/56 pro 32/33 | Drills 48/56/56/60/59 | RTF in tune 20% steady 42% of 103/114 voiced frames (In tune×21, Listening…×11, Flat (-34ct)×7) | Choir World held ✗✗ median 71/70 ct, report pitch 55/54 in tune 5/154, 3/155
   before #3 Tuner in tune 8% stability ≥75 56% (mean 63) of 93/114 | Stay in Key in key 0% of 92/112 (result 2%)
   before #3 Pitch Match int 55/57 pro 31/31 | Drills 47/58/56/60/60 | RTF in tune 18% steady 34% of 101/112 voiced frames (In tune×18, Listening…×11, Flat (-34ct)×7) | Choir World held ✗✗ median 71/72 ct, report pitch 55/54 in tune 5/153, 5/153
   after #3  Tuner in tune 5% stability ≥75 55% (mean 61) of 96/114 | Stay in Key in key 1% of 94/112 (result 3%)
   after #3  Pitch Match int 56/57 pro 31/34 | Drills 50/58/56/60/59 | RTF in tune 19% steady 39% of 102/113 voiced frames (In tune×19, Listening…×11, Flat (-35ct)×8) | Choir World held ✗✗ median 70/70 ct, report pitch 56/55 in tune 12/153, 4/155

== W2: S1 (real straight) sung 40 ct sharp — target 69 (sung -14 ct, re-centred, then +40); offline gate: as read 5.31 Hz ±9 r 0.39
   before #1 Tuner in tune 0% stability ≥75 48% (mean 57) of 112/112 | Stay in Key in key 13% of 112/112 (result 14%)
   before #1 Pitch Match int 76/74 pro 64/65 | Drills 75/75/75/75/75 | RTF in tune 0% steady 25% of 113/113 voiced frames (Sharp (+42ct)×23, Sharp (+41ct)×16, Sharp (+43ct)×14) | Choir World held ✓✓ median 41/40 ct, report pitch 76/76 in tune 167/192, 166/192
   after #1  Tuner in tune 0% stability ≥75 100% (mean 100) of 108/108 | Stay in Key in key 100% of 110/110 (result 100%)
   after #1  Pitch Match int 76/75 pro 75/76 | Drills —/—/—/—/— | RTF in tune null% steady null% of 0/112 voiced frames (Listening…×112) | Choir World held ✓✓ median 27/27 ct, report pitch 84/84 in tune 192/192, 186/186
   before #2 Tuner in tune null% stability ≥75 null% (mean null) of 0/112 | Stay in Key in key null% of 0/111 (result 0%)
   before #2 Pitch Match int NaN/NaN pro NaN/NaN | Drills —/—/—/—/— | RTF in tune null% steady null% of 0/112 voiced frames (Listening…×112) | Choir World held ✗✗ median / ct, report pitch / in tune 0/0, 0/0
   after #2  Tuner in tune null% stability ≥75 null% (mean null) of 0/113 | Stay in Key in key null% of 0/113 (result 0%)
   after #2  Pitch Match int NaN/NaN pro NaN/NaN | Drills —/—/—/—/— | RTF in tune null% steady null% of 0/111 voiced frames (Listening…×111) | Choir World held ✗✗ median / ct, report pitch / in tune 0/0, 0/0
   before #3 Tuner in tune null% stability ≥75 null% (mean null) of 0/112 | Stay in Key in key null% of 0/114 (result 0%)
   before #3 Pitch Match int NaN/NaN pro NaN/NaN | Drills —/—/—/—/— | RTF in tune null% steady null% of 0/114 voiced frames (Listening…×114) | Choir World held ✗✗ median / ct, report pitch / in tune 0/0, 0/0
ERROR page.goto: Timeout 30000ms exceeded.
Call log:
[2m  - navigating to "http://localhost:8765/", waiting until "load"[22m

    at withPage (/Users/alegramusenge/Documents/voxcoach-app/scripts/vq-verify/vibfix.js:95:29)
    at async /Users/alegramusenge/Documents/voxcoach-app/scripts/vq-verify/vibfix.js:300:17
