== local deploy/ + production backend
   mic: 261.63 Hz (MIDI 60)
   signed up voxcoach-vlh-1791299753717@example.com
  ✓ sidecar allowed in this browser (desktop Chromium)                 

-- Register Runner (seeded course, runs until the lives are gone)
  ✓ reached through its hub, start button visible                      
  ✓ gauge visible in the panel, today's total so far                   "Vocal load today" "0% of daily budget"
  ✓ load feed stubbed out: no session stored                           opened [{"audio":{"echoCancellation":true,"noiseSuppression":false,"autoGainControl":false}}], rows 0
  ✓ feature result identical with the load feed live                   off {"score":135,"lives":0,"lane":"chest","title":"New best!"} | on {"score":135,"lives":0,"lane":"chest","title":"New best!"}
  ✓ no second register stream opened for the load                      on [{"audio":{"echoCancellation":true,"noiseSuppression":false,"autoGainControl":false}}] | off [{"audio":{"echoCancellation":true,"noiseSuppression":false,"autoGainControl":false}}]
  ✓ stored: exactly 1 new session, ended                               [{"active_seconds":8.567,"ended":true,"load":16.5008575907567,"median_rms":0.266080062154351,"p5_midi":60.0024828631292,"p95_midi":60.002917734928}]
  ✓ active seconds ≈ time the feature listened (8.73 s, −1.8/+0.3)     8.567 s
  ✓ stored load = active × 1.925926 (hand), within 0.5%                stored 16.5009 vs hand 16.4994
  ✓ pitch stored ≈ 60                                                  p5 60.002, p95 60.003
  ✓ gauge moved while the feature ran                                  mid-run 0.0826% vs before 0.0000%
  ✓ gauge = today's stored total / 6800                                "0.2% of daily budget" pct 0.242660 vs 0.242660

-- Register Wraith boss, beginner (runs to the end)
  ✓ reached through its hub, start button visible                      
  ✓ gauge visible in the panel, today's total so far                   "Vocal load today" "0.2% of daily budget"
  ✓ load feed stubbed out: no session stored                           opened [{"audio":{"echoCancellation":true,"noiseSuppression":false,"autoGainControl":false}}], rows 1
  ✓ feature result identical with the load feed live                   off {"boss":0,"player":82,"notes":"75 0 75 75 75 75 0"} | on {"boss":0,"player":82,"notes":"75 0 75 75 75 75 0"}
  ✓ no second register stream opened for the load                      on [{"audio":{"echoCancellation":true,"noiseSuppression":false,"autoGainControl":false}}] | off [{"audio":{"echoCancellation":true,"noiseSuppression":false,"autoGainControl":false}}]
  ✓ stored: exactly 1 new session, ended                               [{"active_seconds":19.935,"ended":true,"load":38.3969679511301,"median_rms":0.266047846052802,"p5_midi":60.0025950703103,"p95_midi":60.0029297879709}]
  ✓ active seconds ≈ time the feature listened (20.05 s, −1.8/+0.3)    19.935 s
  ✓ stored load = active × 1.925926 (hand), within 0.5%                stored 38.3970 vs hand 38.3933
  ✓ pitch stored ≈ 60                                                  p5 60.003, p95 60.003
  ✓ gauge moved while the feature ran                                  mid-run 0.3253% vs before 0.2427%
  ✓ gauge = today's stored total / 6800                                "0.8% of daily budget" pct 0.807321 vs 0.807321

-- Resonance Visualizer (stopped at 7 s)
  ✓ reached through its hub, start button visible                      
  ✓ gauge visible in the panel, today's total so far                   "Vocal load today" "0.8% of daily budget"
  ✓ load feed stubbed out: no session stored                           opened [{"audio":{"echoCancellation":true,"noiseSuppression":false,"autoGainControl":false}}], rows 2
  ✓ feature result identical with the load feed live                   off {"register":"Chest","steady":"100%","osc":"Calm"} | on {"register":"Chest","steady":"100%","osc":"Calm"}
  ✓ no second register stream opened for the load                      on [{"audio":{"echoCancellation":true,"noiseSuppression":false,"autoGainControl":false}}] | off [{"audio":{"echoCancellation":true,"noiseSuppression":false,"autoGainControl":false}}]
  ✓ stored: exactly 1 new session, ended                               [{"active_seconds":6.95,"ended":true,"load":13.3861940290087,"median_rms":0.265998416066822,"p5_midi":60.0026703414671,"p95_midi":60.0029187079002}]
  ✓ active seconds ≈ time the feature listened (7.04 s, −1.8/+0.3)     6.950 s
  ✓ stored load = active × 1.925926 (hand), within 0.5%                stored 13.3862 vs hand 13.3852
  ✓ pitch stored ≈ 60                                                  p5 60.003, p95 60.003
  ✓ gauge moved while the feature ran                                  mid-run 0.8899% vs before 0.8073%
  ✓ gauge = today's stored total / 6800                                "1% of daily budget" pct 1.004177 vs 1.004177

-- Register Drills (5 seeded notes)
  ✓ reached through its hub, start button visible                      
  ✓ gauge visible in the panel, today's total so far                   "Vocal load today" "1% of daily budget"
  ✓ load feed stubbed out: no session stored                           opened [{"audio":{"echoCancellation":true,"noiseSuppression":false,"autoGainControl":false}}], rows 3
  ✓ feature result identical with the load feed live                   off {"rows":"Note 1 (A2) No signal Note 2 (A#2) 0% · ✅ matched Note 3 (F#3) No signal Note 4 (D#3) 0% · ✅ matched Note 5 (D3) 0% · ✅ matched","note":"3 of 3 notes genuinely matched Chest Voice-dominant resonance — average pitch accuracy 0%."} | on {"rows":"Note 1 (A2) No signal Note 2 (A#2) 0% · ✅ matched Note 3 (F#3) No signal Note 4 (D#3) 0% · ✅ matched Note 5 (D3) 0% · ✅ matched","note":"3 of 3 notes genuinely matched Chest Voice-dominant resonance — average pitch accuracy 0%."}
  ✓ no second register stream opened for the load                      on [{"audio":{"echoCancellation":true,"noiseSuppression":false,"autoGainControl":false}}] | off [{"audio":{"echoCancellation":true,"noiseSuppression":false,"autoGainControl":false}}]
  ✓ stored: exactly 1 new session, ended                               [{"active_seconds":9.388,"ended":true,"load":18.0814359620686,"median_rms":0.265918388434901,"p5_midi":60.0026024516222,"p95_midi":60.0030601507557}]
  ✓ active seconds ≈ 5 capture windows × 1.8 s, not the whole run (8.20–9.70 s) 9.388 s
  ✓ stored load = active × 1.925926 (hand), within 0.5%                stored 18.0814 vs hand 18.0806
  ✓ pitch stored ≈ 60                                                  p5 60.003, p95 60.003
  ✓ gauge moved while the feature ran                                  mid-run 1.0550% vs before 1.0042%
  ✓ gauge = today's stored total / 6800                                "1.3% of daily budget" pct 1.270080 vs 1.270080

-- Vibrato Analyzer (its own unprocessed capture, 4 s)
  ✓ reached through its hub, start button visible                      
  ✓ gauge visible in the panel, today's total so far                   "Vocal load today" "1.3% of daily budget"
  ✓ load feed stubbed out: no session stored                           opened [{"audio":{"echoCancellation":false,"noiseSuppression":false,"autoGainControl":false}}], rows 4
  ✓ feature result identical with the load feed live                   off {"rate":"—","depth":"—","consistency":"—","fb":"No clear oscillation detected — that's expected for a straight tone, or the hold may need to be steadier/longer."} | on {"rate":"—","depth":"—","consistency":"—","fb":"No clear oscillation detected — that's expected for a straight tone, or the hold may need to be steadier/longer."}
  ✓ no extra stream opened for the load, no register input             on [{"audio":{"echoCancellation":false,"noiseSuppression":false,"autoGainControl":false}}] | off [{"audio":{"echoCancellation":false,"noiseSuppression":false,"autoGainControl":false}}]
  ✓ stored: exactly 1 new session, ended                               [{"active_seconds":3.982,"ended":true,"load":7.66969045913445,"median_rms":0.270615351448754,"p5_midi":60.0026408330391,"p95_midi":60.0026735213598}]
  ✓ active seconds ≈ time the feature listened (4.12 s, −1.8/+0.3)     3.982 s
  ✓ stored load = active × 1.925926 (hand), within 0.5%                stored 7.6697 vs hand 7.6690
  ✓ pitch stored ≈ 60                                                  p5 60.003, p95 60.003
  ✓ gauge moved while the feature ran                                  mid-run 1.3536% vs before 1.2701%
  ✓ gauge = today's stored total / 6800                                "1.4% of daily budget" pct 1.382870 vs 1.382870

-- Voice Quality (its own unprocessed capture, 4 s)
  ✓ reached through its hub, start button visible                      
  ✓ gauge visible in the panel, today's total so far                   "Vocal load today" "1.4% of daily budget"
  ✓ load feed stubbed out: no session stored                           opened [{"audio":{"echoCancellation":false,"noiseSuppression":false,"autoGainControl":false}}], rows 5
  ✓ feature result identical with the load feed live                   off {"vqVibVal":"—","vqVibRead":"No regular vibrato: a straight tone. That's a choice, not a fault.","vqHnrVal":"74.4 dB","vqHnrRead":"Clear tone: the harmonics stand well above the noise between them.","vqBrightVal":"408 Hz · 1.56× pitch","vqBrightRead":"Brighter, more forward tone: strong upper harmonics.","vqNote":"Measured on C4 (262 Hz), 4.0 s of steady voice."} | on {"vqVibVal":"—","vqVibRead":"No regular vibrato: a straight tone. That's a choice, not a fault.","vqHnrVal":"74.5 dB","vqHnrRead":"Clear tone: the harmonics stand well above the noise between them.","vqBrightVal":"408 Hz · 1.56× pitch","vqBrightRead":"Brighter, more forward tone: strong upper harmonics.","vqNote":"Measured on C4 (262 Hz), 4.0 s of steady voice."}
  ✓ no extra stream opened for the load, no register input             on [{"audio":{"echoCancellation":false,"noiseSuppression":false,"autoGainControl":false}}] | off [{"audio":{"echoCancellation":false,"noiseSuppression":false,"autoGainControl":false}}]
  ✓ stored: exactly 1 new session, ended                               [{"active_seconds":3.989,"ended":true,"load":7.68298353329983,"median_rms":0.270558454365348,"p5_midi":60.0026185351592,"p95_midi":60.0027270066423}]
  ✓ active seconds ≈ time the feature listened (4.13 s, −1.8/+0.3)     3.989 s
  ✓ stored load = active × 1.925926 (hand), within 0.5%                stored 7.6830 vs hand 7.6825
  ✓ pitch stored ≈ 60                                                  p5 60.003, p95 60.003
  ✓ gauge moved while the feature ran                                  mid-run 1.4666% vs before 1.3829%
  ✓ gauge = today's stored total / 6800                                "1.5% of daily budget" pct 1.495855 vs 1.495855

-- Studio Mode (a 15 s take)
  ✓ reached through its hub, start button visible                      
  ✓ gauge visible in the panel, today's total so far                   "Vocal load today" "1.5% of daily budget"
  ✓ load feed stubbed out: no session stored, no register input opened opened [], rows 6
  ✓ feature result identical with the load feed live                   off {"note":"Take N saved — real audio, stored locally.","kb":82} | on {"note":"Take N saved — real audio, stored locally.","kb":82}
  ✓ both live at once: the feature's own mic + the register input      opened this run [{"audio":{"echoCancellation":true,"noiseSuppression":false,"autoGainControl":false}}]
  ✓ feature's own track still live, unmuted, NS/AGC/EC unchanged       on: ns true agc true ec true muted false | off: ns true agc true ec true
  ✓ feature's own analyser hears the same tone                         on 262.3 Hz rms 0.0299 | off 261.7 Hz rms 0.0295
  ✓ stored: exactly 1 new session, ended                               [{"active_seconds":14.956,"ended":true,"load":28.8056046146179,"median_rms":0.270575100644391,"p5_midi":60.0024335093553,"p95_midi":60.0028527263175}]
  ✓ active seconds ≈ time the feature listened (15.10 s, −1.8/+0.3)    14.956 s
  ✓ stored load = active × 1.925926 (hand), within 0.5%                stored 28.8056 vs hand 28.8041
  ✓ pitch stored ≈ 60                                                  p5 60.002, p95 60.003
  ✓ gauge moved while the feature ran                                  mid-run 1.5796% vs before 1.4959%
  ✓ gauge = today's stored total / 6800                                "1.9% of daily budget" pct 1.919467 vs 1.919467

-- Hear Yourself Improve: the day-1 clip (Journey, 4 s)
  ✓ reached through its hub, start button visible                      
  ✓ gauge visible in the panel, today's total so far                   "Vocal load today" "1.9% of daily budget"
  ✓ load feed stubbed out: no session stored, no register input opened opened [], rows 7
  ✓ feature result identical with the load feed live                   off {"check":"✓","btn":"✓ Recorded","kb":22} | on {"check":"✓","btn":"✓ Recorded","kb":22}
  ✓ both live at once: the feature's own mic + the register input      opened this run [{"audio":{"echoCancellation":true,"noiseSuppression":false,"autoGainControl":false}}]
  ✓ feature's own track still live, unmuted, NS/AGC/EC unchanged       on: ns true agc true ec true muted false | off: ns true agc true ec true
  ✓ feature's own analyser hears the same tone                         on 262.2 Hz rms 0.0297 | off 261.8 Hz rms 0.0295
  ✓ stored: exactly 1 new session, ended                               [{"active_seconds":3.949,"ended":true,"load":7.60534577346003,"median_rms":0.27047888596973,"p5_midi":60.0025664253071,"p95_midi":60.0026337424412}]
  ✓ active seconds ≈ time the feature listened (4.05 s, −1.8/+0.3)     3.949 s
  ✓ stored load = active × 1.925926 (hand), within 0.5%                stored 7.6053 vs hand 7.6055
  ✓ pitch stored ≈ 60                                                  p5 60.003, p95 60.003
  ✓ gauge moved while the feature ran                                  mid-run 2.0030% vs before 1.9195%
  ✓ gauge = today's stored total / 6800                                "2% of daily budget" pct 2.031310 vs 2.031310

-- Hear Yourself Improve: today's clip (4 s)
  ✓ reached through its hub, start button visible                      
  ✓ gauge visible in the panel, today's total so far                   "Vocal load today" "2% of daily budget"
  ✓ load feed stubbed out: no session stored, no register input opened opened [], rows 8
  ✓ feature result identical with the load feed live                   off {"player":"block","kb":22} | on {"player":"block","kb":22}
  ✓ both live at once: the feature's own mic + the register input      opened this run [{"audio":{"echoCancellation":true,"noiseSuppression":false,"autoGainControl":false}}]
  ✓ feature's own track still live, unmuted, NS/AGC/EC unchanged       on: ns true agc true ec true muted false | off: ns true agc true ec true
  ✓ feature's own analyser hears the same tone                         on 261.7 Hz rms 0.0295 | off 261.7 Hz rms 0.0295
  ✓ stored: exactly 1 new session, ended                               [{"active_seconds":3.973,"ended":true,"load":7.65238137073478,"median_rms":0.270415720296996,"p5_midi":60.002426525335,"p95_midi":60.0032888554178}]
  ✓ active seconds ≈ time the feature listened (4.06 s, −1.8/+0.3)     3.973 s
  ✓ stored load = active × 1.925926 (hand), within 0.5%                stored 7.6524 vs hand 7.6517
  ✓ pitch stored ≈ 60                                                  p5 60.002, p95 60.003
  ✓ gauge moved while the feature ran                                  mid-run 2.1150% vs before 2.0313%
  ✓ gauge = today's stored total / 6800                                "2.1% of daily budget" pct 2.143845 vs 2.143845

-- Harmony Arena (song, runs to the end)
  ✓ reached through its hub, start button visible                      
  ✓ gauge visible in the panel, today's total so far                   "Vocal load today" "2.1% of daily budget"
  ✓ load feed stubbed out: no session stored, no register input opened opened [], rows 9
  ✓ feature result identical with the load feed live                   off {"acc":"79%","pitch":"70%","timing":"100%","part":"75%"} | on {"acc":"79%","pitch":"70%","timing":"100%","part":"75%"}
  ✓ both live at once: the feature's own mic + the register input      opened this run [{"audio":{"echoCancellation":true,"noiseSuppression":false,"autoGainControl":false}}]
  ✓ feature's own track still live, unmuted, NS/AGC/EC unchanged       on: ns true agc true ec true muted false | off: ns true agc true ec true
  ✓ feature's own analyser hears the same tone                         on 261.7 Hz rms 0.0294 | off 261.8 Hz rms 0.0295
  ✓ stored: exactly 1 new session, ended                               [{"active_seconds":26.613,"ended":true,"load":51.2592168430057,"median_rms":0.27058929138198,"p5_midi":60.0024102222935,"p95_midi":60.0027553848469}]
  ✓ active seconds ≈ time the feature listened (26.76 s, −1.8/+0.3)    26.613 s
  ✓ stored load = active × 1.925926 (hand), within 0.5%                stored 51.2592 vs hand 51.2547
  ✓ pitch stored ≈ 60                                                  p5 60.002, p95 60.003
  ✓ gauge moved while the feature ran                                  mid-run 2.2278% vs before 2.1438%
  ✓ gauge = today's stored total / 6800                                "2.9% of daily budget" pct 2.897657 vs 2.897657

-- AI Duet Partner (the other parts play; stopped at 8 s)
  ✓ reached through its hub, start button visible                      
  ✓ gauge visible in the panel, today's total so far                   "Vocal load today" "2.9% of daily budget"
  ✓ load feed stubbed out: no session stored, no register input opened opened [], rows 10
  ✓ feature result identical with the load feed live                   off {"muted":"Soprano","playing":true,"part":"Soprano"} | on {"muted":"Soprano","playing":true,"part":"Soprano"}
  ✓ both live at once: the feature's own mic + the register input      opened this run [{"audio":{"echoCancellation":true,"noiseSuppression":false,"autoGainControl":false}}]
  ✓ feature's own track still live, unmuted, NS/AGC/EC unchanged       on: ns true agc true ec true muted false | off: ns true agc true ec true
  ✓ feature's own analyser hears the same tone                         on 261.9 Hz rms 0.0295 | off 261.7 Hz rms 0.0294
  ✓ stored: exactly 1 new session, ended                               [{"active_seconds":7.989,"ended":true,"load":15.387927683074,"median_rms":0.270592730758299,"p5_midi":60.0024857822728,"p95_midi":60.0028725913917}]
  ✓ active seconds ≈ time the feature listened (8.03 s, −1.8/+0.3)     7.989 s
  ✓ stored load = active × 1.925926 (hand), within 0.5%                stored 15.3879 vs hand 15.3862
  ✓ pitch stored ≈ 60                                                  p5 60.002, p95 60.003
  ✓ gauge moved while the feature ran                                  mid-run 2.9814% vs before 2.8977%
  ✓ gauge = today's stored total / 6800                                "3.1% of daily budget" pct 3.123950 vs 3.123950

-- Your Choir: record the Lead part (runs to the end of the song)
  ✓ reached through its hub, start button visible                      
  ✓ gauge visible in the panel, today's total so far                   "Vocal load today" "3.1% of daily budget"
  ✓ load feed stubbed out: no session stored, no register input opened opened [], rows 11
  ✓ feature result identical with the load feed live                   off {"status":"Lead saved.","dur":27.19,"lead":3.4} | on {"status":"Lead saved.","dur":27.19,"lead":3.4}
  ✓ both live at once: the feature's own mic + the register input      opened this run [{"audio":{"echoCancellation":true,"noiseSuppression":false,"autoGainControl":false}}]
  ✓ feature's own track still live, unmuted, NS/AGC/EC unchanged       on: ns true agc true ec true muted false | off: ns true agc true ec true
  ✓ feature's own analyser hears the same tone                         on 261.7 Hz rms 0.0295 | off 262.3 Hz rms 0.03
  ✓ stored: exactly 1 new session, ended                               [{"active_seconds":30.598,"ended":true,"load":58.9348627965208,"median_rms":0.270583518695426,"p5_midi":60.0025178332644,"p95_midi":60.0028315144465}]
  ✓ active seconds ≈ time the feature listened (30.70 s, −1.8/+0.3)    30.598 s
  ✓ stored load = active × 1.925926 (hand), within 0.5%                stored 58.9349 vs hand 58.9295
  ✓ pitch stored ≈ 60                                                  p5 60.003, p95 60.003
  ✓ gauge moved while the feature ran                                  mid-run 3.2075% vs before 3.1240%
  ✓ gauge = today's stored total / 6800                                "4% of daily budget" pct 3.990639 vs 3.990639
  ✓ page errors                                                        none

-- reload: every gauge resumes today's total from the server
  ✓ bridge: same total after reload, not 0                             "4% of daily budget"
  ✓ wraith: same total after reload, not 0                             "4% of daily budget"
  ✓ resonance: same total after reload, not 0                          "4% of daily budget"
  ✓ drills: same total after reload, not 0                             "4% of daily budget"
  ✓ vibrato: same total after reload, not 0                            "4% of daily budget"
  ✓ vq: same total after reload, not 0                                 "4% of daily budget"
  ✓ studio: same total after reload, not 0                             "4% of daily budget"
  ✓ journey: same total after reload, not 0                            "4% of daily budget"
  ✓ today: same total after reload, not 0                              "4% of daily budget"
  ✓ harmony: same total after reload, not 0                            "4% of daily budget"
  ✓ duet: same total after reload, not 0                               "4% of daily budget"
  ✓ yourchoir: same total after reload, not 0                          "4% of daily budget"
  ✓ coach: same total after reload, not 0                              "4% of daily budget"
  ✓ daily table = sum of every session                                 [{"day":"2026-10-06","total_load":271.363468606811}] vs 271.3635

-- all four languages (switched with the Profile language buttons)
  ✓ fr: all 13 gauges' label and value in fr                           "Charge vocale du jour" "4 % du budget quotidien"
  ✓ es: all 13 gauges' label and value in es                           "Carga vocal de hoy" "4 % del presupuesto diario"
  ✓ tr: all 13 gauges' label and value in tr                           "Bugünkü ses yükü" "Günlük bütçe: %4"
  ✓ en: all 13 gauges' label and value in en                           "Vocal load today" "4% of daily budget"
  ✓ page errors                                                        none

-- Safari user agent: sidecar features open no second stream, store nothing, hide their gauge
  ✓ sidecar blocked for this user agent                                
  ✓ studio ran on its own stream only, no session stored               opened [], rows 12→12
  ✓ sidecar features' gauges hidden, register-input features' still shown ok

-- signed out
  ✓ every gauge hidden when signed out                                 all hidden

[cleanup] deleted 1 test account(s) this run created; 0 left of voxcoach-vlh-1791299753717@example.com

169 passed, 0 failed
