== local deploy/ + production backend
   mic: 261.63 Hz (MIDI 60)
   signed up voxcoach-vlh-1790989476418@example.com
  ✓ sidecar allowed in this browser (desktop Chromium)                 

-- Register Runner (seeded course, runs until the lives are gone)
  ✓ reached through its hub, start button visible                      
  ✓ gauge visible in the panel, today's total so far                   "Vocal load today" "0% of daily budget"
  ✓ load feed stubbed out: no session stored                           opened [{"audio":{"echoCancellation":true,"noiseSuppression":false,"autoGainControl":false}}], rows 0
  ✓ feature result identical with the load feed live                   off {"score":135,"lives":0,"lane":"chest","title":"New best!"} | on {"score":135,"lives":0,"lane":"chest","title":"New best!"}
  ✓ no second register stream opened for the load                      on [{"audio":{"echoCancellation":true,"noiseSuppression":false,"autoGainControl":false}}] | off [{"audio":{"echoCancellation":true,"noiseSuppression":false,"autoGainControl":false}}]
  ✓ stored: exactly 1 new session, ended                               [{"active_seconds":8.522,"ended":true,"load":16.4146097108257,"median_rms":0.266010894719143,"p5_midi":60.0026209169687,"p95_midi":60.0031168259957}]
  ✓ active seconds ≈ time the feature listened (8.73 s, −1.8/+0.3)     8.522 s
  ✓ stored load = active × 1.925926 (hand), within 0.5%                stored 16.4146 vs hand 16.4127
  ✓ pitch stored ≈ 60                                                  p5 60.003, p95 60.003
  ✓ gauge moved while the feature ran                                  mid-run 0.0814% vs before 0.0000%
  ✓ gauge = today's stored total / 6800                                "0.2% of daily budget" pct 0.241391 vs 0.241391

-- Register Wraith boss, beginner (runs to the end)
  ✓ reached through its hub, start button visible                      
  ✓ gauge visible in the panel, today's total so far                   "Vocal load today" "0.2% of daily budget"
  ✓ load feed stubbed out: no session stored                           opened [{"audio":{"echoCancellation":true,"noiseSuppression":false,"autoGainControl":false}}], rows 1
  ✓ feature result identical with the load feed live                   off {"boss":0,"player":82,"notes":"75 0 75 75 75 75 0"} | on {"boss":0,"player":82,"notes":"75 0 75 75 75 75 0"}
  ✓ no second register stream opened for the load                      on [{"audio":{"echoCancellation":true,"noiseSuppression":false,"autoGainControl":false}}] | off [{"audio":{"echoCancellation":true,"noiseSuppression":false,"autoGainControl":false}}]
  ✓ stored: exactly 1 new session, ended                               [{"active_seconds":19.89,"ended":true,"load":38.3098632301447,"median_rms":0.265988627506041,"p5_midi":60.0025743744665,"p95_midi":60.0029644384197}]
  ✓ active seconds ≈ time the feature listened (20.03 s, −1.8/+0.3)    19.890 s
  ✓ stored load = active × 1.925926 (hand), within 0.5%                stored 38.3099 vs hand 38.3067
  ✓ pitch stored ≈ 60                                                  p5 60.003, p95 60.003
  ✓ gauge moved while the feature ran                                  mid-run 0.3232% vs before 0.2414%
  ✓ gauge = today's stored total / 6800                                "0.8% of daily budget" pct 0.804772 vs 0.804772

-- Resonance Visualizer (stopped at 7 s)
  ✓ reached through its hub, start button visible                      
  ✓ gauge visible in the panel, today's total so far                   "Vocal load today" "0.8% of daily budget"
  ✓ load feed stubbed out: no session stored                           opened [{"audio":{"echoCancellation":true,"noiseSuppression":false,"autoGainControl":false}}], rows 2
  ✓ feature result identical with the load feed live                   off {"register":"Chest","steady":"100%","osc":"Calm"} | on {"register":"Chest","steady":"100%","osc":"Calm"}
  ✓ no second register stream opened for the load                      on [{"audio":{"echoCancellation":true,"noiseSuppression":false,"autoGainControl":false}}] | off [{"audio":{"echoCancellation":true,"noiseSuppression":false,"autoGainControl":false}}]
  ✓ stored: exactly 1 new session, ended                               [{"active_seconds":6.832,"ended":true,"load":13.1594700545072,"median_rms":0.266058138293312,"p5_midi":60.0025724079713,"p95_midi":60.0029542711962}]
  ✓ active seconds ≈ time the feature listened (7.04 s, −1.8/+0.3)     6.832 s
  ✓ stored load = active × 1.925926 (hand), within 0.5%                stored 13.1595 vs hand 13.1579
  ✓ pitch stored ≈ 60                                                  p5 60.003, p95 60.003
  ✓ gauge moved while the feature ran                                  mid-run 0.8841% vs before 0.8048%
  ✓ gauge = today's stored total / 6800                                "1% of daily budget" pct 0.998293 vs 0.998293

-- Register Drills (5 seeded notes)
  ✓ reached through its hub, start button visible                      
  ✓ gauge visible in the panel, today's total so far                   "Vocal load today" "1% of daily budget"
  ✓ load feed stubbed out: no session stored                           opened [{"audio":{"echoCancellation":true,"noiseSuppression":false,"autoGainControl":false}}], rows 3
  ✓ feature result identical with the load feed live                   off {"rows":"Note 1 (A2) No signal Note 2 (A#2) 0% · ✅ matched Note 3 (F#3) No signal Note 4 (E3) No signal Note 5 (D#3) 0% · ✅ matched","note":"2 of 2 notes genuinely matched Chest Voice-dominant resonance — average pitch accuracy 0%."} | on {"rows":"Note 1 (A2) No signal Note 2 (A#2) 0% · ✅ matched Note 3 (F#3) No signal Note 4 (E3) No signal Note 5 (D#3) 0% · ✅ matched","note":"2 of 2 notes genuinely matched Chest Voice-dominant resonance — average pitch accuracy 0%."}
  ✓ no second register stream opened for the load                      on [{"audio":{"echoCancellation":true,"noiseSuppression":false,"autoGainControl":false}}] | off [{"audio":{"echoCancellation":true,"noiseSuppression":false,"autoGainControl":false}}]
  ✓ stored: exactly 1 new session, ended                               [{"active_seconds":9.396,"ended":true,"load":18.0970175108946,"median_rms":0.26597931836452,"p5_midi":60.0025259166869,"p95_midi":60.0029854033456}]
  ✓ active seconds ≈ 5 capture windows × 1.8 s, not the whole run (8.20–9.70 s) 9.396 s
  ✓ stored load = active × 1.925926 (hand), within 0.5%                stored 18.0970 vs hand 18.0960
  ✓ pitch stored ≈ 60                                                  p5 60.003, p95 60.003
  ✓ gauge moved while the feature ran                                  mid-run 1.0491% vs before 0.9983%
  ✓ gauge = today's stored total / 6800                                "1.3% of daily budget" pct 1.264426 vs 1.264426

-- Vibrato Analyzer (its own unprocessed capture, 4 s)
  ✓ reached through its hub, start button visible                      
  ✓ gauge visible in the panel, today's total so far                   "Vocal load today" "1.3% of daily budget"
  ✓ load feed stubbed out: no session stored                           opened [{"audio":{"echoCancellation":false,"noiseSuppression":false,"autoGainControl":false}}], rows 4
  ✓ feature result identical with the load feed live                   off {"rate":"—","depth":"—","consistency":"—","fb":"No clear oscillation detected — that's expected for a straight tone, or the hold may need to be steadier/longer."} | on {"rate":"—","depth":"—","consistency":"—","fb":"No clear oscillation detected — that's expected for a straight tone, or the hold may need to be steadier/longer."}
  ✓ no extra stream opened for the load, no register input             on [{"audio":{"echoCancellation":false,"noiseSuppression":false,"autoGainControl":false}}] | off [{"audio":{"echoCancellation":false,"noiseSuppression":false,"autoGainControl":false}}]
  ✓ stored: exactly 1 new session, ended                               [{"active_seconds":3.981,"ended":true,"load":7.66776907841775,"median_rms":0.270544830047607,"p5_midi":60.002606575772,"p95_midi":60.0027324504125}]
  ✓ active seconds ≈ time the feature listened (4.04 s, −1.8/+0.3)     3.981 s
  ✓ stored load = active × 1.925926 (hand), within 0.5%                stored 7.6678 vs hand 7.6671
  ✓ pitch stored ≈ 60                                                  p5 60.003, p95 60.003
  ✓ gauge moved while the feature ran                                  mid-run 1.3480% vs before 1.2644%
  ✓ gauge = today's stored total / 6800                                "1.4% of daily budget" pct 1.377187 vs 1.377187

-- Voice Quality (its own unprocessed capture, 4 s)
  ✓ reached through its hub, start button visible                      
  ✓ gauge visible in the panel, today's total so far                   "Vocal load today" "1.4% of daily budget"
  ✓ load feed stubbed out: no session stored                           opened [{"audio":{"echoCancellation":false,"noiseSuppression":false,"autoGainControl":false}}], rows 5
  ✓ feature result identical with the load feed live                   off {"vqVibVal":"—","vqVibRead":"No regular vibrato: a straight tone. That's a choice, not a fault.","vqHnrVal":"74.4 dB","vqHnrRead":"Clear tone: the harmonics stand well above the noise between them.","vqBrightVal":"408 Hz · 1.56× pitch","vqBrightRead":"Brighter, more forward tone: strong upper harmonics.","vqNote":"Measured on C4 (262 Hz), 4.0 s of steady voice."} | on {"vqVibVal":"—","vqVibRead":"No regular vibrato: a straight tone. That's a choice, not a fault.","vqHnrVal":"74.4 dB","vqHnrRead":"Clear tone: the harmonics stand well above the noise between them.","vqBrightVal":"408 Hz · 1.56× pitch","vqBrightRead":"Brighter, more forward tone: strong upper harmonics.","vqNote":"Measured on C4 (262 Hz), 4.0 s of steady voice."}
  ✓ no extra stream opened for the load, no register input             on [{"audio":{"echoCancellation":false,"noiseSuppression":false,"autoGainControl":false}}] | off [{"audio":{"echoCancellation":false,"noiseSuppression":false,"autoGainControl":false}}]
  ✓ stored: exactly 1 new session, ended                               [{"active_seconds":3.99,"ended":true,"load":7.68451794774948,"median_rms":0.270588187926654,"p5_midi":60.0025990589283,"p95_midi":60.0026698434766}]
  ✓ active seconds ≈ time the feature listened (4.04 s, −1.8/+0.3)     3.990 s
  ✓ stored load = active × 1.925926 (hand), within 0.5%                stored 7.6845 vs hand 7.6844
  ✓ pitch stored ≈ 60                                                  p5 60.003, p95 60.003
  ✓ gauge moved while the feature ran                                  mid-run 1.4609% vs before 1.3772%
  ✓ gauge = today's stored total / 6800                                "1.5% of daily budget" pct 1.490195 vs 1.490195

-- Studio Mode (a 15 s take)
  ✓ reached through its hub, start button visible                      
  ✓ gauge visible in the panel, today's total so far                   "Vocal load today" "1.5% of daily budget"
  ✓ load feed stubbed out: no session stored, no register input opened opened [], rows 6
  ✓ feature result identical with the load feed live                   off {"note":"Take N saved — real audio, stored locally.","kb":82} | on {"note":"Take N saved — real audio, stored locally.","kb":82}
  ✓ both live at once: the feature's own mic + the register input      opened this run [{"audio":{"echoCancellation":true,"noiseSuppression":false,"autoGainControl":false}}]
  ✓ feature's own track still live, unmuted, NS/AGC/EC unchanged       on: ns true agc true ec true muted false | off: ns true agc true ec true
  ✓ feature's own analyser hears the same tone                         on 261.7 Hz rms 0.0294 | off 261.7 Hz rms 0.0295
  ✓ stored: exactly 1 new session, ended                               [{"active_seconds":14.955,"ended":true,"load":28.8054695143582,"median_rms":0.270601867136552,"p5_midi":60.0025328324559,"p95_midi":60.0028401672457}]
  ✓ active seconds ≈ time the feature listened (15.04 s, −1.8/+0.3)    14.955 s
  ✓ stored load = active × 1.925926 (hand), within 0.5%                stored 28.8055 vs hand 28.8022
  ✓ pitch stored ≈ 60                                                  p5 60.003, p95 60.003
  ✓ gauge moved while the feature ran                                  mid-run 1.5739% vs before 1.4902%
  ✓ gauge = today's stored total / 6800                                "1.9% of daily budget" pct 1.913805 vs 1.913805

-- Hear Yourself Improve: the day-1 clip (Journey, 4 s)
  ✓ reached through its hub, start button visible                      
  ✓ gauge visible in the panel, today's total so far                   "Vocal load today" "1.9% of daily budget"
  ✓ load feed stubbed out: no session stored, no register input opened opened [], rows 7
  ✓ feature result identical with the load feed live                   off {"check":"✓","btn":"✓ Recorded","kb":22} | on {"check":"✓","btn":"✓ Recorded","kb":22}
  ✓ both live at once: the feature's own mic + the register input      opened this run [{"audio":{"echoCancellation":true,"noiseSuppression":false,"autoGainControl":false}}]
  ✓ feature's own track still live, unmuted, NS/AGC/EC unchanged       on: ns true agc true ec true muted false | off: ns true agc true ec true
  ✓ feature's own analyser hears the same tone                         on 261.7 Hz rms 0.0294 | off 261.7 Hz rms 0.0295
  ✓ stored: exactly 1 new session, ended                               [{"active_seconds":3.977,"ended":true,"load":7.66054282718202,"median_rms":0.270572109088409,"p5_midi":60.0025645698751,"p95_midi":60.0042116876182}]
  ✓ active seconds ≈ time the feature listened (4.06 s, −1.8/+0.3)     3.977 s
  ✓ stored load = active × 1.925926 (hand), within 0.5%                stored 7.6605 vs hand 7.6594
  ✓ pitch stored ≈ 60                                                  p5 60.003, p95 60.004
  ✓ gauge moved while the feature ran                                  mid-run 1.9981% vs before 1.9138%
  ✓ gauge = today's stored total / 6800                                "2% of daily budget" pct 2.026460 vs 2.026460

-- Hear Yourself Improve: today's clip (4 s)
  ✓ reached through its hub, start button visible                      
  ✓ gauge visible in the panel, today's total so far                   "Vocal load today" "2% of daily budget"
  ✓ load feed stubbed out: no session stored, no register input opened opened [], rows 8
  ✓ feature result identical with the load feed live                   off {"player":"block","kb":22} | on {"player":"block","kb":22}
  ✓ both live at once: the feature's own mic + the register input      opened this run [{"audio":{"echoCancellation":true,"noiseSuppression":false,"autoGainControl":false}}]
  ✓ feature's own track still live, unmuted, NS/AGC/EC unchanged       on: ns true agc true ec true muted false | off: ns true agc true ec true
  ✓ feature's own analyser hears the same tone                         on 261.9 Hz rms 0.0294 | off 261.6 Hz rms 0.0298
  ✓ stored: exactly 1 new session, ended                               [{"active_seconds":3.957,"ended":true,"load":7.62135187965535,"median_rms":0.270482448674058,"p5_midi":60.0025911200397,"p95_midi":60.0027251388815}]
  ✓ active seconds ≈ time the feature listened (4.05 s, −1.8/+0.3)     3.957 s
  ✓ stored load = active × 1.925926 (hand), within 0.5%                stored 7.6214 vs hand 7.6209
  ✓ pitch stored ≈ 60                                                  p5 60.003, p95 60.003
  ✓ gauge moved while the feature ran                                  mid-run 2.1102% vs before 2.0265%
  ✓ gauge = today's stored total / 6800                                "2.1% of daily budget" pct 2.138538 vs 2.138538

-- Harmony Arena (song, runs to the end)
  ✓ reached through its hub, start button visible                      
  ✓ gauge visible in the panel, today's total so far                   "Vocal load today" "2.1% of daily budget"
  ✓ load feed stubbed out: no session stored, no register input opened opened [], rows 9
  ✓ feature result identical with the load feed live                   off {"acc":"79%","pitch":"70%","timing":"100%","part":"75%"} | on {"acc":"79%","pitch":"70%","timing":"100%","part":"75%"}
  ✓ both live at once: the feature's own mic + the register input      opened this run [{"audio":{"echoCancellation":true,"noiseSuppression":false,"autoGainControl":false}}]
  ✓ feature's own track still live, unmuted, NS/AGC/EC unchanged       on: ns true agc true ec true muted false | off: ns true agc true ec true
  ✓ feature's own analyser hears the same tone                         on 261.7 Hz rms 0.0294 | off 262.1 Hz rms 0.0301
  ✓ stored: exactly 1 new session, ended                               [{"active_seconds":26.614,"ended":true,"load":51.2611577384337,"median_rms":0.270572732459507,"p5_midi":60.0025131298988,"p95_midi":60.0028176628083}]
  ✓ active seconds ≈ time the feature listened (26.71 s, −1.8/+0.3)    26.614 s
  ✓ stored load = active × 1.925926 (hand), within 0.5%                stored 51.2612 vs hand 51.2566
  ✓ pitch stored ≈ 60                                                  p5 60.003, p95 60.003
  ✓ gauge moved while the feature ran                                  mid-run 2.2225% vs before 2.1385%
  ✓ gauge = today's stored total / 6800                                "2.9% of daily budget" pct 2.892379 vs 2.892379

-- AI Duet Partner (the other parts play; stopped at 8 s)
  ✓ reached through its hub, start button visible                      
  ✓ gauge visible in the panel, today's total so far                   "Vocal load today" "2.9% of daily budget"
  ✓ load feed stubbed out: no session stored, no register input opened opened [], rows 10
  ✓ feature result identical with the load feed live                   off {"muted":"Soprano","playing":true,"part":"Soprano"} | on {"muted":"Soprano","playing":true,"part":"Soprano"}
  ✓ both live at once: the feature's own mic + the register input      opened this run [{"audio":{"echoCancellation":true,"noiseSuppression":false,"autoGainControl":false}}]
  ✓ feature's own track still live, unmuted, NS/AGC/EC unchanged       on: ns true agc true ec true muted false | off: ns true agc true ec true
  ✓ feature's own analyser hears the same tone                         on 261.7 Hz rms 0.0298 | off 261.7 Hz rms 0.0295
  ✓ stored: exactly 1 new session, ended                               [{"active_seconds":8.006,"ended":true,"load":15.4197143536,"median_rms":0.270531362782755,"p5_midi":60.0025286088747,"p95_midi":60.0028981228774}]
  ✓ active seconds ≈ time the feature listened (8.05 s, −1.8/+0.3)     8.006 s
  ✓ stored load = active × 1.925926 (hand), within 0.5%                stored 15.4197 vs hand 15.4190
  ✓ pitch stored ≈ 60                                                  p5 60.003, p95 60.003
  ✓ gauge moved while the feature ran                                  mid-run 2.9761% vs before 2.8924%
  ✓ gauge = today's stored total / 6800                                "3.1% of daily budget" pct 3.119139 vs 3.119139

-- Your Choir: record the Lead part (runs to the end of the song)
  ✓ reached through its hub, start button visible                      
  ✓ gauge visible in the panel, today's total so far                   "Vocal load today" "3.1% of daily budget"
  ✓ load feed stubbed out: no session stored, no register input opened opened [], rows 11
  ✓ feature result identical with the load feed live                   off {"status":"Lead saved.","dur":27.19,"lead":3.4} | on {"status":"Lead saved.","dur":27.19,"lead":3.4}
  ✓ both live at once: the feature's own mic + the register input      opened this run [{"audio":{"echoCancellation":true,"noiseSuppression":false,"autoGainControl":false}}]
  ✓ feature's own track still live, unmuted, NS/AGC/EC unchanged       on: ns true agc true ec true muted false | off: ns true agc true ec true
  ✓ feature's own analyser hears the same tone                         on 262.2 Hz rms 0.03 | off 261.7 Hz rms 0.0294
  ✓ stored: exactly 1 new session, ended                               [{"active_seconds":30.584,"ended":true,"load":58.9067793959885,"median_rms":0.270606268167398,"p5_midi":60.0024426241806,"p95_midi":60.0028973737215}]
  ✓ active seconds ≈ time the feature listened (30.69 s, −1.8/+0.3)    30.584 s
  ✓ stored load = active × 1.925926 (hand), within 0.5%                stored 58.9068 vs hand 58.9025
  ✓ pitch stored ≈ 60                                                  p5 60.002, p95 60.003
  ✓ gauge moved while the feature ran                                  mid-run 3.2027% vs before 3.1191%
  ✓ gauge = today's stored total / 6800                                "4% of daily budget" pct 3.985416 vs 3.985416
  ✓ page errors                                                        none

-- reload: every gauge resumes today's total from the server
  ✓ bridge: same total after reload, not 0                             "4% of daily budget"
  ✓ wraith: same total after reload, not 0                             "4% of daily budget"
  ✓ resonance: same total after reload, not 0                          "4% of daily budget"
  ✓ drills: same total after reload, not 0                             "4% of daily budget"
  ✓ vibrato: same total after reload, not 0                            "4% of daily budget"
  ✓ vq: same total after reload, not 0                                 "4% of daily budget"
  ✓ studio: same total after reload, not 0                             "4% of daily budget"
  ✓ journey: same total after reload, not 0                            "4% of daily budget"
  ✓ today: same total after reload, not 0                              "4% of daily budget"
  ✓ harmony: same total after reload, not 0                            "4% of daily budget"
  ✓ duet: same total after reload, not 0                               "4% of daily budget"
  ✓ yourchoir: same total after reload, not 0                          "4% of daily budget"
  ✓ coach: same total after reload, not 0                              "4% of daily budget"
  ✓ daily table = sum of every session                                 [{"day":"2026-10-03","total_load":271.008263241757}] vs 271.0083

-- all four languages (switched with the Profile language buttons)
  ✓ fr: all 13 gauges' label and value in fr                           "Charge vocale du jour" "4 % du budget quotidien"
  ✓ es: all 13 gauges' label and value in es                           "Carga vocal de hoy" "4 % del presupuesto diario"
  ✓ tr: all 13 gauges' label and value in tr                           "Bugünkü ses yükü" "Günlük bütçe: %4"
  ✓ en: all 13 gauges' label and value in en                           "Vocal load today" "4% of daily budget"
  ✓ page errors                                                        none

-- Safari user agent: sidecar features open no second stream, store nothing, hide their gauge

[cleanup] deleted 1 test account(s) this run created; 0 left of voxcoach-vlh-1790989476418@example.com
page.waitForFunction: Timeout 20000ms exceeded.
    at openPage (/Users/alegramusenge/Documents/voxcoach-app/scripts/vocal-load-verify/harness.js:68:28)
    at async run (/Users/alegramusenge/Documents/voxcoach-app/scripts/vocal-load-verify/harness.js:239:30) {
  log: [],
  name: 'TimeoutError'
}
