[reap] run 96961 died without cleaning up: deleted 0, 0 left of voxcoach-vlb-1791116917456@example.com
[sweep] deleted 0 leftover voxcoach-vlb-* account(s) from earlier runs
== local deploy/ + production backend
   mic: 261.63 Hz (MIDI 60)
   signed up voxcoach-vlb-1791121437930@example.com
  ✓ sidecar allowed in this browser (desktop Chromium)                 

-- Pitch Match (drill): target C4, a pass
  ✓ reached through its hub, start button visible                      
  ✓ gauge visible in the panel, today's total so far                   "Vocal load today" "0% of daily budget"
  ✓ sidecar stubbed out: no register input opened, no session stored   opened [], rows 0
  ✓ feature result identical with the sidecar live                     off {"acc":"99%","fb":"Right on it."} | on {"acc":"99%","fb":"Right on it."}
  ✓ both live at once: the feature's own mic + the register input      opened this run [{"audio":{"echoCancellation":true,"noiseSuppression":false,"autoGainControl":false}}]
  ✓ feature's own track still live, unmuted, NS/AGC/EC unchanged       on: ns true agc true ec true muted false | off: ns true agc true ec true
  ✓ feature's own analyser hears the same tone                         on 261.7 Hz rms 0.0294 | off 261.7 Hz rms 0.0294
  ✓ stored: exactly 1 new session, ended                               [{"active_seconds":1.553,"ended":true,"load":2.9920214998823,"median_rms":0.267713769066261,"p5_midi":60.002632170809,"p95_midi":60.0032098061486}]
  ✓ active seconds ≈ time the feature listened (1.65 s, −1.8/+0.3)     1.553 s
  ✓ stored load = active × 1.925926 (hand), within 0.5%                stored 2.9920 vs hand 2.9910
  ✓ pitch stored ≈ 60                                                  p5 60.003, p95 60.003
  ✓ gauge = today's stored total / 6800                                "0% of daily budget" pct 0.044000 vs 0.044000

-- Pitch Match (drill): target D4, a miss
  ✓ reached through its hub, start button visible                      
  ✓ gauge visible in the panel, today's total so far                   "Vocal load today" "0% of daily budget"
  ✓ sidecar stubbed out: no register input opened, no session stored   opened [], rows 1
  ✓ feature result identical with the sidecar live                     off {"acc":"11%","fb":"Off target — try matching the tone before you start singing."} | on {"acc":"11%","fb":"Off target — try matching the tone before you start singing."}
  ✓ both live at once: the feature's own mic + the register input      opened this run [{"audio":{"echoCancellation":true,"noiseSuppression":false,"autoGainControl":false}}]
  ✓ feature's own track still live, unmuted, NS/AGC/EC unchanged       on: ns true agc true ec true muted false | off: ns true agc true ec true
  ✓ feature's own analyser hears the same tone                         on 261.7 Hz rms 0.0294 | off 261.7 Hz rms 0.0298
  ✓ stored: exactly 1 new session, ended                               [{"active_seconds":1.537,"ended":true,"load":2.96117292959469,"median_rms":0.269494499908401,"p5_midi":60.002652928193,"p95_midi":60.0027332437956}]
  ✓ active seconds ≈ time the feature listened (1.63 s, −1.8/+0.3)     1.537 s
  ✓ stored load = active × 1.925926 (hand), within 0.5%                stored 2.9612 vs hand 2.9601
  ✓ pitch stored ≈ 60                                                  p5 60.003, p95 60.003
  ✓ gauge = today's stored total / 6800                                "0.1% of daily budget" pct 0.087547 vs 0.087547

-- Stay in Key (song drill, runs to the end)
  ✓ reached through its hub, start button visible                      
  ✓ gauge visible in the panel, today's total so far                   "Vocal load today" "0.1% of daily budget"
  ✓ sidecar stubbed out: no register input opened, no session stored   opened [], rows 2
  ✓ feature result identical with the sidecar live                     off {"shown":"75%","inKeyShare":0.75} | on {"shown":"75%","inKeyShare":0.75}
  ✓ both live at once: the feature's own mic + the register input      opened this run [{"audio":{"echoCancellation":true,"noiseSuppression":false,"autoGainControl":false}}]
  ✓ feature's own track still live, unmuted, NS/AGC/EC unchanged       on: ns true agc true ec true muted false | off: ns true agc true ec true
  ✓ feature's own analyser hears the same tone                         on 261.7 Hz rms 0.0299 | off 261.9 Hz rms 0.0306
  ✓ stored: exactly 1 new session, ended                               [{"active_seconds":26.614,"ended":true,"load":51.2605671534167,"median_rms":0.270583312170966,"p5_midi":60.0024996625444,"p95_midi":60.002826764716}]
  ✓ active seconds ≈ time the feature listened (26.75 s, −1.8/+0.3)    26.614 s
  ✓ stored load = active × 1.925926 (hand), within 0.5%                stored 51.2606 vs hand 51.2566
  ✓ pitch stored ≈ 60                                                  p5 60.002, p95 60.003
  ✓ gauge moved while the feature ran                                  mid-run 0.2282% vs before 0.0875%
  ✓ gauge = today's stored total / 6800                                "0.8% of daily budget" pct 0.841379 vs 0.841379

-- Karaoke (song game, runs to the end)
  ✓ reached through its hub, start button visible                      
  ✓ gauge visible in the panel, today's total so far                   "Vocal load today" "0.8% of daily budget"
  ✓ sidecar stubbed out: no register input opened, no session stored   opened [], rows 3
  ✓ feature result identical with the sidecar live                     off {"notes":"99/100/h 0/100/h 99/100/h 99/100/h 99/100/h 99/100/h 0/100/h 99/100/h","pitch":"74%","timing":"100%"} | on {"notes":"99/100/h 0/100/h 99/100/h 99/100/h 99/100/h 99/100/h 0/100/h 99/100/h","pitch":"74%","timing":"100%"}
  ✓ both live at once: the feature's own mic + the register input      opened this run [{"audio":{"echoCancellation":true,"noiseSuppression":false,"autoGainControl":false}}]
  ✓ feature's own track still live, unmuted, NS/AGC/EC unchanged       on: ns true agc true ec true muted false | off: ns true agc true ec true
  ✓ feature's own analyser hears the same tone                         on 262.2 Hz rms 0.0296 | off 262 Hz rms 0.0301
  ✓ stored: exactly 1 new session, ended                               [{"active_seconds":26.614,"ended":true,"load":51.2611488628586,"median_rms":0.270581949044965,"p5_midi":60.0024855230614,"p95_midi":60.0027808331072}]
  ✓ active seconds ≈ time the feature listened (26.73 s, −1.8/+0.3)    26.614 s
  ✓ stored load = active × 1.925926 (hand), within 0.5%                stored 51.2611 vs hand 51.2566
  ✓ pitch stored ≈ 60                                                  p5 60.002, p95 60.003
  ✓ gauge moved while the feature ran                                  mid-run 0.9820% vs before 0.8414%
  ✓ gauge = today's stored total / 6800                                "1.6% of daily budget" pct 1.595219 vs 1.595219

-- Harmony Memory stage 1, Lead (Choir World individual practice)
  ✓ reached through its hub, start button visible                      
  ✓ gauge visible in the panel, today's total so far                   "Vocal load today" "1.6% of daily budget"
  ✓ sidecar stubbed out: no register input opened, no session stored   opened [], rows 4
  ✓ feature result identical with the sidecar live                     off {"held":"10111101","score":75,"passed":true} | on {"held":"10111101","score":75,"passed":true}
  ✓ both live at once: the feature's own mic + the register input      opened this run [{"audio":{"echoCancellation":true,"noiseSuppression":false,"autoGainControl":false}}]
  ✓ feature's own track still live, unmuted, NS/AGC/EC unchanged       on: ns true agc true ec true muted false | off: ns true agc true ec true
  ✓ feature's own analyser hears the same tone                         on 261.9 Hz rms 0.0294 | off 261.7 Hz rms 0.0294
  ✓ stored: exactly 1 new session, ended                               [{"active_seconds":30.331,"ended":true,"load":58.4202611180199,"median_rms":0.270588264035842,"p5_midi":60.0024854960203,"p95_midi":60.0029294556474}]
  ✓ active seconds ≈ time the feature listened (30.48 s, −1.8/+0.3)    30.331 s
  ✓ stored load = active × 1.925926 (hand), within 0.5%                stored 58.4203 vs hand 58.4153
  ✓ pitch stored ≈ 60                                                  p5 60.002, p95 60.003
  ✓ gauge moved while the feature ran                                  mid-run 1.7360% vs before 1.5952%
  ✓ gauge = today's stored total / 6800                                "2.5% of daily budget" pct 2.454341 vs 2.454341
  ✓ page errors                                                        none

-- reload: every gauge resumes today's total from the server
  ✓ pitch: same total after reload, not 0                              "2.5% of daily budget"
  ✓ staykey: same total after reload, not 0                            "2.5% of daily budget"
  ✓ karaoke: same total after reload, not 0                            "2.5% of daily budget"
  ✓ hmem: same total after reload, not 0                               "2.5% of daily budget"
  ✓ glider: same total after reload, not 0                             "2.5% of daily budget"
  ✓ boss: same total after reload, not 0                               "2.5% of daily budget"
  ✓ coach: same total after reload, not 0                              "2.5% of daily budget"

-- Pitch Dragon boss, beginner (runs to the end)
  ✓ reached through its hub, start button visible                      
  ✓ gauge visible in the panel, today's total so far                   "Vocal load today" "2.5% of daily budget"
  ✓ sidecar stubbed out: no register input opened, no session stored   opened [], rows 5
  ✓ feature result identical with the sidecar live                     off {"boss":0,"player":82,"notes":"99 0 99 99 99 99 0"} | on {"boss":0,"player":82,"notes":"99 0 99 99 99 99 0"}
  ✓ both live at once: the feature's own mic + the register input      opened this run [{"audio":{"echoCancellation":true,"noiseSuppression":false,"autoGainControl":false}}]
  ✓ feature's own track still live, unmuted, NS/AGC/EC unchanged       on: ns true agc true ec true muted false | off: ns true agc true ec true
  ✓ feature's own analyser hears the same tone                         on 261.8 Hz rms 0.0298 | off 262.3 Hz rms 0.0299
  ✓ stored: exactly 1 new session, ended                               [{"active_seconds":19.971,"ended":true,"load":38.4657504261354,"median_rms":0.27058840907185,"p5_midi":60.0024249182993,"p95_midi":60.0029557929964}]
  ✓ active seconds ≈ time the feature listened (20.11 s, −1.8/+0.3)    19.971 s
  ✓ stored load = active × 1.925926 (hand), within 0.5%                stored 38.4658 vs hand 38.4627
  ✓ pitch stored ≈ 60                                                  p5 60.002, p95 60.003
  ✓ gauge moved while the feature ran                                  mid-run 2.5947% vs before 2.4543%
  ✓ gauge = today's stored total / 6800                                "3% of daily budget" pct 3.020014 vs 3.020014
  ✓ page errors                                                        none

   mic: 202.29 Hz (MIDI 55.546875)

-- Glider (arcade game, Melody Road, beginner; runs until the crash)
  ✓ reached through its hub, start button visible                      
  ✓ gauge visible in the panel, today's total so far                   "Vocal load today" "3% of daily budget"
  ✓ sidecar stubbed out: no register input opened, no session stored   opened [], rows 6
  ✓ feature result identical with the sidecar live                     off {"score":497,"coins":18,"title":"end","startY":230,"firstGapY":230,"tookOffOnFrame":1} | on {"score":497,"coins":18,"title":"end","startY":230,"firstGapY":230,"tookOffOnFrame":1}
  ✓ off: starts at the first gap's centre, takes off on frame 1 (no wait) start y 230, first gap 230, took off on frame 1
  ✓ on: starts at the first gap's centre, takes off on frame 1 (no wait) start y 230, first gap 230, took off on frame 1
  ✓ both live at once: the feature's own mic + the register input      opened this run [{"audio":{"echoCancellation":true,"noiseSuppression":false,"autoGainControl":false}}]
  ✓ feature's own track still live, unmuted, NS/AGC/EC unchanged       on: ns true agc true ec true muted false | off: ns true agc true ec true
  ✓ feature's own analyser hears the same tone                         on 202.5 Hz rms 0.0293 | off 202.3 Hz rms 0.0296
  ✓ stored: exactly 1 new session, ended                               [{"active_seconds":44.219,"ended":true,"load":73.0217282345068,"median_rms":0.270573286265725,"p5_midi":55.5506728660357,"p95_midi":55.5509985059725}]
  ✓ active seconds ≈ time the feature listened (44.28 s, −1.8/+0.3)    44.219 s
  ✓ stored load = active × 1.651042 (hand), within 0.5%                stored 73.0217 vs hand 73.0074
  ✓ pitch stored ≈ 55.546875                                           p5 55.551, p95 55.551
  ✓ gauge moved while the feature ran                                  mid-run 3.1407% vs before 3.0200%
  ✓ gauge = today's stored total / 6800                                "4.1% of daily budget" pct 4.093863 vs 4.093863
  ✓ daily table = sum of every session                                 [{"day":"2026-10-04","total_load":278.382650224414}] vs 278.3827

-- all four languages (switched with the Profile language buttons)
  ✓ fr: all 7 gauges' label and value in fr                            "Charge vocale du jour" "4,1 % du budget quotidien"
  ✓ es: all 7 gauges' label and value in es                            "Carga vocal de hoy" "4,1 % del presupuesto diario"
  ✓ tr: all 7 gauges' label and value in tr                            "Bugünkü ses yükü" "Günlük bütçe: %4,1"
  ✓ en: all 7 gauges' label and value in en                            "Vocal load today" "4.1% of daily budget"
  ✓ page errors                                                        none

-- Safari user agent: no second stream, nothing stored, these gauges hidden
  ✓ sidecar blocked for this user agent                                
  ✓ Glider ran on its own stream only, no session stored               opened [], rows 7→7, score 497
  ✓ Glider started at the first gap's centre and took off on frame 1   start y 230, first gap 230, frame 1
  ✓ the six features' gauges hidden, Register Coach's still shown      ok

-- signed out
  ✓ every gauge hidden when signed out                                 all hidden

[cleanup] deleted 1 test account(s) this run created; 0 left of voxcoach-vlb-1791121437930@example.com

112 passed, 0 failed
