== local deploy/ + production backend
   mic: 261.63 Hz (MIDI 60)
   signed up voxcoach-vlh-1791217334728@example.com
  ✓ sidecar allowed in this browser (desktop Chromium)                 

-- Register Runner (seeded course, runs until the lives are gone)
  ✓ reached through its hub, start button visible                      
  ✓ gauge visible in the panel, today's total so far                   "Vocal load today" "0% of daily budget"
  ✓ load feed stubbed out: no session stored                           opened [{"audio":{"echoCancellation":true,"noiseSuppression":false,"autoGainControl":false}}], rows 0
  ✓ feature result identical with the load feed live                   off {"score":135,"lives":0,"lane":"chest","title":"New best!"} | on {"score":135,"lives":0,"lane":"chest","title":"New best!"}
  ✓ no second register stream opened for the load                      on [{"audio":{"echoCancellation":true,"noiseSuppression":false,"autoGainControl":false}}] | off [{"audio":{"echoCancellation":true,"noiseSuppression":false,"autoGainControl":false}}]
  ✓ stored: exactly 1 new session, ended                               [{"active_seconds":8.556,"ended":true,"load":16.479760986341,"median_rms":0.256975055302537,"p5_midi":60.0027363984603,"p95_midi":60.0030613030411}]
  ✓ active seconds ≈ time the feature listened (8.66 s, −1.8/+0.3)     8.556 s
  ✓ stored load = active × 1.925926 (hand), within 0.5%                stored 16.4798 vs hand 16.4782
  ✓ pitch stored ≈ 60                                                  p5 60.003, p95 60.003
  ✓ gauge moved while the feature ran                                  mid-run 0.0824% vs before 0.0000%
  ✓ gauge = today's stored total / 6800                                "0.2% of daily budget" pct 0.242349 vs 0.242349

-- Register Wraith boss, beginner (runs to the end)
  ✓ reached through its hub, start button visible                      
  ✓ gauge visible in the panel, today's total so far                   "Vocal load today" "0.2% of daily budget"
  ✓ load feed stubbed out: no session stored                           opened [{"audio":{"echoCancellation":true,"noiseSuppression":false,"autoGainControl":false}}], rows 1
  ✓ feature result identical with the load feed live                   off {"boss":0,"player":82,"notes":"75 0 75 75 75 75 0"} | on {"boss":0,"player":82,"notes":"75 0 75 75 75 75 0"}
  ✓ no second register stream opened for the load                      on [{"audio":{"echoCancellation":true,"noiseSuppression":false,"autoGainControl":false}}] | off [{"audio":{"echoCancellation":true,"noiseSuppression":false,"autoGainControl":false}}]
  ✓ stored: exactly 1 new session, ended                               [{"active_seconds":19.856,"ended":true,"load":38.2459941573037,"median_rms":0.256988961916821,"p5_midi":60.0028096382173,"p95_midi":60.0100915955652}]
  ✓ active seconds ≈ time the feature listened (20.02 s, −1.8/+0.3)    19.856 s
  ✓ stored load = active × 1.925926 (hand), within 0.5%                stored 38.2460 vs hand 38.2412
  ✓ pitch stored ≈ 60                                                  p5 60.003, p95 60.010
  ✓ gauge moved while the feature ran                                  mid-run 0.3233% vs before 0.2423%
  ✓ gauge = today's stored total / 6800                                "0.8% of daily budget" pct 0.804791 vs 0.804791

-- Resonance Visualizer (stopped at 7 s)
  ✓ reached through its hub, start button visible                      
  ✓ gauge visible in the panel, today's total so far                   "Vocal load today" "0.8% of daily budget"
  ✓ load feed stubbed out: no session stored                           opened [{"audio":{"echoCancellation":true,"noiseSuppression":false,"autoGainControl":false}}], rows 2
  ✓ feature result identical with the load feed live                   off {"register":"Chest","steady":"100%","osc":"Calm"} | on {"register":"Chest","steady":"100%","osc":"Calm"}
  ✓ no second register stream opened for the load                      on [{"audio":{"echoCancellation":true,"noiseSuppression":false,"autoGainControl":false}}] | off [{"audio":{"echoCancellation":true,"noiseSuppression":false,"autoGainControl":false}}]
  ✓ stored: exactly 1 new session, ended                               [{"active_seconds":6.922,"ended":true,"load":13.3319747339617,"median_rms":0.256919251324306,"p5_midi":60.0027664936552,"p95_midi":60.0033680440787}]
  ✓ active seconds ≈ time the feature listened (7.04 s, −1.8/+0.3)     6.922 s
  ✓ stored load = active × 1.925926 (hand), within 0.5%                stored 13.3320 vs hand 13.3313
  ✓ pitch stored ≈ 60                                                  p5 60.003, p95 60.003
  ✓ gauge moved while the feature ran                                  mid-run 0.8866% vs before 0.8048%
  ✓ gauge = today's stored total / 6800                                "1% of daily budget" pct 1.000849 vs 1.000849

-- Register Drills (5 seeded notes)
  ✓ reached through its hub, start button visible                      
  ✓ gauge visible in the panel, today's total so far                   "Vocal load today" "1% of daily budget"
  ✓ load feed stubbed out: no session stored                           opened [{"audio":{"echoCancellation":true,"noiseSuppression":false,"autoGainControl":false}}], rows 3
  ✓ feature result identical with the load feed live                   off {"rows":"Note 1 (A2) No signal Note 2 (A#2) 0% · ✅ matched Note 3 (F#3) No signal Note 4 (D#3) 0% · ✅ matched Note 5 (D3) 0% · ✅ matched","note":"3 of 3 notes genuinely matched Chest Voice-dominant resonance — average pitch accuracy 0%."} | on {"rows":"Note 1 (A2) No signal Note 2 (A#2) 0% · ✅ matched Note 3 (F#3) No signal Note 4 (D#3) 0% · ✅ matched Note 5 (D3) 0% · ✅ matched","note":"3 of 3 notes genuinely matched Chest Voice-dominant resonance — average pitch accuracy 0%."}
  ✓ no second register stream opened for the load                      on [{"audio":{"echoCancellation":true,"noiseSuppression":false,"autoGainControl":false}}] | off [{"audio":{"echoCancellation":true,"noiseSuppression":false,"autoGainControl":false}}]
  ✓ stored: exactly 1 new session, ended                               [{"active_seconds":9.388,"ended":true,"load":18.0822778219232,"median_rms":0.256941152196284,"p5_midi":60.0027722150498,"p95_midi":60.0031274873157}]
  ✓ active seconds ≈ 5 capture windows × 1.8 s, not the whole run (8.20–9.70 s) 9.388 s
  ✓ stored load = active × 1.925926 (hand), within 0.5%                stored 18.0823 vs hand 18.0806
  ✓ pitch stored ≈ 60                                                  p5 60.003, p95 60.003
  ✓ gauge moved while the feature ran                                  mid-run 1.0516% vs before 1.0008%
  ✓ gauge = today's stored total / 6800                                "1.3% of daily budget" pct 1.266765 vs 1.266765

-- Vibrato Analyzer (its own unprocessed capture, 4 s)
  ✓ reached through its hub, start button visible                      
  ✓ gauge visible in the panel, today's total so far                   "Vocal load today" "1.3% of daily budget"
  ✓ load feed stubbed out: no session stored                           opened [{"audio":{"echoCancellation":false,"noiseSuppression":false,"autoGainControl":false}}], rows 4
  ✓ feature result identical with the load feed live                   off {"rate":"—","depth":"—","consistency":"—","fb":"No clear oscillation detected — that's expected for a straight tone, or the hold may need to be steadier/longer."} | on {"rate":"—","depth":"—","consistency":"—","fb":"No clear oscillation detected — that's expected for a straight tone, or the hold may need to be steadier/longer."}
  ✓ no extra stream opened for the load, no register input             on [{"audio":{"echoCancellation":false,"noiseSuppression":false,"autoGainControl":false}}] | off [{"audio":{"echoCancellation":false,"noiseSuppression":false,"autoGainControl":false}}]
  ✓ stored: exactly 1 new session, ended                               [{"active_seconds":3.989,"ended":true,"load":7.6838694276802,"median_rms":0.270517715230819,"p5_midi":60.0023064131587,"p95_midi":60.002394358135}]
  ✓ active seconds ≈ time the feature listened (4.04 s, −1.8/+0.3)     3.989 s
  ✓ stored load = active × 1.925926 (hand), within 0.5%                stored 7.6839 vs hand 7.6825
  ✓ pitch stored ≈ 60                                                  p5 60.002, p95 60.002
  ✓ gauge moved while the feature ran                                  mid-run 1.3505% vs before 1.2668%
  ✓ gauge = today's stored total / 6800                                "1.4% of daily budget" pct 1.379763 vs 1.379763

-- Voice Quality (its own unprocessed capture, 4 s)
  ✓ reached through its hub, start button visible                      
  ✓ gauge visible in the panel, today's total so far                   "Vocal load today" "1.4% of daily budget"
  ✓ load feed stubbed out: no session stored                           opened [{"audio":{"echoCancellation":false,"noiseSuppression":false,"autoGainControl":false}}], rows 5
  ✓ feature result identical with the load feed live                   off {"vqVibVal":"—","vqVibRead":"No regular vibrato: a straight tone. That's a choice, not a fault.","vqHnrVal":"76.1 dB","vqHnrRead":"Clear tone: the harmonics stand well above the noise between them.","vqBrightVal":"408 Hz · 1.56× pitch","vqBrightRead":"Brighter, more forward tone: strong upper harmonics.","vqNote":"Measured on C4 (262 Hz), 4.0 s of steady voice."} | on {"vqVibVal":"—","vqVibRead":"No regular vibrato: a straight tone. That's a choice, not a fault.","vqHnrVal":"76.1 dB","vqHnrRead":"Clear tone: the harmonics stand well above the noise between them.","vqBrightVal":"408 Hz · 1.56× pitch","vqBrightRead":"Brighter, more forward tone: strong upper harmonics.","vqNote":"Measured on C4 (262 Hz), 4.0 s of steady voice."}
  ✓ no extra stream opened for the load, no register input             on [{"audio":{"echoCancellation":false,"noiseSuppression":false,"autoGainControl":false}}] | off [{"audio":{"echoCancellation":false,"noiseSuppression":false,"autoGainControl":false}}]
  ✓ stored: exactly 1 new session, ended                               [{"active_seconds":4.006,"ended":true,"load":7.71583571933077,"median_rms":0.270591407247836,"p5_midi":60.0022309240257,"p95_midi":60.0024739096708}]
  ✓ active seconds ≈ time the feature listened (4.14 s, −1.8/+0.3)     4.006 s
  ✓ stored load = active × 1.925926 (hand), within 0.5%                stored 7.7158 vs hand 7.7153
  ✓ pitch stored ≈ 60                                                  p5 60.002, p95 60.002
  ✓ gauge moved while the feature ran                                  mid-run 1.4635% vs before 1.3798%
  ✓ gauge = today's stored total / 6800                                "1.5% of daily budget" pct 1.493231 vs 1.493231

-- Studio Mode (a 15 s take)
  ✓ reached through its hub, start button visible                      
  ✓ gauge visible in the panel, today's total so far                   "Vocal load today" "1.5% of daily budget"
  ✓ load feed stubbed out: no session stored, no register input opened opened [], rows 6
  ✓ feature result identical with the load feed live                   off {"note":"Take N saved — real audio, stored locally.","kb":82} | on {"note":"Take N saved — real audio, stored locally.","kb":82}
  ✓ both live at once: the feature's own mic + the register input      opened this run [{"audio":{"echoCancellation":true,"noiseSuppression":false,"autoGainControl":false}}]
  ✓ feature's own track still live, unmuted, NS/AGC/EC unchanged       on: ns true agc true ec true muted false | off: ns true agc true ec true
  ✓ feature's own analyser hears the same tone                         on 261.7 Hz rms 0.0284 | off 261.8 Hz rms 0.0285
  ✓ stored: exactly 1 new session, ended                               [{"active_seconds":14.949,"ended":true,"load":28.7928492062593,"median_rms":0.270525299753453,"p5_midi":60.0022121918654,"p95_midi":60.0025527248586}]
  ✓ active seconds ≈ time the feature listened (15.01 s, −1.8/+0.3)    14.949 s
  ✓ stored load = active × 1.925926 (hand), within 0.5%                stored 28.7928 vs hand 28.7907
  ✓ pitch stored ≈ 60                                                  p5 60.002, p95 60.003
  ✓ gauge moved while the feature ran                                  mid-run 1.5768% vs before 1.4932%
  ✓ gauge = today's stored total / 6800                                "1.9% of daily budget" pct 1.916655 vs 1.916655

-- Hear Yourself Improve: the day-1 clip (Journey, 4 s)
  ✓ reached through its hub, start button visible                      
  ✓ gauge visible in the panel, today's total so far                   "Vocal load today" "1.9% of daily budget"
  ✓ load feed stubbed out: no session stored, no register input opened opened [], rows 7
  ✓ feature result identical with the load feed live                   off {"check":"✓","btn":"✓ Recorded","kb":22} | on {"check":"✓","btn":"✓ Recorded","kb":22}
  ✓ both live at once: the feature's own mic + the register input      opened this run [{"audio":{"echoCancellation":true,"noiseSuppression":false,"autoGainControl":false}}]
  ✓ feature's own track still live, unmuted, NS/AGC/EC unchanged       on: ns true agc true ec true muted false | off: ns true agc true ec true
  ✓ feature's own analyser hears the same tone                         on 261.7 Hz rms 0.0286 | off 261.8 Hz rms 0.0285
  ✓ stored: exactly 1 new session, ended                               [{"active_seconds":3.973,"ended":true,"load":7.65173634376198,"median_rms":0.270410870266313,"p5_midi":60.002351606558,"p95_midi":60.0028543318174}]
  ✓ active seconds ≈ time the feature listened (4.05 s, −1.8/+0.3)     3.973 s
  ✓ stored load = active × 1.925926 (hand), within 0.5%                stored 7.6517 vs hand 7.6517
  ✓ pitch stored ≈ 60                                                  p5 60.002, p95 60.003
  ✓ gauge moved while the feature ran                                  mid-run 2.0009% vs before 1.9167%
  ✓ gauge = today's stored total / 6800                                "2% of daily budget" pct 2.029181 vs 2.029181

-- Hear Yourself Improve: today's clip (4 s)
  ✓ reached through its hub, start button visible                      
  ✓ gauge visible in the panel, today's total so far                   "Vocal load today" "2% of daily budget"
  ✓ load feed stubbed out: no session stored, no register input opened opened [], rows 8
  ✓ feature result identical with the load feed live                   off {"player":"block","kb":22} | on {"player":"block","kb":22}
  ✓ both live at once: the feature's own mic + the register input      opened this run [{"audio":{"echoCancellation":true,"noiseSuppression":false,"autoGainControl":false}}]
  ✓ feature's own track still live, unmuted, NS/AGC/EC unchanged       on: ns true agc true ec true muted false | off: ns true agc true ec true
  ✓ feature's own analyser hears the same tone                         on 261.7 Hz rms 0.0285 | off 261.8 Hz rms 0.0285
  ✓ stored: exactly 1 new session, ended                               [{"active_seconds":3.956,"ended":true,"load":7.61994856956843,"median_rms":0.270611154386239,"p5_midi":60.0022669581565,"p95_midi":60.0026882900823}]
  ✓ active seconds ≈ time the feature listened (4.05 s, −1.8/+0.3)     3.956 s
  ✓ stored load = active × 1.925926 (hand), within 0.5%                stored 7.6199 vs hand 7.6190
  ✓ pitch stored ≈ 60                                                  p5 60.002, p95 60.003
  ✓ gauge moved while the feature ran                                  mid-run 2.1129% vs before 2.0292%
  ✓ gauge = today's stored total / 6800                                "2.1% of daily budget" pct 2.141239 vs 2.141239

-- Harmony Arena (song, runs to the end)
  ✓ reached through its hub, start button visible                      
  ✓ gauge visible in the panel, today's total so far                   "Vocal load today" "2.1% of daily budget"
  ✓ load feed stubbed out: no session stored, no register input opened opened [], rows 9
  ✓ feature result identical with the load feed live                   off {"acc":"79%","pitch":"70%","timing":"100%","part":"75%"} | on {"acc":"79%","pitch":"70%","timing":"100%","part":"75%"}
  ✓ both live at once: the feature's own mic + the register input      opened this run [{"audio":{"echoCancellation":true,"noiseSuppression":false,"autoGainControl":false}}]
  ✓ feature's own track still live, unmuted, NS/AGC/EC unchanged       on: ns true agc true ec true muted false | off: ns true agc true ec true
  ✓ feature's own analyser hears the same tone                         on 261.7 Hz rms 0.0284 | off 261.7 Hz rms 0.0285
  ✓ stored: exactly 1 new session, ended                               [{"active_seconds":26.603,"ended":true,"load":51.2385495565585,"median_rms":0.270524757821454,"p5_midi":60.0022538705684,"p95_midi":60.0025041057605}]
  ✓ active seconds ≈ time the feature listened (26.74 s, −1.8/+0.3)    26.603 s
  ✓ stored load = active × 1.925926 (hand), within 0.5%                stored 51.2385 vs hand 51.2354
  ✓ pitch stored ≈ 60                                                  p5 60.002, p95 60.003
  ✓ gauge moved while the feature ran                                  mid-run 2.2244% vs before 2.1412%
  ✓ gauge = today's stored total / 6800                                "2.9% of daily budget" pct 2.894747 vs 2.894747

-- AI Duet Partner (the other parts play; stopped at 8 s)
  ✓ reached through its hub, start button visible                      
  ✓ gauge visible in the panel, today's total so far                   "Vocal load today" "2.9% of daily budget"
  ✓ load feed stubbed out: no session stored, no register input opened opened [], rows 10
  ✓ feature result identical with the load feed live                   off {"muted":"Soprano","playing":true,"part":"Soprano"} | on {"muted":"Soprano","playing":true,"part":"Soprano"}
  ✓ both live at once: the feature's own mic + the register input      opened this run [{"audio":{"echoCancellation":true,"noiseSuppression":false,"autoGainControl":false}}]
  ✓ feature's own track still live, unmuted, NS/AGC/EC unchanged       on: ns true agc true ec true muted false | off: ns true agc true ec true
  ✓ feature's own analyser hears the same tone                         on 261.7 Hz rms 0.0284 | off 261.8 Hz rms 0.0285
  ✓ stored: exactly 1 new session, ended                               [{"active_seconds":7.966,"ended":true,"load":15.34231391685,"median_rms":0.270540471635325,"p5_midi":60.002203311602,"p95_midi":60.0025977569059}]
  ✓ active seconds ≈ time the feature listened (8.04 s, −1.8/+0.3)     7.966 s
  ✓ stored load = active × 1.925926 (hand), within 0.5%                stored 15.3423 vs hand 15.3419
  ✓ pitch stored ≈ 60                                                  p5 60.002, p95 60.003
  ✓ gauge moved while the feature ran                                  mid-run 2.9778% vs before 2.8947%
  ✓ gauge = today's stored total / 6800                                "3.1% of daily budget" pct 3.120369 vs 3.120369

-- Your Choir: record the Lead part (runs to the end of the song)
  ✓ reached through its hub, start button visible                      
  ✓ gauge visible in the panel, today's total so far                   "Vocal load today" "3.1% of daily budget"
  ✓ load feed stubbed out: no session stored, no register input opened opened [], rows 11
  ✓ feature result identical with the load feed live                   off {"status":"Lead saved.","dur":27.19,"lead":3.4} | on {"status":"Lead saved.","dur":27.19,"lead":3.4}
  ✓ both live at once: the feature's own mic + the register input      opened this run [{"audio":{"echoCancellation":true,"noiseSuppression":false,"autoGainControl":false}}]
  ✓ feature's own track still live, unmuted, NS/AGC/EC unchanged       on: ns true agc true ec true muted false | off: ns true agc true ec true
  ✓ feature's own analyser hears the same tone                         on 261.8 Hz rms 0.0285 | off 261.7 Hz rms 0.0284
  ✓ stored: exactly 1 new session, ended                               [{"active_seconds":30.605,"ended":true,"load":58.9472831966198,"median_rms":0.270575802107026,"p5_midi":60.0022516711051,"p95_midi":60.0024933299756}]
  ✓ active seconds ≈ time the feature listened (30.70 s, −1.8/+0.3)    30.605 s
  ✓ stored load = active × 1.925926 (hand), within 0.5%                stored 58.9473 vs hand 58.9430
  ✓ pitch stored ≈ 60                                                  p5 60.002, p95 60.002
  ✓ gauge moved while the feature ran                                  mid-run 3.2045% vs before 3.1204%
  ✓ gauge = today's stored total / 6800                                "4% of daily budget" pct 3.987241 vs 3.987241
  ✓ page errors                                                        none

-- reload: every gauge resumes today's total from the server
  ✓ bridge: same total after reload, not 0                             "4% of daily budget"
  ✓ wraith: same total after reload, not 0                             "4% of daily budget"
  ✓ resonance: same total after reload, not 0                          "4% of daily budget"
  ✓ drills: same total after reload, not 0                             "4% of daily budget"
  ✓ vibrato: same total after reload, not 0                            "4% of daily budget"
  ✓ vq: same total after reload, not 0                                 "4% of daily budget"
  ✓ studio: same total after reload, not 0                             "4% of daily budget"
  ✓ journey: same total after reload, not 0                            "4% of daily budget"
  ✓ today: same total after reload, not 0                              "4% of daily budget"
  ✓ harmony: same total after reload, not 0                            "4% of daily budget"
  ✓ duet: same total after reload, not 0                               "4% of daily budget"
  ✓ yourchoir: same total after reload, not 0                          "4% of daily budget"
  ✓ coach: same total after reload, not 0                              "4% of daily budget"
  ✓ daily table = sum of every session                                 [{"day":"2026-10-05","total_load":271.132393636158}] vs 271.1324

-- all four languages (switched with the Profile language buttons)
  ✓ fr: all 13 gauges' label and value in fr                           "Charge vocale du jour" "4 % du budget quotidien"
  ✓ es: all 13 gauges' label and value in es                           "Carga vocal de hoy" "4 % del presupuesto diario"
  ✓ tr: all 13 gauges' label and value in tr                           "Bugünkü ses yükü" "Günlük bütçe: %4"
  ✓ en: all 13 gauges' label and value in en                           "Vocal load today" "4% of daily budget"
  ✓ page errors                                                        none

-- Safari user agent: sidecar features open no second stream, store nothing, hide their gauge
  ✓ sidecar blocked for this user agent                                
  ✓ studio ran on its own stream only, no session stored               opened [], rows 12→12
  ✓ sidecar features' gauges hidden, register-input features' still shown ok

-- signed out
  ✓ every gauge hidden when signed out                                 all hidden

[cleanup] deleted 1 test account(s) this run created; 0 left of voxcoach-vlh-1791217334728@example.com

169 passed, 0 failed
