vibfix 2026-10-04T17-57-10  sides: before, after  before: master

== S2: straight-286@630 centred — target 60 (sung +32 ct, re-centred); offline gate: as read 4.85 Hz ±19 r 0.26
   before Tuner in tune 73% stability ≥75 66% (mean 78) of 116/116 | Stay in Key in key 99% of 114/114 (result 96%)
   before Pitch Match int 90/97 pro 82/95 | Drills 96/90/97/88/95 | RTF in tune 80% steady 6% of 114/114 voiced frames (In tune×91, Sharp (+20ct)×3, Sharp (+26ct)×2) | Choir World held ✓✓ median 1/2 ct, report pitch 97/90 in tune 192/192, 186/192
   after  Tuner in tune 78% stability ≥75 76% (mean 80) of 115/115 | Stay in Key in key 96% of 114/114 (result 95%)
   after  Pitch Match int 97/88 pro 95/83 | Drills 96/89/97/88/95 | RTF in tune 78% steady 6% of 114/114 voiced frames (In tune×89, Sharp (+25ct)×3, Flat (-10ct)×2) | Choir World held ✓✓ median 0/1 ct, report pitch 97/90 in tune 193/193, 186/192

== W2: S1 (real straight) sung 40 ct sharp — target 69 (sung -14 ct, re-centred, then +40); offline gate: as read 5.31 Hz ±9 r 0.39
   before Tuner in tune 0% stability ≥75 47% (mean 56) of 113/113 | Stay in Key in key 14% of 112/112 (result 17%)
   before Pitch Match int 75/77 pro 60/61 | Drills 75/75/75/75/75 | RTF in tune 0% steady 24% of 112/112 voiced frames (Sharp (+42ct)×20, Sharp (+43ct)×12, Sharp (+44ct)×12) | Choir World held ✓✓ median 41/40 ct, report pitch 76/76 in tune 169/192, 170/192
   after  Tuner in tune 0% stability ≥75 46% (mean 56) of 114/114 | Stay in Key in key 18% of 112/112 (result 16%)
   after  Pitch Match int 76/74 pro 65/66 | Drills 75/75/75/75/75 | RTF in tune 0% steady 22% of 113/113 voiced frames (Sharp (+42ct)×21, Sharp (+43ct)×13, Sharp (+41ct)×11) | Choir World held ✓✓ median 41/40 ct, report pitch 76/76 in tune 169/192, 172/192

== N2: S2 sung 25 ct sharp, irregular ±18 ct (RMS) unsteadiness — target 60 (sung +32 ct, re-centred, then +25); offline gate: as read 4.85 Hz ±19 r 0.26
   before Tuner in tune 6% stability ≥75 31% (mean 47) of 113/113 | Stay in Key in key 74% of 113/113 (result 71%)
   before Pitch Match int 82/85 pro 63/75 | Drills 85/80/85/81/85 | RTF in tune 9% steady 10% of 112/112 voiced frames (In tune×10, Sharp (+30ct)×7, Sharp (+24ct)×7) | Choir World held ✓✓ median 23/27 ct, report pitch 83/81 in tune 162/192, 160/192
   after  Tuner in tune 5% stability ≥75 31% (mean 48) of 114/114 | Stay in Key in key 73% of 113/113 (result 70%)
   after  Pitch Match int 82/79 pro 73/66 | Drills 85/80/85/81/85 | RTF in tune 8% steady 11% of 113/113 voiced frames (In tune×9, Sharp (+22ct)×6, Sharp (+26ct)×6) | Choir World held ✓✓ median 23/28 ct, report pitch 82/81 in tune 159/193, 160/192

==== Tuner / Stay in Key (measured, not checked)
   S2  straight          Tuner in tune 73% → 78%, stability ≥75 66% → 76% | Stay in Key in key 99% → 96%
   W2  wrong             Tuner in tune 0% → 0%, stability ≥75 47% → 46% | Stay in Key in key 14% → 18%
   N2  unsteady          Tuner in tune 6% → 5%, stability ≥75 31% → 31% | Stay in Key in key 74% → 73%

==== VERDICT: 19 passed, 1 failed
FAIL W2 wrong pmPro: 61 → 66 (no vibrato in it: must not rise more than 3)
pass S2 straight pmInt: 94 → 93 (must not move more than 3)
pass S2 straight pmPro: 89 → 89 (must not move more than 3)
pass S2 straight drills: 93 → 93 (must not move more than 3)
pass S2 straight cwPitch: 94 → 94 (must not move more than 3)
pass S2 straight RTF rtfInTune: 80% → 78% (must not drop >10)
pass S2 straight RTF rtfSteady: 6% → 6% (must not drop >10)
pass S2 straight Choir World held: true
pass W2 wrong pmInt: 76 → 75 (no vibrato in it: must not rise more than 3)
pass W2 wrong drills: 75 → 75 (no vibrato in it: must not rise more than 3)
pass W2 wrong cwPitch: 76 → 76 (no vibrato in it: must not rise more than 3)
pass W2 wrong RTF "In tune": 0% → 0% (must not rise >5)
pass N2 unsteady pmInt: 84 → 81 (no vibrato in it: must not rise more than 3)
pass N2 unsteady pmPro: 69 → 70 (no vibrato in it: must not rise more than 3)
pass N2 unsteady drills: 83 → 83 (no vibrato in it: must not rise more than 3)
pass N2 unsteady cwPitch: 82 → 82 (no vibrato in it: must not rise more than 3)
pass N2 unsteady RTF "In tune": 9% → 8% (must not rise >5)
pass N2 S2 sung 25 ct sharp, irregular ±18 ct (RMS) unsteadiness RTF "In tune": 9% → 8% (off pitch past the window: must read in tune ≤25% of voiced frames)
pass N2 unsteady RTF "Steady": 10% → 11% (no vibrato in it: must not rise >5)
pass N2 S2 sung 25 ct sharp, irregular ±18 ct (RMS) unsteadiness RTF "Steady": 10% → 11% (wobbly, no vibrato: must read Steady on ≤25% of voiced frames)

log: /Users/alegramusenge/Documents/voxcoach-app/scripts/vq-verify/logs/vibfix-local-2026-10-04T17-57-10.log  json: /Users/alegramusenge/Documents/voxcoach-app/scripts/vq-verify/logs/vibfix-local-2026-10-04T17-57-10.json
