rtfsoft 2026-10-02T16-09-02  before: b37cd57  after: working tree (a2607ca)  prod: https://deploy-alegra1122.vercel.app  reps 3
   signed up voxcoach-rtfsoft-before-1790957342781@example.com (before)
   signed up voxcoach-rtfsoft-after-1790957342782@example.com (after)
   signed up voxcoach-rtfsoft-prod-1790957342782@example.com (prod)
rep 1 sing-pp-92         before heard 0% in tune 0% (n 115, reg open true, vl fed true, ready 11986 ms) | after heard 0% in tune 0% (n 115, reg open true, vl fed true, ready 7674 ms) | prod heard 0% in tune 0% (n 115, reg open true, vl fed true, ready 8227 ms)
rep 1 sing-pp-646        before heard 63% in tune 48% (n 114, reg open true, vl fed true, ready 3045 ms) | after heard 63% in tune 47% (n 115, reg open true, vl fed true, ready 3081 ms) | prod heard 63% in tune 50% (n 115, reg open true, vl fed true, ready 3177 ms)
rep 1 sing-breathy-5     before heard 85% in tune 51% (n 114, reg open true, vl fed true, ready 3061 ms) | after heard 85% in tune 44% (n 114, reg open true, vl fed true, ready 3134 ms) | prod heard 85% in tune 46% (n 115, reg open true, vl fed true, ready 3177 ms)
   after attempt 1 failed: page.waitForFunction: Timeout 60000ms exceeded.
rep 1 sing-breathy-3002  before heard 89% in tune 18% (n 113, reg open true, vl fed true, ready 3104 ms) | after heard 90% in tune 21% (n 116, reg open true, vl fed true, ready 4031 ms) | prod heard 89% in tune 19% (n 115, reg open true, vl fed true, ready 3172 ms)
rep 2 sing-pp-92         before heard 0% in tune 0% (n 116, reg open true, vl fed true, ready 3807 ms) | after heard 0% in tune 0% (n 116, reg open true, vl fed true, ready 3803 ms) | prod heard 0% in tune 0% (n 116, reg open true, vl fed true, ready 3882 ms)
rep 2 sing-pp-646        before heard 63% in tune 47% (n 116, reg open true, vl fed true, ready 3204 ms) | after heard 64% in tune 49% (n 116, reg open true, vl fed true, ready 3249 ms) | prod heard 63% in tune 48% (n 115, reg open true, vl fed true, ready 3168 ms)
rep 2 sing-breathy-5     before heard 84% in tune 41% (n 116, reg open true, vl fed true, ready 3193 ms) | after heard 85% in tune 49% (n 116, reg open true, vl fed true, ready 3237 ms) | prod heard 84% in tune 48% (n 116, reg open true, vl fed true, ready 3283 ms)
rep 2 sing-breathy-3002  before heard 90% in tune 17% (n 116, reg open true, vl fed true, ready 3163 ms) | after heard 89% in tune 17% (n 115, reg open true, vl fed true, ready 3218 ms) | prod heard 90% in tune 20% (n 115, reg open true, vl fed true, ready 3285 ms)
rep 3 sing-pp-92         before heard 0% in tune 0% (n 116, reg open true, vl fed true, ready 3859 ms) | after heard 0% in tune 0% (n 116, reg open true, vl fed true, ready 3882 ms) | prod heard 0% in tune 0% (n 116, reg open true, vl fed true, ready 3948 ms)
rep 3 sing-pp-646        before heard 63% in tune 47% (n 114, reg open true, vl fed true, ready 3165 ms) | after heard 63% in tune 46% (n 114, reg open true, vl fed true, ready 3214 ms) | prod heard 64% in tune 49% (n 114, reg open true, vl fed true, ready 3288 ms)
rep 3 sing-breathy-5     before heard 85% in tune 47% (n 114, reg open true, vl fed true, ready 3205 ms) | after heard 84% in tune 47% (n 116, reg open true, vl fed true, ready 3220 ms) | prod heard 85% in tune 52% (n 116, reg open true, vl fed true, ready 3262 ms)
rep 3 sing-breathy-3002  before heard 90% in tune 17% (n 115, reg open true, vl fed true, ready 3123 ms) | after heard 90% in tune 18% (n 116, reg open true, vl fed true, ready 3099 ms) | prod heard 90% in tune 20% (n 116, reg open true, vl fed true, ready 3264 ms)

== RTF heard (% of frames), mean [runs] per side; gate effect = after − before
sing-pp-92         before 0.0 [0,0,0]  after 0.0 [0,0,0]  prod 0.0 [0,0,0]  gate effect 0.0
sing-pp-646        before 63.0 [63,63,63]  after 63.3 [63,64,63]  prod 63.3 [63,63,64]  gate effect 0.3
sing-breathy-5     before 84.7 [85,84,85]  after 84.7 [85,85,84]  prod 84.7 [85,84,85]  gate effect 0.0
sing-breathy-3002  before 89.7 [89,90,90]  after 89.7 [90,89,90]  prod 89.7 [89,90,90]  gate effect 0.0

log: /Users/alegramusenge/Documents/voxcoach-app/scripts/vq-verify/logs/rtfsoft-2026-10-02T16-09-02.log  json: /Users/alegramusenge/Documents/voxcoach-app/scripts/vq-verify/logs/rtfsoft-2026-10-02T16-09-02.json
