vibfix 2026-10-03T09-27-40  sides: before, after  before: master

== V1: vibrato-628@2896 centred — target 69 (sung -1 ct, re-centred); offline gate: vibrato 6.16 Hz ±66 r 0.83
   before Tuner in tune 18% stability ≥75 55% (mean 67) of 93/116 | Stay in Key in key 94% of 90/115 (result 91%)
   before Pitch Match int 91/91 pro 90/61 | Drills 90/91/90/91/91 | RTF in tune 62% steady 35% of 91/115 voiced frames (In tune×56, Listening…×24, Flat (-22ct)×6) | Choir World held ✓✓ median -11/-9 ct, report pitch 91/92 in tune 154/154, 159/159
   after  Tuner in tune 16% stability ≥75 56% (mean 68) of 92/116 | Stay in Key in key 98% of 90/115 (result 93%)
   after  Pitch Match int 91/90 pro 90/60 | Drills 90/90/90/91/91 | RTF in tune 62% steady 37% of 91/115 voiced frames (In tune×56, Listening…×24, Flat (-22ct)×7) | Choir World held ✓✓ median -10/-9 ct, report pitch 91/92 in tune 155/155, 160/160

== V2: vibrato-3131@8046 centred — target 49 (sung -32 ct, re-centred); offline gate: vibrato 5.07 Hz ±106 r 0.94
   before Tuner in tune 43% stability ≥75 25% (mean 57) of 101/116 | Stay in Key in key 68% of 96/114 (result 67%)
   before Pitch Match int 92/93 pro 91/92 | Drills 95/94/94/93/93 | RTF in tune 74% steady 35% of 93/115 voiced frames (In tune×69, Listening…×22, Sharp (+21ct)×4) | Choir World held ✓✓ median 21/2 ct, report pitch 85/94 in tune 146/169, 144/146
   after  Tuner in tune 39% stability ≥75 16% (mean 57) of 100/116 | Stay in Key in key 65% of 101/115 (result 64%)
   after  Pitch Match int 92/93 pro 90/92 | Drills 95/94/94/93/93 | RTF in tune 78% steady 34% of 93/115 voiced frames (In tune×73, Listening…×22, Flat (-38ct)×2) | Choir World held ✓✓ median 25/2 ct, report pitch 81/94 in tune 113/169, 153/153

== V3: vibrato-1154@4013 centred — target 69 (sung +27 ct, re-centred); offline gate: vibrato 4.74 Hz ±91 r 0.98
   before Tuner in tune 63% stability ≥75 100% (mean 85) of 116/116 | Stay in Key in key 99% of 115/115 (result 95%)
   before Pitch Match int 96/95 pro 94/91 | Drills 95/95/95/95/95 | RTF in tune 100% steady 97% of 115/115 voiced frames (In tune×115) | Choir World held ✓✓ median 2/3 ct, report pitch 95/95 in tune 192/192, 192/192
   after  Tuner in tune 67% stability ≥75 100% (mean 85) of 114/115 | Stay in Key in key 100% of 115/115 (result 94%)
   after  Pitch Match int 96/94 pro 94/90 | Drills 95/95/95/95/95 | RTF in tune 100% steady 97% of 115/115 voiced frames (In tune×115) | Choir World held ✓✓ median 2/4 ct, report pitch 95/95 in tune 192/192, 192/192

== V4: vibrato-772@4946 centred — target 67 (sung +24 ct, re-centred); offline gate: vibrato 5.28 Hz ±90 r 0.98
   before Tuner in tune 78% stability ≥75 97% (mean 87) of 115/115 | Stay in Key in key 99% of 114/115 (result 94%)
   before Pitch Match int 97/96 pro 93/94 | Drills 96/96/96/96/94 | RTF in tune 99% steady 94% of 115/115 voiced frames (In tune×114, Flat (-21ct)×1) | Choir World held ✓✓ median -3/-1 ct, report pitch 95/96 in tune 191/192, 192/192
   after  Tuner in tune 78% stability ≥75 93% (mean 86) of 114/115 | Stay in Key in key 98% of 114/115 (result 94%)
   after  Pitch Match int 97/96 pro 94/95 | Drills 96/96/96/96/95 | RTF in tune 96% steady 96% of 115/115 voiced frames (In tune×110, Flat (-21ct)×3, Flat (-23ct)×2) | Choir World held ✓✓ median -2/-1 ct, report pitch 96/96 in tune 191/192, 192/192

== V5: vibrato-2417@7396 centred — target 52 (sung +38 ct, re-centred); offline gate: as read 5.35 Hz ±49 r 0.32
   before Tuner in tune 30% stability ≥75 34% (mean 56) of 96/115 | Stay in Key in key 82% of 98/115 (result 83%)
   before Pitch Match int 90/87 pro 74/74 | Drills 84/83/83/93/84 | RTF in tune 68% steady 17% of 114/114 voiced frames (In tune×78, Sharp (+16ct)×4, Sharp (+21ct)×3) | Choir World held ✓✓ median -3/0 ct, report pitch 91/84 in tune 147/153, 136/160
   after  Tuner in tune 30% stability ≥75 35% (mean 56) of 99/115 | Stay in Key in key 81% of 100/115 (result 83%)
   after  Pitch Match int 90/87 pro 74/74 | Drills 84/83/84/93/84 | RTF in tune 67% steady 15% of 115/115 voiced frames (In tune×77, Sharp (+23ct)×4, Sharp (+20ct)×4) | Choir World held ✓✓ median -4/0 ct, report pitch 91/83 in tune 146/152, 135/161

== V6: vibrato-2961@630 centred — target 49 (sung -27 ct, re-centred); offline gate: vibrato 5.28 Hz ±52 r 0.55
   before Tuner in tune 53% stability ≥75 79% (mean 78) of 116/116 | Stay in Key in key 100% of 115/115 (result 96%)
   before Pitch Match int 94/92 pro 90/90 | Drills 91/94/93/94/91 | RTF in tune 83% steady 69% of 114/114 voiced frames (In tune×95, Flat (-19ct)×3, Sharp (+19ct)×2) | Choir World held ✓✓ median -2/1 ct, report pitch 93/93 in tune 189/191, 188/191
   after  Tuner in tune 51% stability ≥75 81% (mean 79) of 116/116 | Stay in Key in key 100% of 115/115 (result 98%)
   after  Pitch Match int 94/92 pro 89/91 | Drills 91/94/93/94/91 | RTF in tune 82% steady 68% of 114/114 voiced frames (In tune×94, Sharp (+17ct)×4, Flat (-19ct)×3) | Choir World held ✓✓ median -4/2 ct, report pitch 91/92 in tune 191/191, 188/191

== S1: straight-625@3246 centred — target 69 (sung -14 ct, re-centred); offline gate: as read 5.31 Hz ±9 r 0.39
   before Tuner in tune 82% stability ≥75 83% (mean 87) of 115/115 | Stay in Key in key 100% of 115/115 (result 100%)
   before Pitch Match int 96/96 pro 98/94 | Drills 98/98/98/98/98 | RTF in tune 86% steady 75% of 114/114 voiced frames (In tune×98, Flat (-14ct)×3, Sharp (+11ct)×2) | Choir World held ✓✓ median 0/-1 ct, report pitch 96/98 in tune 192/192, 192/192
   after  Tuner in tune 83% stability ≥75 88% (mean 86) of 115/115 | Stay in Key in key 100% of 115/115 (result 100%)
   after  Pitch Match int 98/96 pro 98/94 | Drills 98/98/98/98/98 | RTF in tune 89% steady 74% of 115/115 voiced frames (In tune×102, Sharp (+10ct)×2, Flat (-17ct)×2) | Choir World held ✓✓ median 0/0 ct, report pitch 98/96 in tune 192/192, 192/192

== S2: straight-286@630 centred — target 60 (sung +32 ct, re-centred); offline gate: as read 4.85 Hz ±19 r 0.26
   before Tuner in tune 75% stability ≥75 72% (mean 78) of 116/116 | Stay in Key in key 97% of 115/115 (result 97%)
   before Pitch Match int 91/97 pro 95/79 | Drills 96/90/97/88/95 | RTF in tune 79% steady 8% of 115/115 voiced frames (In tune×91, Sharp (+18ct)×3, Sharp (+25ct)×3) | Choir World held ✓✓ median 0/1 ct, report pitch 91/97 in tune 185/192, 192/192
   after  Tuner in tune 76% stability ≥75 74% (mean 80) of 115/115 | Stay in Key in key 97% of 115/115 (result 97%)
   after  Pitch Match int 91/97 pro 95/79 | Drills 96/90/97/88/95 | RTF in tune 81% steady 7% of 115/115 voiced frames (In tune×93, Sharp (+27ct)×4, Sharp (+14ct)×3) | Choir World held ✓✓ median 0/1 ct, report pitch 91/97 in tune 187/192, 192/192

== W1: V1 (real vibrato) sung 60 ct sharp — target 69 (sung -1 ct, re-centred, then +60); offline gate: vibrato 6.16 Hz ±66 r 0.83
   before Tuner in tune 2% stability ≥75 5% (mean 11) of 91/116 | Stay in Key in key 3% of 90/115 (result 6%)
   before Pitch Match int 64/64 pro 47/43 | Drills 59/68/67/73/68 | RTF in tune 5% steady 10% of 99/115 voiced frames (Listening…×16, Sharp (+47ct)×6, In tune×5) | Choir World held ✓✓ median 50/50 ct, report pitch 66/69 in tune 76/152, 75/155
   after  Tuner in tune 2% stability ≥75 1% (mean 9) of 89/115 | Stay in Key in key 3% of 90/115 (result 6%)
   after  Pitch Match int 64/64 pro 46/43 | Drills 60/69/67/73/68 | RTF in tune 7% steady 11% of 101/114 voiced frames (Listening…×13, In tune×7, Sharp (+47ct)×6) | Choir World held ✗✓ median 51/50 ct, report pitch 66/70 in tune 71/152, 73/155

== W5: V1 (real vibrato) sung 80 ct sharp — target 69 (sung -1 ct, re-centred, then +80); offline gate: vibrato 6.16 Hz ±66 r 0.83
   before Tuner in tune 9% stability ≥75 55% (mean 62) of 95/115 | Stay in Key in key 1% of 94/115 (result 3%)
   before Pitch Match int 52/52 pro 29/27 | Drills 49/56/56/60/59 | RTF in tune 19% steady 42% of 104/115 voiced frames (In tune×20, Listening…×11, Flat (-33ct)×6) | Choir World held ✗✗ median 71/71 ct, report pitch 55/57 in tune 12/155, 13/156
   after  Tuner in tune 7% stability ≥75 50% (mean 61) of 96/116 | Stay in Key in key 1% of 95/115 (result 3%)
   after  Pitch Match int 52/52 pro 29/27 | Drills 48/57/56/60/58 | RTF in tune 19% steady 36% of 105/115 voiced frames (In tune×20, Listening…×10, Flat (-35ct)×7) | Choir World held ✗✗ median 71/70 ct, report pitch 55/57 in tune 12/155, 11/153

== W2: S1 (real straight) sung 40 ct sharp — target 69 (sung -14 ct, re-centred, then +40); offline gate: as read 5.31 Hz ±9 r 0.39
   before Tuner in tune 0% stability ≥75 50% (mean 56) of 115/115 | Stay in Key in key 11% of 114/114 (result 19%)
   before Pitch Match int 75/77 pro 62/66 | Drills 75/75/75/75/75 | RTF in tune 0% steady 24% of 115/115 voiced frames (Sharp (+42ct)×18, Sharp (+43ct)×17, Sharp (+44ct)×9) | Choir World held ✓✓ median 40/40 ct, report pitch 76/75 in tune 166/192, 162/192
   after  Tuner in tune 0% stability ≥75 50% (mean 55) of 114/114 | Stay in Key in key 13% of 115/115 (result 17%)
   after  Pitch Match int 75/77 pro 62/65 | Drills 75/75/75/75/75 | RTF in tune 0% steady 20% of 114/114 voiced frames (Sharp (+42ct)×25, Sharp (+41ct)×13, Sharp (+43ct)×11) | Choir World held ✓✓ median 41/40 ct, report pitch 76/75 in tune 168/192, 162/192

== W3: S1 with a slow ±60 ct wander at 0.8 Hz — target 69 (sung -14 ct, re-centred); offline gate: as read 5.31 Hz ±9 r 0.39
   before Tuner in tune 3% stability ≥75 4% (mean 13) of 115/115 | Stay in Key in key 36% of 115/115 (result 35%)
   before Pitch Match int 78/78 pro 62/65 | Drills 77/76/77/78/76 | RTF in tune 10% steady 0% of 115/115 voiced frames (In tune×12, Flat (-43ct)×5, Sharp (+49ct)×5) | Choir World held ✓✓ median -4/7 ct, report pitch 76/78 in tune 118/192, 134/192
   after  Tuner in tune 3% stability ≥75 0% (mean 13) of 115/115 | Stay in Key in key 35% of 113/113 (result 36%)
   after  Pitch Match int 78/77 pro 62/65 | Drills 77/76/77/78/77 | RTF in tune 11% steady 0% of 114/114 voiced frames (In tune×13, Sharp (+43ct)×5, Flat (-45ct)×4) | Choir World held ✓✓ median 1/7 ct, report pitch 76/77 in tune 118/192, 132/192

== W4: S1 with an 11 Hz ±40 ct flutter — target 69 (sung -14 ct, re-centred); offline gate: as read 5.31 Hz ±9 r 0.39
   before Tuner in tune 9% stability ≥75 0% (mean 21) of 116/116 | Stay in Key in key 82% of 115/115 (result 79%)
   before Pitch Match int 86/85 pro 79/79 | Drills 89/89/89/89/89 | RTF in tune 29% steady 0% of 115/115 voiced frames (In tune×33, Flat (-15ct)×4, Sharp (+16ct)×4) | Choir World held ✓✓ median 8/7 ct, report pitch 85/85 in tune 191/192, 191/192
   after  Tuner in tune 8% stability ≥75 0% (mean 22) of 116/116 | Stay in Key in key 72% of 115/115 (result 79%)
   after  Pitch Match int 85/86 pro 79/79 | Drills 88/89/89/89/90 | RTF in tune 10% steady 0% of 115/115 voiced frames (In tune×12, Flat (-11ct)×5, Sharp (+18ct)×5) | Choir World held ✓✓ median 7/6 ct, report pitch 85/85 in tune 191/192, 191/192

== N1: S1 sung 20 ct flat, irregular ±12 ct (RMS) unsteadiness — target 69 (sung -14 ct, re-centred, then -20); offline gate: as read 5.31 Hz ±9 r 0.39
   before Tuner in tune 7% stability ≥75 63% (mean 74) of 115/115 | Stay in Key in key 97% of 114/114 (result 97%)
   before Pitch Match int 88/87 pro 82/83 | Drills 90/90/88/89/89 | RTF in tune 4% steady 23% of 114/114 voiced frames (Flat (-16ct)×16, Flat (-21ct)×11, Flat (-17ct)×11) | Choir World held ✓✓ median -18/-21 ct, report pitch 89/87 in tune 192/192, 188/192
   after  Tuner in tune 5% stability ≥75 56% (mean 71) of 114/114 | Stay in Key in key 96% of 114/114 (result 97%)
   after  Pitch Match int 88/87 pro 83/83 | Drills 89/90/88/89/89 | RTF in tune 3% steady 23% of 113/113 voiced frames (Flat (-19ct)×13, Flat (-16ct)×13, Flat (-21ct)×12) | Choir World held ✓✓ median -18/-20 ct, report pitch 89/87 in tune 192/192, 187/192

== N2: S2 sung 25 ct sharp, irregular ±18 ct (RMS) unsteadiness — target 60 (sung +32 ct, re-centred, then +25); offline gate: as read 4.85 Hz ±19 r 0.26
   before Tuner in tune 1% stability ≥75 71% (mean 70) of 113/113 | Stay in Key in key 72% of 113/113 (result 68%)
   before Pitch Match int 82/86 pro 73/63 | Drills 85/80/85/81/85 | RTF in tune 7% steady 11% of 113/113 voiced frames (In tune×8, Sharp (+24ct)×8, Sharp (+31ct)×7) | Choir World held ✓✓ median 31/25 ct, report pitch 81/84 in tune 176/192, 192/192
   after  Tuner in tune 2% stability ≥75 73% (mean 71) of 113/113 | Stay in Key in key 71% of 113/113 (result 69%)
   after  Pitch Match int 83/86 pro 73/64 | Drills 85/80/85/81/85 | RTF in tune 8% steady 11% of 112/112 voiced frames (In tune×9, Sharp (+26ct)×6, Sharp (+24ct)×6) | Choir World held ✓✓ median 29/25 ct, report pitch 81/83 in tune 176/192, 165/192

== N3: V3 (real vibrato ±91 ct) sung 25 ct flat — target 69 (sung +27 ct, re-centred, then -25); offline gate: vibrato 4.74 Hz ±91 r 0.98
   before Tuner in tune 0% stability ≥75 100% (mean 85) of 110/113 | Stay in Key in key 84% of 114/114 (result 80%)
   before Pitch Match int 85/82 pro 75/75 | Drills 85/85/85/85/84 | RTF in tune 20% steady 96% of 113/113 voiced frames (In tune×23, Flat (-25ct)×12, Flat (-23ct)×10) | Choir World held ✓✓ median -22/-23 ct, report pitch 86/84 in tune 183/192, 178/192
   after  Tuner in tune 0% stability ≥75 100% (mean 85) of 112/113 | Stay in Key in key 82% of 114/114 (result 81%)
   after  Pitch Match int 85/81 pro 73/74 | Drills 85/86/85/85/85 | RTF in tune 19% steady 96% of 113/113 voiced frames (In tune×22, Flat (-25ct)×12, Flat (-26ct)×11) | Choir World held ✓✓ median -22/-25 ct, report pitch 86/84 in tune 183/192, 184/192

== N4: S2 sung 45 ct sharp, irregular ±18 ct (RMS) unsteadiness — target 60 (sung +32 ct, re-centred, then +45); offline gate: as read 4.85 Hz ±19 r 0.26
   before Tuner in tune 0% stability ≥75 6% (mean 10) of 113/113 | Stay in Key in key 12% of 113/113 (result 12%)
   before Pitch Match int 71/71 pro 57/49 | Drills 75/69/74/70/74 | RTF in tune 4% steady 15% of 113/113 voiced frames (Sharp (+49ct)×12, Sharp (+43ct)×9, Sharp (+34ct)×6) | Choir World held ✓✓ median 46/48 ct, report pitch 70/72 in tune 104/193, 104/192
   after  Tuner in tune 1% stability ≥75 5% (mean 9) of 114/114 | Stay in Key in key 8% of 113/113 (result 10%)
   after  Pitch Match int 71/71 pro 58/49 | Drills 75/69/74/70/74 | RTF in tune 3% steady 14% of 114/114 voiced frames (Sharp (+48ct)×9, Sharp (+42ct)×7, Flat (-49ct)×5) | Choir World held ✓✓ median 45/46 ct, report pitch 70/73 in tune 107/192, 117/192
   note: V5 (real vibrato read as irregular) pmInt: 89 → 89
   note: V5 (real vibrato read as irregular) pmPro: 74 → 74
   note: V5 (real vibrato read as irregular) drills: 85 → 86
   note: V5 (real vibrato read as irregular) cwPitch: 88 → 87
   note: W1 sits at ~50 ct, next to Choir World's ±50 line: held false,true (median 51,50)

==== Tuner / Stay in Key (measured, not checked)
   V1  vibrato           Tuner in tune 18% → 16%, stability ≥75 55% → 56% | Stay in Key in key 94% → 98%
   V2  vibrato           Tuner in tune 43% → 39%, stability ≥75 25% → 16% | Stay in Key in key 68% → 65%
   V3  vibrato           Tuner in tune 63% → 67%, stability ≥75 100% → 100% | Stay in Key in key 99% → 100%
   V4  vibrato           Tuner in tune 78% → 78%, stability ≥75 97% → 93% | Stay in Key in key 99% → 98%
   V5  vibrato-irregular Tuner in tune 30% → 30%, stability ≥75 34% → 35% | Stay in Key in key 82% → 81%
   V6  vibrato           Tuner in tune 53% → 51%, stability ≥75 79% → 81% | Stay in Key in key 100% → 100%
   S1  straight          Tuner in tune 82% → 83%, stability ≥75 83% → 88% | Stay in Key in key 100% → 100%
   S2  straight          Tuner in tune 75% → 76%, stability ≥75 72% → 74% | Stay in Key in key 97% → 97%
   W1  wrong             Tuner in tune 2% → 2%, stability ≥75 5% → 1% | Stay in Key in key 3% → 3%
   W5  wrong             Tuner in tune 9% → 7%, stability ≥75 55% → 50% | Stay in Key in key 1% → 1%
   W2  wrong             Tuner in tune 0% → 0%, stability ≥75 50% → 50% | Stay in Key in key 11% → 13%
   W3  wander            Tuner in tune 3% → 3%, stability ≥75 4% → 0% | Stay in Key in key 36% → 35%
   W4  flutter           Tuner in tune 9% → 8%, stability ≥75 0% → 0% | Stay in Key in key 82% → 72%
   N1  unsteady          Tuner in tune 7% → 5%, stability ≥75 63% → 56% | Stay in Key in key 97% → 96%
   N2  unsteady          Tuner in tune 1% → 2%, stability ≥75 71% → 73% | Stay in Key in key 72% → 71%
   N3  wrong             Tuner in tune 0% → 0%, stability ≥75 100% → 100% | Stay in Key in key 84% → 82%
   N4  unsteady          Tuner in tune 0% → 1%, stability ≥75 6% → 5% | Stay in Key in key 12% → 8%

==== VERDICT: 76 passed, 32 failed
FAIL V1 vibrato pmInt: 91 → 91 (straight notes 96; must be within 8 and up ≥3)
FAIL V1 vibrato pmPro: 76 → 75 (straight notes 92; must be within 8 and up ≥3)
FAIL V1 vibrato drills: 91 → 90 (straight notes 96; must be within 8 and up ≥3)
FAIL V1 vibrato cwPitch: 92 → 92 (straight notes 96; must be within 8 and up ≥3)
FAIL V1 vibrato RTF rtfInTune: 62% → 62% (straight notes 85%; must be within 20 and up ≥20)
FAIL V1 vibrato RTF rtfSteady: 35% → 37% (straight notes 41%; must be within 20 and up ≥20)
FAIL V2 vibrato pmInt: 93 → 93 (straight notes 96; must be within 8 and up ≥3)
FAIL V2 vibrato pmPro: 92 → 91 (straight notes 92; must be within 8 and up ≥3)
FAIL V2 vibrato drills: 94 → 94 (straight notes 96; must be within 8 and up ≥3)
FAIL V2 vibrato cwPitch: 90 → 88 (straight notes 96; must be within 8 and up ≥3)
FAIL V2 vibrato RTF rtfInTune: 74% → 78% (straight notes 85%; must be within 20 and up ≥20)
FAIL V2 vibrato RTF rtfSteady: 35% → 34% (straight notes 41%; must be within 20 and up ≥20)
FAIL V3 vibrato pmInt: 96 → 95 (straight notes 96; must be within 8 and up ≥3)
FAIL V3 vibrato pmPro: 93 → 92 (straight notes 92; must be within 8 and up ≥3)
FAIL V3 vibrato drills: 95 → 95 (straight notes 96; must be within 8 and up ≥3)
FAIL V3 vibrato cwPitch: 95 → 95 (straight notes 96; must be within 8 and up ≥3)
FAIL V3 vibrato RTF rtfInTune: 100% → 100% (straight notes 85%; must be within 20 and up ≥20)
FAIL V3 vibrato RTF rtfSteady: 97% → 97% (straight notes 41%; must be within 20 and up ≥20)
FAIL V4 vibrato pmInt: 97 → 97 (straight notes 96; must be within 8 and up ≥3)
FAIL V4 vibrato pmPro: 94 → 95 (straight notes 92; must be within 8 and up ≥3)
FAIL V4 vibrato drills: 96 → 96 (straight notes 96; must be within 8 and up ≥3)
FAIL V4 vibrato cwPitch: 96 → 96 (straight notes 96; must be within 8 and up ≥3)
FAIL V4 vibrato RTF rtfInTune: 99% → 96% (straight notes 85%; must be within 20 and up ≥20)
FAIL V4 vibrato RTF rtfSteady: 94% → 96% (straight notes 41%; must be within 20 and up ≥20)
FAIL V6 vibrato pmInt: 93 → 93 (straight notes 96; must be within 8 and up ≥3)
FAIL V6 vibrato pmPro: 90 → 90 (straight notes 92; must be within 8 and up ≥3)
FAIL V6 vibrato drills: 93 → 93 (straight notes 96; must be within 8 and up ≥3)
FAIL V6 vibrato cwPitch: 93 → 92 (straight notes 96; must be within 8 and up ≥3)
FAIL V6 vibrato RTF rtfInTune: 83% → 82% (straight notes 85%; must be within 20 and up ≥20)
FAIL V6 vibrato RTF rtfSteady: 69% → 68% (straight notes 41%; must be within 20 and up ≥20)
FAIL W1 V1 (real vibrato) sung 60 ct sharp pmPro: 45 → 45 (a straight note 50 ct off scores 55; must be within 6 of that and ≥10 below the straight notes 92)
FAIL W5 V1 (real vibrato) sung 80 ct sharp pmPro: 28 → 28 (a straight note 71 ct off scores 36; must be within 6 of that and ≥10 below the straight notes 92)
pass V1 vibrato Choir World held: true
pass V2 vibrato Choir World held: true
pass V3 vibrato Choir World held: true
pass V4 vibrato Choir World held: true
pass V6 vibrato Choir World held: true
pass S1 straight pmInt: 96 → 97 (must not move more than 3)
pass S1 straight pmPro: 96 → 96 (must not move more than 3)
pass S1 straight drills: 98 → 98 (must not move more than 3)
pass S1 straight cwPitch: 97 → 97 (must not move more than 3)
pass S1 straight RTF rtfInTune: 86% → 89% (must not drop >10)
pass S1 straight RTF rtfSteady: 75% → 74% (must not drop >10)
pass S1 straight Choir World held: true
pass S2 straight pmInt: 94 → 94 (must not move more than 3)
pass S2 straight pmPro: 87 → 87 (must not move more than 3)
pass S2 straight drills: 93 → 93 (must not move more than 3)
pass S2 straight cwPitch: 94 → 94 (must not move more than 3)
pass S2 straight RTF rtfInTune: 79% → 81% (must not drop >10)
pass S2 straight RTF rtfSteady: 8% → 7% (must not drop >10)
pass S2 straight Choir World held: true
pass W1 V1 (real vibrato) sung 60 ct sharp pmInt: 64 → 64 (a straight note 50 ct off scores 70; must be within 6 of that and ≥10 below the straight notes 96)
pass W1 V1 (real vibrato) sung 60 ct sharp drills: 67 → 67 (a straight note 50 ct off scores 70; must be within 6 of that and ≥10 below the straight notes 96)
pass W1 V1 (real vibrato) sung 60 ct sharp cwPitch: 68 → 68 (a straight note 50 ct off scores 70; must be within 6 of that and ≥10 below the straight notes 96)
pass W1 wrong RTF "In tune": 5% → 7% (must not rise >5)
pass W5 V1 (real vibrato) sung 80 ct sharp pmInt: 52 → 52 (a straight note 71 ct off scores 57; must be within 6 of that and ≥10 below the straight notes 96)
pass W5 V1 (real vibrato) sung 80 ct sharp drills: 56 → 56 (a straight note 71 ct off scores 57; must be within 6 of that and ≥10 below the straight notes 96)
pass W5 V1 (real vibrato) sung 80 ct sharp cwPitch: 56 → 56 (a straight note 71 ct off scores 57; must be within 6 of that and ≥10 below the straight notes 96)
pass W5 wrong RTF "In tune": 19% → 19% (must not rise >5)
pass W5 V1 (real vibrato) sung 80 ct sharp Choir World held: false,false (must fail: past the ±50 tolerance)
pass W2 wrong pmInt: 76 → 76 (no vibrato in it: must not rise more than 3)
pass W2 wrong pmPro: 64 → 64 (no vibrato in it: must not rise more than 3)
pass W2 wrong drills: 75 → 75 (no vibrato in it: must not rise more than 3)
pass W2 wrong cwPitch: 76 → 76 (no vibrato in it: must not rise more than 3)
pass W2 wrong RTF "In tune": 0% → 0% (must not rise >5)
pass W3 wander pmInt: 78 → 78 (no vibrato in it: must not rise more than 3)
pass W3 wander pmPro: 64 → 64 (no vibrato in it: must not rise more than 3)
pass W3 wander drills: 77 → 77 (no vibrato in it: must not rise more than 3)
pass W3 wander cwPitch: 77 → 77 (no vibrato in it: must not rise more than 3)
pass W3 wander RTF "Steady": 0% → 0% (no vibrato in it: must not rise >5)
pass W3 S1 with a slow ±60 ct wander at 0.8 Hz RTF "Steady": 0% → 0% (wobbly, no vibrato: must read Steady on ≤25% of voiced frames)
pass W4 flutter pmInt: 86 → 86 (no vibrato in it: must not rise more than 3)
pass W4 flutter pmPro: 79 → 79 (no vibrato in it: must not rise more than 3)
pass W4 flutter drills: 89 → 89 (no vibrato in it: must not rise more than 3)
pass W4 flutter cwPitch: 85 → 85 (no vibrato in it: must not rise more than 3)
pass W4 flutter RTF "In tune": 29% → 10% (must not rise >5)
pass W4 flutter RTF "Steady": 0% → 0% (no vibrato in it: must not rise >5)
pass W4 S1 with an 11 Hz ±40 ct flutter RTF "Steady": 0% → 0% (wobbly, no vibrato: must read Steady on ≤25% of voiced frames)
pass N1 unsteady pmInt: 88 → 88 (no vibrato in it: must not rise more than 3)
pass N1 unsteady pmPro: 83 → 83 (no vibrato in it: must not rise more than 3)
pass N1 unsteady drills: 89 → 89 (no vibrato in it: must not rise more than 3)
pass N1 unsteady cwPitch: 88 → 88 (no vibrato in it: must not rise more than 3)
pass N1 unsteady RTF "In tune": 4% → 3% (must not rise >5)
pass N1 S1 sung 20 ct flat, irregular ±12 ct (RMS) unsteadiness RTF "In tune": 4% → 3% (off pitch past the window: must read in tune ≤25% of voiced frames)
pass N1 unsteady RTF "Steady": 23% → 23% (no vibrato in it: must not rise >5)
pass N1 S1 sung 20 ct flat, irregular ±12 ct (RMS) unsteadiness RTF "Steady": 23% → 23% (wobbly, no vibrato: must read Steady on ≤25% of voiced frames)
pass N2 unsteady pmInt: 84 → 85 (no vibrato in it: must not rise more than 3)
pass N2 unsteady pmPro: 68 → 69 (no vibrato in it: must not rise more than 3)
pass N2 unsteady drills: 83 → 83 (no vibrato in it: must not rise more than 3)
pass N2 unsteady cwPitch: 83 → 82 (no vibrato in it: must not rise more than 3)
pass N2 unsteady RTF "In tune": 7% → 8% (must not rise >5)
pass N2 S2 sung 25 ct sharp, irregular ±18 ct (RMS) unsteadiness RTF "In tune": 7% → 8% (off pitch past the window: must read in tune ≤25% of voiced frames)
pass N2 unsteady RTF "Steady": 11% → 11% (no vibrato in it: must not rise >5)
pass N2 S2 sung 25 ct sharp, irregular ±18 ct (RMS) unsteadiness RTF "Steady": 11% → 11% (wobbly, no vibrato: must read Steady on ≤25% of voiced frames)
pass N3 V3 (real vibrato ±91 ct) sung 25 ct flat pmInt: 84 → 83 (a straight note 22 ct off scores 87; must be within 6 of that)
pass N3 V3 (real vibrato ±91 ct) sung 25 ct flat pmPro: 75 → 74 (a straight note 22 ct off scores 80; must be within 6 of that)
pass N3 V3 (real vibrato ±91 ct) sung 25 ct flat drills: 85 → 85 (a straight note 22 ct off scores 87; must be within 6 of that)
pass N3 V3 (real vibrato ±91 ct) sung 25 ct flat cwPitch: 85 → 85 (a straight note 22 ct off scores 87; must be within 6 of that)
pass N3 wrong RTF "In tune": 20% → 19% (must not rise >5)
pass N3 V3 (real vibrato ±91 ct) sung 25 ct flat RTF "In tune": 20% → 19% (off pitch past the window: must read in tune ≤25% of voiced frames)
pass N4 unsteady pmInt: 71 → 71 (no vibrato in it: must not rise more than 3)
pass N4 unsteady pmPro: 53 → 54 (no vibrato in it: must not rise more than 3)
pass N4 unsteady drills: 72 → 72 (no vibrato in it: must not rise more than 3)
pass N4 unsteady cwPitch: 71 → 72 (no vibrato in it: must not rise more than 3)
pass N4 unsteady RTF "In tune": 4% → 3% (must not rise >5)
pass N4 S2 sung 45 ct sharp, irregular ±18 ct (RMS) unsteadiness RTF "In tune": 4% → 3% (off pitch past the window: must read in tune ≤25% of voiced frames)
pass N4 unsteady RTF "Steady": 15% → 14% (no vibrato in it: must not rise >5)
pass N4 S2 sung 45 ct sharp, irregular ±18 ct (RMS) unsteadiness RTF "Steady": 15% → 14% (wobbly, no vibrato: must read Steady on ≤25% of voiced frames)

log: /Users/alegramusenge/Documents/voxcoach-app/scripts/vq-verify/logs/vibfix-local-2026-10-03T09-27-40.log  json: /Users/alegramusenge/Documents/voxcoach-app/scripts/vq-verify/logs/vibfix-local-2026-10-03T09-27-40.json
