vibfix 2026-09-30T07-14-28  sides: before, after  before: HEAD

== V1: vibrato-628@2896 centred — target 69 (sung -1 ct, re-centred); offline gate: vibrato 6.16 Hz ±66 r 0.83
   before Pitch Match int 75/71 pro 67/64 | Drills 75/75/76/78/78 | RTF in tune 13% steady 0% (Listening…×23, In tune×14, Flat (-15ct)×4) | Choir World held ✓✓ median 0/1 ct, report pitch 78/79 in tune 114/154, 113/154
   after  Pitch Match int 91/91 pro 89/63 | Drills 91/91/90/91/91 | RTF in tune 16% steady 34% (Listening…×22, In tune×18, Flat (-14ct)×6) | Choir World held ✓✓ median -7/-10 ct, report pitch 91/92 in tune 151/153, 154/154

== V2: vibrato-3131@8046 centred — target 49 (sung -32 ct, re-centred); offline gate: vibrato 5.07 Hz ±106 r 0.94
   before Pitch Match int 59/61 pro 43/42 | Drills 64/61/62/63/64 | RTF in tune 12% steady 0% (Listening…×16, In tune×13, Flat (-33ct)×3) | Choir World held ✓✓ median 7/4 ct, report pitch 53/37 in tune 59/145, 59/169
   after  Pitch Match int 92/93 pro 90/92 | Drills 94/93/94/94/93 | RTF in tune 51% steady 36% (In tune×57, Listening…×15, Sharp (+19ct)×4) | Choir World held ✓✓ median 1/5 ct, report pitch 78/74 in tune 140/147, 159/169

== V3: vibrato-1154@4013 centred — target 69 (sung +27 ct, re-centred); offline gate: vibrato 4.74 Hz ±91 r 0.98
   before Pitch Match int 64/64 pro 43/43 | Drills 67/68/67/67/67 | RTF in tune 13% steady 0% (In tune×15, Sharp (+35ct)×6, Sharp (+15ct)×4) | Choir World held ✓✓ median -4/-13 ct, report pitch 59/64 in tune 68/192, 72/192
   after  Pitch Match int 95/94 pro 94/90 | Drills 95/95/95/95/95 | RTF in tune 74% steady 100% (In tune×82, Sharp (+10ct)×5, Flat (-12ct)×4) | Choir World held ✓✓ median 4/2 ct, report pitch 91/94 in tune 188/191, 191/192

== V4: vibrato-772@4946 centred — target 67 (sung +24 ct, re-centred); offline gate: vibrato 5.28 Hz ±90 r 0.98
   before Pitch Match int 63/63 pro 43/45 | Drills 65/65/64/65/65 | RTF in tune 15% steady 0% (In tune×17, Sharp (+43ct)×5, Flat (-15ct)×4) | Choir World held ✓✓ median -4/-7 ct, report pitch 60/58 in tune 58/192, 55/192
   after  Pitch Match int 96/95 pro 94/94 | Drills 96/96/96/96/93 | RTF in tune 83% steady 100% (In tune×91, Flat (-22ct)×3, Flat (-15ct)×3) | Choir World held ✓✓ median -1/-1 ct, report pitch 91/94 in tune 188/192, 190/192

== V5: vibrato-2417@7396 centred — target 52 (sung +38 ct, re-centred); offline gate: as read 5.35 Hz ±49 r 0.32
   before Pitch Match int 76/85 pro 75/72 | Drills 83/82/83/83/83 | RTF in tune 16% steady 0% (In tune×18, Flat (-9ct)×5, Flat (-12ct)×5) | Choir World held ✓✓ median -2/1 ct, report pitch 81/83 in tune 136/164, 129/155
   after  Pitch Match int 78/85 pro 74/74 | Drills 83/82/83/93/83 | RTF in tune 40% steady 28% (In tune×44, Sharp (+14ct)×5, Sharp (+12ct)×5) | Choir World held ✓✓ median -3/1 ct, report pitch 82/82 in tune 135/164, 127/152

== V6: vibrato-2961@630 centred — target 49 (sung -27 ct, re-centred); offline gate: vibrato 5.28 Hz ±52 r 0.55
   before Pitch Match int 82/79 pro 71/75 | Drills 79/84/80/84/80 | RTF in tune 18% steady 0% (In tune×20, Flat (-12ct)×6, Flat (-39ct)×5) | Choir World held ✓✓ median -2/-4 ct, report pitch 79/83 in tune 158/192, 170/192
   after  Pitch Match int 94/92 pro 90/91 | Drills 91/94/92/93/92 | RTF in tune 51% steady 68% (In tune×57, Flat (-13ct)×8, Flat (-11ct)×5) | Choir World held ✓✓ median -3/1 ct, report pitch 92/94 in tune 192/192, 189/192

== S1: straight-625@3246 centred — target 69 (sung -14 ct, re-centred); offline gate: as read 5.31 Hz ±9 r 0.39
   before Pitch Match int 96/96 pro 94/95 | Drills 97/97/96/96/96 | RTF in tune 72% steady 75% (In tune×80, Sharp (+10ct)×6, Flat (-17ct)×4) | Choir World held ✓✓ median 1/0 ct, report pitch 96/96 in tune 192/192, 192/192
   after  Pitch Match int 96/96 pro 98/95 | Drills 98/98/98/99/98 | RTF in tune 85% steady 95% (In tune×93, Flat (-17ct)×3, Sharp (+11ct)×2) | Choir World held ✓✓ median 0/0 ct, report pitch 98/98 in tune 192/192, 192/192

== S2: straight-286@630 centred — target 60 (sung +32 ct, re-centred); offline gate: as read 4.85 Hz ±19 r 0.26
   before Pitch Match int 91/94 pro 91/79 | Drills 94/89/94/87/95 | RTF in tune 40% steady 8% (In tune×45, Flat (-11ct)×6, Flat (-9ct)×5) | Choir World held ✓✓ median -1/0 ct, report pitch 95/90 in tune 192/192, 185/192
   after  Pitch Match int 90/97 pro 95/80 | Drills 96/90/97/88/95 | RTF in tune 77% steady 68% (In tune×85, Sharp (+25ct)×3, Flat (-10ct)×2) | Choir World held ✓✓ median 2/2 ct, report pitch 97/90 in tune 192/192, 185/192

== W1: V1 (real vibrato) sung 60 ct sharp — target 69 (sung -1 ct, re-centred, then +60); offline gate: vibrato 6.16 Hz ±66 r 0.83
   before Pitch Match int 60/57 pro 45/38 | Drills 61/63/67/69/66 | RTF in tune 11% steady 0% (Listening…×13, In tune×12, Sharp (+23ct)×3) | Choir World held ✗✗ median 61/59 ct, report pitch 63/63 in tune 68/156, 68/153
   after  Pitch Match int 64/64 pro 50/42 | Drills 60/68/68/73/69 | RTF in tune 2% steady 9% (Listening…×12, Sharp (+37ct)×9, Sharp (+35ct)×7) | Choir World held ✗✓ median 52/50 ct, report pitch 66/67 in tune 65/156, 78/153

== W5: V1 (real vibrato) sung 80 ct sharp — target 69 (sung -1 ct, re-centred, then +80); offline gate: vibrato 6.16 Hz ±66 r 0.83
   before Pitch Match int 52/52 pro 29/24 | Drills 50/55/56/58/59 | RTF in tune 23% steady 0% (In tune×26, Listening…×10, Flat (-21ct)×3) | Choir World held ✗✗ median 81/83 ct, report pitch 53/53 in tune 46/155, 45/156
   after  Pitch Match int 52/51 pro 30/26 | Drills 49/56/55/59/60 | RTF in tune 9% steady 43% (Listening…×11, In tune×10, Flat (-33ct)×7) | Choir World held ✗✗ median 71/73 ct, report pitch 55/54 in tune 9/156, 5/156

== W2: S1 (real straight) sung 40 ct sharp — target 69 (sung -14 ct, re-centred, then +40); offline gate: as read 5.31 Hz ±9 r 0.39
   before Pitch Match int 75/77 pro 62/65 | Drills 75/75/75/75/75 | RTF in tune 0% steady 23% (Sharp (+39ct)×10, Sharp (+45ct)×10, Sharp (+40ct)×9) | Choir World held ✓✓ median 40/40 ct, report pitch 75/75 in tune 158/192, 154/192
   after  Pitch Match int 75/77 pro 62/66 | Drills 75/75/75/75/75 | RTF in tune 0% steady 64% (Sharp (+42ct)×26, Sharp (+43ct)×15, Sharp (+44ct)×9) | Choir World held ✓✓ median 40/42 ct, report pitch 76/75 in tune 162/192, 171/192

== W3: S1 with a slow ±60 ct wander at 0.8 Hz — target 69 (sung -14 ct, re-centred); offline gate: as read 5.31 Hz ±9 r 0.39
   before Pitch Match int 78/77 pro 62/65 | Drills 77/76/77/78/77 | RTF in tune 10% steady 0% (In tune×11, Flat (-43ct)×4, Flat (-35ct)×4) | Choir World held ✓✓ median 14/-7 ct, report pitch 75/76 in tune 115/192, 124/192
   after  Pitch Match int 78/77 pro 62/65 | Drills 77/76/77/78/76 | RTF in tune 6% steady 0% (In tune×7, Sharp (+47ct)×4, Sharp (+43ct)×4) | Choir World held ✓✓ median 11/-13 ct, report pitch 75/76 in tune 115/192, 107/171

== W4: S1 with an 11 Hz ±40 ct flutter — target 69 (sung -14 ct, re-centred); offline gate: as read 5.31 Hz ±9 r 0.39
   PAGE LOAD ERRORS (before, attempt 1): ["load failed: https://fonts.googleapis.com/css2?family=Fraunces:opsz,wght@9..144,400;9..144,500;9..144,600&family=Space+Mono:wght@400;700&family=Inter:wght@400;500;600;700&display=swap (net::ERR_INTERNET_DISCONNECTED)","load failed: https://cdnjs.cloudflare.com/ajax/libs/html2canvas/1.4.1/html2canvas.min.js (net::ERR_INTERNET_DISCONNECTED)","load failed: https://cdn.jsdelivr.net/npm/@supabase/supabase-js@2.45.4/dist/umd/supabase.js (net::ERR_INTERNET_DISCONNECTED)","TypeError: Cannot read properties of undefined (reading 'createClient')"]
   PAGE LOAD ERRORS (before, attempt 2): ["load failed: https://fonts.googleapis.com/css2?family=Fraunces:opsz,wght@9..144,400;9..144,500;9..144,600&family=Space+Mono:wght@400;700&family=Inter:wght@400;500;600;700&display=swap (net::ERR_INTERNET_DISCONNECTED)","load failed: https://cdnjs.cloudflare.com/ajax/libs/html2canvas/1.4.1/html2canvas.min.js (net::ERR_INTERNET_DISCONNECTED)","load failed: https://cdn.jsdelivr.net/npm/@supabase/supabase-js@2.45.4/dist/umd/supabase.js (net::ERR_INTERNET_DISCONNECTED)","TypeError: Cannot read properties of undefined (reading 'createClient')"]
   PAGE LOAD ERRORS (before, attempt 3): ["load failed: https://fonts.googleapis.com/css2?family=Fraunces:opsz,wght@9..144,400;9..144,500;9..144,600&family=Space+Mono:wght@400;700&family=Inter:wght@400;500;600;700&display=swap (net::ERR_INTERNET_DISCONNECTED)","load failed: https://cdnjs.cloudflare.com/ajax/libs/html2canvas/1.4.1/html2canvas.min.js (net::ERR_INTERNET_DISCONNECTED)","load failed: https://cdn.jsdelivr.net/npm/@supabase/supabase-js@2.45.4/dist/umd/supabase.js (net::ERR_INTERNET_DISCONNECTED)","TypeError: Cannot read properties of undefined (reading 'createClient')"]
ERROR Error: before page failed to load 3 times
    at withPage (C:\Users\Alegra Kunda\OneDrive\Documents\voxcoach-app\scripts\vq-verify\vibfix.js:80:13)
    at async C:\Users\Alegra Kunda\OneDrive\Documents\voxcoach-app\scripts\vq-verify\vibfix.js:172:20
