vibfix 2026-10-02T16-34-08  sides: prod  url: https://deploy-alegra1122.vercel.app

== V1: vibrato-628@2896 centred — target 69 (sung -1 ct, re-centred); offline gate: vibrato 6.16 Hz ±66 r 0.83
   signed up voxcoach-vibfix-1790958848492@example.com on https://deploy-alegra1122.vercel.app
   prod   Tuner in tune 14% stability ≥75 57% (mean 65) of 90/114 | Stay in Key in key 94% of 90/114 (result 90%)
   prod   Pitch Match int 90/91 pro 88/64 | Drills 91/91/91/90/91 | RTF in tune 59% steady 38% of 92/116 voiced frames (In tune×54, Listening…×24, Flat (-23ct)×4) | Choir World held ✓✓ median -11/-9 ct, report pitch 91/92 in tune 154/154, 167/167

== V2: vibrato-3131@8046 centred — target 49 (sung -32 ct, re-centred); offline gate: vibrato 5.07 Hz ±106 r 0.94
   prod   Tuner in tune 40% stability ≥75 28% (mean 59) of 99/114 | Stay in Key in key 73% of 98/114 (result 71%)
   prod   Pitch Match int 91/92 pro 89/89 | Drills 93/94/94/93/93 | RTF in tune 85% steady 48% of 102/116 voiced frames (In tune×87, Listening…×14, Sharp (+21ct)×3) | Choir World held ✓✓ median 5/2 ct, report pitch 94/94 in tune 169/169, 147/147

== V3: vibrato-1154@4013 centred — target 69 (sung +27 ct, re-centred); offline gate: vibrato 4.74 Hz ±91 r 0.98
   prod   Tuner in tune 67% stability ≥75 100% (mean 85) of 113/114 | Stay in Key in key 99% of 115/115 (result 94%)
   prod   Pitch Match int 95/93 pro 94/91 | Drills 96/96/96/96/96 | RTF in tune 100% steady 95% of 115/115 voiced frames (In tune×115) | Choir World held ✓✓ median 2/3 ct, report pitch 95/95 in tune 192/192, 192/192

== V4: vibrato-772@4946 centred — target 67 (sung +24 ct, re-centred); offline gate: vibrato 5.28 Hz ±90 r 0.98
   prod   Tuner in tune 75% stability ≥75 94% (mean 86) of 110/113 | Stay in Key in key 100% of 113/113 (result 94%)
   prod   Pitch Match int 97/94 pro 93/94 | Drills 96/96/96/96/95 | RTF in tune 95% steady 95% of 114/114 voiced frames (In tune×108, Flat (-21ct)×2, Flat (-23ct)×1) | Choir World held ✓✓ median -2/-3 ct, report pitch 96/95 in tune 190/191, 191/192

== V5: vibrato-2417@7396 centred — target 52 (sung +38 ct, re-centred); offline gate: as read 5.35 Hz ±49 r 0.32
   prod   Tuner in tune 31% stability ≥75 20% (mean 58) of 90/114 | Stay in Key in key 81% of 93/112 (result 82%)
   prod   Pitch Match int 92/84 pro 74/75 | Drills 83/92/93/93/82 | RTF in tune 69% steady 13% of 113/114 voiced frames (In tune×78, Sharp (+18ct)×3, Flat (-14ct)×2) | Choir World held ✓✓ median 2/0 ct, report pitch 80/84 in tune 136/159, 137/158

== V6: vibrato-2961@630 centred — target 49 (sung -27 ct, re-centred); offline gate: vibrato 5.28 Hz ±52 r 0.55
   prod   Tuner in tune 50% stability ≥75 77% (mean 79) of 114/114 | Stay in Key in key 100% of 112/113 (result 98%)
   prod   Pitch Match int 94/92 pro 89/91 | Drills 93/93/94/93/94 | RTF in tune 83% steady 73% of 115/115 voiced frames (In tune×96, Flat (-20ct)×4, Sharp (+19ct)×2) | Choir World held ✓✓ median -2/1 ct, report pitch 92/92 in tune 180/180, 179/183

== S1: straight-625@3246 centred — target 69 (sung -14 ct, re-centred); offline gate: as read 5.31 Hz ±9 r 0.39
   prod   Tuner in tune 80% stability ≥75 88% (mean 85) of 113/113 | Stay in Key in key 100% of 113/113 (result 100%)
   prod   Pitch Match int 97/96 pro 98/94 | Drills 99/98/98/98/98 | RTF in tune 85% steady 76% of 114/114 voiced frames (In tune×97, Sharp (+10ct)×3, Flat (-11ct)×2) | Choir World held ✓✓ median 0/0 ct, report pitch 96/98 in tune 192/192, 192/192

== S2: straight-286@630 centred — target 60 (sung +32 ct, re-centred); offline gate: as read 4.85 Hz ±19 r 0.26
   prod   Tuner in tune 75% stability ≥75 72% (mean 79) of 114/114 | Stay in Key in key 96% of 113/113 (result 96%)
   prod   Pitch Match int 91/96 pro 95/80 | Drills 95/88/97/89/96 | RTF in tune 82% steady 8% of 114/114 voiced frames (In tune×94, Sharp (+12ct)×2, Flat (-10ct)×2) | Choir World held ✓✓ median 0/1 ct, report pitch 90/97 in tune 170/177, 183/183

== W1: V1 (real vibrato) sung 60 ct sharp — target 69 (sung -1 ct, re-centred, then +60); offline gate: vibrato 6.16 Hz ±66 r 0.83
   prod   Tuner in tune 2% stability ≥75 1% (mean 8) of 90/113 | Stay in Key in key 3% of 90/114 (result 6%)
   prod   Pitch Match int 66/66 pro 53/46 | Drills 68/68/73/68/68 | RTF in tune 7% steady 13% of 92/114 voiced frames (Listening…×22, Sharp (+46ct)×8, In tune×6) | Choir World held ✓✓ median 49/50 ct, report pitch 67/70 in tune 81/155, 73/155

== W5: V1 (real vibrato) sung 80 ct sharp — target 69 (sung -1 ct, re-centred, then +80); offline gate: vibrato 6.16 Hz ±66 r 0.83
   prod   Tuner in tune 9% stability ≥75 55% (mean 61) of 95/115 | Stay in Key in key 0% of 93/114 (result 2%)
   prod   Pitch Match int 54/53 pro 29/27 | Drills 56/54/60/58/56 | RTF in tune 22% steady 29% of 97/116 voiced frames (In tune×21, Listening…×19, Flat (-44ct)×6) | Choir World held ✗✗ median 71/68 ct, report pitch 55/56 in tune 6/154, 5/153

== W2: S1 (real straight) sung 40 ct sharp — target 69 (sung -14 ct, re-centred, then +40); offline gate: as read 5.31 Hz ±9 r 0.39
   prod   Tuner in tune 0% stability ≥75 54% (mean 61) of 114/114 | Stay in Key in key 12% of 114/114 (result 17%)
   prod   Pitch Match int 76/77 pro 62/66 | Drills 76/76/76/76/76 | RTF in tune 0% steady 22% of 116/116 voiced frames (Sharp (+42ct)×18, Sharp (+43ct)×15, Sharp (+41ct)×13) | Choir World held ✓✓ median 40/40 ct, report pitch 76/76 in tune 165/192, 163/192

== W3: S1 with a slow ±60 ct wander at 0.8 Hz — target 69 (sung -14 ct, re-centred); offline gate: as read 5.31 Hz ±9 r 0.39
   prod   Tuner in tune 4% stability ≥75 2% (mean 12) of 112/112 | Stay in Key in key 32% of 114/114 (result 36%)
   prod   Pitch Match int 78/76 pro 62/65 | Drills 78/78/77/76/77 | RTF in tune 9% steady 0% of 114/114 voiced frames (In tune×10, Flat (-45ct)×6, Sharp (+48ct)×4) | Choir World held ✓✓ median 4/6 ct, report pitch 76/77 in tune 117/192, 129/192

== W4: S1 with an 11 Hz ±40 ct flutter — target 69 (sung -14 ct, re-centred); offline gate: as read 5.31 Hz ±9 r 0.39
   prod   Tuner in tune 4% stability ≥75 0% (mean 22) of 114/114 | Stay in Key in key 82% of 114/114 (result 80%)
   prod   Pitch Match int 86/86 pro 80/79 | Drills 88/89/89/89/88 | RTF in tune 21% steady 0% of 115/115 voiced frames (In tune×24, Flat (-12ct)×6, Flat (-26ct)×5) | Choir World held ✓✓ median 8/8 ct, report pitch 85/85 in tune 180/181, 183/183

== N1: S1 sung 20 ct flat, irregular ±12 ct (RMS) unsteadiness — target 69 (sung -14 ct, re-centred, then -20); offline gate: as read 5.31 Hz ±9 r 0.39
   prod   Tuner in tune 4% stability ≥75 63% (mean 77) of 114/114 | Stay in Key in key 96% of 114/114 (result 97%)
   prod   Pitch Match int 88/86 pro 82/83 | Drills 90/89/90/89/89 | RTF in tune 0% steady 22% of 115/115 voiced frames (Flat (-20ct)×13, Flat (-24ct)×11, Flat (-18ct)×10) | Choir World held ✓✓ median -18/-20 ct, report pitch 89/88 in tune 192/192, 190/192

== N2: S2 sung 25 ct sharp, irregular ±18 ct (RMS) unsteadiness — target 60 (sung +32 ct, re-centred, then +25); offline gate: as read 4.85 Hz ±19 r 0.26
   prod   Tuner in tune 2% stability ≥75 74% (mean 71) of 114/114 | Stay in Key in key 70% of 114/114 (result 70%)
   prod   Pitch Match int 82/84 pro 73/64 | Drills 87/81/84/80/84 | RTF in tune 9% steady 21% of 116/116 voiced frames (In tune×10, Sharp (+32ct)×8, Sharp (+27ct)×7) | Choir World held ✓✓ median 28/24 ct, report pitch 81/83 in tune 175/192, 162/192

== N3: V3 (real vibrato ±91 ct) sung 25 ct flat — target 69 (sung +27 ct, re-centred, then -25); offline gate: vibrato 4.74 Hz ±91 r 0.98
   prod   Tuner in tune 0% stability ≥75 100% (mean 84) of 115/115 | Stay in Key in key 84% of 114/114 (result 80%)
   prod   Pitch Match int 84/82 pro 73/73 | Drills 84/85/83/84/85 | RTF in tune 20% steady 97% of 116/116 voiced frames (In tune×23, Flat (-25ct)×11, Flat (-24ct)×11) | Choir World held ✓✓ median -23/-23 ct, report pitch 86/85 in tune 185/192, 176/192

== N4: S2 sung 45 ct sharp, irregular ±18 ct (RMS) unsteadiness — target 60 (sung +32 ct, re-centred, then +45); offline gate: as read 4.85 Hz ±19 r 0.26
   prod   Tuner in tune 1% stability ≥75 6% (mean 13) of 113/113 | Stay in Key in key 5% of 113/113 (result 12%)
   prod   Pitch Match int 70/69 pro 59/47 | Drills 73/69/74/74/75 | RTF in tune 1% steady 9% of 116/116 voiced frames (Sharp (+40ct)×10, Sharp (+46ct)×9, Sharp (+45ct)×8) | Choir World held ✓✓ median 48/48 ct, report pitch 70/72 in tune 104/192, 110/192
   note: V5 (real vibrato read as irregular) pmInt: 88
   note: V5 (real vibrato read as irregular) pmPro: 75
   note: V5 (real vibrato read as irregular) drills: 89
   note: V5 (real vibrato read as irregular) cwPitch: 82
   note: W1 sits at ~null ct, next to Choir World's ±50 line: held true,true (median 49,50)

==== Tuner / Stay in Key (measured, not checked)
   V1  vibrato           Tuner in tune 14%, stability ≥75 57% | Stay in Key in key 94%
   V2  vibrato           Tuner in tune 40%, stability ≥75 28% | Stay in Key in key 73%
   V3  vibrato           Tuner in tune 67%, stability ≥75 100% | Stay in Key in key 99%
   V4  vibrato           Tuner in tune 75%, stability ≥75 94% | Stay in Key in key 100%
   V5  vibrato-irregular Tuner in tune 31%, stability ≥75 20% | Stay in Key in key 81%
   V6  vibrato           Tuner in tune 50%, stability ≥75 77% | Stay in Key in key 100%
   S1  straight          Tuner in tune 80%, stability ≥75 88% | Stay in Key in key 100%
   S2  straight          Tuner in tune 75%, stability ≥75 72% | Stay in Key in key 96%
   W1  wrong             Tuner in tune 2%, stability ≥75 1% | Stay in Key in key 3%
   W5  wrong             Tuner in tune 9%, stability ≥75 55% | Stay in Key in key 0%
   W2  wrong             Tuner in tune 0%, stability ≥75 54% | Stay in Key in key 12%
   W3  wander            Tuner in tune 4%, stability ≥75 2% | Stay in Key in key 32%
   W4  flutter           Tuner in tune 4%, stability ≥75 0% | Stay in Key in key 82%
   N1  unsteady          Tuner in tune 4%, stability ≥75 63% | Stay in Key in key 96%
   N2  unsteady          Tuner in tune 2%, stability ≥75 74% | Stay in Key in key 70%
   N3  wrong             Tuner in tune 0%, stability ≥75 100% | Stay in Key in key 84%
   N4  unsteady          Tuner in tune 1%, stability ≥75 6% | Stay in Key in key 5%

==== VERDICT: 68 passed, 3 failed
FAIL V1 vibrato pmPro: 76 (straight notes 92; must be within 8)
FAIL V1 vibrato RTF rtfInTune: 59% (straight notes 84%; must be within 20)
FAIL W4 flutter drills: 89 (straight notes 96; must stay ≥10 below)
pass V1 vibrato pmInt: 91 (straight notes 96; must be within 8)
pass V1 vibrato drills: 91 (straight notes 96; must be within 8)
pass V1 vibrato cwPitch: 92 (straight notes 96; must be within 8)
pass V1 vibrato RTF rtfSteady: 38% (straight notes 42%; must be within 20)
pass V1 vibrato Choir World held: true
pass V2 vibrato pmInt: 92 (straight notes 96; must be within 8)
pass V2 vibrato pmPro: 89 (straight notes 92; must be within 8)
pass V2 vibrato drills: 93 (straight notes 96; must be within 8)
pass V2 vibrato cwPitch: 94 (straight notes 96; must be within 8)
pass V2 vibrato RTF rtfInTune: 85% (straight notes 84%; must be within 20)
pass V2 vibrato RTF rtfSteady: 48% (straight notes 42%; must be within 20)
pass V2 vibrato Choir World held: true
pass V3 vibrato pmInt: 94 (straight notes 96; must be within 8)
pass V3 vibrato pmPro: 93 (straight notes 92; must be within 8)
pass V3 vibrato drills: 96 (straight notes 96; must be within 8)
pass V3 vibrato cwPitch: 95 (straight notes 96; must be within 8)
pass V3 vibrato RTF rtfInTune: 100% (straight notes 84%; must be within 20)
pass V3 vibrato RTF rtfSteady: 95% (straight notes 42%; must be within 20)
pass V3 vibrato Choir World held: true
pass V4 vibrato pmInt: 96 (straight notes 96; must be within 8)
pass V4 vibrato pmPro: 94 (straight notes 92; must be within 8)
pass V4 vibrato drills: 96 (straight notes 96; must be within 8)
pass V4 vibrato cwPitch: 96 (straight notes 96; must be within 8)
pass V4 vibrato RTF rtfInTune: 95% (straight notes 84%; must be within 20)
pass V4 vibrato RTF rtfSteady: 95% (straight notes 42%; must be within 20)
pass V4 vibrato Choir World held: true
pass V6 vibrato pmInt: 93 (straight notes 96; must be within 8)
pass V6 vibrato pmPro: 90 (straight notes 92; must be within 8)
pass V6 vibrato drills: 93 (straight notes 96; must be within 8)
pass V6 vibrato cwPitch: 92 (straight notes 96; must be within 8)
pass V6 vibrato RTF rtfInTune: 83% (straight notes 84%; must be within 20)
pass V6 vibrato RTF rtfSteady: 73% (straight notes 42%; must be within 20)
pass V6 vibrato Choir World held: true
pass S1 straight Choir World held: true
pass S2 straight Choir World held: true
pass W1 wrong pmInt: 66 (straight notes 96; must stay ≥10 below)
pass W1 wrong pmPro: 50 (straight notes 92; must stay ≥10 below)
pass W1 wrong drills: 69 (straight notes 96; must stay ≥10 below)
pass W1 wrong cwPitch: 69 (straight notes 96; must stay ≥10 below)
pass W5 wrong pmInt: 54 (straight notes 96; must stay ≥10 below)
pass W5 wrong pmPro: 28 (straight notes 92; must stay ≥10 below)
pass W5 wrong drills: 57 (straight notes 96; must stay ≥10 below)
pass W5 wrong cwPitch: 56 (straight notes 96; must stay ≥10 below)
pass W5 V1 (real vibrato) sung 80 ct sharp Choir World held: false,false (must fail: past the ±50 tolerance)
pass W2 wrong pmInt: 77 (straight notes 96; must stay ≥10 below)
pass W2 wrong pmPro: 64 (straight notes 92; must stay ≥10 below)
pass W2 wrong drills: 76 (straight notes 96; must stay ≥10 below)
pass W2 wrong cwPitch: 76 (straight notes 96; must stay ≥10 below)
pass W3 wander pmInt: 77 (straight notes 96; must stay ≥10 below)
pass W3 wander pmPro: 64 (straight notes 92; must stay ≥10 below)
pass W3 wander drills: 77 (straight notes 96; must stay ≥10 below)
pass W3 wander cwPitch: 77 (straight notes 96; must stay ≥10 below)
pass W3 S1 with a slow ±60 ct wander at 0.8 Hz RTF "Steady": 0% (wobbly, no vibrato: must read Steady on ≤25% of voiced frames)
pass W4 flutter pmInt: 86 (straight notes 96; must stay ≥10 below)
pass W4 flutter pmPro: 80 (straight notes 92; must stay ≥10 below)
pass W4 flutter cwPitch: 85 (straight notes 96; must stay ≥10 below)
pass W4 S1 with an 11 Hz ±40 ct flutter RTF "Steady": 0% (wobbly, no vibrato: must read Steady on ≤25% of voiced frames)
pass N1 S1 sung 20 ct flat, irregular ±12 ct (RMS) unsteadiness RTF "In tune": 0% (off pitch past the window: must read in tune ≤25% of voiced frames)
pass N1 S1 sung 20 ct flat, irregular ±12 ct (RMS) unsteadiness RTF "Steady": 22% (wobbly, no vibrato: must read Steady on ≤25% of voiced frames)
pass N2 S2 sung 25 ct sharp, irregular ±18 ct (RMS) unsteadiness RTF "In tune": 9% (off pitch past the window: must read in tune ≤25% of voiced frames)
pass N2 S2 sung 25 ct sharp, irregular ±18 ct (RMS) unsteadiness RTF "Steady": 21% (wobbly, no vibrato: must read Steady on ≤25% of voiced frames)
pass N3 wrong pmInt: 83 (straight notes 96; must stay ≥10 below)
pass N3 wrong pmPro: 73 (straight notes 92; must stay ≥10 below)
pass N3 wrong drills: 84 (straight notes 96; must stay ≥10 below)
pass N3 wrong cwPitch: 86 (straight notes 96; must stay ≥10 below)
pass N3 V3 (real vibrato ±91 ct) sung 25 ct flat RTF "In tune": 20% (off pitch past the window: must read in tune ≤25% of voiced frames)
pass N4 S2 sung 45 ct sharp, irregular ±18 ct (RMS) unsteadiness RTF "In tune": 1% (off pitch past the window: must read in tune ≤25% of voiced frames)
pass N4 S2 sung 45 ct sharp, irregular ±18 ct (RMS) unsteadiness RTF "Steady": 9% (wobbly, no vibrato: must read Steady on ≤25% of voiced frames)

log: /Users/alegramusenge/Documents/voxcoach-app/scripts/vq-verify/logs/vibfix-prod-2026-10-02T16-34-08.log  json: /Users/alegramusenge/Documents/voxcoach-app/scripts/vq-verify/logs/vibfix-prod-2026-10-02T16-34-08.json
