vibfix 2026-09-30T09-19-29  sides: before, after  before: HEAD

== V1: vibrato-628@2896 centred — target 69 (sung -1 ct, re-centred); offline gate: vibrato 6.16 Hz ±66 r 0.83
   before Pitch Match int 75/70 pro 67/62 | Drills 75/76/77/77/77 | RTF in tune 22% steady 0% of 85/107 voiced frames (Listening…×22, In tune×19, Sharp (+32ct)×3) | Choir World held ✓✓ median -3/-2 ct, report pitch 78/77 in tune 112/153, 108/155
   after  Pitch Match int 93/74 pro 88/83 | Drills 91/91/90/91/91 | RTF in tune 56% steady 40% of 90/112 voiced frames (In tune×50, Listening…×22, Flat (-23ct)×7) | Choir World held ✓✓ median -10/-9 ct, report pitch 92/91 in tune 151/153, 173/173

== V2: vibrato-3131@8046 centred — target 49 (sung -32 ct, re-centred); offline gate: vibrato 5.07 Hz ±106 r 0.94
   before Pitch Match int 62/61 pro 40/42 | Drills 64/61/63/64/62 | RTF in tune 20% steady 0% of 96/112 voiced frames (In tune×19, Listening…×16, Sharp (+32ct)×4) | Choir World held ✓✓ median 9/8 ct, report pitch 53/43 in tune 54/146, 61/168
   after  Pitch Match int 92/92 pro 90/91 | Drills 93/93/93/94/93 | RTF in tune 81% steady 43% of 96/112 voiced frames (In tune×78, Listening…×16, Sharp (+43ct)×2) | Choir World held ✓✓ median 4/7 ct, report pitch 94/93 in tune 146/146, 169/169

== V3: vibrato-1154@4013 centred — target 69 (sung +27 ct, re-centred); offline gate: vibrato 4.74 Hz ±91 r 0.98
   before Pitch Match int 63/64 pro 44/44 | Drills 68/67/67/67/68 | RTF in tune 22% steady 0% of 111/111 voiced frames (In tune×24, Sharp (+15ct)×4, Sharp (+19ct)×4) | Choir World held ✓✓ median -1/-11 ct, report pitch 60/64 in tune 70/192, 76/192
   after  Pitch Match int 95/94 pro 94/91 | Drills 95/95/95/95/95 | RTF in tune 100% steady 100% of 112/112 voiced frames (In tune×112) | Choir World held ✓✓ median 5/2 ct, report pitch 95/95 in tune 192/192, 192/192

== V4: vibrato-772@4946 centred — target 67 (sung +24 ct, re-centred); offline gate: vibrato 5.28 Hz ±90 r 0.98
   before Pitch Match int 62/62 pro 44/43 | Drills 65/65/64/64/64 | RTF in tune 14% steady 0% of 112/112 voiced frames (In tune×16, Sharp (+33ct)×4, Sharp (+20ct)×4) | Choir World held ✓✓ median -14/-11 ct, report pitch 59/60 in tune 54/192, 63/192
   after  Pitch Match int 96/95 pro 94/93 | Drills 96/96/96/96/93 | RTF in tune 94% steady 100% of 112/112 voiced frames (In tune×105, Flat (-22ct)×4, Flat (-23ct)×2) | Choir World held ✓✓ median -2/-2 ct, report pitch 95/95 in tune 191/192, 192/192

== V5: vibrato-2417@7396 centred — target 52 (sung +38 ct, re-centred); offline gate: as read 5.35 Hz ±49 r 0.32
   before Pitch Match int 80/82 pro 74/72 | Drills 83/82/83/83/83 | RTF in tune 29% steady 0% of 113/113 voiced frames (In tune×33, Sharp (+23ct)×4, Flat (-19ct)×3) | Choir World held ✓✓ median 0/-3 ct, report pitch 81/79 in tune 136/164, 127/153
   after  Pitch Match int 79/83 pro 74/72 | Drills 84/92/83/92/84 | RTF in tune 65% steady 28% of 112/112 voiced frames (In tune×73, Sharp (+17ct)×6, Sharp (+19ct)×3) | Choir World held ✓✓ median -4/0 ct, report pitch 91/83 in tune 158/164, 130/155

== V6: vibrato-2961@630 centred — target 49 (sung -27 ct, re-centred); offline gate: vibrato 5.28 Hz ±52 r 0.55
   before Pitch Match int 81/79 pro 71/76 | Drills 79/84/80/83/79 | RTF in tune 24% steady 0% of 113/113 voiced frames (In tune×27, Sharp (+31ct)×4, Flat (-32ct)×4) | Choir World held ✓✓ median -4/-4 ct, report pitch 79/83 in tune 160/192, 171/192
   after  Pitch Match int 94/94 pro 88/91 | Drills 91/94/92/93/92 | RTF in tune 84% steady 70% of 111/111 voiced frames (In tune×93, Flat (-19ct)×3, Sharp (+18ct)×2) | Choir World held ✓✓ median 0/-1 ct, report pitch 93/94 in tune 192/192, 188/192

== S1: straight-625@3246 centred — target 69 (sung -14 ct, re-centred); offline gate: as read 5.31 Hz ±9 r 0.39
   before Pitch Match int 96/96 pro 94/95 | Drills 97/96/96/96/97 | RTF in tune 79% steady 76% of 107/107 voiced frames (In tune×84, Flat (-13ct)×4, Sharp (+12ct)×4) | Choir World held ✓✓ median 1/0 ct, report pitch 96/96 in tune 192/192, 192/192
   after  Pitch Match int 96/96 pro 98/94 | Drills 98/98/98/98/98 | RTF in tune 88% steady 92% of 106/106 voiced frames (In tune×93, Sharp (+9ct)×3, Flat (-14ct)×2) | Choir World held ✓✓ median 0/0 ct, report pitch 98/96 in tune 192/192, 188/188

== S2: straight-286@630 centred — target 60 (sung +32 ct, re-centred); offline gate: as read 4.85 Hz ±19 r 0.26
   PAGE LOAD ERRORS (before, attempt 1): ["load failed: https://fonts.googleapis.com/css2?family=Fraunces:opsz,wght@9..144,400;9..144,500;9..144,600&family=Space+Mono:wght@400;700&family=Inter:wght@400;500;600;700&display=swap (net::ERR_INTERNET_DISCONNECTED)","load failed: https://cdnjs.cloudflare.com/ajax/libs/html2canvas/1.4.1/html2canvas.min.js (net::ERR_INTERNET_DISCONNECTED)","load failed: https://cdn.jsdelivr.net/npm/@supabase/supabase-js@2.45.4/dist/umd/supabase.js (net::ERR_INTERNET_DISCONNECTED)","TypeError: Cannot read properties of undefined (reading 'createClient')"]
   offline — waiting for the network (up to 30 min)
   before Pitch Match int 90/94 pro 91/79 | Drills 94/90/94/88/95 | RTF in tune 46% steady 7% of 113/113 voiced frames (In tune×52, Sharp (+12ct)×4, Flat (-11ct)×4) | Choir World held ✓✓ median -1/1 ct, report pitch 95/90 in tune 192/192, 187/192
   after  Pitch Match int 90/96 pro 95/79 | Drills 96/89/97/87/95 | RTF in tune 81% steady 68% of 111/111 voiced frames (In tune×90, Sharp (+26ct)×3, Sharp (+16ct)×3) | Choir World held ✓✓ median 1/1 ct, report pitch 97/90 in tune 192/192, 185/192

== W1: V1 (real vibrato) sung 60 ct sharp — target 69 (sung -1 ct, re-centred, then +60); offline gate: vibrato 6.16 Hz ±66 r 0.83
   before Pitch Match int 61/58 pro 49/30 | Drills 60/63/65/69/66 | RTF in tune 17% steady 0% of 98/113 voiced frames (In tune×17, Listening…×15, Flat (-14ct)×4) | Choir World held ✗✗ median 56/61 ct, report pitch 64/63 in tune 70/156, 64/153
   after  Pitch Match int 63/64 pro 49/43 | Drills 60/68/67/73/68 | RTF in tune 9% steady 10% of 99/112 voiced frames (Listening…×13, In tune×9, Sharp (+36ct)×8) | Choir World held ✗✓ median 51/49 ct, report pitch 66/68 in tune 63/155, 81/152

== W5: V1 (real vibrato) sung 80 ct sharp — target 69 (sung -1 ct, re-centred, then +80); offline gate: vibrato 6.16 Hz ±66 r 0.83
   before Pitch Match int 51/50 pro 31/26 | Drills 50/56/55/59/60 | RTF in tune 23% steady 0% of 102/113 voiced frames (In tune×23, Listening…×11, Flat (-16ct)×5) | Choir World held ✗✗ median 81/84 ct, report pitch 53/53 in tune 44/152, 44/157
   after  Pitch Match int 53/51 pro 32/24 | Drills 48/54/55/58/59 | RTF in tune 18% steady 48% of 101/111 voiced frames (In tune×18, Listening…×10, Flat (-45ct)×6) | Choir World held ✗✗ median 71/71 ct, report pitch 55/54 in tune 6/155, 4/156

== W2: S1 (real straight) sung 40 ct sharp — target 69 (sung -14 ct, re-centred, then +40); offline gate: as read 5.31 Hz ±9 r 0.39
   PAGE LOAD ERRORS (before, attempt 1): ["load failed: https://fonts.googleapis.com/css2?family=Fraunces:opsz,wght@9..144,400;9..144,500;9..144,600&family=Space+Mono:wght@400;700&family=Inter:wght@400;500;600;700&display=swap (net::ERR_NAME_NOT_RESOLVED)","load failed: https://cdn.jsdelivr.net/npm/@supabase/supabase-js@2.45.4/dist/umd/supabase.js (net::ERR_NAME_NOT_RESOLVED)","load failed: https://cdnjs.cloudflare.com/ajax/libs/html2canvas/1.4.1/html2canvas.min.js (net::ERR_NAME_NOT_RESOLVED)","TypeError: Cannot read properties of undefined (reading 'createClient')"]
   offline — waiting for the network (up to 30 min)
   before Pitch Match int 75/77 pro 62/65 | Drills 75/75/75/75/75 | RTF in tune 0% steady 23% of 110/110 voiced frames (Sharp (+45ct)×10, Sharp (+43ct)×9, Sharp (+39ct)×7) | Choir World held ✓✓ median 41/40 ct, report pitch 75/75 in tune 157/192, 159/192
   after  Pitch Match int 76/77 pro 62/65 | Drills 75/75/75/75/75 | RTF in tune 0% steady 51% of 112/112 voiced frames (Sharp (+42ct)×23, Sharp (+44ct)×14, Sharp (+43ct)×12) | Choir World held ✓✓ median 42/40 ct, report pitch 75/75 in tune 157/192, 158/192

== W3: S1 with a slow ±60 ct wander at 0.8 Hz — target 69 (sung -14 ct, re-centred); offline gate: as read 5.31 Hz ±9 r 0.39
   before Pitch Match int 78/78 pro 62/65 | Drills 77/76/77/78/77 | RTF in tune 8% steady 0% of 110/110 voiced frames (In tune×9, Flat (-48ct)×6, Sharp (+43ct)×5) | Choir World held ✓✓ median 14/-1 ct, report pitch 75/76 in tune 114/192, 124/192
   after  Pitch Match int 77/77 pro 62/65 | Drills 77/76/77/78/77 | RTF in tune 10% steady 0% of 110/110 voiced frames (In tune×11, Sharp (+43ct)×6, Sharp (+40ct)×6) | Choir World held ✓✓ median 12/0 ct, report pitch 75/76 in tune 114/192, 123/192

== W4: S1 with an 11 Hz ±40 ct flutter — target 69 (sung -14 ct, re-centred); offline gate: as read 5.31 Hz ±9 r 0.39
   before Pitch Match int 86/85 pro 80/79 | Drills 89/88/89/89/89 | RTF in tune 25% steady 0% of 112/112 voiced frames (In tune×28, Sharp (+10ct)×4, Flat (-30ct)×4) | Choir World held ✓✓ median 6/8 ct, report pitch 86/86 in tune 192/192, 191/192
   after  Pitch Match int 86/87 pro 79/79 | Drills 88/89/88/89/89 | RTF in tune 17% steady 0% of 111/111 voiced frames (In tune×19, Sharp (+25ct)×6, Flat (-15ct)×4) | Choir World held ✓✓ median 7/8 ct, report pitch 86/85 in tune 192/192, 190/192

== N1: S1 sung 20 ct flat, irregular ±12 ct (RMS) unsteadiness — target 69 (sung -14 ct, re-centred, then -20); offline gate: as read 5.31 Hz ±9 r 0.39
   before Pitch Match int 88/87 pro 81/82 | Drills 90/89/88/89/89 | RTF in tune 17% steady 9% of 112/112 voiced frames (In tune×19, Flat (-18ct)×7, Flat (-14ct)×6) | Choir World held ✓✓ median -18/-22 ct, report pitch 88/87 in tune 188/192, 190/192
   after  Pitch Match int 89/87 pro 82/83 | Drills 89/90/88/89/89 | RTF in tune 4% steady 71% of 112/112 voiced frames (Flat (-16ct)×13, Flat (-15ct)×12, Flat (-18ct)×10) | Choir World held ✓✓ median -18/-18 ct, report pitch 88/89 in tune 186/192, 192/192

== N2: S2 sung 25 ct sharp, irregular ±18 ct (RMS) unsteadiness — target 60 (sung +32 ct, re-centred, then +25); offline gate: as read 4.85 Hz ±19 r 0.26
   before Pitch Match int 82/83 pro 71/65 | Drills 85/80/84/80/84 | RTF in tune 14% steady 0% of 112/112 voiced frames (In tune×16, Sharp (+38ct)×5, Sharp (+20ct)×4) | Choir World held ✓✓ median 23/28 ct, report pitch 83/81 in tune 160/192, 157/192
   after  Pitch Match int 82/84 pro 73/64 | Drills 85/80/85/81/85 | RTF in tune 9% steady 33% of 112/112 voiced frames (In tune×10, Sharp (+27ct)×7, Sharp (+25ct)×5) | Choir World held ✓✓ median 23/27 ct, report pitch 83/81 in tune 159/192, 160/192

== N3: V3 (real vibrato ±91 ct) sung 25 ct flat — target 69 (sung +27 ct, re-centred, then -25); offline gate: vibrato 4.74 Hz ±91 r 0.98
   before Pitch Match int 60/62 pro 43/41 | Drills 65/65/65/65/65 | RTF in tune 15% steady 0% of 110/110 voiced frames (In tune×16, Flat (-37ct)×4, Flat (-15ct)×4) | Choir World held ✓✓ median -29/-25 ct, report pitch 57/60 in tune 68/192, 68/192
   after  Pitch Match int 86/83 pro 74/76 | Drills 85/85/85/85/85 | RTF in tune 19% steady 100% of 107/107 voiced frames (In tune×20, Flat (-26ct)×11, Flat (-22ct)×10) | Choir World held ✓✓ median -24/-24 ct, report pitch 85/84 in tune 184/192, 177/192
   note: V5 (real vibrato read as irregular) pmInt: 81 → 81
   note: V5 (real vibrato read as irregular) pmPro: 73 → 73
   note: V5 (real vibrato read as irregular) drills: 83 → 87
   note: V5 (real vibrato read as irregular) cwPitch: 80 → 87
   note: W1 sits at ~59 ct, next to Choir World's ±50 line: held false,true (median 51,49)

==== VERDICT: 88 passed, 4 failed
FAIL V1 vibrato pmInt: 73 → 84 (straight notes 95; must be within 8 and up ≥3)
FAIL V1 vibrato RTF rtfInTune: 22% → 56% (straight notes 85%; must be within 20 and up ≥20)
FAIL V1 vibrato RTF rtfSteady: 0% → 40% (straight notes 80%; must be within 20 and up ≥20)
FAIL V2 vibrato RTF rtfSteady: 0% → 43% (straight notes 80%; must be within 20 and up ≥20)
pass V1 vibrato pmPro: 65 → 86 (straight notes 92; must be within 8 and up ≥3)
pass V1 vibrato drills: 76 → 91 (straight notes 96; must be within 8 and up ≥3)
pass V1 vibrato cwPitch: 78 → 92 (straight notes 96; must be within 8 and up ≥3)
pass V1 vibrato Choir World held: true
pass V2 vibrato pmInt: 62 → 92 (straight notes 95; must be within 8 and up ≥3)
pass V2 vibrato pmPro: 41 → 91 (straight notes 92; must be within 8 and up ≥3)
pass V2 vibrato drills: 63 → 93 (straight notes 96; must be within 8 and up ≥3)
pass V2 vibrato cwPitch: 48 → 94 (straight notes 96; must be within 8 and up ≥3)
pass V2 vibrato RTF rtfInTune: 20% → 81% (straight notes 85%; must be within 20 and up ≥20)
pass V2 vibrato Choir World held: true
pass V3 vibrato pmInt: 64 → 95 (straight notes 95; must be within 8 and up ≥3)
pass V3 vibrato pmPro: 44 → 93 (straight notes 92; must be within 8 and up ≥3)
pass V3 vibrato drills: 67 → 95 (straight notes 96; must be within 8 and up ≥3)
pass V3 vibrato cwPitch: 62 → 95 (straight notes 96; must be within 8 and up ≥3)
pass V3 vibrato RTF rtfInTune: 22% → 100% (straight notes 85%; must be within 20 and up ≥20)
pass V3 vibrato RTF rtfSteady: 0% → 100% (straight notes 80%; must be within 20 and up ≥20)
pass V3 vibrato Choir World held: true
pass V4 vibrato pmInt: 62 → 96 (straight notes 95; must be within 8 and up ≥3)
pass V4 vibrato pmPro: 44 → 94 (straight notes 92; must be within 8 and up ≥3)
pass V4 vibrato drills: 64 → 95 (straight notes 96; must be within 8 and up ≥3)
pass V4 vibrato cwPitch: 60 → 95 (straight notes 96; must be within 8 and up ≥3)
pass V4 vibrato RTF rtfInTune: 14% → 94% (straight notes 85%; must be within 20 and up ≥20)
pass V4 vibrato RTF rtfSteady: 0% → 100% (straight notes 80%; must be within 20 and up ≥20)
pass V4 vibrato Choir World held: true
pass V6 vibrato pmInt: 80 → 94 (straight notes 95; must be within 8 and up ≥3)
pass V6 vibrato pmPro: 74 → 90 (straight notes 92; must be within 8 and up ≥3)
pass V6 vibrato drills: 81 → 92 (straight notes 96; must be within 8 and up ≥3)
pass V6 vibrato cwPitch: 81 → 94 (straight notes 96; must be within 8 and up ≥3)
pass V6 vibrato RTF rtfInTune: 24% → 84% (straight notes 85%; must be within 20 and up ≥20)
pass V6 vibrato RTF rtfSteady: 0% → 70% (straight notes 80%; must be within 20 and up ≥20)
pass V6 vibrato Choir World held: true
pass S1 straight pmInt: 96 → 96 (must not move more than 3)
pass S1 straight pmPro: 95 → 96 (must not move more than 3)
pass S1 straight drills: 96 → 98 (must not move more than 3)
pass S1 straight cwPitch: 96 → 97 (must not move more than 3)
pass S1 straight RTF rtfInTune: 79% → 88% (must not drop >10)
pass S1 straight RTF rtfSteady: 76% → 92% (must not drop >10)
pass S1 straight Choir World held: true
pass S2 straight pmInt: 92 → 93 (must not move more than 3)
pass S2 straight pmPro: 85 → 87 (must not move more than 3)
pass S2 straight drills: 92 → 93 (must not move more than 3)
pass S2 straight cwPitch: 93 → 94 (must not move more than 3)
pass S2 straight RTF rtfInTune: 46% → 81% (must not drop >10)
pass S2 straight RTF rtfSteady: 7% → 68% (must not drop >10)
pass S2 straight Choir World held: true
pass W1 V1 (real vibrato) sung 60 ct sharp pmInt: 60 → 64 (a straight note 59 ct off scores 65; must be within 6 of that and ≥10 below the straight notes 95)
pass W1 V1 (real vibrato) sung 60 ct sharp pmPro: 40 → 46 (a straight note 59 ct off scores 47; must be within 6 of that and ≥10 below the straight notes 92)
pass W1 V1 (real vibrato) sung 60 ct sharp drills: 65 → 67 (a straight note 59 ct off scores 65; must be within 6 of that and ≥10 below the straight notes 96)
pass W1 V1 (real vibrato) sung 60 ct sharp cwPitch: 64 → 67 (a straight note 59 ct off scores 65; must be within 6 of that and ≥10 below the straight notes 96)
pass W1 wrong RTF "In tune": 17% → 9% (must not rise >5)
pass W5 V1 (real vibrato) sung 80 ct sharp pmInt: 51 → 52 (a straight note 83 ct off scores 50; must be within 6 of that and ≥10 below the straight notes 95)
pass W5 V1 (real vibrato) sung 80 ct sharp pmPro: 29 → 28 (a straight note 83 ct off scores 25; must be within 6 of that and ≥10 below the straight notes 92)
pass W5 V1 (real vibrato) sung 80 ct sharp drills: 56 → 55 (a straight note 83 ct off scores 50; must be within 6 of that and ≥10 below the straight notes 96)
pass W5 V1 (real vibrato) sung 80 ct sharp cwPitch: 53 → 55 (a straight note 83 ct off scores 50; must be within 6 of that and ≥10 below the straight notes 96)
pass W5 wrong RTF "In tune": 23% → 18% (must not rise >5)
pass W5 V1 (real vibrato) sung 80 ct sharp Choir World held: false,false (must fail: past the ±50 tolerance)
pass W2 wrong pmInt: 76 → 77 (no vibrato in it: must not rise more than 3)
pass W2 wrong pmPro: 64 → 64 (no vibrato in it: must not rise more than 3)
pass W2 wrong drills: 75 → 75 (no vibrato in it: must not rise more than 3)
pass W2 wrong cwPitch: 75 → 75 (no vibrato in it: must not rise more than 3)
pass W2 wrong RTF "In tune": 0% → 0% (must not rise >5)
pass W3 wander pmInt: 78 → 77 (no vibrato in it: must not rise more than 3)
pass W3 wander pmPro: 64 → 64 (no vibrato in it: must not rise more than 3)
pass W3 wander drills: 77 → 77 (no vibrato in it: must not rise more than 3)
pass W3 wander cwPitch: 76 → 76 (no vibrato in it: must not rise more than 3)
pass W4 flutter pmInt: 86 → 87 (no vibrato in it: must not rise more than 3)
pass W4 flutter pmPro: 80 → 79 (no vibrato in it: must not rise more than 3)
pass W4 flutter drills: 89 → 89 (no vibrato in it: must not rise more than 3)
pass W4 flutter cwPitch: 86 → 86 (no vibrato in it: must not rise more than 3)
pass W4 flutter RTF "In tune": 25% → 17% (must not rise >5)
pass N1 unsteady pmInt: 88 → 88 (no vibrato in it: must not rise more than 3)
pass N1 unsteady pmPro: 82 → 83 (no vibrato in it: must not rise more than 3)
pass N1 unsteady drills: 89 → 89 (no vibrato in it: must not rise more than 3)
pass N1 unsteady cwPitch: 88 → 89 (no vibrato in it: must not rise more than 3)
pass N1 unsteady RTF "In tune": 17% → 4% (must not rise >5)
pass N1 S1 sung 20 ct flat, irregular ±12 ct (RMS) unsteadiness RTF "In tune": 17% → 4% (off pitch past the window: must read in tune ≤25% of voiced frames)
pass N2 unsteady pmInt: 83 → 83 (no vibrato in it: must not rise more than 3)
pass N2 unsteady pmPro: 68 → 69 (no vibrato in it: must not rise more than 3)
pass N2 unsteady drills: 83 → 83 (no vibrato in it: must not rise more than 3)
pass N2 unsteady cwPitch: 82 → 82 (no vibrato in it: must not rise more than 3)
pass N2 unsteady RTF "In tune": 14% → 9% (must not rise >5)
pass N2 S2 sung 25 ct sharp, irregular ±18 ct (RMS) unsteadiness RTF "In tune": 14% → 9% (off pitch past the window: must read in tune ≤25% of voiced frames)
pass N3 V3 (real vibrato ±91 ct) sung 25 ct flat pmInt: 61 → 85 (a straight note 27 ct off scores 84; must be within 6 of that)
pass N3 V3 (real vibrato ±91 ct) sung 25 ct flat pmPro: 42 → 75 (a straight note 27 ct off scores 76; must be within 6 of that)
pass N3 V3 (real vibrato ±91 ct) sung 25 ct flat drills: 65 → 85 (a straight note 27 ct off scores 84; must be within 6 of that)
pass N3 V3 (real vibrato ±91 ct) sung 25 ct flat cwPitch: 59 → 85 (a straight note 27 ct off scores 84; must be within 6 of that)
pass N3 wrong RTF "In tune": 15% → 19% (must not rise >5)
pass N3 V3 (real vibrato ±91 ct) sung 25 ct flat RTF "In tune": 15% → 19% (off pitch past the window: must read in tune ≤25% of voiced frames)

log: C:\Users\Alegra Kunda\OneDrive\Documents\voxcoach-app\scripts\vq-verify\logs\vibfix-local-2026-09-30T09-19-29.log  json: C:\Users\Alegra Kunda\OneDrive\Documents\voxcoach-app\scripts\vq-verify\logs\vibfix-local-2026-09-30T09-19-29.json
