vibfix 2026-09-30T10-18-05  sides: before, after  before: HEAD

== V1: vibrato-628@2896 centred — target 69 (sung -1 ct, re-centred); offline gate: vibrato 6.16 Hz ±66 r 0.83
   before Tuner in tune 18% stability ≥75 0% (mean 20) of 84/108 | Stay in Key in key 48% of 82/105 (result 50%)
   before Pitch Match int 74/71 pro 67/65 | Drills 76/75/76/77/76 | RTF in tune 22% steady 0% of 89/111 voiced frames (Listening…×22, In tune×20, Flat (-36ct)×2) | Choir World held ✓✓ median -1/-3 ct, report pitch 79/77 in tune 114/154, 105/157
   after  Tuner in tune 20% stability ≥75 56% (mean 68) of 86/110 | Stay in Key in key 93% of 85/108 (result 92%)
   after  Pitch Match int 91/91 pro 89/63 | Drills 91/91/91/91/91 | RTF in tune 61% steady 35% of 85/105 voiced frames (In tune×52, Listening…×20, Flat (-23ct)×5) | Choir World held ✓✓ median -11/-9 ct, report pitch 91/92 in tune 153/154, 161/161

== V2: vibrato-3131@8046 centred — target 49 (sung -32 ct, re-centred); offline gate: vibrato 5.07 Hz ±106 r 0.94
   before Tuner in tune 18% stability ≥75 0% (mean 20) of 98/112 | Stay in Key in key 23% of 91/105 (result 21%)
   before Pitch Match int 62/60 pro 39/43 | Drills 63/62/62/63/61 | RTF in tune 22% steady 0% of 93/108 voiced frames (In tune×20, Listening…×15, Flat (-20ct)×5) | Choir World held ✓✓ median -4/8 ct, report pitch 0/48 in tune 42/165, 58/157
   after  Tuner in tune 39% stability ≥75 40% (mean 59) of 97/113 | Stay in Key in key 69% of 95/111 (result 65%)
   after  Pitch Match int 94/92 pro 90/92 | Drills 95/93/94/93/93 | RTF in tune 76% steady 34% of 92/108 voiced frames (In tune×70, Listening…×16, Sharp (+26ct)×2) | Choir World held ✓✓ median 22/1 ct, report pitch 82/94 in tune 111/169, 145/145

== V3: vibrato-1154@4013 centred — target 69 (sung +27 ct, re-centred); offline gate: vibrato 4.74 Hz ±91 r 0.98
   before Tuner in tune 18% stability ≥75 0% (mean 17) of 109/111 | Stay in Key in key 25% of 106/106 (result 24%)
   before Pitch Match int 63/64 pro 43/44 | Drills 67/67/67/67/68 | RTF in tune 14% steady 0% of 106/106 voiced frames (In tune×15, Sharp (+11ct)×7, Flat (-24ct)×5) | Choir World held ✓✓ median 1/-6 ct, report pitch 61/59 in tune 68/192, 69/192
   after  Tuner in tune 65% stability ≥75 100% (mean 84) of 112/112 | Stay in Key in key 98% of 107/107 (result 92%)
   after  Pitch Match int 96/94 pro 94/91 | Drills 95/95/95/95/95 | RTF in tune 100% steady 97% of 107/107 voiced frames (In tune×107) | Choir World held ✓✓ median 2/3 ct, report pitch 95/95 in tune 192/192, 192/192

== V4: vibrato-772@4946 centred — target 67 (sung +24 ct, re-centred); offline gate: vibrato 5.28 Hz ±90 r 0.98
   before Tuner in tune 15% stability ≥75 0% (mean 18) of 110/110 | Stay in Key in key 20% of 106/106 (result 19%)
   before Pitch Match int 62/63 pro 42/43 | Drills 64/65/64/64/65 | RTF in tune 15% steady 0% of 106/106 voiced frames (In tune×16, Sharp (+21ct)×4, Sharp (+31ct)×3) | Choir World held ✓✓ median -7/-9 ct, report pitch 59/60 in tune 50/192, 60/192
   after  Tuner in tune 81% stability ≥75 99% (mean 87) of 108/111 | Stay in Key in key 94% of 107/107 (result 94%)
   after  Pitch Match int 96/97 pro 96/95 | Drills 96/96/97/96/94 | RTF in tune 94% steady 94% of 107/107 voiced frames (In tune×101, Flat (-22ct)×3, Flat (-23ct)×2) | Choir World held ✓✓ median -1/-1 ct, report pitch 96/96 in tune 191/192, 191/192

== V5: vibrato-2417@7396 centred — target 52 (sung +38 ct, re-centred); offline gate: as read 5.35 Hz ±49 r 0.32
   before Tuner in tune 13% stability ≥75 0% (mean 31) of 90/111 | Stay in Key in key 76% of 92/107 (result 74%)
   before Pitch Match int 80/83 pro 75/74 | Drills 83/82/83/83/83 | RTF in tune 25% steady 0% of 106/106 voiced frames (In tune×26, Sharp (+13ct)×4, Flat (-9ct)×4) | Choir World held ✓✓ median -2/0 ct, report pitch 81/79 in tune 132/154, 140/167
   after  Tuner in tune 35% stability ≥75 14% (mean 57) of 89/110 | Stay in Key in key 85% of 97/113 (result 83%)
   after  Pitch Match int 92/83 pro 73/72 | Drills 83/93/84/93/84 | RTF in tune 61% steady 19% of 112/112 voiced frames (In tune×68, Sharp (+16ct)×5, Sharp (+20ct)×4) | Choir World held ✓✓ median -1/-1 ct, report pitch 80/81 in tune 131/157, 140/165

== V6: vibrato-2961@630 centred — target 49 (sung -27 ct, re-centred); offline gate: vibrato 5.28 Hz ±52 r 0.55
   before Tuner in tune 23% stability ≥75 0% (mean 24) of 112/112 | Stay in Key in key 68% of 106/106 (result 67%)
   before Pitch Match int 81/80 pro 71/76 | Drills 79/84/80/83/79 | RTF in tune 21% steady 0% of 107/107 voiced frames (In tune×22, Flat (-22ct)×6, Flat (-18ct)×3) | Choir World held ✓✓ median -2/0 ct, report pitch 79/80 in tune 159/192, 162/191
   after  Tuner in tune 52% stability ≥75 80% (mean 79) of 112/112 | Stay in Key in key 100% of 107/107 (result 98%)
   after  Pitch Match int 94/92 pro 90/90 | Drills 91/94/92/93/92 | RTF in tune 82% steady 60% of 106/106 voiced frames (In tune×87, Sharp (+18ct)×4, Flat (-19ct)×2) | Choir World held ✓✓ median -3/3 ct, report pitch 92/93 in tune 192/192, 188/191

== S1: straight-625@3246 centred — target 69 (sung -14 ct, re-centred); offline gate: as read 5.31 Hz ±9 r 0.39
   before Tuner in tune 57% stability ≥75 70% (mean 77) of 105/105 | Stay in Key in key 100% of 107/107 (result 100%)
   before Pitch Match int 96/96 pro 94/94 | Drills 97/96/96/97/97 | RTF in tune 76% steady 74% of 107/107 voiced frames (In tune×81, Sharp (+16ct)×4, Sharp (+11ct)×3) | Choir World held ✓✓ median 0/1 ct, report pitch 96/96 in tune 192/192, 192/192
   after  Tuner in tune 79% stability ≥75 87% (mean 86) of 109/109 | Stay in Key in key 100% of 107/107 (result 100%)
   after  Pitch Match int 96/96 pro 98/94 | Drills 98/98/98/98/98 | RTF in tune 90% steady 78% of 107/107 voiced frames (In tune×96, Flat (-14ct)×3, Flat (-20ct)×2) | Choir World held ✓✓ median 0/0 ct, report pitch 98/96 in tune 192/192, 192/192

== S2: straight-286@630 centred — target 60 (sung +32 ct, re-centred); offline gate: as read 4.85 Hz ±19 r 0.26
   before Tuner in tune 30% stability ≥75 9% (mean 57) of 107/108 | Stay in Key in key 93% of 107/107 (result 93%)
   before Pitch Match int 91/95 pro 91/79 | Drills 94/90/94/88/95 | RTF in tune 40% steady 5% of 106/106 voiced frames (In tune×42, Sharp (+12ct)×6, Sharp (+11ct)×5) | Choir World held ✓✓ median 1/1 ct, report pitch 91/94 in tune 187/192, 192/192
   after  Tuner in tune 75% stability ≥75 76% (mean 80) of 111/111 | Stay in Key in key 96% of 107/107 (result 97%)
   after  Pitch Match int 90/97 pro 95/79 | Drills 96/90/97/88/95 | RTF in tune 78% steady 8% of 107/107 voiced frames (In tune×83, Sharp (+25ct)×3, Flat (-10ct)×2) | Choir World held ✓✓ median 0/1 ct, report pitch 91/97 in tune 187/192, 192/192

== W1: V1 (real vibrato) sung 60 ct sharp — target 69 (sung -1 ct, re-centred, then +60); offline gate: vibrato 6.16 Hz ±66 r 0.83
   before Tuner in tune 8% stability ≥75 0% (mean 18) of 88/111 | Stay in Key in key 33% of 85/109 (result 34%)
   before Pitch Match int 61/59 pro 44/39 | Drills 61/65/64/69/66 | RTF in tune 15% steady 0% of 97/111 voiced frames (In tune×15, Listening…×14, Flat (-18ct)×4) | Choir World held ✗✗ median 64/56 ct, report pitch 63/65 in tune 64/152, 64/148
   after  Tuner in tune 1% stability ≥75 1% (mean 11) of 85/108 | Stay in Key in key 2% of 83/107 (result 6%)
   after  Pitch Match int 65/65 pro 48/42 | Drills 60/69/68/73/69 | RTF in tune 7% steady 11% of 94/107 voiced frames (Listening…×13, Sharp (+37ct)×9, In tune×7) | Choir World held ✓✓ median 49/50 ct, report pitch 67/69 in tune 80/152, 74/155

== W5: V1 (real vibrato) sung 80 ct sharp — target 69 (sung -1 ct, re-centred, then +80); offline gate: vibrato 6.16 Hz ±66 r 0.83
   before Tuner in tune 11% stability ≥75 0% (mean 20) of 94/111 | Stay in Key in key 19% of 91/108 (result 20%)
   before Pitch Match int 52/52 pro 28/25 | Drills 51/56/56/59/60 | RTF in tune 16% steady 0% of 96/106 voiced frames (In tune×15, Listening…×10, Sharp (+42ct)×5) | Choir World held ✗✗ median 79/82 ct, report pitch 54/54 in tune 47/155, 46/155
   after  Tuner in tune 9% stability ≥75 53% (mean 63) of 93/110 | Stay in Key in key 0% of 87/106 (result 2%)
   after  Pitch Match int 52/51 pro 30/28 | Drills 48/55/55/59/59 | RTF in tune 18% steady 45% of 97/107 voiced frames (In tune×17, Listening…×10, Flat (-34ct)×8) | Choir World held ✗✗ median 71/70 ct, report pitch 56/56 in tune 13/156, 11/156

== W2: S1 (real straight) sung 40 ct sharp — target 69 (sung -14 ct, re-centred, then +40); offline gate: as read 5.31 Hz ±9 r 0.39
   before Tuner in tune 0% stability ≥75 20% (mean 29) of 107/107 | Stay in Key in key 22% of 107/107 (result 24%)
   before Pitch Match int 75/77 pro 62/65 | Drills 75/75/75/75/75 | RTF in tune 0% steady 24% of 105/105 voiced frames (Sharp (+47ct)×9, Sharp (+39ct)×7, Sharp (+38ct)×7) | Choir World held ✓✓ median 40/40 ct, report pitch 76/75 in tune 165/192, 161/192
   after  Tuner in tune 0% stability ≥75 47% (mean 55) of 108/108 | Stay in Key in key 15% of 107/107 (result 17%)
   after  Pitch Match int 75/77 pro 62/65 | Drills 75/75/75/75/75 | RTF in tune 0% steady 23% of 105/105 voiced frames (Sharp (+43ct)×16, Sharp (+42ct)×16, Sharp (+41ct)×10) | Choir World held ✓✓ median 40/40 ct, report pitch 76/75 in tune 166/192, 163/192

== W3: S1 with a slow ±60 ct wander at 0.8 Hz — target 69 (sung -14 ct, re-centred); offline gate: as read 5.31 Hz ±9 r 0.39
   before Tuner in tune 4% stability ≥75 0% (mean 3) of 110/110 | Stay in Key in key 36% of 106/106 (result 37%)
   before Pitch Match int 78/78 pro 62/65 | Drills 77/76/77/78/77 | RTF in tune 10% steady 0% of 105/105 voiced frames (In tune×10, Sharp (+29ct)×4, Sharp (+49ct)×4) | Choir World held ✓✓ median -11/8 ct, report pitch 76/78 in tune 117/192, 132/192
   after  Tuner in tune 5% stability ≥75 3% (mean 12) of 108/108 | Stay in Key in key 34% of 106/106 (result 38%)
   after  Pitch Match int 78/78 pro 62/65 | Drills 77/76/77/78/77 | RTF in tune 9% steady 0% of 107/107 voiced frames (In tune×10, Flat (-27ct)×4, Sharp (+39ct)×4) | Choir World held ✓✓ median 13/3 ct, report pitch 76/76 in tune 122/192, 121/192

== W4: S1 with an 11 Hz ±40 ct flutter — target 69 (sung -14 ct, re-centred); offline gate: as read 5.31 Hz ±9 r 0.39
   before Tuner in tune 12% stability ≥75 0% (mean 23) of 108/108 | Stay in Key in key 78% of 106/106 (result 80%)
   before Pitch Match int 85/86 pro 79/79 | Drills 88/88/89/89/89 | RTF in tune 20% steady 0% of 106/106 voiced frames (In tune×21, Flat (-23ct)×5, Sharp (+16ct)×4) | Choir World held ✓✓ median 9/7 ct, report pitch 85/86 in tune 190/192, 191/192
   after  Tuner in tune 9% stability ≥75 0% (mean 23) of 113/113 | Stay in Key in key 77% of 111/111 (result 80%)
   after  Pitch Match int 86/86 pro 79/79 | Drills 89/88/89/89/89 | RTF in tune 24% steady 0% of 112/112 voiced frames (In tune×27, Flat (-23ct)×5, Flat (-19ct)×4) | Choir World held ✓✓ median 10/6 ct, report pitch 85/86 in tune 190/192, 191/192

== N1: S1 sung 20 ct flat, irregular ±12 ct (RMS) unsteadiness — target 69 (sung -14 ct, re-centred, then -20); offline gate: as read 5.31 Hz ±9 r 0.39
   before Tuner in tune 14% stability ≥75 0% (mean 49) of 110/110 | Stay in Key in key 86% of 107/107 (result 87%)
   before Pitch Match int 88/87 pro 80/82 | Drills 89/89/88/89/89 | RTF in tune 16% steady 12% of 108/108 voiced frames (In tune×17, Flat (-19ct)×7, Flat (-12ct)×5) | Choir World held ✓✓ median -18/-21 ct, report pitch 87/88 in tune 178/192, 186/192
   after  Tuner in tune 4% stability ≥75 62% (mean 74) of 107/107 | Stay in Key in key 98% of 111/111 (result 96%)
   after  Pitch Match int 89/87 pro 82/83 | Drills 90/90/88/89/89 | RTF in tune 4% steady 17% of 109/109 voiced frames (Flat (-16ct)×12, Flat (-19ct)×10, Flat (-15ct)×10) | Choir World held ✓✓ median -16/-20 ct, report pitch 89/87 in tune 192/192, 185/192

== N2: S2 sung 25 ct sharp, irregular ±18 ct (RMS) unsteadiness — target 60 (sung +32 ct, re-centred, then +25); offline gate: as read 4.85 Hz ±19 r 0.26
   before Tuner in tune 10% stability ≥75 0% (mean 25) of 100/101 | Stay in Key in key 65% of 105/105 (result 67%)
   before Pitch Match int 82/82 pro 71/64 | Drills 85/80/84/80/86 | RTF in tune 14% steady 0% of 110/110 voiced frames (In tune×15, Sharp (+33ct)×6, Sharp (+24ct)×4) | Choir World held ✓✓ median 25/29 ct, report pitch 82/79 in tune 154/192, 146/192
   PAGE LOAD ERRORS (after, attempt 1): ["load failed: https://fonts.googleapis.com/css2?family=Fraunces:opsz,wght@9..144,400;9..144,500;9..144,600&family=Space+Mono:wght@400;700&family=Inter:wght@400;500;600;700&display=swap (net::ERR_INTERNET_DISCONNECTED)","load failed: https://cdnjs.cloudflare.com/ajax/libs/html2canvas/1.4.1/html2canvas.min.js (net::ERR_INTERNET_DISCONNECTED)","load failed: https://cdn.jsdelivr.net/npm/@supabase/supabase-js@2.45.4/dist/umd/supabase.js (net::ERR_INTERNET_DISCONNECTED)","TypeError: Cannot read properties of undefined (reading 'createClient')"]
   offline — waiting for the network (up to 30 min)
   PAGE LOAD ERRORS (after, attempt 1): ["load failed: https://fonts.googleapis.com/css2?family=Fraunces:opsz,wght@9..144,400;9..144,500;9..144,600&family=Space+Mono:wght@400;700&family=Inter:wght@400;500;600;700&display=swap (net::ERR_INTERNET_DISCONNECTED)","load failed: https://cdn.jsdelivr.net/npm/@supabase/supabase-js@2.45.4/dist/umd/supabase.js (net::ERR_INTERNET_DISCONNECTED)","load failed: https://cdnjs.cloudflare.com/ajax/libs/html2canvas/1.4.1/html2canvas.min.js (net::ERR_INTERNET_DISCONNECTED)","TypeError: Cannot read properties of undefined (reading 'createClient')"]
   offline — waiting for the network (up to 30 min)
