vibfix 2026-10-02T11-23-17  sides: before, after  before: d7a5691

== V1: vibrato-628@2896 centred — target 69 (sung -1 ct, re-centred); offline gate: vibrato 6.16 Hz ±66 r 0.83
   before Tuner in tune 10% stability ≥75 0% (mean 18) of 92/117 | Stay in Key in key 54% of 92/116 (result 52%)
   before Pitch Match int 75/70 pro 66/63 | Drills 78/74/76/77/77 | RTF in tune 24% steady 0% of 92/116 voiced frames (Listening…×24, In tune×22, Flat (-39ct)×4) | Choir World held ✓✓ median -1/-4 ct, report pitch 79/76 in tune 112/154, 108/160
   after  Tuner in tune 15% stability ≥75 54% (mean 66) of 93/117 | Stay in Key in key 97% of 90/116 (result 92%)
   after  Pitch Match int 91/90 pro 89/62 | Drills 90/91/90/90/91 | RTF in tune 60% steady 40% of 92/116 voiced frames (In tune×55, Listening…×24, Flat (-22ct)×10) | Choir World held ✓✓ median -9/-9 ct, report pitch 92/92 in tune 154/154, 161/161

== V2: vibrato-3131@8046 centred — target 49 (sung -32 ct, re-centred); offline gate: vibrato 5.07 Hz ±106 r 0.94
   before Tuner in tune 19% stability ≥75 0% (mean 21) of 103/117 | Stay in Key in key 20% of 99/115 (result 22%)
   before Pitch Match int 62/61 pro 38/43 | Drills 63/62/62/64/62 | RTF in tune 16% steady 0% of 100/116 voiced frames (Listening…×16, In tune×16, Sharp (+28ct)×5) | Choir World held ✓✓ median -10/5 ct, report pitch 0/46 in tune 42/168, 48/146
   after  Tuner in tune 49% stability ≥75 19% (mean 57) of 101/117 | Stay in Key in key 60% of 98/116 (result 64%)
   after  Pitch Match int 91/93 pro 90/92 | Drills 94/93/93/92/93 | RTF in tune 79% steady 34% of 94/115 voiced frames (In tune×74, Listening…×21, Flat (-39ct)×2) | Choir World held ✓✓ median 25/5 ct, report pitch 82/93 in tune 121/169, 145/146

== V3: vibrato-1154@4013 centred — target 69 (sung +27 ct, re-centred); offline gate: vibrato 4.74 Hz ±91 r 0.98
   before Tuner in tune 15% stability ≥75 0% (mean 20) of 115/117 | Stay in Key in key 33% of 116/116 (result 22%)
   before Pitch Match int 64/64 pro 45/43 | Drills 67/67/67/67/67 | RTF in tune 24% steady 0% of 116/116 voiced frames (In tune×28, Sharp (+19ct)×4, Sharp (+17ct)×4) | Choir World held ✓✓ median 1/-1 ct, report pitch 63/61 in tune 67/192, 72/192
   after  Tuner in tune 66% stability ≥75 100% (mean 85) of 117/117 | Stay in Key in key 100% of 116/116 (result 94%)
   after  Pitch Match int 96/94 pro 93/90 | Drills 95/95/95/95/95 | RTF in tune 100% steady 97% of 116/116 voiced frames (In tune×116) | Choir World held ✓✓ median 4/2 ct, report pitch 95/95 in tune 192/192, 192/192

== V4: vibrato-772@4946 centred — target 67 (sung +24 ct, re-centred); offline gate: vibrato 5.28 Hz ±90 r 0.98
   before Tuner in tune 12% stability ≥75 0% (mean 17) of 114/117 | Stay in Key in key 12% of 116/116 (result 19%)
   before Pitch Match int 63/61 pro 43/43 | Drills 64/65/65/65/64 | RTF in tune 13% steady 0% of 116/116 voiced frames (In tune×15, Sharp (+21ct)×5, Sharp (+31ct)×4) | Choir World held ✓✓ median -10/-7 ct, report pitch 61/60 in tune 60/192, 54/192
   after  Tuner in tune 80% stability ≥75 95% (mean 86) of 114/116 | Stay in Key in key 100% of 116/116 (result 94%)
   after  Pitch Match int 96/97 pro 95/94 | Drills 96/96/96/96/95 | RTF in tune 96% steady 96% of 116/116 voiced frames (In tune×111, Flat (-21ct)×2, Flat (-22ct)×2) | Choir World held ✓✓ median -1/-1 ct, report pitch 96/95 in tune 191/192, 192/192

== V5: vibrato-2417@7396 centred — target 52 (sung +38 ct, re-centred); offline gate: as read 5.35 Hz ±49 r 0.32
   before Tuner in tune 20% stability ≥75 0% (mean 34) of 94/117 | Stay in Key in key 71% of 97/115 (result 73%)
   before Pitch Match int 80/83 pro 74/72 | Drills 84/83/84/83/84 | RTF in tune 27% steady 0% of 116/116 voiced frames (In tune×31, Flat (-15ct)×4, Sharp (+25ct)×3) | Choir World held ✓✓ median 0/-1 ct, report pitch 81/78 in tune 133/158, 136/162
   after  Tuner in tune 33% stability ≥75 27% (mean 60) of 93/117 | Stay in Key in key 84% of 101/116 (result 83%)
   after  Pitch Match int 91/85 pro 74/74 | Drills 84/92/84/93/84 | RTF in tune 67% steady 15% of 113/115 voiced frames (In tune×76, Sharp (+25ct)×5, Sharp (+23ct)×3) | Choir World held ✓✓ median 2/2 ct, report pitch 81/83 in tune 135/158, 135/157

== V6: vibrato-2961@630 centred — target 49 (sung -27 ct, re-centred); offline gate: vibrato 5.28 Hz ±52 r 0.55
   before Tuner in tune 21% stability ≥75 0% (mean 23) of 117/117 | Stay in Key in key 68% of 114/115 (result 66%)
   before Pitch Match int 80/79 pro 71/76 | Drills 80/84/79/83/79 | RTF in tune 16% steady 0% of 116/116 voiced frames (In tune×19, Sharp (+29ct)×5, Flat (-15ct)×5) | Choir World held ✓✓ median -3/0 ct, report pitch 79/80 in tune 159/192, 158/191
   after  Tuner in tune 52% stability ≥75 76% (mean 78) of 117/117 | Stay in Key in key 100% of 116/116 (result 97%)
   after  Pitch Match int 94/93 pro 90/90 | Drills 90/94/92/94/91 | RTF in tune 84% steady 67% of 116/116 voiced frames (In tune×98, Sharp (+19ct)×4, Flat (-19ct)×4) | Choir World held ✓✓ median -1/2 ct, report pitch 92/93 in tune 189/191, 187/191

== S1: straight-625@3246 centred — target 69 (sung -14 ct, re-centred); offline gate: as read 5.31 Hz ±9 r 0.39
   before Tuner in tune 64% stability ≥75 71% (mean 78) of 117/117 | Stay in Key in key 100% of 116/116 (result 100%)
   before Pitch Match int 96/96 pro 94/94 | Drills 97/97/96/97/97 | RTF in tune 77% steady 77% of 116/116 voiced frames (In tune×89, Sharp (+16ct)×3, Sharp (+9ct)×3) | Choir World held ✓✓ median 0/0 ct, report pitch 96/96 in tune 192/192, 192/192
   after  Tuner in tune 80% stability ≥75 90% (mean 86) of 116/116 | Stay in Key in key 100% of 115/115 (result 100%)
   after  Pitch Match int 96/96 pro 98/94 | Drills 98/98/98/98/98 | RTF in tune 90% steady 79% of 115/115 voiced frames (In tune×104, Flat (-12ct)×2, Flat (-18ct)×2) | Choir World held ✓✓ median 0/0 ct, report pitch 98/98 in tune 192/192, 192/192

== S2: straight-286@630 centred — target 60 (sung +32 ct, re-centred); offline gate: as read 4.85 Hz ±19 r 0.26
   before Tuner in tune 34% stability ≥75 9% (mean 57) of 116/116 | Stay in Key in key 94% of 115/115 (result 94%)
   before Pitch Match int 91/94 pro 91/80 | Drills 94/89/94/88/95 | RTF in tune 42% steady 8% of 114/114 voiced frames (In tune×48, Flat (-16ct)×5, Sharp (+11ct)×5) | Choir World held ✓✓ median 0/-1 ct, report pitch 90/94 in tune 185/192, 192/192
   after  Tuner in tune 74% stability ≥75 71% (mean 77) of 116/116 | Stay in Key in key 97% of 115/115 (result 97%)
   after  Pitch Match int 91/97 pro 95/79 | Drills 96/90/97/88/95 | RTF in tune 81% steady 9% of 113/113 voiced frames (In tune×91, Flat (-9ct)×2, Sharp (+17ct)×2) | Choir World held ✓✓ median 1/-1 ct, report pitch 91/94 in tune 185/192, 192/192

== W1: V1 (real vibrato) sung 60 ct sharp — target 69 (sung -1 ct, re-centred, then +60); offline gate: vibrato 6.16 Hz ±66 r 0.83
   before Tuner in tune 12% stability ≥75 0% (mean 20) of 91/115 | Stay in Key in key 34% of 90/114 (result 34%)
   before Pitch Match int 60/59 pro 43/39 | Drills 60/65/64/67/67 | RTF in tune 20% steady 0% of 101/114 voiced frames (In tune×20, Listening…×13, Flat (-12ct)×4) | Choir World held ✗✗ median 60/58 ct, report pitch 64/65 in tune 68/151, 64/156
   after  Tuner in tune 1% stability ≥75 6% (mean 15) of 92/116 | Stay in Key in key 3% of 92/116 (result 5%)
   after  Pitch Match int 63/64 pro 49/43 | Drills 61/67/68/73/68 | RTF in tune 6% steady 11% of 103/116 voiced frames (Listening…×13, Sharp (+47ct)×10, In tune×6) | Choir World held ✗✓ median 52/49 ct, report pitch 66/69 in tune 65/150, 86/156

== W5: V1 (real vibrato) sung 80 ct sharp — target 69 (sung -1 ct, re-centred, then +80); offline gate: vibrato 6.16 Hz ±66 r 0.83
   before Tuner in tune 15% stability ≥75 0% (mean 22) of 99/117 | Stay in Key in key 21% of 95/115 (result 20%)
   before Pitch Match int 52/52 pro 29/27 | Drills 50/56/56/59/59 | RTF in tune 19% steady 0% of 104/115 voiced frames (In tune×20, Listening…×11, Sharp (+41ct)×4) | Choir World held ✗✗ median 79/78 ct, report pitch 54/56 in tune 44/155, 47/156
   after  Tuner in tune 12% stability ≥75 51% (mean 61) of 98/117 | Stay in Key in key 1% of 96/115 (result 3%)
   after  Pitch Match int 53/51 pro 29/27 | Drills 48/58/56/60/59 | RTF in tune 19% steady 37% of 105/116 voiced frames (In tune×20, Listening…×11, Flat (-31ct)×7) | Choir World held ✗✗ median 71/72 ct, report pitch 55/56 in tune 14/156, 13/156

== W2: S1 (real straight) sung 40 ct sharp — target 69 (sung -14 ct, re-centred, then +40); offline gate: as read 5.31 Hz ±9 r 0.39
   before Tuner in tune 0% stability ≥75 19% (mean 26) of 116/116 | Stay in Key in key 23% of 116/116 (result 26%)
   before Pitch Match int 76/77 pro 62/65 | Drills 75/75/75/75/75 | RTF in tune 0% steady 23% of 116/116 voiced frames (Sharp (+39ct)×12, Sharp (+43ct)×9, Sharp (+45ct)×9) | Choir World held ✓✓ median 40/40 ct, report pitch 76/75 in tune 162/192, 164/192
   after  Tuner in tune 0% stability ≥75 47% (mean 55) of 116/116 | Stay in Key in key 14% of 115/115 (result 18%)
   after  Pitch Match int 75/77 pro 62/65 | Drills 75/75/75/75/75 | RTF in tune 0% steady 23% of 115/115 voiced frames (Sharp (+42ct)×22, Sharp (+43ct)×17, Sharp (+40ct)×9) | Choir World held ✓✓ median 41/40 ct, report pitch 76/75 in tune 167/192, 163/192

== W3: S1 with a slow ±60 ct wander at 0.8 Hz — target 69 (sung -14 ct, re-centred); offline gate: as read 5.31 Hz ±9 r 0.39
   before Tuner in tune 4% stability ≥75 0% (mean 3) of 117/117 | Stay in Key in key 42% of 116/116 (result 38%)
   before Pitch Match int 76/77 pro 62/65 | Drills 77/76/77/78/76 | RTF in tune 9% steady 0% of 116/116 voiced frames (In tune×10, Flat (-46ct)×5, Sharp (+30ct)×4) | Choir World held ✓✓ median -8/7 ct, report pitch 76/78 in tune 117/192, 131/192
   after  Tuner in tune 4% stability ≥75 0% (mean 10) of 116/116 | Stay in Key in key 34% of 116/116 (result 35%)
   after  Pitch Match int 78/78 pro 62/65 | Drills 77/76/77/78/76 | RTF in tune 9% steady 0% of 116/116 voiced frames (In tune×11, Flat (-45ct)×7, Flat (-38ct)×4) | Choir World held ✓✓ median 2/8 ct, report pitch 76/77 in tune 116/192, 131/192

== W4: S1 with an 11 Hz ±40 ct flutter — target 69 (sung -14 ct, re-centred); offline gate: as read 5.31 Hz ±9 r 0.39
   before Tuner in tune 3% stability ≥75 0% (mean 22) of 117/117 | Stay in Key in key 84% of 116/116 (result 79%)
   before Pitch Match int 86/86 pro 79/79 | Drills 88/88/89/89/90 | RTF in tune 18% steady 0% of 116/116 voiced frames (In tune×21, Flat (-19ct)×6, Sharp (+25ct)×5) | Choir World held ✓✓ median 9/9 ct, report pitch 85/85 in tune 192/192, 191/192
   after  Tuner in tune 9% stability ≥75 0% (mean 22) of 117/117 | Stay in Key in key 84% of 116/116 (result 80%)
   after  Pitch Match int 86/86 pro 79/79 | Drills 89/88/88/89/89 | RTF in tune 16% steady 0% of 116/116 voiced frames (In tune×19, Flat (-29ct)×7, Flat (-23ct)×6) | Choir World held ✓✓ median 8/5 ct, report pitch 86/85 in tune 190/192, 191/192

== N1: S1 sung 20 ct flat, irregular ±12 ct (RMS) unsteadiness — target 69 (sung -14 ct, re-centred, then -20); offline gate: as read 5.31 Hz ±9 r 0.39
   before Tuner in tune 18% stability ≥75 0% (mean 50) of 117/117 | Stay in Key in key 88% of 116/116 (result 87%)
   before Pitch Match int 89/86 pro 80/82 | Drills 89/89/88/89/89 | RTF in tune 17% steady 9% of 116/116 voiced frames (In tune×20, Flat (-30ct)×7, Flat (-18ct)×6) | Choir World held ✓✓ median -20/-21 ct, report pitch 87/87 in tune 177/192, 186/192
   after  Tuner in tune 6% stability ≥75 66% (mean 76) of 116/116 | Stay in Key in key 97% of 116/116 (result 98%)
   after  Pitch Match int 89/87 pro 81/83 | Drills 89/90/88/89/89 | RTF in tune 3% steady 23% of 115/115 voiced frames (Flat (-16ct)×16, Flat (-18ct)×12, Flat (-15ct)×10) | Choir World held ✓✓ median -18/-20 ct, report pitch 88/88 in tune 192/192, 189/192

== N2: S2 sung 25 ct sharp, irregular ±18 ct (RMS) unsteadiness — target 60 (sung +32 ct, re-centred, then +25); offline gate: as read 4.85 Hz ±19 r 0.26
   before Tuner in tune 13% stability ≥75 0% (mean 24) of 117/117 | Stay in Key in key 62% of 116/116 (result 62%)
   before Pitch Match int 83/83 pro 70/65 | Drills 85/80/84/79/84 | RTF in tune 15% steady 0% of 116/116 voiced frames (In tune×17, Sharp (+33ct)×5, Sharp (+29ct)×4) | Choir World held ✓✓ median 26/25 ct, report pitch 79/83 in tune 141/192, 169/192
   after  Tuner in tune 1% stability ≥75 70% (mean 69) of 116/116 | Stay in Key in key 71% of 116/116 (result 69%)
   after  Pitch Match int 82/86 pro 74/65 | Drills 85/80/85/81/85 | RTF in tune 10% steady 10% of 116/116 voiced frames (In tune×12, Sharp (+31ct)×6, Sharp (+26ct)×6) | Choir World held ✓✓ median 29/25 ct, report pitch 81/83 in tune 173/192, 165/192

== N3: V3 (real vibrato ±91 ct) sung 25 ct flat — target 69 (sung +27 ct, re-centred, then -25); offline gate: vibrato 4.74 Hz ±91 r 0.98
   before Tuner in tune 7% stability ≥75 0% (mean 18) of 117/117 | Stay in Key in key 26% of 116/116 (result 23%)
   before Pitch Match int 62/62 pro 42/41 | Drills 66/65/65/65/64 | RTF in tune 19% steady 0% of 116/116 voiced frames (In tune×22, Sharp (+17ct)×4, Flat (-15ct)×4) | Choir World held ✓✓ median -31/-33 ct, report pitch 57/62 in tune 62/192, 69/192
   after  Tuner in tune 0% stability ≥75 100% (mean 85) of 113/116 | Stay in Key in key 84% of 116/116 (result 80%)
   after  Pitch Match int 88/83 pro 76/77 | Drills 85/85/85/85/84 | RTF in tune 17% steady 97% of 115/115 voiced frames (In tune×19, Flat (-26ct)×17, Flat (-22ct)×11) | Choir World held ✓✓ median -23/-23 ct, report pitch 85/84 in tune 185/192, 172/192

== N4: S2 sung 45 ct sharp, irregular ±18 ct (RMS) unsteadiness — target 60 (sung +32 ct, re-centred, then +45); offline gate: as read 4.85 Hz ±19 r 0.26
   before Tuner in tune 5% stability ≥75 0% (mean 8) of 117/117 | Stay in Key in key 33% of 116/116 (result 33%)
   before Pitch Match int 72/70 pro 57/49 | Drills 74/69/74/69/74 | RTF in tune 12% steady 0% of 116/116 voiced frames (In tune×14, Flat (-24ct)×4, Sharp (+37ct)×4) | Choir World held ✓✓ median 47/46 ct, report pitch 70/72 in tune 103/192, 107/192
   after  Tuner in tune 3% stability ≥75 7% (mean 11) of 116/116 | Stay in Key in key 7% of 115/116 (result 10%)
   after  Pitch Match int 73/71 pro 57/49 | Drills 75/69/74/70/74 | RTF in tune 3% steady 15% of 116/116 voiced frames (Sharp (+43ct)×9, Sharp (+42ct)×8, Sharp (+45ct)×8) | Choir World held ✓✓ median 47/48 ct, report pitch 70/72 in tune 101/192, 104/192
   note: V5 (real vibrato read as irregular) pmInt: 82 → 88
   note: V5 (real vibrato read as irregular) pmPro: 73 → 74
   note: V5 (real vibrato read as irregular) drills: 84 → 87
   note: V5 (real vibrato read as irregular) cwPitch: 80 → 82
   note: W1 sits at ~59 ct, next to Choir World's ±50 line: held false,true (median 52,49)

==== Tuner / Stay in Key (measured, not checked)
   V1  vibrato           Tuner in tune 10% → 15%, stability ≥75 0% → 54% | Stay in Key in key 54% → 97%
   V2  vibrato           Tuner in tune 19% → 49%, stability ≥75 0% → 19% | Stay in Key in key 20% → 60%
   V3  vibrato           Tuner in tune 15% → 66%, stability ≥75 0% → 100% | Stay in Key in key 33% → 100%
   V4  vibrato           Tuner in tune 12% → 80%, stability ≥75 0% → 95% | Stay in Key in key 12% → 100%
   V5  vibrato-irregular Tuner in tune 20% → 33%, stability ≥75 0% → 27% | Stay in Key in key 71% → 84%
   V6  vibrato           Tuner in tune 21% → 52%, stability ≥75 0% → 76% | Stay in Key in key 68% → 100%
   S1  straight          Tuner in tune 64% → 80%, stability ≥75 71% → 90% | Stay in Key in key 100% → 100%
   S2  straight          Tuner in tune 34% → 74%, stability ≥75 9% → 71% | Stay in Key in key 94% → 97%
   W1  wrong             Tuner in tune 12% → 1%, stability ≥75 0% → 6% | Stay in Key in key 34% → 3%
   W5  wrong             Tuner in tune 15% → 12%, stability ≥75 0% → 51% | Stay in Key in key 21% → 1%
   W2  wrong             Tuner in tune 0% → 0%, stability ≥75 19% → 47% | Stay in Key in key 23% → 14%
   W3  wander            Tuner in tune 4% → 4%, stability ≥75 0% → 0% | Stay in Key in key 42% → 34%
   W4  flutter           Tuner in tune 3% → 9%, stability ≥75 0% → 0% | Stay in Key in key 84% → 84%
   N1  unsteady          Tuner in tune 18% → 6%, stability ≥75 0% → 66% | Stay in Key in key 88% → 97%
   N2  unsteady          Tuner in tune 13% → 1%, stability ≥75 0% → 70% | Stay in Key in key 62% → 71%
   N3  wrong             Tuner in tune 7% → 0%, stability ≥75 0% → 100% | Stay in Key in key 26% → 84%
   N4  unsteady          Tuner in tune 5% → 3%, stability ≥75 0% → 7% | Stay in Key in key 33% → 7%

==== VERDICT: 103 passed, 5 failed
FAIL V1 vibrato pmPro: 65 → 76 (straight notes 92; must be within 8 and up ≥3)
FAIL V1 vibrato RTF rtfInTune: 24% → 60% (straight notes 86%; must be within 20 and up ≥20)
FAIL N1 unsteady RTF "Steady": 9% → 23% (no vibrato in it: must not rise >5)
FAIL N2 unsteady RTF "Steady": 0% → 10% (no vibrato in it: must not rise >5)
FAIL N4 unsteady RTF "Steady": 0% → 15% (no vibrato in it: must not rise >5)
pass V1 vibrato pmInt: 73 → 91 (straight notes 95; must be within 8 and up ≥3)
pass V1 vibrato drills: 76 → 90 (straight notes 96; must be within 8 and up ≥3)
pass V1 vibrato cwPitch: 78 → 92 (straight notes 96; must be within 8 and up ≥3)
pass V1 vibrato RTF rtfSteady: 0% → 40% (straight notes 44%; must be within 20 and up ≥20)
pass V1 vibrato Choir World held: true
pass V2 vibrato pmInt: 62 → 92 (straight notes 95; must be within 8 and up ≥3)
pass V2 vibrato pmPro: 41 → 91 (straight notes 92; must be within 8 and up ≥3)
pass V2 vibrato drills: 63 → 93 (straight notes 96; must be within 8 and up ≥3)
pass V2 vibrato cwPitch: 23 → 88 (straight notes 96; must be within 8 and up ≥3)
pass V2 vibrato RTF rtfInTune: 16% → 79% (straight notes 86%; must be within 20 and up ≥20)
pass V2 vibrato RTF rtfSteady: 0% → 34% (straight notes 44%; must be within 20 and up ≥20)
pass V2 vibrato Choir World held: true
pass V3 vibrato pmInt: 64 → 95 (straight notes 95; must be within 8 and up ≥3)
pass V3 vibrato pmPro: 44 → 92 (straight notes 92; must be within 8 and up ≥3)
pass V3 vibrato drills: 67 → 95 (straight notes 96; must be within 8 and up ≥3)
pass V3 vibrato cwPitch: 62 → 95 (straight notes 96; must be within 8 and up ≥3)
pass V3 vibrato RTF rtfInTune: 24% → 100% (straight notes 86%; must be within 20 and up ≥20)
pass V3 vibrato RTF rtfSteady: 0% → 97% (straight notes 44%; must be within 20 and up ≥20)
pass V3 vibrato Choir World held: true
pass V4 vibrato pmInt: 62 → 97 (straight notes 95; must be within 8 and up ≥3)
pass V4 vibrato pmPro: 43 → 95 (straight notes 92; must be within 8 and up ≥3)
pass V4 vibrato drills: 65 → 96 (straight notes 96; must be within 8 and up ≥3)
pass V4 vibrato cwPitch: 61 → 96 (straight notes 96; must be within 8 and up ≥3)
pass V4 vibrato RTF rtfInTune: 13% → 96% (straight notes 86%; must be within 20 and up ≥20)
pass V4 vibrato RTF rtfSteady: 0% → 96% (straight notes 44%; must be within 20 and up ≥20)
pass V4 vibrato Choir World held: true
pass V6 vibrato pmInt: 80 → 94 (straight notes 95; must be within 8 and up ≥3)
pass V6 vibrato pmPro: 74 → 90 (straight notes 92; must be within 8 and up ≥3)
pass V6 vibrato drills: 81 → 92 (straight notes 96; must be within 8 and up ≥3)
pass V6 vibrato cwPitch: 80 → 93 (straight notes 96; must be within 8 and up ≥3)
pass V6 vibrato RTF rtfInTune: 16% → 84% (straight notes 86%; must be within 20 and up ≥20)
pass V6 vibrato RTF rtfSteady: 0% → 67% (straight notes 44%; must be within 20 and up ≥20)
pass V6 vibrato Choir World held: true
pass S1 straight pmInt: 96 → 96 (must not move more than 3)
pass S1 straight pmPro: 94 → 96 (must not move more than 3)
pass S1 straight drills: 97 → 98 (must not move more than 3)
pass S1 straight cwPitch: 96 → 98 (must not move more than 3)
pass S1 straight RTF rtfInTune: 77% → 90% (must not drop >10)
pass S1 straight RTF rtfSteady: 77% → 79% (must not drop >10)
pass S1 straight Choir World held: true
pass S2 straight pmInt: 93 → 94 (must not move more than 3)
pass S2 straight pmPro: 86 → 87 (must not move more than 3)
pass S2 straight drills: 92 → 93 (must not move more than 3)
pass S2 straight cwPitch: 92 → 93 (must not move more than 3)
pass S2 straight RTF rtfInTune: 42% → 81% (must not drop >10)
pass S2 straight RTF rtfSteady: 8% → 9% (must not drop >10)
pass S2 straight Choir World held: true
pass W1 V1 (real vibrato) sung 60 ct sharp pmInt: 60 → 64 (a straight note 59 ct off scores 65; must be within 6 of that and ≥10 below the straight notes 95)
pass W1 V1 (real vibrato) sung 60 ct sharp pmPro: 41 → 46 (a straight note 59 ct off scores 47; must be within 6 of that and ≥10 below the straight notes 92)
pass W1 V1 (real vibrato) sung 60 ct sharp drills: 65 → 67 (a straight note 59 ct off scores 65; must be within 6 of that and ≥10 below the straight notes 96)
pass W1 V1 (real vibrato) sung 60 ct sharp cwPitch: 65 → 68 (a straight note 59 ct off scores 65; must be within 6 of that and ≥10 below the straight notes 96)
pass W1 wrong RTF "In tune": 20% → 6% (must not rise >5)
pass W5 V1 (real vibrato) sung 80 ct sharp pmInt: 52 → 52 (a straight note 79 ct off scores 53; must be within 6 of that and ≥10 below the straight notes 95)
pass W5 V1 (real vibrato) sung 80 ct sharp pmPro: 28 → 28 (a straight note 79 ct off scores 29; must be within 6 of that and ≥10 below the straight notes 92)
pass W5 V1 (real vibrato) sung 80 ct sharp drills: 56 → 56 (a straight note 79 ct off scores 53; must be within 6 of that and ≥10 below the straight notes 96)
pass W5 V1 (real vibrato) sung 80 ct sharp cwPitch: 55 → 56 (a straight note 79 ct off scores 53; must be within 6 of that and ≥10 below the straight notes 96)
pass W5 wrong RTF "In tune": 19% → 19% (must not rise >5)
pass W5 V1 (real vibrato) sung 80 ct sharp Choir World held: false,false (must fail: past the ±50 tolerance)
pass W2 wrong pmInt: 77 → 76 (no vibrato in it: must not rise more than 3)
pass W2 wrong pmPro: 64 → 64 (no vibrato in it: must not rise more than 3)
pass W2 wrong drills: 75 → 75 (no vibrato in it: must not rise more than 3)
pass W2 wrong cwPitch: 76 → 76 (no vibrato in it: must not rise more than 3)
pass W2 wrong RTF "In tune": 0% → 0% (must not rise >5)
pass W3 wander pmInt: 77 → 78 (no vibrato in it: must not rise more than 3)
pass W3 wander pmPro: 64 → 64 (no vibrato in it: must not rise more than 3)
pass W3 wander drills: 77 → 77 (no vibrato in it: must not rise more than 3)
pass W3 wander cwPitch: 77 → 77 (no vibrato in it: must not rise more than 3)
pass W3 wander RTF "Steady": 0% → 0% (no vibrato in it: must not rise >5)
pass W3 S1 with a slow ±60 ct wander at 0.8 Hz RTF "Steady": 0% → 0% (wobbly, no vibrato: must read Steady on ≤25% of voiced frames)
pass W4 flutter pmInt: 86 → 86 (no vibrato in it: must not rise more than 3)
pass W4 flutter pmPro: 79 → 79 (no vibrato in it: must not rise more than 3)
pass W4 flutter drills: 89 → 89 (no vibrato in it: must not rise more than 3)
pass W4 flutter cwPitch: 85 → 86 (no vibrato in it: must not rise more than 3)
pass W4 flutter RTF "In tune": 18% → 16% (must not rise >5)
pass W4 flutter RTF "Steady": 0% → 0% (no vibrato in it: must not rise >5)
pass W4 S1 with an 11 Hz ±40 ct flutter RTF "Steady": 0% → 0% (wobbly, no vibrato: must read Steady on ≤25% of voiced frames)
pass N1 unsteady pmInt: 88 → 88 (no vibrato in it: must not rise more than 3)
pass N1 unsteady pmPro: 81 → 82 (no vibrato in it: must not rise more than 3)
pass N1 unsteady drills: 89 → 89 (no vibrato in it: must not rise more than 3)
pass N1 unsteady cwPitch: 87 → 88 (no vibrato in it: must not rise more than 3)
pass N1 unsteady RTF "In tune": 17% → 3% (must not rise >5)
pass N1 S1 sung 20 ct flat, irregular ±12 ct (RMS) unsteadiness RTF "In tune": 17% → 3% (off pitch past the window: must read in tune ≤25% of voiced frames)
pass N1 S1 sung 20 ct flat, irregular ±12 ct (RMS) unsteadiness RTF "Steady": 9% → 23% (wobbly, no vibrato: must read Steady on ≤25% of voiced frames)
pass N2 unsteady pmInt: 83 → 84 (no vibrato in it: must not rise more than 3)
pass N2 unsteady pmPro: 68 → 70 (no vibrato in it: must not rise more than 3)
pass N2 unsteady drills: 82 → 83 (no vibrato in it: must not rise more than 3)
pass N2 unsteady cwPitch: 81 → 82 (no vibrato in it: must not rise more than 3)
pass N2 unsteady RTF "In tune": 15% → 10% (must not rise >5)
pass N2 S2 sung 25 ct sharp, irregular ±18 ct (RMS) unsteadiness RTF "In tune": 15% → 10% (off pitch past the window: must read in tune ≤25% of voiced frames)
pass N2 S2 sung 25 ct sharp, irregular ±18 ct (RMS) unsteadiness RTF "Steady": 0% → 10% (wobbly, no vibrato: must read Steady on ≤25% of voiced frames)
pass N3 V3 (real vibrato ±91 ct) sung 25 ct flat pmInt: 62 → 86 (a straight note 32 ct off scores 81; must be within 6 of that)
pass N3 V3 (real vibrato ±91 ct) sung 25 ct flat pmPro: 42 → 77 (a straight note 32 ct off scores 71; must be within 6 of that)
pass N3 V3 (real vibrato ±91 ct) sung 25 ct flat drills: 65 → 85 (a straight note 32 ct off scores 81; must be within 6 of that)
pass N3 V3 (real vibrato ±91 ct) sung 25 ct flat cwPitch: 60 → 85 (a straight note 32 ct off scores 81; must be within 6 of that)
pass N3 wrong RTF "In tune": 19% → 17% (must not rise >5)
pass N3 V3 (real vibrato ±91 ct) sung 25 ct flat RTF "In tune": 19% → 17% (off pitch past the window: must read in tune ≤25% of voiced frames)
pass N4 unsteady pmInt: 71 → 72 (no vibrato in it: must not rise more than 3)
pass N4 unsteady pmPro: 53 → 53 (no vibrato in it: must not rise more than 3)
pass N4 unsteady drills: 72 → 72 (no vibrato in it: must not rise more than 3)
pass N4 unsteady cwPitch: 71 → 71 (no vibrato in it: must not rise more than 3)
pass N4 unsteady RTF "In tune": 12% → 3% (must not rise >5)
pass N4 S2 sung 45 ct sharp, irregular ±18 ct (RMS) unsteadiness RTF "In tune": 12% → 3% (off pitch past the window: must read in tune ≤25% of voiced frames)
pass N4 S2 sung 45 ct sharp, irregular ±18 ct (RMS) unsteadiness RTF "Steady": 0% → 15% (wobbly, no vibrato: must read Steady on ≤25% of voiced frames)

log: /Users/alegramusenge/Documents/voxcoach-app/scripts/vq-verify/logs/vibfix-local-2026-10-02T11-23-17.log  json: /Users/alegramusenge/Documents/voxcoach-app/scripts/vq-verify/logs/vibfix-local-2026-10-02T11-23-17.json
