vibfix 2026-10-04T20-18-30  sides: before, after  before: master  mode: regress (rises become "must not move")

== V1: vibrato-628@2896 centred — target 69 (sung -1 ct, re-centred); offline gate: vibrato 6.16 Hz ±66 r 0.83
   before Tuner in tune 13% stability ≥75 44% (mean 62) of 91/114 | Stay in Key in key 93% of 90/113 (result 93%)
   before Pitch Match int 89/91 pro 89/88 | Drills 91/90/91/91/91 | RTF in tune 60% steady 31% of 90/112 voiced frames (In tune×54, Listening…×22, Flat (-24ct)×6) | Choir World held ✓✓ median -8/-9 ct, report pitch 91/91 in tune 153/154, 154/154
   after  Tuner in tune 20% stability ≥75 47% (mean 61) of 90/114 | Stay in Key in key 95% of 87/112 (result 94%)
   after  Pitch Match int 92/92 pro 89/86 | Drills 91/91/90/91/91 | RTF in tune 62% steady 31% of 89/112 voiced frames (In tune×55, Listening…×23, Flat (-23ct)×5) | Choir World held ✓✓ median -6/-10 ct, report pitch 91/92 in tune 153/153, 155/155

== V2: vibrato-3131@8046 centred — target 49 (sung -32 ct, re-centred); offline gate: vibrato 5.07 Hz ±106 r 0.94
   before Tuner in tune 38% stability ≥75 22% (mean 51) of 92/113 | Stay in Key in key 79% of 99/113 (result 76%)
   before Pitch Match int 91/94 pro 93/86 | Drills 94/93/93/92/93 | RTF in tune 76% steady 36% of 90/112 voiced frames (In tune×68, Listening…×22, Sharp (+21ct)×3) | Choir World held ✓✓ median 5/9 ct, report pitch 94/93 in tune 150/150, 169/169
   after  Tuner in tune 38% stability ≥75 16% (mean 53) of 93/114 | Stay in Key in key 80% of 97/113 (result 79%)
   after  Pitch Match int 92/94 pro 92/90 | Drills 94/93/93/92/93 | RTF in tune 76% steady 36% of 90/112 voiced frames (In tune×68, Listening…×22, Sharp (+21ct)×3) | Choir World held ✓✓ median 3/5 ct, report pitch 94/93 in tune 157/157, 169/169

== V3: vibrato-1154@4013 centred — target 69 (sung +27 ct, re-centred); offline gate: vibrato 4.74 Hz ±91 r 0.98
   before Tuner in tune 65% stability ≥75 100% (mean 85) of 113/115 | Stay in Key in key 98% of 113/113 (result 94%)
   before Pitch Match int 94/94 pro 91/94 | Drills 95/95/95/95/95 | RTF in tune 100% steady 97% of 112/112 voiced frames (In tune×112) | Choir World held ✓✓ median 3/2 ct, report pitch 95/95 in tune 192/192, 192/192
   after  Tuner in tune 65% stability ≥75 100% (mean 85) of 115/115 | Stay in Key in key 99% of 113/113 (result 94%)
   after  Pitch Match int 95/95 pro 93/92 | Drills 95/95/95/95/95 | RTF in tune 100% steady 96% of 112/112 voiced frames (In tune×112) | Choir World held ✓✓ median 2/2 ct, report pitch 95/95 in tune 192/192, 192/192

== V4: vibrato-772@4946 centred — target 67 (sung +24 ct, re-centred); offline gate: vibrato 5.28 Hz ±90 r 0.98
   before Tuner in tune 74% stability ≥75 99% (mean 86) of 113/114 | Stay in Key in key 100% of 112/112 (result 94%)
   before Pitch Match int 97/95 pro 95/95 | Drills 96/95/96/96/93 | RTF in tune 96% steady 95% of 111/111 voiced frames (In tune×107, Flat (-23ct)×2, Flat (-21ct)×1) | Choir World held ✓✓ median -1/-1 ct, report pitch 96/96 in tune 191/192, 192/192
   after  Tuner in tune 73% stability ≥75 95% (mean 86) of 114/114 | Stay in Key in key 100% of 114/114 (result 93%)
   after  Pitch Match int 95/95 pro 95/94 | Drills 96/95/96/96/94 | RTF in tune 96% steady 93% of 113/113 voiced frames (In tune×109, Flat (-21ct)×2, Flat (-24ct)×1) | Choir World held ✓✓ median -2/-1 ct, report pitch 96/96 in tune 191/192, 191/191

== V5: vibrato-2417@7396 centred — target 52 (sung +38 ct, re-centred); offline gate: as read 5.35 Hz ±49 r 0.32
   before Tuner in tune 34% stability ≥75 32% (mean 60) of 93/115 | Stay in Key in key 90% of 91/112 (result 88%)
   before Pitch Match int 93/93 pro 89/89 | Drills 83/93/84/93/83 | RTF in tune 68% steady 13% of 111/112 voiced frames (In tune×75, Sharp (+23ct)×4, Sharp (+18ct)×3) | Choir World held ✓✓ median -2/-2 ct, report pitch 91/91 in tune 151/158, 148/155
   after  Tuner in tune 36% stability ≥75 30% (mean 60) of 90/113 | Stay in Key in key 90% of 91/113 (result 89%)
   after  Pitch Match int 85/83 pro 77/90 | Drills 84/91/84/83/83 | RTF in tune 66% steady 29% of 110/111 voiced frames (In tune×73, Sharp (+22ct)×4, Sharp (+20ct)×4) | Choir World held ✓✓ median -4/-4 ct, report pitch 92/90 in tune 160/164, 135/147

== V6: vibrato-2961@630 centred — target 49 (sung -27 ct, re-centred); offline gate: vibrato 5.28 Hz ±52 r 0.55
   before Tuner in tune 45% stability ≥75 77% (mean 79) of 114/115 | Stay in Key in key 100% of 113/113 (result 97%)
   before Pitch Match int 94/92 pro 91/90 | Drills 91/94/92/93/91 | RTF in tune 81% steady 70% of 113/113 voiced frames (In tune×92, Flat (-19ct)×3, Sharp (+18ct)×3) | Choir World held ✓✓ median -4/0 ct, report pitch 92/93 in tune 191/191, 188/192
   after  Tuner in tune 49% stability ≥75 81% (mean 79) of 115/115 | Stay in Key in key 100% of 113/113 (result 97%)
   after  Pitch Match int 92/92 pro 86/92 | Drills 92/94/92/94/91 | RTF in tune 83% steady 64% of 112/112 voiced frames (In tune×93, Flat (-17ct)×3, Flat (-18ct)×2) | Choir World held ✓✓ median -3/2 ct, report pitch 91/93 in tune 191/191, 189/192

== S1: straight-625@3246 centred — target 69 (sung -14 ct, re-centred); offline gate: as read 5.31 Hz ±9 r 0.39
   before Tuner in tune 77% stability ≥75 91% (mean 85) of 114/114 | Stay in Key in key 100% of 112/112 (result 100%)
   before Pitch Match int 97/96 pro 98/94 | Drills 98/98/98/98/98 | RTF in tune 87% steady 78% of 112/112 voiced frames (In tune×97, Sharp (+10ct)×3, Flat (-20ct)×3) | Choir World held ✓✓ median 0/1 ct, report pitch 98/96 in tune 192/192, 192/192
   after  Tuner in tune 76% stability ≥75 89% (mean 85) of 114/114 | Stay in Key in key 100% of 112/112 (result 100%)
   after  Pitch Match int 96/98 pro 94/94 | Drills 98/98/98/98/98 | RTF in tune 88% steady 77% of 111/111 voiced frames (In tune×98, Sharp (+10ct)×2, Flat (-17ct)×2) | Choir World held ✓✓ median 0/1 ct, report pitch 98/96 in tune 192/192, 192/192

== S2: straight-286@630 centred — target 60 (sung +32 ct, re-centred); offline gate: as read 4.85 Hz ±19 r 0.26
   before Tuner in tune 74% stability ≥75 75% (mean 78) of 114/114 | Stay in Key in key 99% of 113/113 (result 96%)
   before Pitch Match int 91/97 pro 81/95 | Drills 96/89/97/88/95 | RTF in tune 81% steady 7% of 113/113 voiced frames (In tune×92, Sharp (+25ct)×3, Flat (-11ct)×2) | Choir World held ✓✓ median 2/2 ct, report pitch 97/90 in tune 192/192, 184/192
   after  Tuner in tune 74% stability ≥75 70% (mean 79) of 114/114 | Stay in Key in key 99% of 112/112 (result 95%)
   after  Pitch Match int 97/88 pro 95/82 | Drills 96/90/97/88/95 | RTF in tune 83% steady 9% of 113/113 voiced frames (In tune×94, Sharp (+19ct)×2, Sharp (+26ct)×2) | Choir World held ✓✓ median 1/2 ct, report pitch 97/90 in tune 192/192, 187/192

== W1: V1 (real vibrato) sung 60 ct sharp — target 69 (sung -1 ct, re-centred, then +60); offline gate: vibrato 6.16 Hz ±66 r 0.83
   before Tuner in tune 3% stability ≥75 2% (mean 11) of 91/113 | Stay in Key in key 3% of 89/113 (result 5%)
   before Pitch Match int 66/58 pro 49/54 | Drills 59/69/67/73/69 | RTF in tune 5% steady 12% of 99/112 voiced frames (Listening…×13, Sharp (+36ct)×7, Sharp (+44ct)×6) | Choir World held ✗✓ median 53/50 ct, report pitch 66/68 in tune 62/156, 76/155
   after  Tuner in tune 2% stability ≥75 1% (mean 8) of 91/113 | Stay in Key in key 3% of 88/112 (result 5%)
   after  Pitch Match int 66/69 pro 51/49 | Drills 59/68/68/72/69 | RTF in tune 9% steady 12% of 98/112 voiced frames (Listening…×14, Sharp (+38ct)×10, In tune×9) | Choir World held ✗✗ median 53/51 ct, report pitch 66/68 in tune 64/156, 73/154

== W5: V1 (real vibrato) sung 80 ct sharp — target 69 (sung -1 ct, re-centred, then +80); offline gate: vibrato 6.16 Hz ±66 r 0.83
   before Tuner in tune 12% stability ≥75 55% (mean 63) of 95/114 | Stay in Key in key 2% of 95/113 (result 3%)
   before Pitch Match int 54/48 pro 32/32 | Drills 48/56/56/60/59 | RTF in tune 19% steady 42% of 102/113 voiced frames (In tune×19, Listening…×11, Flat (-45ct)×6) | Choir World held ✗✗ median 71/73 ct, report pitch 55/54 in tune 2/152, 6/155
   after  Tuner in tune 8% stability ≥75 53% (mean 63) of 95/113 | Stay in Key in key 2% of 97/113 (result 4%)
   after  Pitch Match int 55/57 pro 31/29 | Drills 49/58/55/60/59 | RTF in tune 20% steady 50% of 101/112 voiced frames (In tune×20, Listening…×11, Flat (-36ct)×9) | Choir World held ✗✗ median 74/74 ct, report pitch 55/54 in tune 13/155, 5/155

== W2: S1 (real straight) sung 40 ct sharp — target 69 (sung -14 ct, re-centred, then +40); offline gate: as read 5.31 Hz ±9 r 0.39
   before Tuner in tune 0% stability ≥75 47% (mean 56) of 113/113 | Stay in Key in key 16% of 112/112 (result 15%)
   before Pitch Match int 75/77 pro 62/60 | Drills 75/75/75/75/75 | RTF in tune 0% steady 23% of 112/112 voiced frames (Sharp (+42ct)×20, Sharp (+43ct)×12, Sharp (+41ct)×11) | Choir World held ✓✓ median 41/40 ct, report pitch 76/76 in tune 169/192, 170/192
   after  Tuner in tune 0% stability ≥75 57% (mean 60) of 114/114 | Stay in Key in key 18% of 112/112 (result 16%)
   after  Pitch Match int 76/74 pro 65/65 | Drills 75/75/75/75/75 | RTF in tune 0% steady 24% of 113/113 voiced frames (Sharp (+42ct)×21, Sharp (+43ct)×11, Sharp (+41ct)×10) | Choir World held ✓✓ median 41/39 ct, report pitch 75/75 in tune 160/192, 160/192

== W3: S1 with a slow ±60 ct wander at 0.8 Hz — target 69 (sung -14 ct, re-centred); offline gate: as read 5.31 Hz ±9 r 0.39
   before Tuner in tune 5% stability ≥75 0% (mean 10) of 114/114 | Stay in Key in key 40% of 112/112 (result 43%)
   before Pitch Match int 76/79 pro 66/62 | Drills 77/76/77/78/76 | RTF in tune 10% steady 0% of 112/112 voiced frames (In tune×11, Flat (-43ct)×4, Sharp (+28ct)×3) | Choir World held ✓✓ median 5/9 ct, report pitch 76/77 in tune 116/192, 122/192
   after  Tuner in tune 5% stability ≥75 0% (mean 10) of 114/114 | Stay in Key in key 39% of 112/112 (result 42%)
   after  Pitch Match int 77/77 pro 63/68 | Drills 77/76/77/78/77 | RTF in tune 10% steady 0% of 112/112 voiced frames (In tune×11, Sharp (+43ct)×5, Flat (-45ct)×4) | Choir World held ✓✓ median 11/6 ct, report pitch 76/77 in tune 117/192, 121/192

== W4: S1 with an 11 Hz ±40 ct flutter — target 69 (sung -14 ct, re-centred); offline gate: as read 5.31 Hz ±9 r 0.39
   before Tuner in tune 10% stability ≥75 0% (mean 20) of 114/114 | Stay in Key in key 78% of 112/112 (result 79%)
   before Pitch Match int 86/86 pro 78/80 | Drills 88/88/88/89/89 | RTF in tune 17% steady 0% of 112/112 voiced frames (In tune×19, Flat (-24ct)×6, Flat (-23ct)×6) | Choir World held ✓✓ median 8/9 ct, report pitch 86/85 in tune 192/192, 191/192
   after  Tuner in tune 15% stability ≥75 0% (mean 20) of 114/114 | Stay in Key in key 78% of 114/114 (result 81%)
   after  Pitch Match int 86/87 pro 79/79 | Drills 89/88/89/89/89 | RTF in tune 21% steady 0% of 112/112 voiced frames (In tune×23, Flat (-17ct)×5, Sharp (+21ct)×5) | Choir World held ✓✓ median 8/7 ct, report pitch 86/85 in tune 192/192, 191/192

== N1: S1 sung 20 ct flat, irregular ±12 ct (RMS) unsteadiness — target 69 (sung -14 ct, re-centred, then -20); offline gate: as read 5.31 Hz ±9 r 0.39
   before Tuner in tune 7% stability ≥75 48% (mean 73) of 114/114 | Stay in Key in key 99% of 113/113 (result 97%)
   before Pitch Match int 89/86 pro 84/79 | Drills 89/90/88/89/89 | RTF in tune 4% steady 21% of 112/112 voiced frames (Flat (-16ct)×16, Flat (-17ct)×12, Flat (-18ct)×10) | Choir World held ✓✓ median -16/-20 ct, report pitch 89/89 in tune 187/192, 192/192
   after  Tuner in tune 5% stability ≥75 51% (mean 74) of 114/114 | Stay in Key in key 96% of 112/112 (result 95%)
   after  Pitch Match int 86/89 pro 79/85 | Drills 89/90/88/89/89 | RTF in tune 4% steady 20% of 113/113 voiced frames (Flat (-16ct)×15, Flat (-18ct)×11, Flat (-17ct)×11) | Choir World held ✓✓ median -16/-20 ct, report pitch 89/89 in tune 188/192, 192/192

== N2: S2 sung 25 ct sharp, irregular ±18 ct (RMS) unsteadiness — target 60 (sung +32 ct, re-centred, then +25); offline gate: as read 4.85 Hz ±19 r 0.26
   before Tuner in tune 6% stability ≥75 31% (mean 45) of 114/114 | Stay in Key in key 70% of 113/113 (result 68%)
   before Pitch Match int 82/86 pro 64/76 | Drills 85/80/85/81/85 | RTF in tune 10% steady 12% of 113/113 voiced frames (In tune×11, Sharp (+27ct)×7, Sharp (+29ct)×6) | Choir World held ✓✓ median 23/28 ct, report pitch 83/81 in tune 160/192, 155/192
   after  Tuner in tune 5% stability ≥75 36% (mean 50) of 114/114 | Stay in Key in key 74% of 112/112 (result 69%)
   after  Pitch Match int 82/79 pro 74/65 | Drills 85/80/85/81/85 | RTF in tune 6% steady 11% of 112/112 voiced frames (In tune×7, Sharp (+24ct)×7, Sharp (+22ct)×7) | Choir World held ✓✓ median 23/28 ct, report pitch 82/81 in tune 158/192, 157/192

== N3: V3 (real vibrato ±91 ct) sung 25 ct flat — target 69 (sung +27 ct, re-centred, then -25); offline gate: vibrato 4.74 Hz ±91 r 0.98
   before Tuner in tune 0% stability ≥75 100% (mean 85) of 109/113 | Stay in Key in key 84% of 113/113 (result 80%)
   before Pitch Match int 88/84 pro 77/77 | Drills 85/85/85/85/85 | RTF in tune 18% steady 97% of 112/112 voiced frames (In tune×20, Flat (-26ct)×14, Flat (-25ct)×10) | Choir World held ✓✓ median -22/-24 ct, report pitch 86/84 in tune 186/192, 179/192
   after  Tuner in tune 0% stability ≥75 100% (mean 85) of 111/113 | Stay in Key in key 85% of 112/112 (result 81%)
   after  Pitch Match int 85/84 pro 76/75 | Drills 85/85/85/85/84 | RTF in tune 19% steady 97% of 112/112 voiced frames (In tune×21, Flat (-24ct)×12, Flat (-26ct)×11) | Choir World held ✓✓ median -24/-23 ct, report pitch 85/84 in tune 186/192, 178/192

== N4: S2 sung 45 ct sharp, irregular ±18 ct (RMS) unsteadiness — target 60 (sung +32 ct, re-centred, then +45); offline gate: as read 4.85 Hz ±19 r 0.26
   before Tuner in tune 2% stability ≥75 14% (mean 20) of 112/113 | Stay in Key in key 5% of 111/111 (result 6%)
   before Pitch Match int 72/75 pro 57/60 | Drills 75/69/74/69/74 | RTF in tune 3% steady 10% of 113/113 voiced frames (Sharp (+45ct)×8, Sharp (+47ct)×6, Sharp (+44ct)×6) | Choir World held ✓✓ median 46/45 ct, report pitch 72/72 in tune 126/192, 113/192
   after  Tuner in tune 1% stability ≥75 14% (mean 18) of 112/113 | Stay in Key in key 5% of 113/113 (result 7%)
   after  Pitch Match int 71/67 pro 59/50 | Drills 75/69/74/70/74 | RTF in tune 3% steady 15% of 113/113 voiced frames (Sharp (+42ct)×10, Sharp (+49ct)×9, Sharp (+45ct)×7) | Choir World held ✓✓ median 46/47 ct, report pitch 72/72 in tune 116/192, 120/192
   note: V5 (real vibrato read as irregular) pmInt: 93 → 84
   note: V5 (real vibrato read as irregular) pmPro: 89 → 84
   note: V5 (real vibrato read as irregular) drills: 87 → 85
   note: V5 (real vibrato read as irregular) cwPitch: 91 → 91
   note: W1 sits at ~52 ct, next to Choir World's ±50 line: held false,false (median 53,51)

==== Tuner / Stay in Key (measured, not checked)
   V1  vibrato           Tuner in tune 13% → 20%, stability ≥75 44% → 47% | Stay in Key in key 93% → 95%
   V2  vibrato           Tuner in tune 38% → 38%, stability ≥75 22% → 16% | Stay in Key in key 79% → 80%
   V3  vibrato           Tuner in tune 65% → 65%, stability ≥75 100% → 100% | Stay in Key in key 98% → 99%
   V4  vibrato           Tuner in tune 74% → 73%, stability ≥75 99% → 95% | Stay in Key in key 100% → 100%
   V5  vibrato-irregular Tuner in tune 34% → 36%, stability ≥75 32% → 30% | Stay in Key in key 90% → 90%
   V6  vibrato           Tuner in tune 45% → 49%, stability ≥75 77% → 81% | Stay in Key in key 100% → 100%
   S1  straight          Tuner in tune 77% → 76%, stability ≥75 91% → 89% | Stay in Key in key 100% → 100%
   S2  straight          Tuner in tune 74% → 74%, stability ≥75 75% → 70% | Stay in Key in key 99% → 99%
   W1  wrong             Tuner in tune 3% → 2%, stability ≥75 2% → 1% | Stay in Key in key 3% → 3%
   W5  wrong             Tuner in tune 12% → 8%, stability ≥75 55% → 53% | Stay in Key in key 2% → 2%
   W2  wrong             Tuner in tune 0% → 0%, stability ≥75 47% → 57% | Stay in Key in key 16% → 18%
   W3  wander            Tuner in tune 5% → 5%, stability ≥75 0% → 0% | Stay in Key in key 40% → 39%
   W4  flutter           Tuner in tune 10% → 15%, stability ≥75 0% → 0% | Stay in Key in key 78% → 78%
   N1  unsteady          Tuner in tune 7% → 5%, stability ≥75 48% → 51% | Stay in Key in key 99% → 96%
   N2  unsteady          Tuner in tune 6% → 5%, stability ≥75 31% → 36% | Stay in Key in key 70% → 74%
   N3  wrong             Tuner in tune 0% → 0%, stability ≥75 100% → 100% | Stay in Key in key 84% → 85%
   N4  unsteady          Tuner in tune 2% → 1%, stability ≥75 14% → 14% | Stay in Key in key 5% → 5%

==== VERDICT: 105 passed, 3 failed
FAIL V1 vibrato RTF rtfInTune: 60% → 62% (straight notes 86%; must be within 20 and not move more than 5)
FAIL V6 vibrato RTF rtfSteady: 70% → 64% (straight notes 43%; must be within 20 and not move more than 5)
FAIL W2 wrong pmPro: 61 → 65 (no vibrato in it: must not rise more than 3)
pass V1 vibrato pmInt: 90 → 92 (straight notes 95; must be within 8 and not move more than 3)
pass V1 vibrato pmPro: 89 → 88 (straight notes 92; must be within 8 and not move more than 3)
pass V1 vibrato drills: 91 → 91 (straight notes 96; must be within 8 and not move more than 3)
pass V1 vibrato cwPitch: 91 → 92 (straight notes 96; must be within 8 and not move more than 3)
pass V1 vibrato RTF rtfSteady: 31% → 31% (straight notes 43%; must be within 20 and not move more than 5)
pass V1 vibrato Choir World held: true
pass V2 vibrato pmInt: 93 → 93 (straight notes 95; must be within 8 and not move more than 3)
pass V2 vibrato pmPro: 90 → 91 (straight notes 92; must be within 8 and not move more than 3)
pass V2 vibrato drills: 93 → 93 (straight notes 96; must be within 8 and not move more than 3)
pass V2 vibrato cwPitch: 94 → 94 (straight notes 96; must be within 8 and not move more than 3)
pass V2 vibrato RTF rtfInTune: 76% → 76% (straight notes 86%; must be within 20 and not move more than 5)
pass V2 vibrato RTF rtfSteady: 36% → 36% (straight notes 43%; must be within 20 and not move more than 5)
pass V2 vibrato Choir World held: true
pass V3 vibrato pmInt: 94 → 95 (straight notes 95; must be within 8 and not move more than 3)
pass V3 vibrato pmPro: 93 → 93 (straight notes 92; must be within 8 and not move more than 3)
pass V3 vibrato drills: 95 → 95 (straight notes 96; must be within 8 and not move more than 3)
pass V3 vibrato cwPitch: 95 → 95 (straight notes 96; must be within 8 and not move more than 3)
pass V3 vibrato RTF rtfInTune: 100% → 100% (straight notes 86%; must be within 20 and not move more than 5)
pass V3 vibrato RTF rtfSteady: 97% → 96% (straight notes 43%; must be within 20 and not move more than 5)
pass V3 vibrato Choir World held: true
pass V4 vibrato pmInt: 96 → 95 (straight notes 95; must be within 8 and not move more than 3)
pass V4 vibrato pmPro: 95 → 95 (straight notes 92; must be within 8 and not move more than 3)
pass V4 vibrato drills: 95 → 95 (straight notes 96; must be within 8 and not move more than 3)
pass V4 vibrato cwPitch: 96 → 96 (straight notes 96; must be within 8 and not move more than 3)
pass V4 vibrato RTF rtfInTune: 96% → 96% (straight notes 86%; must be within 20 and not move more than 5)
pass V4 vibrato RTF rtfSteady: 95% → 93% (straight notes 43%; must be within 20 and not move more than 5)
pass V4 vibrato Choir World held: true
pass V6 vibrato pmInt: 93 → 92 (straight notes 95; must be within 8 and not move more than 3)
pass V6 vibrato pmPro: 91 → 89 (straight notes 92; must be within 8 and not move more than 3)
pass V6 vibrato drills: 92 → 93 (straight notes 96; must be within 8 and not move more than 3)
pass V6 vibrato cwPitch: 93 → 92 (straight notes 96; must be within 8 and not move more than 3)
pass V6 vibrato RTF rtfInTune: 81% → 83% (straight notes 86%; must be within 20 and not move more than 5)
pass V6 vibrato Choir World held: true
pass S1 straight pmInt: 97 → 97 (must not move more than 3)
pass S1 straight pmPro: 96 → 94 (must not move more than 3)
pass S1 straight drills: 98 → 98 (must not move more than 3)
pass S1 straight cwPitch: 97 → 97 (must not move more than 3)
pass S1 straight RTF rtfInTune: 87% → 88% (must not drop >10)
pass S1 straight RTF rtfSteady: 78% → 77% (must not drop >10)
pass S1 straight Choir World held: true
pass S2 straight pmInt: 94 → 93 (must not move more than 3)
pass S2 straight pmPro: 88 → 89 (must not move more than 3)
pass S2 straight drills: 93 → 93 (must not move more than 3)
pass S2 straight cwPitch: 94 → 94 (must not move more than 3)
pass S2 straight RTF rtfInTune: 81% → 83% (must not drop >10)
pass S2 straight RTF rtfSteady: 7% → 9% (must not drop >10)
pass S2 straight Choir World held: true
pass W1 V1 (real vibrato) sung 60 ct sharp pmInt: 62 → 68 (a straight note 52 ct off scores 69; must be within 6 of that and ≥10 below the straight notes 95)
pass W1 V1 (real vibrato) sung 60 ct sharp pmPro: 52 → 50 (a straight note 52 ct off scores 53; must be within 6 of that and ≥10 below the straight notes 92)
pass W1 V1 (real vibrato) sung 60 ct sharp drills: 67 → 67 (a straight note 52 ct off scores 69; must be within 6 of that and ≥10 below the straight notes 96)
pass W1 V1 (real vibrato) sung 60 ct sharp cwPitch: 67 → 67 (a straight note 52 ct off scores 69; must be within 6 of that and ≥10 below the straight notes 96)
pass W1 wrong RTF "In tune": 5% → 9% (must not rise >5)
pass W5 V1 (real vibrato) sung 80 ct sharp pmInt: 51 → 56 (a straight note 72 ct off scores 57; must be within 6 of that and ≥10 below the straight notes 95)
pass W5 V1 (real vibrato) sung 80 ct sharp pmPro: 32 → 30 (a straight note 72 ct off scores 35; must be within 6 of that and ≥10 below the straight notes 92)
pass W5 V1 (real vibrato) sung 80 ct sharp drills: 56 → 56 (a straight note 72 ct off scores 57; must be within 6 of that and ≥10 below the straight notes 96)
pass W5 V1 (real vibrato) sung 80 ct sharp cwPitch: 55 → 55 (a straight note 72 ct off scores 57; must be within 6 of that and ≥10 below the straight notes 96)
pass W5 wrong RTF "In tune": 19% → 20% (must not rise >5)
pass W5 V1 (real vibrato) sung 80 ct sharp Choir World held: false,false (must fail: past the ±50 tolerance)
pass W2 wrong pmInt: 76 → 75 (no vibrato in it: must not rise more than 3)
pass W2 wrong drills: 75 → 75 (no vibrato in it: must not rise more than 3)
pass W2 wrong cwPitch: 76 → 75 (no vibrato in it: must not rise more than 3)
pass W2 wrong RTF "In tune": 0% → 0% (must not rise >5)
pass W3 wander pmInt: 78 → 77 (no vibrato in it: must not rise more than 3)
pass W3 wander pmPro: 64 → 66 (no vibrato in it: must not rise more than 3)
pass W3 wander drills: 77 → 77 (no vibrato in it: must not rise more than 3)
pass W3 wander cwPitch: 77 → 77 (no vibrato in it: must not rise more than 3)
pass W3 wander RTF "Steady": 0% → 0% (no vibrato in it: must not rise >5)
pass W3 S1 with a slow ±60 ct wander at 0.8 Hz RTF "Steady": 0% → 0% (wobbly, no vibrato: must read Steady on ≤25% of voiced frames)
pass W4 flutter pmInt: 86 → 87 (no vibrato in it: must not rise more than 3)
pass W4 flutter pmPro: 79 → 79 (no vibrato in it: must not rise more than 3)
pass W4 flutter drills: 88 → 89 (no vibrato in it: must not rise more than 3)
pass W4 flutter cwPitch: 86 → 86 (no vibrato in it: must not rise more than 3)
pass W4 flutter RTF "In tune": 17% → 21% (must not rise >5)
pass W4 flutter RTF "Steady": 0% → 0% (no vibrato in it: must not rise >5)
pass W4 S1 with an 11 Hz ±40 ct flutter RTF "Steady": 0% → 0% (wobbly, no vibrato: must read Steady on ≤25% of voiced frames)
pass N1 unsteady pmInt: 88 → 88 (no vibrato in it: must not rise more than 3)
pass N1 unsteady pmPro: 82 → 82 (no vibrato in it: must not rise more than 3)
pass N1 unsteady drills: 89 → 89 (no vibrato in it: must not rise more than 3)
pass N1 unsteady cwPitch: 89 → 89 (no vibrato in it: must not rise more than 3)
pass N1 unsteady RTF "In tune": 4% → 4% (must not rise >5)
pass N1 S1 sung 20 ct flat, irregular ±12 ct (RMS) unsteadiness RTF "In tune": 4% → 4% (off pitch past the window: must read in tune ≤25% of voiced frames)
pass N1 unsteady RTF "Steady": 21% → 20% (no vibrato in it: must not rise >5)
pass N1 S1 sung 20 ct flat, irregular ±12 ct (RMS) unsteadiness RTF "Steady": 21% → 20% (wobbly, no vibrato: must read Steady on ≤25% of voiced frames)
pass N2 unsteady pmInt: 84 → 81 (no vibrato in it: must not rise more than 3)
pass N2 unsteady pmPro: 70 → 70 (no vibrato in it: must not rise more than 3)
pass N2 unsteady drills: 83 → 83 (no vibrato in it: must not rise more than 3)
pass N2 unsteady cwPitch: 82 → 82 (no vibrato in it: must not rise more than 3)
pass N2 unsteady RTF "In tune": 10% → 6% (must not rise >5)
pass N2 S2 sung 25 ct sharp, irregular ±18 ct (RMS) unsteadiness RTF "In tune": 10% → 6% (off pitch past the window: must read in tune ≤25% of voiced frames)
pass N2 unsteady RTF "Steady": 12% → 11% (no vibrato in it: must not rise >5)
pass N2 S2 sung 25 ct sharp, irregular ±18 ct (RMS) unsteadiness RTF "Steady": 12% → 11% (wobbly, no vibrato: must read Steady on ≤25% of voiced frames)
pass N3 V3 (real vibrato ±91 ct) sung 25 ct flat pmInt: 86 → 85 (a straight note 23 ct off scores 86; must be within 6 of that)
pass N3 V3 (real vibrato ±91 ct) sung 25 ct flat pmPro: 77 → 76 (a straight note 23 ct off scores 79; must be within 6 of that)
pass N3 V3 (real vibrato ±91 ct) sung 25 ct flat drills: 85 → 85 (a straight note 23 ct off scores 86; must be within 6 of that)
pass N3 V3 (real vibrato ±91 ct) sung 25 ct flat cwPitch: 85 → 85 (a straight note 23 ct off scores 86; must be within 6 of that)
pass N3 wrong RTF "In tune": 18% → 19% (must not rise >5)
pass N3 V3 (real vibrato ±91 ct) sung 25 ct flat RTF "In tune": 18% → 19% (off pitch past the window: must read in tune ≤25% of voiced frames)
pass N4 unsteady pmInt: 74 → 69 (no vibrato in it: must not rise more than 3)
pass N4 unsteady pmPro: 59 → 55 (no vibrato in it: must not rise more than 3)
pass N4 unsteady drills: 72 → 72 (no vibrato in it: must not rise more than 3)
pass N4 unsteady cwPitch: 72 → 72 (no vibrato in it: must not rise more than 3)
pass N4 unsteady RTF "In tune": 3% → 3% (must not rise >5)
pass N4 S2 sung 45 ct sharp, irregular ±18 ct (RMS) unsteadiness RTF "In tune": 3% → 3% (off pitch past the window: must read in tune ≤25% of voiced frames)
pass N4 unsteady RTF "Steady": 10% → 15% (no vibrato in it: must not rise >5)
pass N4 S2 sung 45 ct sharp, irregular ±18 ct (RMS) unsteadiness RTF "Steady": 10% → 15% (wobbly, no vibrato: must read Steady on ≤25% of voiced frames)

log: /Users/alegramusenge/Documents/voxcoach-app/scripts/vq-verify/logs/vibfix-local-2026-10-04T20-18-30.log  json: /Users/alegramusenge/Documents/voxcoach-app/scripts/vq-verify/logs/vibfix-local-2026-10-04T20-18-30.json
