vibfix 2026-10-02T10-31-59  sides: before, after  before: dccc80b

== V1: vibrato-628@2896 centred — target 69 (sung -1 ct, re-centred); offline gate: vibrato 6.16 Hz ±66 r 0.83
   before Tuner in tune 14% stability ≥75 57% (mean 68) of 91/116 | Stay in Key in key 93% of 92/116 (result 91%)
   before Pitch Match int 91/91 pro 90/63 | Drills 90/91/90/91/91 | RTF in tune 61% steady 36% of 92/116 voiced frames (In tune×56, Listening…×24, Flat (-23ct)×7) | Choir World held ✓✓ median -11/-8 ct, report pitch 91/92 in tune 154/154, 164/164
   after  Tuner in tune 21% stability ≥75 56% (mean 67) of 92/117 | Stay in Key in key 97% of 91/116 (result 93%)
   after  Pitch Match int 92/91 pro 89/63 | Drills 89/91/90/91/91 | RTF in tune 62% steady 34% of 92/116 voiced frames (In tune×57, Listening…×24, Flat (-23ct)×6) | Choir World held ✓✓ median -9/-9 ct, report pitch 92/92 in tune 154/154, 162/162

== V2: vibrato-3131@8046 centred — target 49 (sung -32 ct, re-centred); offline gate: vibrato 5.07 Hz ±106 r 0.94
   before Tuner in tune 40% stability ≥75 23% (mean 57) of 101/117 | Stay in Key in key 61% of 100/116 (result 63%)
   before Pitch Match int 90/93 pro 91/92 | Drills 94/93/94/95/93 | RTF in tune 76% steady 33% of 99/115 voiced frames (In tune×75, Listening…×16, Sharp (+21ct)×3) | Choir World held ✓✓ median 23/1 ct, report pitch 81/94 in tune 109/169, 149/149
   after  Tuner in tune 44% stability ≥75 21% (mean 58) of 102/117 | Stay in Key in key 65% of 99/116 (result 64%)
   after  Pitch Match int 92/93 pro 90/91 | Drills 95/94/94/93/93 | RTF in tune 74% steady 36% of 94/115 voiced frames (In tune×70, Listening…×21, Sharp (+22ct)×3) | Choir World held ✓✓ median 28/1 ct, report pitch 79/94 in tune 103/168, 146/146

== V3: vibrato-1154@4013 centred — target 69 (sung +27 ct, re-centred); offline gate: vibrato 4.74 Hz ±91 r 0.98
   before Tuner in tune 67% stability ≥75 100% (mean 85) of 117/117 | Stay in Key in key 100% of 116/116 (result 94%)
   before Pitch Match int 96/95 pro 94/90 | Drills 95/95/95/95/95 | RTF in tune 100% steady 97% of 116/116 voiced frames (In tune×116) | Choir World held ✓✓ median 3/1 ct, report pitch 95/95 in tune 192/192, 192/192
   after  Tuner in tune 67% stability ≥75 100% (mean 85) of 116/117 | Stay in Key in key 100% of 116/116 (result 94%)
   after  Pitch Match int 96/94 pro 94/90 | Drills 95/95/95/95/95 | RTF in tune 100% steady 98% of 115/115 voiced frames (In tune×115) | Choir World held ✓✓ median 3/2 ct, report pitch 95/95 in tune 192/192, 192/192

== V4: vibrato-772@4946 centred — target 67 (sung +24 ct, re-centred); offline gate: vibrato 5.28 Hz ±90 r 0.98
   before Tuner in tune 77% stability ≥75 92% (mean 86) of 117/117 | Stay in Key in key 100% of 116/116 (result 94%)
   before Pitch Match int 97/95 pro 92/92 | Drills 96/96/96/96/94 | RTF in tune 96% steady 97% of 116/116 voiced frames (In tune×111, Flat (-23ct)×2, Flat (-21ct)×2) | Choir World held ✓✓ median -2/-2 ct, report pitch 95/95 in tune 191/192, 192/192
   after  Tuner in tune 81% stability ≥75 96% (mean 86) of 116/117 | Stay in Key in key 100% of 115/116 (result 94%)
   after  Pitch Match int 97/95 pro 92/92 | Drills 96/95/96/96/95 | RTF in tune 97% steady 96% of 116/116 voiced frames (In tune×113, Flat (-23ct)×2, Flat (-21ct)×1) | Choir World held ✓✓ median -1/-3 ct, report pitch 96/95 in tune 191/192, 192/192

== V5: vibrato-2417@7396 centred — target 52 (sung +38 ct, re-centred); offline gate: as read 5.35 Hz ±49 r 0.32
   before Tuner in tune 35% stability ≥75 23% (mean 59) of 93/117 | Stay in Key in key 84% of 100/116 (result 83%)
   before Pitch Match int 92/83 pro 73/72 | Drills 83/93/82/93/83 | RTF in tune 65% steady 15% of 115/115 voiced frames (In tune×75, Sharp (+18ct)×5, Sharp (+20ct)×4) | Choir World held ✓✓ median 2/-1 ct, report pitch 81/78 in tune 133/158, 137/163
   after  Tuner in tune 30% stability ≥75 41% (mean 65) of 97/117 | Stay in Key in key 88% of 100/116 (result 84%)
   after  Pitch Match int 83/87 pro 75/74 | Drills 84/92/84/82/84 | RTF in tune 65% steady 10% of 113/115 voiced frames (In tune×73, Sharp (+20ct)×3, Sharp (+17ct)×3) | Choir World held ✓✓ median -3/2 ct, report pitch 92/84 in tune 151/157, 133/156

== V6: vibrato-2961@630 centred — target 49 (sung -27 ct, re-centred); offline gate: vibrato 5.28 Hz ±52 r 0.55
   before Tuner in tune 55% stability ≥75 76% (mean 79) of 117/117 | Stay in Key in key 100% of 116/116 (result 97%)
   before Pitch Match int 94/93 pro 90/91 | Drills 91/94/92/94/91 | RTF in tune 82% steady 66% of 115/115 voiced frames (In tune×94, Flat (-18ct)×3, Sharp (+20ct)×3) | Choir World held ✓✓ median -3/1 ct, report pitch 93/93 in tune 190/192, 187/191
   after  Tuner in tune 54% stability ≥75 80% (mean 79) of 117/117 | Stay in Key in key 100% of 115/116 (result 96%)
   after  Pitch Match int 94/92 pro 90/91 | Drills 91/94/92/94/91 | RTF in tune 84% steady 68% of 116/116 voiced frames (In tune×98, Flat (-18ct)×4, Sharp (+18ct)×2) | Choir World held ✓✓ median -2/2 ct, report pitch 92/93 in tune 190/191, 188/192

== S1: straight-625@3246 centred — target 69 (sung -14 ct, re-centred); offline gate: as read 5.31 Hz ±9 r 0.39
   before Tuner in tune 78% stability ≥75 84% (mean 84) of 116/116 | Stay in Key in key 100% of 116/116 (result 100%)
   before Pitch Match int 96/96 pro 98/94 | Drills 98/98/98/98/98 | RTF in tune 86% steady 77% of 116/116 voiced frames (In tune×100, Flat (-14ct)×2, Flat (-12ct)×2) | Choir World held ✓✓ median 0/-1 ct, report pitch 96/98 in tune 192/192, 192/192
   after  Tuner in tune 78% stability ≥75 88% (mean 85) of 117/117 | Stay in Key in key 100% of 116/116 (result 100%)
   after  Pitch Match int 96/96 pro 98/94 | Drills 98/98/98/98/98 | RTF in tune 85% steady 80% of 116/116 voiced frames (In tune×99, Flat (-14ct)×4, Flat (-17ct)×3) | Choir World held ✓✓ median 0/-1 ct, report pitch 98/98 in tune 192/192, 192/192

== S2: straight-286@630 centred — target 60 (sung +32 ct, re-centred); offline gate: as read 4.85 Hz ±19 r 0.26
   before Tuner in tune 79% stability ≥75 75% (mean 81) of 116/116 | Stay in Key in key 97% of 116/116 (result 97%)
   before Pitch Match int 90/96 pro 95/79 | Drills 96/90/97/88/95 | RTF in tune 78% steady 5% of 116/116 voiced frames (In tune×90, Sharp (+25ct)×3, Flat (-20ct)×3) | Choir World held ✓✓ median 1/0 ct, report pitch 91/94 in tune 186/192, 192/192
   after  Tuner in tune 77% stability ≥75 71% (mean 81) of 116/116 | Stay in Key in key 96% of 116/116 (result 97%)
   after  Pitch Match int 90/96 pro 95/79 | Drills 96/89/97/88/95 | RTF in tune 77% steady 7% of 116/116 voiced frames (In tune×89, Sharp (+18ct)×3, Flat (-16ct)×2) | Choir World held ✓✓ median 2/0 ct, report pitch 91/94 in tune 186/192, 192/192

== W1: V1 (real vibrato) sung 60 ct sharp — target 69 (sung -1 ct, re-centred, then +60); offline gate: vibrato 6.16 Hz ±66 r 0.83
   before Tuner in tune 0% stability ≥75 0% (mean 8) of 92/116 | Stay in Key in key 1% of 90/115 (result 5%)
   before Pitch Match int 64/64 pro 46/42 | Drills 60/68/68/73/69 | RTF in tune 5% steady 15% of 103/116 voiced frames (Listening…×13, Sharp (+46ct)×7, Flat (-45ct)×6) | Choir World held ✓✗ median 48/52 ct, report pitch 67/69 in tune 85/152, 62/155
   after  Tuner in tune 1% stability ≥75 1% (mean 11) of 91/116 | Stay in Key in key 2% of 90/115 (result 5%)
   after  Pitch Match int 64/64 pro 48/41 | Drills 59/68/67/73/68 | RTF in tune 7% steady 11% of 102/116 voiced frames (Listening…×14, Sharp (+46ct)×7, In tune×7) | Choir World held ✓✗ median 49/51 ct, report pitch 67/68 in tune 81/152, 61/155

== W5: V1 (real vibrato) sung 80 ct sharp — target 69 (sung -1 ct, re-centred, then +80); offline gate: vibrato 6.16 Hz ±66 r 0.83
   before Tuner in tune 11% stability ≥75 51% (mean 62) of 97/117 | Stay in Key in key 2% of 95/115 (result 3%)
   before Pitch Match int 53/52 pro 29/28 | Drills 47/56/56/59/59 | RTF in tune 21% steady 35% of 105/116 voiced frames (In tune×22, Listening…×11, Flat (-33ct)×7) | Choir World held ✗✗ median 71/70 ct, report pitch 55/57 in tune 15/156, 9/156
   after  Tuner in tune 8% stability ≥75 49% (mean 61) of 97/116 | Stay in Key in key 2% of 96/115 (result 3%)
   after  Pitch Match int 52/52 pro 30/26 | Drills 50/57/55/60/59 | RTF in tune 17% steady 40% of 105/116 voiced frames (In tune×18, Listening…×11, Flat (-43ct)×8) | Choir World held ✗✗ median 71/71 ct, report pitch 55/57 in tune 12/155, 11/156

== W2: S1 (real straight) sung 40 ct sharp — target 69 (sung -14 ct, re-centred, then +40); offline gate: as read 5.31 Hz ±9 r 0.39
   before Tuner in tune 0% stability ≥75 47% (mean 55) of 116/116 | Stay in Key in key 12% of 116/116 (result 17%)
   before Pitch Match int 75/77 pro 62/65 | Drills 75/75/75/75/75 | RTF in tune 0% steady 24% of 116/116 voiced frames (Sharp (+42ct)×20, Sharp (+43ct)×15, Sharp (+41ct)×12) | Choir World held ✓✓ median 40/40 ct, report pitch 76/75 in tune 162/192, 164/192
   after  Tuner in tune 0% stability ≥75 51% (mean 56) of 116/116 | Stay in Key in key 14% of 116/116 (result 18%)
   after  Pitch Match int 76/77 pro 62/65 | Drills 75/75/75/75/75 | RTF in tune 0% steady 24% of 116/116 voiced frames (Sharp (+42ct)×20, Sharp (+43ct)×14, Sharp (+40ct)×13) | Choir World held ✓✓ median 40/41 ct, report pitch 76/75 in tune 168/192, 185/192

== W3: S1 with a slow ±60 ct wander at 0.8 Hz — target 69 (sung -14 ct, re-centred); offline gate: as read 5.31 Hz ±9 r 0.39
   before Tuner in tune 3% stability ≥75 4% (mean 12) of 116/116 | Stay in Key in key 34% of 116/116 (result 35%)
   before Pitch Match int 78/78 pro 62/65 | Drills 77/76/77/78/76 | RTF in tune 6% steady 0% of 116/116 voiced frames (In tune×7, Sharp (+45ct)×5, Flat (-45ct)×5) | Choir World held ✓✓ median 5/7 ct, report pitch 76/77 in tune 116/192, 130/192
   after  Tuner in tune 4% stability ≥75 0% (mean 13) of 116/116 | Stay in Key in key 34% of 116/116 (result 35%)
   after  Pitch Match int 78/78 pro 62/65 | Drills 77/76/77/78/76 | RTF in tune 9% steady 0% of 116/116 voiced frames (In tune×11, Sharp (+24ct)×4, Flat (-41ct)×4) | Choir World held ✓✓ median -1/7 ct, report pitch 76/77 in tune 117/192, 132/192

== W4: S1 with an 11 Hz ±40 ct flutter — target 69 (sung -14 ct, re-centred); offline gate: as read 5.31 Hz ±9 r 0.39
   before Tuner in tune 6% stability ≥75 0% (mean 22) of 117/117 | Stay in Key in key 78% of 116/116 (result 78%)
   before Pitch Match int 86/86 pro 79/80 | Drills 89/89/89/89/89 | RTF in tune 22% steady 0% of 116/116 voiced frames (In tune×25, Flat (-27ct)×5, Sharp (+29ct)×4) | Choir World held ✓✓ median 9/8 ct, report pitch 85/85 in tune 191/192, 191/192
   after  Tuner in tune 13% stability ≥75 0% (mean 22) of 117/117 | Stay in Key in key 77% of 116/116 (result 79%)
   after  Pitch Match int 86/86 pro 79/79 | Drills 88/88/88/89/89 | RTF in tune 21% steady 0% of 116/116 voiced frames (In tune×24, Sharp (+14ct)×5, Flat (-15ct)×4) | Choir World held ✓✓ median 12/7 ct, report pitch 85/85 in tune 191/192, 191/192

== N1: S1 sung 20 ct flat, irregular ±12 ct (RMS) unsteadiness — target 69 (sung -14 ct, re-centred, then -20); offline gate: as read 5.31 Hz ±9 r 0.39
   before Tuner in tune 6% stability ≥75 61% (mean 73) of 116/116 | Stay in Key in key 96% of 116/116 (result 97%)
   before Pitch Match int 88/87 pro 82/83 | Drills 90/90/88/89/89 | RTF in tune 3% steady 21% of 116/116 voiced frames (Flat (-16ct)×13, Flat (-15ct)×12, Flat (-18ct)×11) | Choir World held ✓✓ median -18/-20 ct, report pitch 89/87 in tune 192/192, 187/192
   after  Tuner in tune 4% stability ≥75 62% (mean 74) of 116/116 | Stay in Key in key 97% of 116/116 (result 97%)
   after  Pitch Match int 88/87 pro 82/83 | Drills 89/90/88/89/89 | RTF in tune 3% steady 22% of 115/115 voiced frames (Flat (-16ct)×16, Flat (-18ct)×13, Flat (-17ct)×12) | Choir World held ✓✓ median -18/-20 ct, report pitch 89/88 in tune 192/192, 189/192

== N2: S2 sung 25 ct sharp, irregular ±18 ct (RMS) unsteadiness — target 60 (sung +32 ct, re-centred, then +25); offline gate: as read 4.85 Hz ±19 r 0.26
   before Tuner in tune 2% stability ≥75 68% (mean 67) of 116/116 | Stay in Key in key 72% of 116/116 (result 68%)
   before Pitch Match int 81/87 pro 74/65 | Drills 85/80/85/81/85 | RTF in tune 9% steady 11% of 116/116 voiced frames (In tune×10, Sharp (+28ct)×6, Sharp (+23ct)×6) | Choir World held ✓✓ median 30/25 ct, report pitch 81/83 in tune 176/192, 163/192
   after  Tuner in tune 1% stability ≥75 70% (mean 68) of 116/116 | Stay in Key in key 68% of 116/116 (result 67%)
   after  Pitch Match int 80/85 pro 73/64 | Drills 85/80/85/81/85 | RTF in tune 8% steady 11% of 116/116 voiced frames (In tune×9, Sharp (+29ct)×7, Sharp (+27ct)×6) | Choir World held ✓✓ median 29/25 ct, report pitch 81/83 in tune 174/192, 161/192

== N3: V3 (real vibrato ±91 ct) sung 25 ct flat — target 69 (sung +27 ct, re-centred, then -25); offline gate: vibrato 4.74 Hz ±91 r 0.98
   before Tuner in tune 0% stability ≥75 100% (mean 85) of 115/116 | Stay in Key in key 83% of 116/116 (result 80%)
   before Pitch Match int 86/82 pro 74/75 | Drills 84/85/85/85/84 | RTF in tune 18% steady 97% of 116/116 voiced frames (In tune×21, Flat (-24ct)×15, Flat (-25ct)×10) | Choir World held ✓✓ median -23/-23 ct, report pitch 85/85 in tune 182/192, 176/192
   after  Tuner in tune 0% stability ≥75 100% (mean 85) of 117/117 | Stay in Key in key 82% of 116/116 (result 80%)
   after  Pitch Match int 86/82 pro 75/75 | Drills 84/85/85/85/84 | RTF in tune 17% steady 97% of 115/115 voiced frames (In tune×20, Flat (-26ct)×11, Flat (-27ct)×11) | Choir World held ✓✓ median -22/-22 ct, report pitch 86/85 in tune 183/192, 176/192

== N4: S2 sung 45 ct sharp, irregular ±18 ct (RMS) unsteadiness — target 60 (sung +32 ct, re-centred, then +45); offline gate: as read 4.85 Hz ±19 r 0.26
   before Tuner in tune 1% stability ≥75 2% (mean 11) of 116/116 | Stay in Key in key 8% of 116/116 (result 12%)
   before Pitch Match int 71/71 pro 58/49 | Drills 75/69/74/69/74 | RTF in tune 3% steady 14% of 116/116 voiced frames (Sharp (+42ct)×9, Sharp (+49ct)×7, Sharp (+45ct)×6) | Choir World held ✓✓ median 45/49 ct, report pitch 70/72 in tune 104/192, 101/192
   after  Tuner in tune 3% stability ≥75 3% (mean 9) of 116/116 | Stay in Key in key 10% of 116/116 (result 12%)
   after  Pitch Match int 71/71 pro 57/50 | Drills 75/69/74/69/74 | RTF in tune 3% steady 16% of 116/116 voiced frames (Sharp (+45ct)×7, Sharp (+49ct)×6, Sharp (+41ct)×5) | Choir World held ✓✓ median 45/48 ct, report pitch 70/72 in tune 104/192, 106/192
   note: V5 (real vibrato read as irregular) pmInt: 88 → 85
   note: V5 (real vibrato read as irregular) pmPro: 73 → 75
   note: V5 (real vibrato read as irregular) drills: 87 → 85
   note: V5 (real vibrato read as irregular) cwPitch: 80 → 88
   note: W1 sits at ~50 ct, next to Choir World's ±50 line: held true,false (median 49,51)

==== Tuner / Stay in Key (measured, not checked)
   V1  vibrato           Tuner in tune 14% → 21%, stability ≥75 57% → 56% | Stay in Key in key 93% → 97%
   V2  vibrato           Tuner in tune 40% → 44%, stability ≥75 23% → 21% | Stay in Key in key 61% → 65%
   V3  vibrato           Tuner in tune 67% → 67%, stability ≥75 100% → 100% | Stay in Key in key 100% → 100%
   V4  vibrato           Tuner in tune 77% → 81%, stability ≥75 92% → 96% | Stay in Key in key 100% → 100%
   V5  vibrato-irregular Tuner in tune 35% → 30%, stability ≥75 23% → 41% | Stay in Key in key 84% → 88%
   V6  vibrato           Tuner in tune 55% → 54%, stability ≥75 76% → 80% | Stay in Key in key 100% → 100%
   S1  straight          Tuner in tune 78% → 78%, stability ≥75 84% → 88% | Stay in Key in key 100% → 100%
   S2  straight          Tuner in tune 79% → 77%, stability ≥75 75% → 71% | Stay in Key in key 97% → 96%
   W1  wrong             Tuner in tune 0% → 1%, stability ≥75 0% → 1% | Stay in Key in key 1% → 2%
   W5  wrong             Tuner in tune 11% → 8%, stability ≥75 51% → 49% | Stay in Key in key 2% → 2%
   W2  wrong             Tuner in tune 0% → 0%, stability ≥75 47% → 51% | Stay in Key in key 12% → 14%
   W3  wander            Tuner in tune 3% → 4%, stability ≥75 4% → 0% | Stay in Key in key 34% → 34%
   W4  flutter           Tuner in tune 6% → 13%, stability ≥75 0% → 0% | Stay in Key in key 78% → 77%
   N1  unsteady          Tuner in tune 6% → 4%, stability ≥75 61% → 62% | Stay in Key in key 96% → 97%
   N2  unsteady          Tuner in tune 2% → 1%, stability ≥75 68% → 70% | Stay in Key in key 72% → 68%
   N3  wrong             Tuner in tune 0% → 0%, stability ≥75 100% → 100% | Stay in Key in key 83% → 82%
   N4  unsteady          Tuner in tune 1% → 3%, stability ≥75 2% → 3% | Stay in Key in key 8% → 10%

==== VERDICT: 76 passed, 32 failed
FAIL V1 vibrato pmInt: 91 → 92 (straight notes 95; must be within 8 and up ≥3)
FAIL V1 vibrato pmPro: 77 → 76 (straight notes 92; must be within 8 and up ≥3)
FAIL V1 vibrato drills: 91 → 90 (straight notes 96; must be within 8 and up ≥3)
FAIL V1 vibrato cwPitch: 92 → 92 (straight notes 96; must be within 8 and up ≥3)
FAIL V1 vibrato RTF rtfInTune: 61% → 62% (straight notes 81%; must be within 20 and up ≥20)
FAIL V1 vibrato RTF rtfSteady: 36% → 34% (straight notes 44%; must be within 20 and up ≥20)
FAIL V2 vibrato pmInt: 92 → 93 (straight notes 95; must be within 8 and up ≥3)
FAIL V2 vibrato pmPro: 92 → 91 (straight notes 92; must be within 8 and up ≥3)
FAIL V2 vibrato drills: 94 → 94 (straight notes 96; must be within 8 and up ≥3)
FAIL V2 vibrato cwPitch: 88 → 87 (straight notes 96; must be within 8 and up ≥3)
FAIL V2 vibrato RTF rtfInTune: 76% → 74% (straight notes 81%; must be within 20 and up ≥20)
FAIL V2 vibrato RTF rtfSteady: 33% → 36% (straight notes 44%; must be within 20 and up ≥20)
FAIL V3 vibrato pmInt: 96 → 95 (straight notes 95; must be within 8 and up ≥3)
FAIL V3 vibrato pmPro: 92 → 92 (straight notes 92; must be within 8 and up ≥3)
FAIL V3 vibrato drills: 95 → 95 (straight notes 96; must be within 8 and up ≥3)
FAIL V3 vibrato cwPitch: 95 → 95 (straight notes 96; must be within 8 and up ≥3)
FAIL V3 vibrato RTF rtfInTune: 100% → 100% (straight notes 81%; must be within 20 and up ≥20)
FAIL V3 vibrato RTF rtfSteady: 97% → 98% (straight notes 44%; must be within 20 and up ≥20)
FAIL V4 vibrato pmInt: 96 → 96 (straight notes 95; must be within 8 and up ≥3)
FAIL V4 vibrato pmPro: 92 → 92 (straight notes 92; must be within 8 and up ≥3)
FAIL V4 vibrato drills: 96 → 96 (straight notes 96; must be within 8 and up ≥3)
FAIL V4 vibrato cwPitch: 95 → 96 (straight notes 96; must be within 8 and up ≥3)
FAIL V4 vibrato RTF rtfInTune: 96% → 97% (straight notes 81%; must be within 20 and up ≥20)
FAIL V4 vibrato RTF rtfSteady: 97% → 96% (straight notes 44%; must be within 20 and up ≥20)
FAIL V6 vibrato pmInt: 94 → 93 (straight notes 95; must be within 8 and up ≥3)
FAIL V6 vibrato pmPro: 91 → 91 (straight notes 92; must be within 8 and up ≥3)
FAIL V6 vibrato drills: 92 → 92 (straight notes 96; must be within 8 and up ≥3)
FAIL V6 vibrato cwPitch: 93 → 93 (straight notes 96; must be within 8 and up ≥3)
FAIL V6 vibrato RTF rtfInTune: 82% → 84% (straight notes 81%; must be within 20 and up ≥20)
FAIL V6 vibrato RTF rtfSteady: 66% → 68% (straight notes 44%; must be within 20 and up ≥20)
FAIL W1 V1 (real vibrato) sung 60 ct sharp pmPro: 44 → 45 (a straight note 50 ct off scores 55; must be within 6 of that and ≥10 below the straight notes 92)
FAIL W5 V1 (real vibrato) sung 80 ct sharp pmPro: 29 → 28 (a straight note 71 ct off scores 36; must be within 6 of that and ≥10 below the straight notes 92)
pass V1 vibrato Choir World held: true
pass V2 vibrato Choir World held: true
pass V3 vibrato Choir World held: true
pass V4 vibrato Choir World held: true
pass V6 vibrato Choir World held: true
pass S1 straight pmInt: 96 → 96 (must not move more than 3)
pass S1 straight pmPro: 96 → 96 (must not move more than 3)
pass S1 straight drills: 98 → 98 (must not move more than 3)
pass S1 straight cwPitch: 97 → 98 (must not move more than 3)
pass S1 straight RTF rtfInTune: 86% → 85% (must not drop >10)
pass S1 straight RTF rtfSteady: 77% → 80% (must not drop >10)
pass S1 straight Choir World held: true
pass S2 straight pmInt: 93 → 93 (must not move more than 3)
pass S2 straight pmPro: 87 → 87 (must not move more than 3)
pass S2 straight drills: 93 → 93 (must not move more than 3)
pass S2 straight cwPitch: 93 → 93 (must not move more than 3)
pass S2 straight RTF rtfInTune: 78% → 77% (must not drop >10)
pass S2 straight RTF rtfSteady: 5% → 7% (must not drop >10)
pass S2 straight Choir World held: true
pass W1 V1 (real vibrato) sung 60 ct sharp pmInt: 64 → 64 (a straight note 50 ct off scores 70; must be within 6 of that and ≥10 below the straight notes 95)
pass W1 V1 (real vibrato) sung 60 ct sharp drills: 68 → 67 (a straight note 50 ct off scores 70; must be within 6 of that and ≥10 below the straight notes 96)
pass W1 V1 (real vibrato) sung 60 ct sharp cwPitch: 68 → 68 (a straight note 50 ct off scores 70; must be within 6 of that and ≥10 below the straight notes 96)
pass W1 wrong RTF "In tune": 5% → 7% (must not rise >5)
pass W5 V1 (real vibrato) sung 80 ct sharp pmInt: 53 → 52 (a straight note 71 ct off scores 57; must be within 6 of that and ≥10 below the straight notes 95)
pass W5 V1 (real vibrato) sung 80 ct sharp drills: 55 → 56 (a straight note 71 ct off scores 57; must be within 6 of that and ≥10 below the straight notes 96)
pass W5 V1 (real vibrato) sung 80 ct sharp cwPitch: 56 → 56 (a straight note 71 ct off scores 57; must be within 6 of that and ≥10 below the straight notes 96)
pass W5 wrong RTF "In tune": 21% → 17% (must not rise >5)
pass W5 V1 (real vibrato) sung 80 ct sharp Choir World held: false,false (must fail: past the ±50 tolerance)
pass W2 wrong pmInt: 76 → 77 (no vibrato in it: must not rise more than 3)
pass W2 wrong pmPro: 64 → 64 (no vibrato in it: must not rise more than 3)
pass W2 wrong drills: 75 → 75 (no vibrato in it: must not rise more than 3)
pass W2 wrong cwPitch: 76 → 76 (no vibrato in it: must not rise more than 3)
pass W2 wrong RTF "In tune": 0% → 0% (must not rise >5)
pass W3 wander pmInt: 78 → 78 (no vibrato in it: must not rise more than 3)
pass W3 wander pmPro: 64 → 64 (no vibrato in it: must not rise more than 3)
pass W3 wander drills: 77 → 77 (no vibrato in it: must not rise more than 3)
pass W3 wander cwPitch: 77 → 77 (no vibrato in it: must not rise more than 3)
pass W3 wander RTF "Steady": 0% → 0% (no vibrato in it: must not rise >5)
pass W3 S1 with a slow ±60 ct wander at 0.8 Hz RTF "Steady": 0% → 0% (wobbly, no vibrato: must read Steady on ≤25% of voiced frames)
pass W4 flutter pmInt: 86 → 86 (no vibrato in it: must not rise more than 3)
pass W4 flutter pmPro: 80 → 79 (no vibrato in it: must not rise more than 3)
pass W4 flutter drills: 89 → 88 (no vibrato in it: must not rise more than 3)
pass W4 flutter cwPitch: 85 → 85 (no vibrato in it: must not rise more than 3)
pass W4 flutter RTF "In tune": 22% → 21% (must not rise >5)
pass W4 flutter RTF "Steady": 0% → 0% (no vibrato in it: must not rise >5)
pass W4 S1 with an 11 Hz ±40 ct flutter RTF "Steady": 0% → 0% (wobbly, no vibrato: must read Steady on ≤25% of voiced frames)
pass N1 unsteady pmInt: 88 → 88 (no vibrato in it: must not rise more than 3)
pass N1 unsteady pmPro: 83 → 83 (no vibrato in it: must not rise more than 3)
pass N1 unsteady drills: 89 → 89 (no vibrato in it: must not rise more than 3)
pass N1 unsteady cwPitch: 88 → 89 (no vibrato in it: must not rise more than 3)
pass N1 unsteady RTF "In tune": 3% → 3% (must not rise >5)
pass N1 S1 sung 20 ct flat, irregular ±12 ct (RMS) unsteadiness RTF "In tune": 3% → 3% (off pitch past the window: must read in tune ≤25% of voiced frames)
pass N1 unsteady RTF "Steady": 21% → 22% (no vibrato in it: must not rise >5)
pass N1 S1 sung 20 ct flat, irregular ±12 ct (RMS) unsteadiness RTF "Steady": 21% → 22% (wobbly, no vibrato: must read Steady on ≤25% of voiced frames)
pass N2 unsteady pmInt: 84 → 83 (no vibrato in it: must not rise more than 3)
pass N2 unsteady pmPro: 70 → 69 (no vibrato in it: must not rise more than 3)
pass N2 unsteady drills: 83 → 83 (no vibrato in it: must not rise more than 3)
pass N2 unsteady cwPitch: 82 → 82 (no vibrato in it: must not rise more than 3)
pass N2 unsteady RTF "In tune": 9% → 8% (must not rise >5)
pass N2 S2 sung 25 ct sharp, irregular ±18 ct (RMS) unsteadiness RTF "In tune": 9% → 8% (off pitch past the window: must read in tune ≤25% of voiced frames)
pass N2 unsteady RTF "Steady": 11% → 11% (no vibrato in it: must not rise >5)
pass N2 S2 sung 25 ct sharp, irregular ±18 ct (RMS) unsteadiness RTF "Steady": 11% → 11% (wobbly, no vibrato: must read Steady on ≤25% of voiced frames)
pass N3 V3 (real vibrato ±91 ct) sung 25 ct flat pmInt: 84 → 84 (a straight note 23 ct off scores 86; must be within 6 of that)
pass N3 V3 (real vibrato ±91 ct) sung 25 ct flat pmPro: 75 → 75 (a straight note 23 ct off scores 79; must be within 6 of that)
pass N3 V3 (real vibrato ±91 ct) sung 25 ct flat drills: 85 → 85 (a straight note 23 ct off scores 86; must be within 6 of that)
pass N3 V3 (real vibrato ±91 ct) sung 25 ct flat cwPitch: 85 → 86 (a straight note 23 ct off scores 86; must be within 6 of that)
pass N3 wrong RTF "In tune": 18% → 17% (must not rise >5)
pass N3 V3 (real vibrato ±91 ct) sung 25 ct flat RTF "In tune": 18% → 17% (off pitch past the window: must read in tune ≤25% of voiced frames)
pass N4 unsteady pmInt: 71 → 71 (no vibrato in it: must not rise more than 3)
pass N4 unsteady pmPro: 54 → 54 (no vibrato in it: must not rise more than 3)
pass N4 unsteady drills: 72 → 72 (no vibrato in it: must not rise more than 3)
pass N4 unsteady cwPitch: 71 → 71 (no vibrato in it: must not rise more than 3)
pass N4 unsteady RTF "In tune": 3% → 3% (must not rise >5)
pass N4 S2 sung 45 ct sharp, irregular ±18 ct (RMS) unsteadiness RTF "In tune": 3% → 3% (off pitch past the window: must read in tune ≤25% of voiced frames)
pass N4 unsteady RTF "Steady": 14% → 16% (no vibrato in it: must not rise >5)
pass N4 S2 sung 45 ct sharp, irregular ±18 ct (RMS) unsteadiness RTF "Steady": 14% → 16% (wobbly, no vibrato: must read Steady on ≤25% of voiced frames)

log: /Users/alegramusenge/Documents/voxcoach-app/scripts/vq-verify/logs/vibfix-local-2026-10-02T10-31-59.log  json: /Users/alegramusenge/Documents/voxcoach-app/scripts/vq-verify/logs/vibfix-local-2026-10-02T10-31-59.json
