vibfix 2026-09-30T06-25-47  sides: before, after  before: HEAD

== V1: vibrato-628@2896 centred — target 69 (sung -1 ct, re-centred); offline gate: vibrato 6.16 Hz ±66 r 0.83
   before Pitch Match int 74/71 pro 66/64 | Drills 77/75/77/77/73 | RTF in tune 9% steady 0% (Listening…×22, In tune×10, Sharp (+28ct)×4) | Choir World held ✓✓ median -4/-1 ct, report pitch 79/77 in tune 112/153, 105/157
   after  Pitch Match int 92/91 pro 90/64 | Drills 90/90/91/91/92 | RTF in tune 21% steady 29% (In tune×23, Listening…×21, Flat (-11ct)×6) | Choir World held ✓✓ median -8/-11 ct, report pitch 92/91 in tune 153/154, 154/154

== V2: vibrato-3131@8046 centred — target 49 (sung -32 ct, re-centred); offline gate: vibrato 5.07 Hz ±106 r 0.94
   before Pitch Match int 64/60 pro 40/42 | Drills 64/61/62/64/62 | RTF in tune 19% steady 0% (In tune×20, Listening…×17, Sharp (+9ct)×6) | Choir World held ✓✓ median 10/8 ct, report pitch 49/39 in tune 52/146, 61/168
   after  Pitch Match int 93/92 pro 90/92 | Drills 94/93/94/94/94 | RTF in tune 31% steady 4% (In tune×33, Listening…×16, Flat (-9ct)×5) | Choir World held ✓✓ median 2/6 ct, report pitch 74/78 in tune 143/152, 160/168

== V3: vibrato-1154@4013 centred — target 69 (sung +27 ct, re-centred); offline gate: vibrato 4.74 Hz ±91 r 0.98
   before Pitch Match int 63/66 pro 45/46 | Drills 67/67/67/66/67 | RTF in tune 11% steady 0% (In tune×12, Flat (-49ct)×5, Sharp (+34ct)×3) | Choir World held ✓✓ median -4/0 ct, report pitch 63/61 in tune 67/192, 69/192
   after  Pitch Match int 95/95 pro 93/91 | Drills 95/96/95/95/95 | RTF in tune 69% steady 47% (In tune×74, Sharp (+10ct)×5, Sharp (+14ct)×4) | Choir World held ✓✓ median 3/1 ct, report pitch 91/95 in tune 189/192, 192/192

== V4: vibrato-772@4946 centred — target 67 (sung +24 ct, re-centred); offline gate: vibrato 5.28 Hz ±90 r 0.98
   before Pitch Match int 62/62 pro 42/43 | Drills 64/65/65/65/65 | RTF in tune 13% steady 0% (In tune×14, Sharp (+23ct)×4, Sharp (+15ct)×3) | Choir World held ✓✓ median -11/-11 ct, report pitch 59/58 in tune 54/192, 57/192
   after  Pitch Match int 97/96 pro 94/95 | Drills 96/93/95/96/96 | RTF in tune 65% steady 64% (In tune×70, Sharp (+9ct)×5, Flat (-10ct)×5) | Choir World held ✓✓ median -3/-3 ct, report pitch 91/93 in tune 188/192, 190/192

== V5: vibrato-2417@7396 centred — target 52 (sung +38 ct, re-centred); offline gate: as read 5.35 Hz ±49 r 0.32
   before Pitch Match int 77/84 pro 74/72 | Drills 83/82/84/83/84 | RTF in tune 24% steady 0% (In tune×25, Flat (-12ct)×4, Sharp (+12ct)×4) | Choir World held ✓✓ median 0/1 ct, report pitch 81/80 in tune 130/158, 133/159
   after  Pitch Match int 78/83 pro 73/74 | Drills 84/82/83/84/83 | RTF in tune 28% steady 3% (In tune×29, Flat (-11ct)×5, Flat (-13ct)×4) | Choir World held ✓✓ median -3/0 ct, report pitch 79/82 in tune 133/165, 129/155

== V6: vibrato-2961@630 centred — target 49 (sung -27 ct, re-centred); offline gate: vibrato 5.28 Hz ±52 r 0.55
   before Pitch Match int 80/79 pro 70/75 | Drills 79/84/80/82/80 | RTF in tune 20% steady 0% (In tune×21, Sharp (+18ct)×4, Flat (-23ct)×3) | Choir World held ✓✓ median -2/-4 ct, report pitch 80/83 in tune 161/192, 169/192
   after  Pitch Match int 94/93 pro 70/90 | Drills 91/94/92/83/92 | RTF in tune 50% steady 26% (In tune×54, Flat (-9ct)×6, Flat (-16ct)×3) | Choir World held ✓✓ median -2/1 ct, report pitch 78/94 in tune 156/191, 189/192

== S1: straight-625@3246 centred — target 69 (sung -14 ct, re-centred); offline gate: as read 5.31 Hz ±9 r 0.39
   before Pitch Match int 96/96 pro 94/94 | Drills 97/97/97/97/97 | RTF in tune 77% steady 75% (In tune×80, Sharp (+10ct)×4, Sharp (+16ct)×3) | Choir World held ✓✓ median 0/0 ct, report pitch 96/96 in tune 192/192, 192/192
   after  Pitch Match int 96/96 pro 98/95 | Drills 98/97/97/97/97 | RTF in tune 82% steady 93% (In tune×87, Flat (-14ct)×3, Sharp (+9ct)×2) | Choir World held ✓✓ median 0/0 ct, report pitch 96/96 in tune 192/192, 192/192

== S2: straight-286@630 centred — target 60 (sung +32 ct, re-centred); offline gate: as read 4.85 Hz ±19 r 0.26
   before Pitch Match int 91/94 pro 91/79 | Drills 94/90/94/88/95 | RTF in tune 37% steady 7% (In tune×39, Flat (-11ct)×5, Sharp (+11ct)×5) | Choir World held ✓✓ median -1/1 ct, report pitch 94/90 in tune 192/192, 184/191
   after  Pitch Match int 90/97 pro 91/79 | Drills 94/90/97/87/95 | RTF in tune 44% steady 32% (In tune×47, Flat (-9ct)×6, Flat (-11ct)×4) | Choir World held ✓✓ median 1/1 ct, report pitch 97/90 in tune 192/192, 185/192

== W1: V1 (real vibrato) sung 60 ct sharp — target 69 (sung -1 ct, re-centred, then +60); offline gate: vibrato 6.16 Hz ±66 r 0.83
   before Pitch Match int 60/59 pro 42/40 | Drills 60/64/66/70/65 | RTF in tune 17% steady 0% (In tune×18, Listening…×16, Flat (-37ct)×3) | Choir World held ✗✗ median 56/60 ct, report pitch 62/63 in tune 64/143, 65/154
   after  Pitch Match int 65/65 pro 48/43 | Drills 60/69/67/73/70 | RTF in tune 4% steady 2% (Listening…×12, Sharp (+48ct)×9, Sharp (+45ct)×5) | Choir World held ✗✓ median 51/50 ct, report pitch 67/68 in tune 65/156, 78/154

== W2: S1 (real straight) sung 40 ct sharp — target 69 (sung -14 ct, re-centred, then +40); offline gate: as read 5.31 Hz ±9 r 0.39
   before Pitch Match int 75/77 pro 62/65 | Drills 75/75/75/75/75 | RTF in tune 0% steady 21% (Sharp (+44ct)×10, Sharp (+38ct)×8, Sharp (+36ct)×7) | Choir World held ✓✓ median 41/40 ct, report pitch 75/75 in tune 160/192, 156/192
   after  Pitch Match int 76/77 pro 62/65 | Drills 75/75/75/75/75 | RTF in tune 0% steady 31% (Sharp (+39ct)×17, Sharp (+43ct)×10, Sharp (+45ct)×9) | Choir World held ✓✓ median 41/40 ct, report pitch 75/75 in tune 157/192, 158/192

== W3: S1 with a slow ±60 ct wander at 0.8 Hz — target 69 (sung -14 ct, re-centred); offline gate: as read 5.31 Hz ±9 r 0.39
   before Pitch Match int 76/77 pro 62/65 | Drills 77/76/77/78/77 | RTF in tune 8% steady 0% (In tune×9, Flat (-43ct)×5, Flat (-48ct)×4) | Choir World held ✓✓ median 13/-10 ct, report pitch 76/77 in tune 120/192, 116/181
   after  Pitch Match int 77/78 pro 62/64 | Drills 77/76/77/78/77 | RTF in tune 9% steady 0% (In tune×10, Flat (-49ct)×5, Sharp (+40ct)×5) | Choir World held ✓✓ median -16/16 ct, report pitch 76/77 in tune 124/192, 123/193

== W4: S1 with an 11 Hz ±40 ct flutter — target 69 (sung -14 ct, re-centred); offline gate: as read 5.31 Hz ±9 r 0.39
   before Pitch Match int 86/86 pro 80/79 | Drills 88/89/89/89/89 | RTF in tune 18% steady 0% (In tune×19, Flat (-18ct)×5, Flat (-10ct)×4) | Choir World held ✓✓ median 8/6 ct, report pitch 86/85 in tune 192/192, 189/191
   after  Pitch Match int 86/86 pro 80/80 | Drills 89/89/88/89/89 | RTF in tune 12% steady 0% (In tune×13, Flat (-30ct)×6, Sharp (+22ct)×4) | Choir World held ✓✓ median 6/11 ct, report pitch 86/85 in tune 192/192, 192/192
   note: V5 (real vibrato read as irregular) pmInt: 81 → 81
   note: V5 (real vibrato read as irregular) pmPro: 73 → 74
   note: V5 (real vibrato read as irregular) drills: 83 → 83
   note: V5 (real vibrato read as irregular) cwPitch: 81 → 81

==== VERDICT: 48 passed, 21 failed
FAIL V1 vibrato pmPro: 65 → 77 (straight notes 91; must be within 8 and up ≥3)
FAIL V1 vibrato RTF rtfInTune: 9% → 21% (must be ≥75%)
FAIL V1 vibrato RTF rtfSteady: 0% → 29% (must be ≥75%)
FAIL V2 vibrato cwPitch: 44 → 76 (straight notes 95; must be within 8 and up ≥3)
FAIL V2 vibrato RTF rtfInTune: 19% → 31% (must be ≥75%)
FAIL V2 vibrato RTF rtfSteady: 0% → 4% (must be ≥75%)
FAIL V3 vibrato RTF rtfInTune: 11% → 69% (must be ≥75%)
FAIL V3 vibrato RTF rtfSteady: 0% → 47% (must be ≥75%)
FAIL V4 vibrato RTF rtfInTune: 13% → 65% (must be ≥75%)
FAIL V4 vibrato RTF rtfSteady: 0% → 64% (must be ≥75%)
FAIL V6 vibrato pmPro: 73 → 80 (straight notes 91; must be within 8 and up ≥3)
FAIL V6 vibrato cwPitch: 82 → 86 (straight notes 95; must be within 8 and up ≥3)
FAIL V6 vibrato RTF rtfInTune: 20% → 50% (must be ≥75%)
FAIL V6 vibrato RTF rtfSteady: 0% → 26% (must be ≥75%)
FAIL W1 wrong pmInt: 60 → 65 (straight notes 95; must stay ≥10 below and not rise >3)
FAIL W1 wrong pmPro: 41 → 46 (straight notes 91; must stay ≥10 below and not rise >3)
FAIL W1 wrong cwPitch: 63 → 68 (straight notes 95; must stay ≥10 below and not rise >3)
FAIL W4 flutter pmInt: 86 → 86 (straight notes 95; must stay ≥10 below and not rise >3)
FAIL W4 flutter drills: 89 → 89 (straight notes 95; must stay ≥10 below and not rise >3)
FAIL W4 flutter cwPitch: 86 → 86 (straight notes 95; must stay ≥10 below and not rise >3)
FAIL W4 flutter RTF "In tune": 18% → 12% (must stay ≤10%)
pass V1 vibrato pmInt: 73 → 92 (straight notes 95; must be within 8 and up ≥3)
pass V1 vibrato drills: 76 → 91 (straight notes 95; must be within 8 and up ≥3)
pass V1 vibrato cwPitch: 78 → 92 (straight notes 95; must be within 8 and up ≥3)
pass V1 vibrato Choir World held: true
pass V2 vibrato pmInt: 62 → 93 (straight notes 95; must be within 8 and up ≥3)
pass V2 vibrato pmPro: 41 → 91 (straight notes 91; must be within 8 and up ≥3)
pass V2 vibrato drills: 63 → 94 (straight notes 95; must be within 8 and up ≥3)
pass V2 vibrato Choir World held: true
pass V3 vibrato pmInt: 65 → 95 (straight notes 95; must be within 8 and up ≥3)
pass V3 vibrato pmPro: 46 → 92 (straight notes 91; must be within 8 and up ≥3)
pass V3 vibrato drills: 67 → 95 (straight notes 95; must be within 8 and up ≥3)
pass V3 vibrato cwPitch: 62 → 93 (straight notes 95; must be within 8 and up ≥3)
pass V3 vibrato Choir World held: true
pass V4 vibrato pmInt: 62 → 97 (straight notes 95; must be within 8 and up ≥3)
pass V4 vibrato pmPro: 43 → 95 (straight notes 91; must be within 8 and up ≥3)
pass V4 vibrato drills: 65 → 95 (straight notes 95; must be within 8 and up ≥3)
pass V4 vibrato cwPitch: 59 → 92 (straight notes 95; must be within 8 and up ≥3)
pass V4 vibrato Choir World held: true
pass V6 vibrato pmInt: 80 → 94 (straight notes 95; must be within 8 and up ≥3)
pass V6 vibrato drills: 81 → 90 (straight notes 95; must be within 8 and up ≥3)
pass V6 vibrato Choir World held: true
pass S1 straight pmInt: 96 → 96 (must not move more than 3)
pass S1 straight pmPro: 94 → 97 (must not move more than 3)
pass S1 straight drills: 97 → 97 (must not move more than 3)
pass S1 straight cwPitch: 96 → 96 (must not move more than 3)
pass S1 straight RTF rtfInTune: 77% → 82% (must not drop >10)
pass S1 straight RTF rtfSteady: 75% → 93% (must not drop >10)
pass S1 straight Choir World held: true
pass S2 straight pmInt: 93 → 94 (must not move more than 3)
pass S2 straight pmPro: 85 → 85 (must not move more than 3)
pass S2 straight drills: 92 → 93 (must not move more than 3)
pass S2 straight cwPitch: 92 → 94 (must not move more than 3)
pass S2 straight RTF rtfInTune: 37% → 44% (must not drop >10)
pass S2 straight RTF rtfSteady: 7% → 32% (must not drop >10)
pass S2 straight Choir World held: true
pass W1 wrong drills: 65 → 68 (straight notes 95; must stay ≥10 below and not rise >3)
pass W1 wrong RTF "In tune": 17% → 4% (must stay ≤10%)
pass W1 V1 (real vibrato) sung 60 ct sharp Choir World held: false (must fail: 60 ct is past the ±50 tolerance)
pass W2 wrong pmInt: 76 → 77 (straight notes 95; must stay ≥10 below and not rise >3)
pass W2 wrong pmPro: 64 → 64 (straight notes 91; must stay ≥10 below and not rise >3)
pass W2 wrong drills: 75 → 75 (straight notes 95; must stay ≥10 below and not rise >3)
pass W2 wrong cwPitch: 75 → 75 (straight notes 95; must stay ≥10 below and not rise >3)
pass W2 wrong RTF "In tune": 0% → 0% (must stay ≤10%)
pass W3 wander pmInt: 77 → 78 (straight notes 95; must stay ≥10 below and not rise >3)
pass W3 wander pmPro: 64 → 63 (straight notes 91; must stay ≥10 below and not rise >3)
pass W3 wander drills: 77 → 77 (straight notes 95; must stay ≥10 below and not rise >3)
pass W3 wander cwPitch: 77 → 77 (straight notes 95; must stay ≥10 below and not rise >3)
pass W4 flutter pmPro: 80 → 80 (straight notes 91; must stay ≥10 below and not rise >3)

log: C:\Users\Alegra Kunda\OneDrive\Documents\voxcoach-app\scripts\vq-verify\logs\vibfix-local-2026-09-30T06-25-47.log  json: C:\Users\Alegra Kunda\OneDrive\Documents\voxcoach-app\scripts\vq-verify\logs\vibfix-local-2026-09-30T06-25-47.json
