vibfix 2026-10-04T03-40-30  sides: before, after  before: master

== V1: vibrato-628@2896 centred — target 69 (sung -1 ct, re-centred); offline gate: vibrato 6.16 Hz ±66 r 0.83
   before Tuner in tune 20% stability ≥75 53% (mean 65) of 91/115 | Stay in Key in key 93% of 90/114 (result 90%)
   before Pitch Match int 91/92 pro 87/88 | Drills 91/91/90/91/92 | RTF in tune 64% steady 38% of 88/112 voiced frames (In tune×56, Listening…×24, Flat (-22ct)×5) | Choir World held ✓✓ median -11/-10 ct, report pitch 91/92 in tune 155/155, 154/154
   after  Tuner in tune 11% stability ≥75 47% (mean 62) of 91/114 | Stay in Key in key 92% of 89/113 (result 93%)
   after  Pitch Match int 92/92 pro 87/84 | Drills 90/36/90/32/91 | RTF in tune 58% steady 38% of 89/112 voiced frames (In tune×52, Listening…×23, Flat (-22ct)×7) | Choir World held ✓✓ median -10/-12 ct, report pitch 91/91 in tune 154/154, 154/154

== V2: vibrato-3131@8046 centred — target 49 (sung -32 ct, re-centred); offline gate: vibrato 5.07 Hz ±106 r 0.94
   before Tuner in tune 44% stability ≥75 29% (mean 59) of 101/115 | Stay in Key in key 69% of 98/113 (result 70%)
   before Pitch Match int 92/92 pro 89/89 | Drills 94/93/93/94/93 | RTF in tune 78% steady 35% of 92/113 voiced frames (In tune×72, Listening…×21, Flat (-20ct)×2) | Choir World held ✓✓ median 5/4 ct, report pitch 94/94 in tune 165/166, 155/155
   after  Tuner in tune 38% stability ≥75 17% (mean 57) of 98/114 | Stay in Key in key 82% of 100/114 (result 78%)
   after  Pitch Match int 93/94 pro 90/90 | Drills 94/44/93/43/93 | RTF in tune 79% steady 37% of 91/112 voiced frames (In tune×72, Listening…×21, Flat (-31ct)×2) | Choir World held ✓✓ median 3/10 ct, report pitch 94/88 in tune 155/155, 140/167

== V3: vibrato-1154@4013 centred — target 69 (sung +27 ct, re-centred); offline gate: vibrato 4.74 Hz ±91 r 0.98
   before Tuner in tune 66% stability ≥75 100% (mean 85) of 113/115 | Stay in Key in key 100% of 114/114 (result 94%)
   before Pitch Match int 95/95 pro 94/91 | Drills 95/95/95/95/95 | RTF in tune 100% steady 97% of 114/114 voiced frames (In tune×114) | Choir World held ✓✓ median 2/2 ct, report pitch 95/95 in tune 192/192, 192/192
   after  Tuner in tune 70% stability ≥75 100% (mean 86) of 115/115 | Stay in Key in key 99% of 114/114 (result 94%)
   after  Pitch Match int 95/95 pro 92/95 | Drills 95/40/95/40/95 | RTF in tune 100% steady 97% of 115/115 voiced frames (In tune×115) | Choir World held ✓✓ median 4/1 ct, report pitch 95/95 in tune 192/192, 192/192

== V4: vibrato-772@4946 centred — target 67 (sung +24 ct, re-centred); offline gate: vibrato 5.28 Hz ±90 r 0.98
   before Tuner in tune 79% stability ≥75 90% (mean 86) of 114/115 | Stay in Key in key 98% of 115/115 (result 94%)
   before Pitch Match int 97/97 pro 95/95 | Drills 96/96/96/96/94 | RTF in tune 99% steady 93% of 115/115 voiced frames (In tune×114, Flat (-24ct)×1) | Choir World held ✓✓ median -2/-2 ct, report pitch 96/96 in tune 191/192, 192/192
   after  Tuner in tune 73% stability ≥75 89% (mean 84) of 115/115 | Stay in Key in key 97% of 114/115 (result 95%)
   after  Pitch Match int 95/96 pro 94/94 | Drills 96/39/96/39/95 | RTF in tune 93% steady 94% of 115/115 voiced frames (In tune×107, Flat (-21ct)×5, Flat (-22ct)×2) | Choir World held ✓✓ median -2/-1 ct, report pitch 95/96 in tune 192/192, 192/192

== V5: vibrato-2417@7396 centred — target 52 (sung +38 ct, re-centred); offline gate: as read 5.35 Hz ±49 r 0.32
   before Tuner in tune 37% stability ≥75 22% (mean 59) of 91/115 | Stay in Key in key 87% of 94/114 (result 86%)
   before Pitch Match int 94/85 pro 75/75 | Drills 83/82/84/92/83 | RTF in tune 66% steady 27% of 114/115 voiced frames (In tune×75, Sharp (+19ct)×5, Sharp (+17ct)×3) | Choir World held ✓✓ median -3/-3 ct, report pitch 91/92 in tune 147/154, 151/158
   after  Tuner in tune 34% stability ≥75 33% (mean 62) of 95/115 | Stay in Key in key 89% of 89/113 (result 88%)
   after  Pitch Match int 91/91 pro 74/84 | Drills 84/42/84/43/84 | RTF in tune 62% steady 13% of 112/114 voiced frames (In tune×69, Sharp (+17ct)×4, Sharp (+19ct)×4) | Choir World held ✓✓ median -4/-2 ct, report pitch 92/79 in tune 159/164, 117/146

== V6: vibrato-2961@630 centred — target 49 (sung -27 ct, re-centred); offline gate: vibrato 5.28 Hz ±52 r 0.55
   before Tuner in tune 50% stability ≥75 84% (mean 80) of 114/114 | Stay in Key in key 100% of 113/113 (result 98%)
   before Pitch Match int 94/92 pro 89/91 | Drills 91/94/92/93/91 | RTF in tune 83% steady 66% of 113/113 voiced frames (In tune×94, Sharp (+18ct)×3, Flat (-18ct)×3) | Choir World held ✓✓ median -3/1 ct, report pitch 92/92 in tune 192/192, 189/192
   after  Tuner in tune 54% stability ≥75 78% (mean 79) of 114/114 | Stay in Key in key 100% of 113/113 (result 97%)
   after  Pitch Match int 92/92 pro 91/92 | Drills 91/37/92/38/92 | RTF in tune 80% steady 69% of 112/112 voiced frames (In tune×90, Flat (-19ct)×2, Sharp (+21ct)×2) | Choir World held ✓✓ median 2/-1 ct, report pitch 92/93 in tune 189/192, 191/191

== S1: straight-625@3246 centred — target 69 (sung -14 ct, re-centred); offline gate: as read 5.31 Hz ±9 r 0.39
   before Tuner in tune 80% stability ≥75 92% (mean 85) of 115/115 | Stay in Key in key 100% of 115/115 (result 100%)
   before Pitch Match int 97/96 pro 98/94 | Drills 98/98/98/98/98 | RTF in tune 86% steady 76% of 115/115 voiced frames (In tune×99, Flat (-13ct)×3, Sharp (+11ct)×2) | Choir World held ✓✓ median 0/0 ct, report pitch 96/96 in tune 192/192, 192/192
   after  Tuner in tune 77% stability ≥75 90% (mean 86) of 115/115 | Stay in Key in key 100% of 114/114 (result 100%)
   after  Pitch Match int 96/96 pro 94/98 | Drills 98/41/98/41/98 | RTF in tune 86% steady 76% of 115/115 voiced frames (In tune×99, Flat (-14ct)×3, Sharp (+9ct)×2) | Choir World held ✓✓ median 1/0 ct, report pitch 96/98 in tune 192/192, 192/192

== S2: straight-286@630 centred — target 60 (sung +32 ct, re-centred); offline gate: as read 4.85 Hz ±19 r 0.26
   before Tuner in tune 78% stability ≥75 73% (mean 80) of 115/115 | Stay in Key in key 96% of 115/115 (result 97%)
   before Pitch Match int 91/96 pro 95/79 | Drills 96/90/97/88/95 | RTF in tune 78% steady 7% of 115/115 voiced frames (In tune×90, Sharp (+17ct)×3, Sharp (+18ct)×3) | Choir World held ✓✓ median 0/0 ct, report pitch 91/94 in tune 187/192, 191/192
   after  Tuner in tune 68% stability ≥75 51% (mean 71) of 116/116 | Stay in Key in key 99% of 115/115 (result 99%)
   after  Pitch Match int 97/89 pro 93/95 | Drills 96/43/97/45/95 | RTF in tune 79% steady 8% of 115/115 voiced frames (In tune×91, Sharp (+17ct)×2, Sharp (+18ct)×2) | Choir World held ✓✓ median -1/1 ct, report pitch 91/91 in tune 188/193, 186/192

== W1: V1 (real vibrato) sung 60 ct sharp — target 69 (sung -1 ct, re-centred, then +60); offline gate: vibrato 6.16 Hz ±66 r 0.83
   before Tuner in tune 1% stability ≥75 3% (mean 13) of 91/115 | Stay in Key in key 3% of 90/115 (result 5%)
   before Pitch Match int 65/65 pro 51/46 | Drills 59/69/67/73/68 | RTF in tune 7% steady 11% of 100/115 voiced frames (Listening…×15, Sharp (+37ct)×8, In tune×7) | Choir World held ✓✓ median 50/48 ct, report pitch 68/69 in tune 77/152, 86/155
   after  Tuner in tune 1% stability ≥75 4% (mean 12) of 101/114 | Stay in Key in key 2% of 89/113 (result 5%)
   after  Pitch Match int 66/67 pro 57/57 | Drills 59/72/67/67/68 | RTF in tune 7% steady 13% of 100/114 voiced frames (Listening…×14, In tune×7, Sharp (+49ct)×6) | Choir World held ✗✗ median 55/51 ct, report pitch 66/68 in tune 61/155, 70/154

== W5: V1 (real vibrato) sung 80 ct sharp — target 69 (sung -1 ct, re-centred, then +80); offline gate: vibrato 6.16 Hz ±66 r 0.83
   before Tuner in tune 5% stability ≥75 55% (mean 60) of 96/114 | Stay in Key in key 0% of 93/113 (result 2%)
   before Pitch Match int 55/55 pro 31/28 | Drills 48/56/56/60/59 | RTF in tune 20% steady 44% of 102/113 voiced frames (In tune×20, Listening…×11, Flat (-36ct)×7) | Choir World held ✗✗ median 69/70 ct, report pitch 55/56 in tune 7/155, 5/155
   after  Tuner in tune 8% stability ≥75 65% (mean 71) of 101/114 | Stay in Key in key 2% of 88/112 (result 3%)
   after  Pitch Match int 54/58 pro 40/40 | Drills 48/82/56/80/58 | RTF in tune 20% steady 37% of 102/113 voiced frames (In tune×20, Listening…×11, Flat (-44ct)×7) | Choir World held ✗✗ median 72/71 ct, report pitch 55/54 in tune 10/155, 8/155

== W2: S1 (real straight) sung 40 ct sharp — target 69 (sung -14 ct, re-centred, then +40); offline gate: as read 5.31 Hz ±9 r 0.39
   before Tuner in tune 0% stability ≥75 51% (mean 56) of 113/113 | Stay in Key in key 13% of 113/113 (result 17%)
   before Pitch Match int 75/77 pro 62/66 | Drills 75/75/75/75/75 | RTF in tune 0% steady 23% of 112/112 voiced frames (Sharp (+42ct)×22, Sharp (+43ct)×17, Sharp (+41ct)×13) | Choir World held ✓✓ median 39/41 ct, report pitch 76/75 in tune 160/192, 160/192
   after  Tuner in tune 0% stability ≥75 54% (mean 59) of 112/112 | Stay in Key in key 18% of 113/113 (result 17%)
   after  Pitch Match int 76/77 pro 61/60 | Drills 75/65/75/65/75 | RTF in tune 0% steady 22% of 113/113 voiced frames (Sharp (+43ct)×23, Sharp (+42ct)×20, Sharp (+40ct)×9) | Choir World held ✓✓ median 40/41 ct, report pitch 76/75 in tune 164/192, 192/192

== W3: S1 with a slow ±60 ct wander at 0.8 Hz — target 69 (sung -14 ct, re-centred); offline gate: as read 5.31 Hz ±9 r 0.39
   before Tuner in tune 4% stability ≥75 0% (mean 10) of 114/114 | Stay in Key in key 34% of 114/114 (result 33%)
   before Pitch Match int 76/78 pro 62/65 | Drills 77/76/77/78/76 | RTF in tune 11% steady 0% of 113/113 voiced frames (In tune×12, Sharp (+48ct)×5, Flat (-43ct)×5) | Choir World held ✓✓ median -12/7 ct, report pitch 76/78 in tune 116/192, 133/192
   after  Tuner in tune 5% stability ≥75 0% (mean 5) of 114/114 | Stay in Key in key 41% of 113/113 (result 37%)
   after  Pitch Match int 77/75 pro 68/67 | Drills 77/49/77/45/76 | RTF in tune 10% steady 0% of 113/113 voiced frames (In tune×11, Flat (-35ct)×5, Flat (-45ct)×5) | Choir World held ✓✓ median -9/15 ct, report pitch 76/77 in tune 121/192, 128/192

== W4: S1 with an 11 Hz ±40 ct flutter — target 69 (sung -14 ct, re-centred); offline gate: as read 5.31 Hz ±9 r 0.39
   before Tuner in tune 9% stability ≥75 0% (mean 21) of 116/116 | Stay in Key in key 76% of 115/115 (result 80%)
   before Pitch Match int 86/86 pro 79/79 | Drills 88/88/89/89/89 | RTF in tune 10% steady 0% of 114/114 voiced frames (In tune×11, Sharp (+10ct)×4, Sharp (+24ct)×4) | Choir World held ✓✓ median 5/8 ct, report pitch 85/85 in tune 191/192, 192/192
   after  Tuner in tune 9% stability ≥75 0% (mean 20) of 116/116 | Stay in Key in key 79% of 115/115 (result 81%)
   after  Pitch Match int 86/86 pro 79/79 | Drills 88/41/88/41/89 | RTF in tune 18% steady 0% of 114/114 voiced frames (In tune×20, Flat (-17ct)×6, Flat (-12ct)×5) | Choir World held ✓✓ median 6/6 ct, report pitch 86/86 in tune 190/192, 192/192

== N1: S1 sung 20 ct flat, irregular ±12 ct (RMS) unsteadiness — target 69 (sung -14 ct, re-centred, then -20); offline gate: as read 5.31 Hz ±9 r 0.39
   before Tuner in tune 3% stability ≥75 62% (mean 74) of 115/115 | Stay in Key in key 97% of 115/115 (result 97%)
   before Pitch Match int 88/87 pro 82/83 | Drills 90/90/88/89/89 | RTF in tune 4% steady 22% of 114/114 voiced frames (Flat (-15ct)×15, Flat (-16ct)×13, Flat (-17ct)×11) | Choir World held ✓✓ median -18/-20 ct, report pitch 89/88 in tune 192/192, 189/192
   after  Tuner in tune 3% stability ≥75 63% (mean 75) of 114/114 | Stay in Key in key 89% of 113/113 (result 90%)
   after  Pitch Match int 87/87 pro 80/82 | Drills 90/30/88/29/89 | RTF in tune 2% steady 24% of 113/113 voiced frames (Flat (-16ct)×16, Flat (-18ct)×13, Flat (-15ct)×12) | Choir World held ✓✓ median -21/-21 ct, report pitch 88/87 in tune 192/192, 192/192

== N2: S2 sung 25 ct sharp, irregular ±18 ct (RMS) unsteadiness — target 60 (sung +32 ct, re-centred, then +25); offline gate: as read 4.85 Hz ±19 r 0.26
   before Tuner in tune null% stability ≥75 null% (mean null) of 0/113 | Stay in Key in key null% of 0/110 (result 0%)
   before Pitch Match int 0/0 pro 0/0 | Drills —/—/—/—/— | RTF in tune null% steady null% of 0/112 voiced frames (Listening…×112) | Choir World held ✗✗ median / ct, report pitch / in tune 0/0, 0/0
   PAGE ERRORS during the run (after): ["RangeError: Failed to execute 'linearRampToValueAtTime' on 'AudioParam': Time must be a finite non-negative number: -0.00466667","RangeError: Failed to execute 'linearRampToValueAtTime' on 'AudioParam': Time must be a finite non-negative number: -0.00466667","RangeError: Failed to execute 'linearRampToValueAtTime' on 'AudioParam': Time must be a finite non-negative number: -0.00466667","RangeError: Failed to execute 'linearRampToValueAtTime' on 'AudioParam': Time must be a finite non-negative number: -0.00466667"]
   after  Tuner in tune null% stability ≥75 null% (mean null) of 0/114 | Stay in Key in key null% of 0/115 (result 0%)
   after  Pitch Match int NaN/NaN pro NaN/NaN | Drills —/—/—/—/— | RTF in tune null% steady null% of 0/112 voiced frames (Listening…×112) | Choir World held ✗✗ median / ct, report pitch / in tune 0/0, 0/0

== N3: V3 (real vibrato ±91 ct) sung 25 ct flat — target 69 (sung +27 ct, re-centred, then -25); offline gate: vibrato 4.74 Hz ±91 r 0.98
   PAGE LOAD ERRORS (before, attempt 1): ["load failed: https://fonts.googleapis.com/css2?family=Fraunces:opsz,wght@9..144,400;9..144,500;9..144,600&family=Space+Mono:wght@400;700&family=Inter:wght@400;500;600;700&display=swap (net::ERR_INTERNET_DISCONNECTED)","load failed: https://cdnjs.cloudflare.com/ajax/libs/html2canvas/1.4.1/html2canvas.min.js (net::ERR_INTERNET_DISCONNECTED)","load failed: https://cdn.jsdelivr.net/npm/@supabase/supabase-js@2.45.4/dist/umd/supabase.js (net::ERR_INTERNET_DISCONNECTED)","TypeError: Cannot read properties of undefined (reading 'createClient')"]
   offline — waiting for the network (up to 30 min)
   before Tuner in tune null% stability ≥75 null% (mean null) of 0/112 | Stay in Key in key null% of 0/112 (result 0%)
   before Pitch Match int 0/0 pro 0/0 | Drills —/—/—/—/— | RTF in tune null% steady null% of 0/112 voiced frames (Listening…×112) | Choir World held ✗✗ median / ct, report pitch / in tune 0/0, 0/0
   PAGE ERRORS during the run (after): ["RangeError: Failed to execute 'linearRampToValueAtTime' on 'AudioParam': Time must be a finite non-negative number: -0.00466667","RangeError: Failed to execute 'linearRampToValueAtTime' on 'AudioParam': Time must be a finite non-negative number: -0.00466667","RangeError: Failed to execute 'linearRampToValueAtTime' on 'AudioParam': Time must be a finite non-negative number: -0.00466667","RangeError: Failed to execute 'linearRampToValueAtTime' on 'AudioParam': Time must be a finite non-negative number: -0.00466667"]
   after  Tuner in tune null% stability ≥75 null% (mean null) of 0/114 | Stay in Key in key null% of 0/112 (result 0%)
   after  Pitch Match int NaN/NaN pro NaN/NaN | Drills —/—/—/—/— | RTF in tune null% steady null% of 0/112 voiced frames (Listening…×112) | Choir World held ✗✗ median /-89 ct, report pitch /55 in tune 0/0, 3/8

== N4: S2 sung 45 ct sharp, irregular ±18 ct (RMS) unsteadiness — target 60 (sung +32 ct, re-centred, then +45); offline gate: as read 4.85 Hz ±19 r 0.26
   before Tuner in tune 0% stability ≥75 14% (mean 16) of 115/115 | Stay in Key in key 9% of 115/115 (result 12%)
   before Pitch Match int 72/71 pro 57/49 | Drills 75/69/74/69/74 | RTF in tune 3% steady 16% of 115/115 voiced frames (Sharp (+45ct)×8, Flat (-48ct)×7, Sharp (+42ct)×7) | Choir World held ✓✓ median 48/49 ct, report pitch 70/71 in tune 100/192, 101/192
ERROR page.evaluate: Target page, context or browser has been closed
    at runAll (/Users/alegramusenge/Documents/voxcoach-app/scripts/vq-verify/vibfix.js:130:66)
    at /Users/alegramusenge/Documents/voxcoach-app/scripts/vq-verify/vibfix.js:219:59
    at withPage (/Users/alegramusenge/Documents/voxcoach-app/scripts/vq-verify/vibfix.js:120:24)
    at async /Users/alegramusenge/Documents/voxcoach-app/scripts/vq-verify/vibfix.js:219:20
