vibfix 2026-10-06T11-15-32  sides: before, after  before: master  mode: regress (rises become "must not move")
VocalSet clips missing from /var/folders/gn/v4bmhrkx4rj608jy9jv_rv780000gn/T/vq-verify/vocalset: reusing rv.json and the stimuli already built
resumed from scripts/vq-verify/logs/vibfix-local-2026-10-05T18-27-29.json: V1, V2, V3, V4, V5, V6, S1, S2, W1, W5

== W2: S1 (real straight) sung 40 ct sharp — target 69 (sung -14 ct, re-centred, then +40); offline gate: as read 5.31 Hz ±9 r 0.39
   before #1 Tuner in tune 0% stability ≥75 50% (mean 58) of 115/115 | Stay in Key in key 17% of 115/115 (result 15%)
   before #1 Pitch Match int 76/75 pro 65/66 | Drills 75/75/75/75/75 | RTF in tune 0% steady 22% of 115/115 voiced frames (Sharp (+42ct)×20, Sharp (+43ct)×18, Sharp (+41ct)×12) | Choir World held ✓✓ median 41/40 ct, report pitch 76/76 in tune 171/192, 169/192
   after #1  Tuner in tune 0% stability ≥75 49% (mean 58) of 114/114 | Stay in Key in key 18% of 114/114 (result 16%)
   after #1  Pitch Match int 76/75 pro 65/65 | Drills 75/75/75/75/75 | RTF in tune 0% steady 21% of 114/114 voiced frames (Sharp (+42ct)×26, Sharp (+43ct)×17, Sharp (+41ct)×12) | Choir World held ✓✓ median 40/41 ct, report pitch 76/76 in tune 169/192, 164/192
   before #2 Tuner in tune 0% stability ≥75 50% (mean 57) of 114/114 | Stay in Key in key 16% of 115/115 (result 15%)
   before #2 Pitch Match int 76/75 pro 65/65 | Drills 75/75/75/75/75 | RTF in tune 0% steady 22% of 115/115 voiced frames (Sharp (+42ct)×16, Sharp (+41ct)×13, Sharp (+43ct)×13) | Choir World held ✓✓ median 41/40 ct, report pitch 76/76 in tune 170/192, 167/192
   after #2  Tuner in tune 0% stability ≥75 49% (mean 58) of 115/115 | Stay in Key in key 16% of 115/115 (result 16%)
   after #2  Pitch Match int 76/75 pro 65/66 | Drills 75/75/75/75/75 | RTF in tune 0% steady 23% of 115/115 voiced frames (Sharp (+42ct)×17, Sharp (+41ct)×13, Sharp (+43ct)×13) | Choir World held ✓✓ median 41/40 ct, report pitch 76/76 in tune 168/192, 169/192
   before #3 Tuner in tune 0% stability ≥75 49% (mean 59) of 115/115 | Stay in Key in key 16% of 115/115 (result 16%)
   before #3 Pitch Match int 76/75 pro 65/66 | Drills 75/75/75/75/75 | RTF in tune 0% steady 21% of 114/114 voiced frames (Sharp (+42ct)×26, Sharp (+40ct)×10, Sharp (+44ct)×9) | Choir World held ✓✓ median 40/40 ct, report pitch 76/76 in tune 169/192, 169/192
   after #3  Tuner in tune 0% stability ≥75 53% (mean 58) of 115/115 | Stay in Key in key 16% of 115/115 (result 16%)
   after #3  Pitch Match int 76/75 pro 64/65 | Drills 75/75/75/75/75 | RTF in tune 0% steady 20% of 114/114 voiced frames (Sharp (+42ct)×22, Sharp (+43ct)×19, Sharp (+40ct)×12) | Choir World held ✓✓ median 41/40 ct, report pitch 76/76 in tune 170/192, 167/192

== W3: S1 with a slow ±60 ct wander at 0.8 Hz — target 69 (sung -14 ct, re-centred); offline gate: as read 5.31 Hz ±9 r 0.39
   before #1 Tuner in tune 7% stability ≥75 0% (mean 10) of 116/116 | Stay in Key in key 41% of 114/114 (result 42%)
   before #1 Pitch Match int 77/77 pro 63/68 | Drills 77/76/77/78/76 | RTF in tune 9% steady 0% of 115/115 voiced frames (In tune×10, Sharp (+46ct)×5, Sharp (+48ct)×5) | Choir World held ✓✓ median 6/9 ct, report pitch 75/76 in tune 112/192, 121/192
   after #1  Tuner in tune 6% stability ≥75 0% (mean 9) of 115/115 | Stay in Key in key 40% of 114/114 (result 42%)
   after #1  Pitch Match int 77/77 pro 63/69 | Drills 77/76/77/78/76 | RTF in tune 7% steady 0% of 114/114 voiced frames (In tune×8, Sharp (+47ct)×5, Flat (-40ct)×4) | Choir World held ✓✓ median 8/8 ct, report pitch 75/76 in tune 114/192, 121/192
   before #2 Tuner in tune 8% stability ≥75 0% (mean 13) of 116/116 | Stay in Key in key 39% of 114/114 (result 41%)
   before #2 Pitch Match int 77/77 pro 63/67 | Drills 77/76/77/78/77 | RTF in tune 9% steady 0% of 114/114 voiced frames (In tune×10, Sharp (+46ct)×4, Sharp (+23ct)×4) | Choir World held ✓✓ median 15/-9 ct, report pitch 76/76 in tune 116/193, 122/192
   after #2  Tuner in tune 5% stability ≥75 0% (mean 10) of 115/115 | Stay in Key in key 39% of 115/115 (result 40%)
   after #2  Pitch Match int 77/77 pro 63/68 | Drills 77/76/77/78/77 | RTF in tune 10% steady 0% of 115/115 voiced frames (In tune×11, Sharp (+24ct)×5, Sharp (+44ct)×5) | Choir World held ✓✓ median 12/0 ct, report pitch 75/76 in tune 114/192, 123/192
   before #3 Tuner in tune 5% stability ≥75 0% (mean 10) of 115/115 | Stay in Key in key 39% of 114/114 (result 40%)
   before #3 Pitch Match int 77/77 pro 64/69 | Drills 77/76/77/78/76 | RTF in tune 8% steady 0% of 114/114 voiced frames (In tune×9, Flat (-45ct)×4, Flat (-40ct)×4) | Choir World held ✓✓ median 15/-5 ct, report pitch 75/76 in tune 113/192, 123/192
   after #3  Tuner in tune 6% stability ≥75 0% (mean 9) of 115/115 | Stay in Key in key 39% of 114/114 (result 41%)
   after #3  Pitch Match int 77/78 pro 63/68 | Drills 77/76/77/78/76 | RTF in tune 7% steady 0% of 115/115 voiced frames (In tune×8, Sharp (+43ct)×6, Flat (-40ct)×4) | Choir World held ✓✓ median 12/2 ct, report pitch 75/76 in tune 115/192, 121/192

== W4: S1 with an 11 Hz ±40 ct flutter — target 69 (sung -14 ct, re-centred); offline gate: as read 5.31 Hz ±9 r 0.39
   before #1 Tuner in tune 9% stability ≥75 0% (mean 19) of 115/115 | Stay in Key in key 79% of 114/114 (result 80%)
   before #1 Pitch Match int 86/87 pro 78/78 | Drills 88/88/89/89/89 | RTF in tune 13% steady 0% of 115/115 voiced frames (In tune×15, Flat (-24ct)×6, Flat (-18ct)×4) | Choir World held ✓✓ median 9/7 ct, report pitch 86/85 in tune 192/192, 192/192
   after #1  Tuner in tune 9% stability ≥75 0% (mean 21) of 115/115 | Stay in Key in key 76% of 115/115 (result 83%)
   after #1  Pitch Match int 87/87 pro 79/79 | Drills 88/89/89/89/89 | RTF in tune 14% steady 0% of 115/115 voiced frames (In tune×16, Flat (-19ct)×5, Sharp (+16ct)×4) | Choir World held ✓✓ median 6/7 ct, report pitch 86/85 in tune 192/192, 192/192
   before #2 Tuner in tune 10% stability ≥75 0% (mean 19) of 116/116 | Stay in Key in key 77% of 115/115 (result 80%)
   before #2 Pitch Match int 86/86 pro 79/78 | Drills 88/88/88/89/89 | RTF in tune 21% steady 0% of 115/115 voiced frames (In tune×24, Flat (-21ct)×5, Sharp (+17ct)×4) | Choir World held ✓✓ median 9/7 ct, report pitch 86/85 in tune 192/192, 190/192
   after #2  Tuner in tune 6% stability ≥75 0% (mean 20) of 116/116 | Stay in Key in key 81% of 115/115 (result 82%)
   after #2  Pitch Match int 86/87 pro 79/78 | Drills 88/89/88/89/89 | RTF in tune 19% steady 0% of 115/115 voiced frames (In tune×22, Flat (-29ct)×4, Sharp (+9ct)×4) | Choir World held ✓✓ median 5/11 ct, report pitch 86/85 in tune 192/192, 192/192
   before #3 Tuner in tune 10% stability ≥75 0% (mean 20) of 116/116 | Stay in Key in key 78% of 115/115 (result 80%)
   before #3 Pitch Match int 86/86 pro 78/78 | Drills 88/89/88/89/89 | RTF in tune 17% steady 0% of 114/114 voiced frames (In tune×19, Sharp (+30ct)×7, Flat (-22ct)×5) | Choir World held ✓✓ median 10/7 ct, report pitch 86/85 in tune 192/192, 192/192
   after #3  Tuner in tune 9% stability ≥75 0% (mean 21) of 116/116 | Stay in Key in key 82% of 115/115 (result 82%)
   after #3  Pitch Match int 87/87 pro 80/78 | Drills 88/89/88/89/89 | RTF in tune 22% steady 0% of 114/114 voiced frames (In tune×25, Flat (-29ct)×4, Flat (-13ct)×4) | Choir World held ✓✓ median 5/8 ct, report pitch 87/85 in tune 192/192, 192/192

== N1: S1 sung 20 ct flat, irregular ±12 ct (RMS) unsteadiness — target 69 (sung -14 ct, re-centred, then -20); offline gate: as read 5.31 Hz ±9 r 0.39
   before #1 Tuner in tune 2% stability ≥75 67% (mean 80) of 115/115 | Stay in Key in key 99% of 115/115 (result 97%)
   before #1 Pitch Match int 86/89 pro 80/85 | Drills 89/90/88/89/89 | RTF in tune 4% steady 19% of 114/114 voiced frames (Flat (-16ct)×15, Flat (-15ct)×11, Flat (-17ct)×11) | Choir World held ✓✓ median -18/-18 ct, report pitch 89/89 in tune 189/192, 192/192
   after #1  Tuner in tune 4% stability ≥75 57% (mean 77) of 115/115 | Stay in Key in key 97% of 115/115 (result 95%)
   after #1  Pitch Match int 86/88 pro 80/86 | Drills 90/89/88/89/89 | RTF in tune 3% steady 22% of 114/114 voiced frames (Flat (-15ct)×14, Flat (-16ct)×13, Flat (-17ct)×12) | Choir World held ✓✓ median -19/-22 ct, report pitch 88/88 in tune 189/192, 192/192
   before #2 Tuner in tune 9% stability ≥75 50% (mean 74) of 115/115 | Stay in Key in key 98% of 115/115 (result 96%)
   before #2 Pitch Match int 87/89 pro 81/85 | Drills 89/90/88/89/89 | RTF in tune 4% steady 22% of 114/114 voiced frames (Flat (-16ct)×15, Flat (-21ct)×13, Flat (-15ct)×12) | Choir World held ✓✓ median -19/-21 ct, report pitch 88/88 in tune 189/192, 192/192
   after #2  Tuner in tune 3% stability ≥75 67% (mean 79) of 115/115 | Stay in Key in key 97% of 115/115 (result 97%)
   after #2  Pitch Match int 86/89 pro 80/85 | Drills 90/90/88/89/89 | RTF in tune 4% steady 23% of 115/115 voiced frames (Flat (-16ct)×14, Flat (-17ct)×13, Flat (-18ct)×11) | Choir World held ✓✓ median -17/-18 ct, report pitch 89/89 in tune 188/192, 192/192
   before #3 Tuner in tune 5% stability ≥75 52% (mean 74) of 115/115 | Stay in Key in key 99% of 115/115 (result 96%)
   before #3 Pitch Match int 87/89 pro 80/85 | Drills 90/90/88/89/89 | RTF in tune 3% steady 23% of 115/115 voiced frames (Flat (-16ct)×18, Flat (-15ct)×14, Flat (-17ct)×11) | Choir World held ✓✓ median -18/-21 ct, report pitch 88/89 in tune 189/192, 192/192
   after #3  Tuner in tune 7% stability ≥75 52% (mean 75) of 115/115 | Stay in Key in key 99% of 114/114 (result 97%)
   after #3  Pitch Match int 86/89 pro 80/85 | Drills 90/90/88/89/89 | RTF in tune 2% steady 23% of 115/115 voiced frames (Flat (-16ct)×16, Flat (-15ct)×13, Flat (-21ct)×10) | Choir World held ✓✓ median -18/-20 ct, report pitch 88/89 in tune 188/192, 192/192

== N2: S2 sung 25 ct sharp, irregular ±18 ct (RMS) unsteadiness — target 60 (sung +32 ct, re-centred, then +25); offline gate: as read 4.85 Hz ±19 r 0.26
   before #1 Tuner in tune 5% stability ≥75 30% (mean 47) of 115/115 | Stay in Key in key 70% of 114/114 (result 70%)
   before #1 Pitch Match int 82/80 pro 73/66 | Drills 85/80/85/81/85 | RTF in tune 8% steady 11% of 115/115 voiced frames (In tune×9, Sharp (+26ct)×8, Sharp (+28ct)×7) | Choir World held ✓✓ median 22/27 ct, report pitch 83/81 in tune 160/192, 158/192
   after #1  Tuner in tune 10% stability ≥75 30% (mean 48) of 115/115 | Stay in Key in key 72% of 114/114 (result 68%)
   after #1  Pitch Match int 82/79 pro 73/66 | Drills 85/80/85/81/85 | RTF in tune 8% steady 10% of 115/115 voiced frames (In tune×9, Sharp (+23ct)×7, Sharp (+28ct)×6) | Choir World held ✓✓ median 22/28 ct, report pitch 83/81 in tune 162/192, 161/192
   before #2 Tuner in tune 6% stability ≥75 33% (mean 49) of 115/115 | Stay in Key in key 71% of 114/114 (result 69%)
   before #2 Pitch Match int 82/79 pro 73/66 | Drills 85/80/85/81/85 | RTF in tune 9% steady 12% of 115/115 voiced frames (In tune×10, Sharp (+30ct)×8, Sharp (+26ct)×6) | Choir World held ✓✓ median 22/28 ct, report pitch 83/81 in tune 160/192, 155/192
   after #2  Tuner in tune 5% stability ≥75 30% (mean 46) of 115/115 | Stay in Key in key 70% of 115/115 (result 68%)
   after #2  Pitch Match int 82/79 pro 73/65 | Drills 85/80/85/81/85 | RTF in tune 7% steady 11% of 114/114 voiced frames (In tune×8, Sharp (+22ct)×6, Sharp (+27ct)×5) | Choir World held ✓✓ median 22/28 ct, report pitch 83/81 in tune 161/192, 159/192
   before #3 Tuner in tune 5% stability ≥75 32% (mean 49) of 115/115 | Stay in Key in key 72% of 115/115 (result 67%)
   before #3 Pitch Match int 82/79 pro 73/66 | Drills 85/80/85/81/85 | RTF in tune 10% steady 11% of 114/114 voiced frames (In tune×11, Sharp (+21ct)×8, Sharp (+26ct)×7) | Choir World held ✓✓ median 23/28 ct, report pitch 83/80 in tune 160/192, 155/192
   after #3  Tuner in tune 3% stability ≥75 34% (mean 49) of 115/115 | Stay in Key in key 72% of 115/115 (result 67%)
   after #3  Pitch Match int 82/79 pro 74/65 | Drills 85/80/85/81/85 | RTF in tune 6% steady 10% of 115/115 voiced frames (Sharp (+26ct)×8, Sharp (+25ct)×7, In tune×7) | Choir World held ✓✓ median 24/29 ct, report pitch 83/80 in tune 161/192, 156/192

== N3: V3 (real vibrato ±91 ct) sung 25 ct flat — target 69 (sung +27 ct, re-centred, then -25); offline gate: vibrato 4.74 Hz ±91 r 0.98
   before #1 Tuner in tune 0% stability ≥75 100% (mean 85) of 114/115 | Stay in Key in key 83% of 115/115 (result 81%)
   before #1 Pitch Match int 84/84 pro 76/76 | Drills 85/85/85/84/84 | RTF in tune 19% steady 97% of 115/115 voiced frames (In tune×22, Flat (-26ct)×14, Flat (-22ct)×11) | Choir World held ✓✓ median -24/-23 ct, report pitch 85/84 in tune 185/192, 177/192
   after #1  Tuner in tune 0% stability ≥75 100% (mean 85) of 113/115 | Stay in Key in key 84% of 115/115 (result 81%)
   after #1  Pitch Match int 84/84 pro 76/76 | Drills 85/85/85/85/84 | RTF in tune 18% steady 96% of 114/114 voiced frames (In tune×21, Flat (-25ct)×15, Flat (-26ct)×11) | Choir World held ✓✓ median -23/-23 ct, report pitch 85/84 in tune 186/192, 178/192
   before #2 Tuner in tune 0% stability ≥75 100% (mean 84) of 113/115 | Stay in Key in key 85% of 115/115 (result 82%)
   before #2 Pitch Match int 84/84 pro 76/76 | Drills 85/85/85/85/84 | RTF in tune 16% steady 96% of 115/115 voiced frames (In tune×18, Flat (-24ct)×11, Flat (-26ct)×9) | Choir World held ✓✓ median -23/-23 ct, report pitch 84/85 in tune 176/192, 178/192
   after #2  Tuner in tune 0% stability ≥75 100% (mean 85) of 114/115 | Stay in Key in key 82% of 114/114 (result 80%)
   after #2  Pitch Match int 83/84 pro 77/76 | Drills 85/85/85/85/84 | RTF in tune 16% steady 97% of 114/114 voiced frames (In tune×18, Flat (-25ct)×12, Flat (-23ct)×12) | Choir World held ✓✓ median -23/-23 ct, report pitch 85/84 in tune 185/192, 178/192
   before #3 Tuner in tune 0% stability ≥75 100% (mean 84) of 113/115 | Stay in Key in key 83% of 114/114 (result 82%)
   before #3 Pitch Match int 84/84 pro 76/77 | Drills 85/85/85/84/84 | RTF in tune 19% steady 96% of 115/115 voiced frames (In tune×22, Flat (-25ct)×12, Flat (-24ct)×10) | Choir World held ✓✓ median -23/-23 ct, report pitch 85/84 in tune 177/192, 178/192
   after #3  Tuner in tune 0% stability ≥75 100% (mean 85) of 112/115 | Stay in Key in key 84% of 115/115 (result 81%)
   after #3  Pitch Match int 84/84 pro 76/76 | Drills 85/85/85/85/84 | RTF in tune 18% steady 96% of 114/114 voiced frames (In tune×21, Flat (-25ct)×13, Flat (-22ct)×9) | Choir World held ✓✓ median -23/-22 ct, report pitch 85/85 in tune 185/192, 179/192

== N4: S2 sung 45 ct sharp, irregular ±18 ct (RMS) unsteadiness — target 60 (sung +32 ct, re-centred, then +45); offline gate: as read 4.85 Hz ±19 r 0.26
   before #1 Tuner in tune 1% stability ≥75 14% (mean 19) of 114/115 | Stay in Key in key 7% of 114/114 (result 8%)
   before #1 Pitch Match int 71/67 pro 60/49 | Drills 75/69/74/69/74 | RTF in tune 4% steady 14% of 114/114 voiced frames (Sharp (+49ct)×9, Sharp (+42ct)×7, In tune×5) | Choir World held ✓✓ median 46/48 ct, report pitch 72/70 in tune 123/192, 102/192
   after #1  Tuner in tune 2% stability ≥75 14% (mean 20) of 114/115 | Stay in Key in key 6% of 115/115 (result 7%)
   after #1  Pitch Match int 71/67 pro 60/50 | Drills 75/69/74/70/74 | RTF in tune 3% steady 9% of 115/115 voiced frames (Sharp (+49ct)×9, Sharp (+45ct)×8, Sharp (+43ct)×7) | Choir World held ✓✓ median 46/47 ct, report pitch 72/72 in tune 117/192, 117/192
   before #2 Tuner in tune 2% stability ≥75 14% (mean 18) of 114/115 | Stay in Key in key 6% of 114/114 (result 7%)
   before #2 Pitch Match int 71/67 pro 60/49 | Drills 75/69/74/69/74 | RTF in tune 4% steady 14% of 114/114 voiced frames (Sharp (+45ct)×8, Sharp (+42ct)×7, Sharp (+34ct)×5) | Choir World held ✓✓ median 45/48 ct, report pitch 72/70 in tune 124/192, 102/192
   after #2  Tuner in tune 2% stability ≥75 14% (mean 17) of 115/115 | Stay in Key in key 5% of 114/114 (result 8%)
   after #2  Pitch Match int 71/67 pro 60/50 | Drills 75/69/74/69/74 | RTF in tune 3% steady 15% of 115/115 voiced frames (Sharp (+48ct)×10, Sharp (+43ct)×9, Sharp (+49ct)×7) | Choir World held ✓✓ median 45/47 ct, report pitch 72/71 in tune 125/192, 109/192
   before #3 Tuner in tune 2% stability ≥75 16% (mean 18) of 114/115 | Stay in Key in key 6% of 115/115 (result 9%)
   before #3 Pitch Match int 71/67 pro 60/48 | Drills 75/69/74/70/74 | RTF in tune 2% steady 15% of 114/114 voiced frames (Sharp (+42ct)×9, Sharp (+43ct)×8, Sharp (+48ct)×7) | Choir World held ✓✓ median 46/48 ct, report pitch 72/70 in tune 126/192, 102/192
   after #3  Tuner in tune 3% stability ≥75 16% (mean 20) of 114/115 | Stay in Key in key 5% of 115/115 (result 7%)
   after #3  Pitch Match int 71/67 pro 60/48 | Drills 75/69/74/69/74 | RTF in tune 4% steady 15% of 115/115 voiced frames (Sharp (+46ct)×8, Sharp (+45ct)×7, Sharp (+48ct)×6) | Choir World held ✓✓ median 45/47 ct, report pitch 72/71 in tune 126/192, 110/192
   note: V5 (real vibrato read as irregular) pmInt: 86 → 86
   note: V5 (real vibrato read as irregular) pmPro: 87 → 86
   note: V5 (real vibrato read as irregular) drills: 87 → 87
   note: V5 (real vibrato read as irregular) cwPitch: 86 → 91

==== Regression: passes on master and fails on the branch, or moves past the tolerance the wrong way (blocks a deploy)

==== Fixed: fails on master and passes on the branch, or moves past the tolerance the right way

==== Already failing: fails on master and on the branch (not caused by the branch)
ALREADY V1 vibrato RTF rtfInTune: master 64/57/60% (median 60, spread 7) → branch 57/59/63% (median 59), change -1 (±7) · within 20 of the straight notes (83% / 84%), must not drop past the tolerance
ALREADY W1 V1 (real vibrato) sung 60 ct sharp pmPro: master 48/48/48 (median 48, spread 0) → branch 48/49/48 (median 48) · a straight note 50 ct off scores 55: within 6 of that, and ≥10 below the straight notes

==== VERDICT (regress, 3 runs per side, medians): 0 regression(s), 0 fixed, 2 already failing, 135 passed
pass V1 vibrato pmInt: master 92/92/92 (median 92, spread 0) → branch 92/92/92 (median 92), change 0 (±3) · within 8 of the straight notes (95 / 95), must not drop more than 3
pass V1 vibrato pmPro: master 88/88/88 (median 88, spread 0) → branch 88/87/87 (median 87), change -1 (±3) · within 8 of the straight notes (93 / 93), must not drop more than 3
pass V1 vibrato drills: master 91/91/91 (median 91, spread 0) → branch 91/90/91 (median 91), change 0 (±3) · within 8 of the straight notes (96 / 96), must not drop more than 3
pass V1 vibrato cwPitch: master 92/92/92 (median 92, spread 0) → branch 92/91/92 (median 92), change 0 (±3) · within 8 of the straight notes (96 / 96), must not drop more than 3
pass V1 vibrato RTF rtfSteady: master 35/36/34% (median 35, spread 2) → branch 32/33/36% (median 33), change -2 (±5) · within 20 of the straight notes (45% / 44%), must not drop past the tolerance
pass V1 Tuner tunerInTune: master 19/18/18% (median 18, spread 1) → branch 19/20/21% (median 20), change +2 (±5) · must not drop past the tolerance
pass V1 Tuner tunerStable: master 44/45/46% (median 45, spread 2) → branch 44/46/44% (median 44), change -1 (±5) · must not drop past the tolerance
pass V1 vibrato Choir World held: master ✓✓✓ → branch ✓✓✓ · must be held
pass V2 vibrato pmInt: master 93/94/94 (median 94, spread 1) → branch 94/94/93 (median 94), change 0 (±3) · within 8 of the straight notes (95 / 95), must not drop more than 3
pass V2 vibrato pmPro: master 91/91/92 (median 91, spread 1) → branch 92/91/91 (median 91), change 0 (±3) · within 8 of the straight notes (93 / 93), must not drop more than 3
pass V2 vibrato drills: master 93/93/93 (median 93, spread 0) → branch 93/93/94 (median 93), change 0 (±3) · within 8 of the straight notes (96 / 96), must not drop more than 3
pass V2 vibrato cwPitch: master 94/94/94 (median 94, spread 0) → branch 94/94/94 (median 94), change 0 (±3) · within 8 of the straight notes (96 / 96), must not drop more than 3
pass V2 vibrato RTF rtfInTune: master 79/74/75% (median 75, spread 5) → branch 81/77/77% (median 77), change +2 (±5) · within 20 of the straight notes (83% / 84%), must not drop past the tolerance
pass V2 vibrato RTF rtfSteady: master 34/37/36% (median 36, spread 3) → branch 35/35/37% (median 35), change -1 (±5) · within 20 of the straight notes (45% / 44%), must not drop past the tolerance
pass V2 Tuner tunerInTune: master 40/41/50% (median 41, spread 10) → branch 28/51/44% (median 44), change +3 (±10) · must not drop past the tolerance
pass V2 Tuner tunerStable: master 16/17/31% (median 17, spread 15) → branch 18/22/34% (median 22), change +5 (±10) · must not drop past the tolerance
pass V2 vibrato Choir World held: master ✓✓✓ → branch ✓✓✓ · must be held
pass V3 vibrato pmInt: master 95/95/95 (median 95, spread 0) → branch 95/95/95 (median 95), change 0 (±3) · within 8 of the straight notes (95 / 95), must not drop more than 3
pass V3 vibrato pmPro: master 92/92/92 (median 92, spread 0) → branch 92/91/92 (median 92), change 0 (±3) · within 8 of the straight notes (93 / 93), must not drop more than 3
pass V3 vibrato drills: master 95/95/95 (median 95, spread 0) → branch 95/95/95 (median 95), change 0 (±3) · within 8 of the straight notes (96 / 96), must not drop more than 3
pass V3 vibrato cwPitch: master 95/95/95 (median 95, spread 0) → branch 95/95/95 (median 95), change 0 (±3) · within 8 of the straight notes (96 / 96), must not drop more than 3
pass V3 vibrato RTF rtfInTune: master 100/100/100% (median 100, spread 0) → branch 100/100/100% (median 100), change 0 (±5) · within 20 of the straight notes (83% / 84%), must not drop past the tolerance
pass V3 vibrato RTF rtfSteady: master 97/97/96% (median 97, spread 1) → branch 97/97/97% (median 97), change 0 (±5) · within 20 of the straight notes (45% / 44%), must not drop past the tolerance
pass V3 Tuner tunerInTune: master 66/68/65% (median 66, spread 3) → branch 64/66/62% (median 64), change -2 (±5) · must not drop past the tolerance
pass V3 Tuner tunerStable: master 100/100/100% (median 100, spread 0) → branch 100/100/100% (median 100), change 0 (±5) · must not drop past the tolerance
pass V3 vibrato Choir World held: master ✓✓✓ → branch ✓✓✓ · must be held
pass V4 vibrato pmInt: master 95/95/95 (median 95, spread 0) → branch 95/95/96 (median 95), change 0 (±3) · within 8 of the straight notes (95 / 95), must not drop more than 3
pass V4 vibrato pmPro: master 93/95/95 (median 95, spread 2) → branch 95/96/96 (median 96), change +1 (±3) · within 8 of the straight notes (93 / 93), must not drop more than 3
pass V4 vibrato drills: master 96/96/96 (median 96, spread 0) → branch 96/96/96 (median 96), change 0 (±3) · within 8 of the straight notes (96 / 96), must not drop more than 3
pass V4 vibrato cwPitch: master 95/95/95 (median 95, spread 0) → branch 95/96/95 (median 95), change 0 (±3) · within 8 of the straight notes (96 / 96), must not drop more than 3
pass V4 vibrato RTF rtfInTune: master 97/95/96% (median 96, spread 2) → branch 98/96/96% (median 96), change 0 (±5) · within 20 of the straight notes (83% / 84%), must not drop past the tolerance
pass V4 vibrato RTF rtfSteady: master 97/95/96% (median 96, spread 2) → branch 93/94/96% (median 94), change -2 (±5) · within 20 of the straight notes (45% / 44%), must not drop past the tolerance
pass V4 Tuner tunerInTune: master 70/64/72% (median 70, spread 8) → branch 67/64/69% (median 67), change -3 (±8) · must not drop past the tolerance
pass V4 Tuner tunerStable: master 83/94/92% (median 92, spread 11) → branch 92/96/98% (median 96), change +4 (±10) · must not drop past the tolerance
pass V4 vibrato Choir World held: master ✓✓✓ → branch ✓✓✓ · must be held
pass V5 Tuner tunerInTune: master 30/36/31% (median 31, spread 6) → branch 36/31/33% (median 33), change +2 (±6) · must not drop past the tolerance
pass V5 Tuner tunerStable: master 28/30/27% (median 28, spread 3) → branch 26/30/27% (median 27), change -1 (±5) · must not drop past the tolerance
pass V6 vibrato pmInt: master 93/93/93 (median 93, spread 0) → branch 92/93/93 (median 93), change 0 (±3) · within 8 of the straight notes (95 / 95), must not drop more than 3
pass V6 vibrato pmPro: master 89/89/90 (median 89, spread 1) → branch 89/89/89 (median 89), change 0 (±3) · within 8 of the straight notes (93 / 93), must not drop more than 3
pass V6 vibrato drills: master 93/92/92 (median 92, spread 1) → branch 93/93/92 (median 93), change +1 (±3) · within 8 of the straight notes (96 / 96), must not drop more than 3
pass V6 vibrato cwPitch: master 93/94/93 (median 93, spread 1) → branch 93/93/93 (median 93), change 0 (±3) · within 8 of the straight notes (96 / 96), must not drop more than 3
pass V6 vibrato RTF rtfInTune: master 83/84/81% (median 83, spread 3) → branch 82/83/79% (median 82), change -1 (±5) · within 20 of the straight notes (83% / 84%), must not drop past the tolerance
pass V6 vibrato RTF rtfSteady: master 67/71/74% (median 71, spread 7) → branch 64/66/62% (median 64), change -7 (±7) · within 20 of the straight notes (45% / 44%), must not drop past the tolerance
pass V6 Tuner tunerInTune: master 49/49/50% (median 49, spread 1) → branch 48/48/46% (median 48), change -1 (±5) · must not drop past the tolerance
pass V6 Tuner tunerStable: master 77/79/79% (median 79, spread 2) → branch 76/76/76% (median 76), change -3 (±5) · must not drop past the tolerance
pass V6 vibrato Choir World held: master ✓✓✓ → branch ✓✓✓ · must be held
pass S1 straight pmInt: master 97/97/97 (median 97, spread 0) → branch 97/97/97 (median 97), change 0 (±3) · must not drop more than 3
pass S1 straight pmPro: master 96/96/96 (median 96, spread 0) → branch 96/96/96 (median 96), change 0 (±3) · must not drop more than 3
pass S1 straight drills: master 98/98/98 (median 98, spread 0) → branch 98/98/98 (median 98), change 0 (±3) · must not drop more than 3
pass S1 straight cwPitch: master 97/97/97 (median 97, spread 0) → branch 96/98/97 (median 97), change 0 (±3) · must not drop more than 3
pass S1 straight RTF rtfInTune: master 86/84/88% (median 86, spread 4) → branch 87/87/88% (median 87), change +1 (±5) · must not drop past the tolerance
pass S1 straight RTF rtfSteady: master 79/81/77% (median 79, spread 4) → branch 76/78/78% (median 78), change -1 (±5) · must not drop past the tolerance
pass S1 Tuner tunerInTune: master 77/82/78% (median 78, spread 5) → branch 79/77/75% (median 77), change -1 (±5) · must not drop past the tolerance
pass S1 Tuner tunerStable: master 78/81/78% (median 78, spread 3) → branch 80/81/82% (median 81), change +3 (±5) · must not drop past the tolerance
pass S1 straight Choir World held: master ✓✓✓ → branch ✓✓✓ · must be held
pass S2 straight pmInt: master 93/93/93 (median 93, spread 0) → branch 93/93/93 (median 93), change 0 (±3) · must not drop more than 3
pass S2 straight pmPro: master 89/89/89 (median 89, spread 0) → branch 89/89/89 (median 89), change 0 (±3) · must not drop more than 3
pass S2 straight drills: master 93/93/93 (median 93, spread 0) → branch 93/93/93 (median 93), change 0 (±3) · must not drop more than 3
pass S2 straight cwPitch: master 94/94/94 (median 94, spread 0) → branch 94/94/94 (median 94), change 0 (±3) · must not drop more than 3
pass S2 straight RTF rtfInTune: master 81/79/80% (median 80, spread 2) → branch 80/81/82% (median 81), change +1 (±5) · must not drop past the tolerance
pass S2 straight RTF rtfSteady: master 10/10/8% (median 10, spread 2) → branch 9/9/7% (median 9), change -1 (±5) · must not drop past the tolerance
pass S2 Tuner tunerInTune: master 78/71/75% (median 75, spread 7) → branch 73/76/74% (median 74), change -1 (±7) · must not drop past the tolerance
pass S2 Tuner tunerStable: master 73/69/66% (median 69, spread 7) → branch 73/75/74% (median 74), change +5 (±7) · must not drop past the tolerance
pass S2 straight Choir World held: master ✓✓✓ → branch ✓✓✓ · must be held
pass W1 V1 (real vibrato) sung 60 ct sharp pmInt: master 69/69/69 (median 69, spread 0) → branch 69/69/69 (median 69) · a straight note 50 ct off scores 70: within 6 of that, and ≥10 below the straight notes
pass W1 V1 (real vibrato) sung 60 ct sharp drills: master 68/68/68 (median 68, spread 0) → branch 68/67/68 (median 68) · a straight note 50 ct off scores 70: within 6 of that, and ≥10 below the straight notes
pass W1 V1 (real vibrato) sung 60 ct sharp cwPitch: master 67/68/68 (median 68, spread 1) → branch 67/67/67 (median 67) · a straight note 50 ct off scores 70: within 6 of that, and ≥10 below the straight notes
pass W1 wrong RTF rtfInTune: master 4/4/7% (median 4, spread 3) → branch 6/5/6% (median 6), change +2 (±5) · must not rise past the tolerance
pass W1 Tuner tunerInTune: master 0/1/0% (median 0, spread 1) → branch 0/2/1% (median 1), change +1 (±5) · must not rise past the tolerance
pass W1 Tuner tunerStable: master 10/8/9% (median 9, spread 2) → branch 9/6/7% (median 7), change -2 (±5) · must not drop past the tolerance
pass W5 V1 (real vibrato) sung 80 ct sharp pmInt: master 56/57/56 (median 56, spread 1) → branch 56/56/57 (median 56) · a straight note 72 ct off scores 57: within 6 of that, and ≥10 below the straight notes
pass W5 V1 (real vibrato) sung 80 ct sharp pmPro: master 32/32/31 (median 32, spread 1) → branch 32/33/33 (median 33) · a straight note 72 ct off scores 35: within 6 of that, and ≥10 below the straight notes
pass W5 V1 (real vibrato) sung 80 ct sharp drills: master 56/56/56 (median 56, spread 0) → branch 56/56/57 (median 56) · a straight note 72 ct off scores 57: within 6 of that, and ≥10 below the straight notes
pass W5 V1 (real vibrato) sung 80 ct sharp cwPitch: master 54/55/55 (median 55, spread 1) → branch 55/55/56 (median 55) · a straight note 72 ct off scores 57: within 6 of that, and ≥10 below the straight notes
pass W5 wrong RTF rtfInTune: master 19/20/18% (median 19, spread 2) → branch 20/20/19% (median 20), change +1 (±5) · must not rise past the tolerance
pass W5 Tuner tunerInTune: master 6/6/8% (median 6, spread 2) → branch 9/8/5% (median 8), change +2 (±5) · must not rise past the tolerance
pass W5 Tuner tunerStable: master 55/52/56% (median 55, spread 4) → branch 54/53/55% (median 54), change -1 (±5) · must not drop past the tolerance
pass W5 V1 (real vibrato) sung 80 ct sharp Choir World held: master ✗✗✗ → branch ✗✗✗ · must not be held (past ±50)
pass W2 wrong pmInt: master 76/76/76 (median 76, spread 0) → branch 76/76/76 (median 76), change 0 (±3) · no vibrato in it: must not rise more than 3
pass W2 wrong pmPro: master 66/65/66 (median 66, spread 1) → branch 65/66/65 (median 65), change -1 (±3) · no vibrato in it: must not rise more than 3
pass W2 wrong drills: master 75/75/75 (median 75, spread 0) → branch 75/75/75 (median 75), change 0 (±3) · no vibrato in it: must not rise more than 3
pass W2 wrong cwPitch: master 76/76/76 (median 76, spread 0) → branch 76/76/76 (median 76), change 0 (±3) · no vibrato in it: must not rise more than 3
pass W2 wrong RTF rtfInTune: master 0/0/0% (median 0, spread 0) → branch 0/0/0% (median 0), change 0 (±5) · must not rise past the tolerance
pass W2 Tuner tunerInTune: master 0/0/0% (median 0, spread 0) → branch 0/0/0% (median 0), change 0 (±5) · must not rise past the tolerance
pass W2 Tuner tunerStable: master 50/50/49% (median 50, spread 1) → branch 49/49/53% (median 49), change -1 (±5) · must not drop past the tolerance
pass W3 wander pmInt: master 77/77/77 (median 77, spread 0) → branch 77/77/78 (median 77), change 0 (±3) · no vibrato in it: must not rise more than 3
pass W3 wander pmPro: master 66/65/67 (median 66, spread 2) → branch 66/66/66 (median 66), change 0 (±3) · no vibrato in it: must not rise more than 3
pass W3 wander drills: master 77/77/77 (median 77, spread 0) → branch 77/77/77 (median 77), change 0 (±3) · no vibrato in it: must not rise more than 3
pass W3 wander cwPitch: master 76/76/76 (median 76, spread 0) → branch 76/76/76 (median 76), change 0 (±3) · no vibrato in it: must not rise more than 3
pass W3 S1 with a slow ±60 ct wander at 0.8 Hz RTF rtfSteady: master 0/0/0% (median 0, spread 0) → branch 0/0/0% (median 0), change 0 (±5) · wobbly, no vibrato: Steady on ≤25% of voiced frames, must not rise past the tolerance
pass W3 Tuner tunerInTune: master 7/8/5% (median 7, spread 3) → branch 6/5/6% (median 6), change -1 (±5) · must not rise past the tolerance
pass W3 Tuner tunerStable: master 0/0/0% (median 0, spread 0) → branch 0/0/0% (median 0), change 0 (±5) · must not rise past the tolerance
pass W4 flutter pmInt: master 87/86/86 (median 86, spread 1) → branch 87/87/87 (median 87), change +1 (±3) · no vibrato in it: must not rise more than 3
pass W4 flutter pmPro: master 78/79/78 (median 78, spread 1) → branch 79/79/79 (median 79), change +1 (±3) · no vibrato in it: must not rise more than 3
pass W4 flutter drills: master 89/88/89 (median 89, spread 1) → branch 89/89/89 (median 89), change 0 (±3) · no vibrato in it: must not rise more than 3
pass W4 flutter cwPitch: master 86/86/86 (median 86, spread 0) → branch 86/86/86 (median 86), change 0 (±3) · no vibrato in it: must not rise more than 3
pass W4 flutter RTF rtfInTune: master 13/21/17% (median 17, spread 8) → branch 14/19/22% (median 19), change +2 (±8) · must not rise past the tolerance
pass W4 S1 with an 11 Hz ±40 ct flutter RTF rtfSteady: master 0/0/0% (median 0, spread 0) → branch 0/0/0% (median 0), change 0 (±5) · wobbly, no vibrato: Steady on ≤25% of voiced frames, must not rise past the tolerance
pass W4 Tuner tunerInTune: master 9/10/10% (median 10, spread 1) → branch 9/6/9% (median 9), change -1 (±5) · must not rise past the tolerance
pass W4 Tuner tunerStable: master 0/0/0% (median 0, spread 0) → branch 0/0/0% (median 0), change 0 (±5) · must not rise past the tolerance
pass N1 unsteady pmInt: master 88/88/88 (median 88, spread 0) → branch 87/88/88 (median 88), change 0 (±3) · no vibrato in it: must not rise more than 3
pass N1 unsteady pmPro: master 83/83/83 (median 83, spread 0) → branch 83/83/83 (median 83), change 0 (±3) · no vibrato in it: must not rise more than 3
pass N1 unsteady drills: master 89/89/89 (median 89, spread 0) → branch 89/89/89 (median 89), change 0 (±3) · no vibrato in it: must not rise more than 3
pass N1 unsteady cwPitch: master 89/88/89 (median 89, spread 1) → branch 88/89/89 (median 89), change 0 (±3) · no vibrato in it: must not rise more than 3
pass N1 unsteady RTF rtfInTune: master 4/4/3% (median 4, spread 1) → branch 3/4/2% (median 3), change -1 (±5) · must not rise past the tolerance
pass N1 S1 sung 20 ct flat, irregular ±12 ct (RMS) unsteadiness RTF rtfInTune: master 4/4/3% (median 4, spread 1) → branch 3/4/2% (median 3) · off pitch past the window: in tune on ≤25% of voiced frames
pass N1 S1 sung 20 ct flat, irregular ±12 ct (RMS) unsteadiness RTF rtfSteady: master 19/22/23% (median 22, spread 4) → branch 22/23/23% (median 23), change +1 (±5) · wobbly, no vibrato: Steady on ≤25% of voiced frames, must not rise past the tolerance
pass N1 Tuner tunerInTune: master 2/9/5% (median 5, spread 7) → branch 4/3/7% (median 4), change -1 (±7) · must not rise past the tolerance
pass N1 Tuner tunerStable: master 67/50/52% (median 52, spread 17) → branch 57/67/52% (median 57), change +5 (±10) · must not rise past the tolerance
pass N2 unsteady pmInt: master 81/81/81 (median 81, spread 0) → branch 81/81/81 (median 81), change 0 (±3) · no vibrato in it: must not rise more than 3
pass N2 unsteady pmPro: master 70/70/70 (median 70, spread 0) → branch 70/69/70 (median 70), change 0 (±3) · no vibrato in it: must not rise more than 3
pass N2 unsteady drills: master 83/83/83 (median 83, spread 0) → branch 83/83/83 (median 83), change 0 (±3) · no vibrato in it: must not rise more than 3
pass N2 unsteady cwPitch: master 82/82/82 (median 82, spread 0) → branch 82/82/82 (median 82), change 0 (±3) · no vibrato in it: must not rise more than 3
pass N2 unsteady RTF rtfInTune: master 8/9/10% (median 9, spread 2) → branch 8/7/6% (median 7), change -2 (±5) · must not rise past the tolerance
pass N2 S2 sung 25 ct sharp, irregular ±18 ct (RMS) unsteadiness RTF rtfInTune: master 8/9/10% (median 9, spread 2) → branch 8/7/6% (median 7) · off pitch past the window: in tune on ≤25% of voiced frames
pass N2 S2 sung 25 ct sharp, irregular ±18 ct (RMS) unsteadiness RTF rtfSteady: master 11/12/11% (median 11, spread 1) → branch 10/11/10% (median 10), change -1 (±5) · wobbly, no vibrato: Steady on ≤25% of voiced frames, must not rise past the tolerance
pass N2 Tuner tunerInTune: master 5/6/5% (median 5, spread 1) → branch 10/5/3% (median 5), change 0 (±5) · must not rise past the tolerance
pass N2 Tuner tunerStable: master 30/33/32% (median 32, spread 3) → branch 30/30/34% (median 30), change -2 (±5) · must not rise past the tolerance
pass N3 V3 (real vibrato ±91 ct) sung 25 ct flat pmInt: master 84/84/84 (median 84, spread 0) → branch 84/84/84 (median 84) · a straight note 23 ct off scores 86: within 6 of that
pass N3 V3 (real vibrato ±91 ct) sung 25 ct flat pmPro: master 76/76/77 (median 76, spread 1) → branch 76/77/76 (median 76) · a straight note 23 ct off scores 79: within 6 of that
pass N3 V3 (real vibrato ±91 ct) sung 25 ct flat drills: master 85/85/85 (median 85, spread 0) → branch 85/85/85 (median 85) · a straight note 23 ct off scores 86: within 6 of that
pass N3 V3 (real vibrato ±91 ct) sung 25 ct flat cwPitch: master 85/85/85 (median 85, spread 0) → branch 85/85/85 (median 85) · a straight note 23 ct off scores 86: within 6 of that
pass N3 wrong RTF rtfInTune: master 19/16/19% (median 19, spread 3) → branch 18/16/18% (median 18), change -1 (±5) · must not rise past the tolerance
pass N3 V3 (real vibrato ±91 ct) sung 25 ct flat RTF rtfInTune: master 19/16/19% (median 19, spread 3) → branch 18/16/18% (median 18) · off pitch past the window: in tune on ≤25% of voiced frames
pass N3 Tuner tunerInTune: master 0/0/0% (median 0, spread 0) → branch 0/0/0% (median 0), change 0 (±5) · must not rise past the tolerance
pass N3 Tuner tunerStable: master 100/100/100% (median 100, spread 0) → branch 100/100/100% (median 100), change 0 (±5) · must not drop past the tolerance
pass N4 unsteady pmInt: master 69/69/69 (median 69, spread 0) → branch 69/69/69 (median 69), change 0 (±3) · no vibrato in it: must not rise more than 3
pass N4 unsteady pmPro: master 55/55/54 (median 55, spread 1) → branch 55/55/54 (median 55), change 0 (±3) · no vibrato in it: must not rise more than 3
pass N4 unsteady drills: master 72/72/72 (median 72, spread 0) → branch 72/72/72 (median 72), change 0 (±3) · no vibrato in it: must not rise more than 3
pass N4 unsteady cwPitch: master 71/71/71 (median 71, spread 0) → branch 72/72/72 (median 72), change +1 (±3) · no vibrato in it: must not rise more than 3
pass N4 unsteady RTF rtfInTune: master 4/4/2% (median 4, spread 2) → branch 3/3/4% (median 3), change -1 (±5) · must not rise past the tolerance
pass N4 S2 sung 45 ct sharp, irregular ±18 ct (RMS) unsteadiness RTF rtfInTune: master 4/4/2% (median 4, spread 2) → branch 3/3/4% (median 3) · off pitch past the window: in tune on ≤25% of voiced frames
pass N4 S2 sung 45 ct sharp, irregular ±18 ct (RMS) unsteadiness RTF rtfSteady: master 14/14/15% (median 14, spread 1) → branch 9/15/15% (median 15), change +1 (±5) · wobbly, no vibrato: Steady on ≤25% of voiced frames, must not rise past the tolerance
pass N4 Tuner tunerInTune: master 1/2/2% (median 2, spread 1) → branch 2/2/3% (median 2), change 0 (±5) · must not rise past the tolerance
pass N4 Tuner tunerStable: master 14/14/16% (median 14, spread 2) → branch 14/14/16% (median 14), change 0 (±5) · must not rise past the tolerance

log: /Users/alegramusenge/Documents/voxcoach-app/scripts/vq-verify/logs/vibfix-local-2026-10-06T11-15-32.log  json: /Users/alegramusenge/Documents/voxcoach-app/scripts/vq-verify/logs/vibfix-local-2026-10-06T11-15-32.json
