vibfix 2026-09-30T16-18-24  sides: prod  url: https://deploy-alegra1122.vercel.app/

== V1: vibrato-628@2896 centred — target 69 (sung -1 ct, re-centred); offline gate: vibrato 6.16 Hz ±66 r 0.83
   signed up voxcoach-vibfix-1790785104659@example.com on https://deploy-alegra1122.vercel.app/
   prod   Tuner in tune 22% stability ≥75 57% (mean 69) of 73/97 | Stay in Key in key 93% of 82/105 (result 91%)
   prod   Pitch Match int 90/90 pro 88/61 | Drills 92/91/91/90/91 | RTF in tune 52% steady 41% of 87/109 voiced frames (In tune×45, Listening…×22, Flat (-23ct)×7) | Choir World held ✓✓ median -11/-9 ct, report pitch 90/91 in tune 138/143, 151/151

== V2: vibrato-3131@8046 centred — target 49 (sung -32 ct, re-centred); offline gate: vibrato 5.07 Hz ±106 r 0.94
   prod   Tuner in tune 44% stability ≥75 21% (mean 54) of 80/93 | Stay in Key in key 73% of 89/105 (result 73%)
   prod   Pitch Match int 95/94 pro 91/90 | Drills 93/94/94/94/93 | RTF in tune 85% steady 46% of 98/109 voiced frames (In tune×83, Listening…×11, Sharp (+21ct)×2) | Choir World held ✓✓ median 18/6 ct, report pitch 89/93 in tune 168/168, 143/144

== V3: vibrato-1154@4013 centred — target 69 (sung +27 ct, re-centred); offline gate: vibrato 4.74 Hz ±91 r 0.98
   prod   Tuner in tune 67% stability ≥75 100% (mean 84) of 89/90 | Stay in Key in key 100% of 105/105 (result 94%)
   prod   Pitch Match int 96/96 pro 91/88 | Drills 94/95/95/95/95 | RTF in tune 100% steady 95% of 106/106 voiced frames (In tune×106) | Choir World held ✓✓ median 3/1 ct, report pitch 95/95 in tune 192/192, 192/192

== V4: vibrato-772@4946 centred — target 67 (sung +24 ct, re-centred); offline gate: vibrato 5.28 Hz ±90 r 0.98
   prod   Tuner in tune 70% stability ≥75 85% (mean 84) of 91/93 | Stay in Key in key 96% of 103/103 (result 93%)
   prod   Pitch Match int 97/96 pro 93/91 | Drills 96/96/96/93/96 | RTF in tune 93% steady 96% of 106/106 voiced frames (In tune×99, Flat (-23ct)×5, Flat (-22ct)×2) | Choir World held ✓✓ median -1/-2 ct, report pitch 96/95 in tune 191/191, 191/192

== V5: vibrato-2417@7396 centred — target 52 (sung +38 ct, re-centred); offline gate: as read 5.35 Hz ±49 r 0.32
   prod   Tuner in tune 36% stability ≥75 20% (mean 58) of 80/95 | Stay in Key in key 85% of 91/104 (result 84%)
   prod   Pitch Match int 82/87 pro 76/74 | Drills 81/81/83/90/93 | RTF in tune 66% steady 14% of 106/106 voiced frames (In tune×70, Sharp (+16ct)×4, Sharp (+23ct)×4) | Choir World held ✓✓ median 0/0 ct, report pitch 80/81 in tune 142/165, 130/155

== V6: vibrato-2961@630 centred — target 49 (sung -27 ct, re-centred); offline gate: vibrato 5.28 Hz ±52 r 0.55
   prod   Tuner in tune 54% stability ≥75 68% (mean 75) of 93/93 | Stay in Key in key 99% of 105/105 (result 96%)
   prod   Pitch Match int 93/94 pro 88/91 | Drills 95/93/93/94/94 | RTF in tune 85% steady 69% of 107/107 voiced frames (In tune×91, Flat (-20ct)×2, Sharp (+23ct)×2) | Choir World held ✓✓ median -2/1 ct, report pitch 93/92 in tune 161/161, 165/173

== S1: straight-625@3246 centred — target 69 (sung -14 ct, re-centred); offline gate: as read 5.31 Hz ±9 r 0.39
   prod   Tuner in tune 80% stability ≥75 90% (mean 85) of 92/92 | Stay in Key in key 100% of 103/103 (result 100%)
   prod   Pitch Match int 97/99 pro 97/94 | Drills 98/98/99/99/98 | RTF in tune 82% steady 83% of 105/105 voiced frames (In tune×86, Sharp (+10ct)×2, Sharp (+15ct)×2) | Choir World held ✓✓ median 0/-1 ct, report pitch 98/98 in tune 192/192, 192/192

== S2: straight-286@630 centred — target 60 (sung +32 ct, re-centred); offline gate: as read 4.85 Hz ±19 r 0.26
   prod   Tuner in tune 76% stability ≥75 71% (mean 77) of 93/93 | Stay in Key in key 98% of 106/106 (result 97%)
   prod   Pitch Match int 90/97 pro 95/80 | Drills 97/88/97/89/97 | RTF in tune 79% steady 5% of 106/106 voiced frames (In tune×84, Sharp (+28ct)×3, Flat (-21ct)×2) | Choir World held ✓✓ median 1/1 ct, report pitch 91/94 in tune 186/191, 192/192

== W1: V1 (real vibrato) sung 60 ct sharp — target 69 (sung -1 ct, re-centred, then +60); offline gate: vibrato 6.16 Hz ±66 r 0.83
   prod   Tuner in tune 1% stability ≥75 3% (mean 12) of 79/101 | Stay in Key in key 3% of 80/102 (result 5%)
   prod   Pitch Match int 65/61 pro 56/36 | Drills 68/69/73/67/68 | RTF in tune 6% steady 10% of 87/107 voiced frames (Listening…×20, In tune×5, Sharp (+44ct)×5) | Choir World held ✓✓ median 48/50 ct, report pitch 70/69 in tune 81/135, 66/131

== W5: V1 (real vibrato) sung 80 ct sharp — target 69 (sung -1 ct, re-centred, then +80); offline gate: vibrato 6.16 Hz ±66 r 0.83
   prod   Tuner in tune 10% stability ≥75 46% (mean 57) of 77/97 | Stay in Key in key 0% of 81/102 (result 2%)
   prod   Pitch Match int 53/51 pro 36/26 | Drills 55/56/61/57/56 | RTF in tune 21% steady 35% of 86/107 voiced frames (Listening…×21, In tune×18, Flat (-35ct)×4) | Choir World held ✗✗ median 70/68 ct, report pitch 56/58 in tune 12/155, 10/153

== W2: S1 (real straight) sung 40 ct sharp — target 69 (sung -14 ct, re-centred, then +40); offline gate: as read 5.31 Hz ±9 r 0.39
   prod   Tuner in tune 0% stability ≥75 44% (mean 54) of 98/98 | Stay in Key in key 16% of 102/102 (result 20%)
   prod   Pitch Match int 76/75 pro 64/65 | Drills 75/75/75/75/75 | RTF in tune 0% steady 22% of 105/105 voiced frames (Sharp (+42ct)×18, Sharp (+44ct)×11, Sharp (+43ct)×10) | Choir World held ✓✓ median 40/40 ct, report pitch 75/76 in tune 161/192, 163/192

== W3: S1 with a slow ±60 ct wander at 0.8 Hz — target 69 (sung -14 ct, re-centred); offline gate: as read 5.31 Hz ±9 r 0.39
   prod   Tuner in tune 1% stability ≥75 0% (mean 7) of 95/95 | Stay in Key in key 34% of 101/101 (result 36%)
   prod   Pitch Match int 79/74 pro 67/59 | Drills 77/76/76/77/78 | RTF in tune 13% steady 0% of 105/105 voiced frames (In tune×14, Sharp (+32ct)×4, Flat (-45ct)×4) | Choir World held ✓✓ median 12/4 ct, report pitch 76/76 in tune 119/192, 124/192

== W4: S1 with an 11 Hz ±40 ct flutter — target 69 (sung -14 ct, re-centred); offline gate: as read 5.31 Hz ±9 r 0.39
   prod   Tuner in tune 12% stability ≥75 0% (mean 24) of 93/93 | Stay in Key in key 79% of 101/101 (result 81%)
   prod   Pitch Match int 87/85 pro 81/79 | Drills 88/89/89/89/89 | RTF in tune 19% steady 0% of 109/109 voiced frames (In tune×21, Flat (-32ct)×6, Flat (-24ct)×5) | Choir World held ✓✓ median 9/9 ct, report pitch 85/85 in tune 190/191, 191/192

== N1: S1 sung 20 ct flat, irregular ±12 ct (RMS) unsteadiness — target 69 (sung -14 ct, re-centred, then -20); offline gate: as read 5.31 Hz ±9 r 0.39
   prod   Tuner in tune 4% stability ≥75 60% (mean 73) of 97/97 | Stay in Key in key 98% of 103/103 (result 98%)
   prod   Pitch Match int 87/88 pro 83/82 | Drills 90/90/90/89/90 | RTF in tune 1% steady 21% of 107/107 voiced frames (Flat (-24ct)×11, Flat (-19ct)×10, Flat (-20ct)×10) | Choir World held ✓✓ median -20/-19 ct, report pitch 88/88 in tune 158/158, 169/171

== N2: S2 sung 25 ct sharp, irregular ±18 ct (RMS) unsteadiness — target 60 (sung +32 ct, re-centred, then +25); offline gate: as read 4.85 Hz ±19 r 0.26
   prod   Tuner in tune 2% stability ≥75 77% (mean 70) of 98/98 | Stay in Key in key 73% of 103/103 (result 70%)
   prod   Pitch Match int 82/82 pro 76/65 | Drills 85/81/84/78/85 | RTF in tune 9% steady 21% of 105/105 voiced frames (In tune×9, Sharp (+27ct)×6, Sharp (+33ct)×6) | Choir World held ✓✓ median 29/23 ct, report pitch 81/83 in tune 174/192, 165/192

== N3: V3 (real vibrato ±91 ct) sung 25 ct flat — target 69 (sung +27 ct, re-centred, then -25); offline gate: vibrato 4.74 Hz ±91 r 0.98
   prod   Tuner in tune 0% stability ≥75 100% (mean 85) of 99/101 | Stay in Key in key 84% of 104/104 (result 80%)
   prod   Pitch Match int 85/82 pro 72/79 | Drills 82/84/85/85/85 | RTF in tune 20% steady 97% of 109/109 voiced frames (In tune×22, Flat (-25ct)×13, Flat (-28ct)×11) | Choir World held ✓✓ median -23/-23 ct, report pitch 86/85 in tune 183/191, 176/192

== N4: S2 sung 45 ct sharp, irregular ±18 ct (RMS) unsteadiness — target 60 (sung +32 ct, re-centred, then +45); offline gate: as read 4.85 Hz ±19 r 0.26
   prod   Tuner in tune 3% stability ≥75 1% (mean 7) of 96/96 | Stay in Key in key 5% of 102/102 (result 10%)
   prod   Pitch Match int 69/70 pro 58/50 | Drills 74/68/75/73/75 | RTF in tune 0% steady 8% of 107/107 voiced frames (Sharp (+46ct)×11, Sharp (+41ct)×8, Sharp (+45ct)×7) | Choir World held ✓✓ median 48/46 ct, report pitch 68/72 in tune 80/156, 101/173
   note: V5 (real vibrato read as irregular) pmInt: 85
   note: V5 (real vibrato read as irregular) pmPro: 75
   note: V5 (real vibrato read as irregular) drills: 86
   note: V5 (real vibrato read as irregular) cwPitch: 81
   note: W1 sits at ~null ct, next to Choir World's ±50 line: held true,true (median 48,50)

==== Tuner / Stay in Key (measured, not checked)
   V1  vibrato           Tuner in tune 22%, stability ≥75 57% | Stay in Key in key 93%
   V2  vibrato           Tuner in tune 44%, stability ≥75 21% | Stay in Key in key 73%
   V3  vibrato           Tuner in tune 67%, stability ≥75 100% | Stay in Key in key 100%
   V4  vibrato           Tuner in tune 70%, stability ≥75 85% | Stay in Key in key 96%
   V5  vibrato-irregular Tuner in tune 36%, stability ≥75 20% | Stay in Key in key 85%
   V6  vibrato           Tuner in tune 54%, stability ≥75 68% | Stay in Key in key 99%
   S1  straight          Tuner in tune 80%, stability ≥75 90% | Stay in Key in key 100%
   S2  straight          Tuner in tune 76%, stability ≥75 71% | Stay in Key in key 98%
   W1  wrong             Tuner in tune 1%, stability ≥75 3% | Stay in Key in key 3%
   W5  wrong             Tuner in tune 10%, stability ≥75 46% | Stay in Key in key 0%
   W2  wrong             Tuner in tune 0%, stability ≥75 44% | Stay in Key in key 16%
   W3  wander            Tuner in tune 1%, stability ≥75 0% | Stay in Key in key 34%
   W4  flutter           Tuner in tune 12%, stability ≥75 0% | Stay in Key in key 79%
   N1  unsteady          Tuner in tune 4%, stability ≥75 60% | Stay in Key in key 98%
   N2  unsteady          Tuner in tune 2%, stability ≥75 77% | Stay in Key in key 73%
   N3  wrong             Tuner in tune 0%, stability ≥75 100% | Stay in Key in key 84%
   N4  unsteady          Tuner in tune 3%, stability ≥75 1% | Stay in Key in key 5%

==== VERDICT: 68 passed, 3 failed
FAIL V1 vibrato pmPro: 75 (straight notes 92; must be within 8)
FAIL V1 vibrato RTF rtfInTune: 52% (straight notes 81%; must be within 20)
FAIL W4 flutter drills: 89 (straight notes 96; must stay ≥10 below)
pass V1 vibrato pmInt: 90 (straight notes 96; must be within 8)
pass V1 vibrato drills: 91 (straight notes 96; must be within 8)
pass V1 vibrato cwPitch: 91 (straight notes 96; must be within 8)
pass V1 vibrato RTF rtfSteady: 41% (straight notes 44%; must be within 20)
pass V1 vibrato Choir World held: true
pass V2 vibrato pmInt: 95 (straight notes 96; must be within 8)
pass V2 vibrato pmPro: 91 (straight notes 92; must be within 8)
pass V2 vibrato drills: 94 (straight notes 96; must be within 8)
pass V2 vibrato cwPitch: 91 (straight notes 96; must be within 8)
pass V2 vibrato RTF rtfInTune: 85% (straight notes 81%; must be within 20)
pass V2 vibrato RTF rtfSteady: 46% (straight notes 44%; must be within 20)
pass V2 vibrato Choir World held: true
pass V3 vibrato pmInt: 96 (straight notes 96; must be within 8)
pass V3 vibrato pmPro: 90 (straight notes 92; must be within 8)
pass V3 vibrato drills: 95 (straight notes 96; must be within 8)
pass V3 vibrato cwPitch: 95 (straight notes 96; must be within 8)
pass V3 vibrato RTF rtfInTune: 100% (straight notes 81%; must be within 20)
pass V3 vibrato RTF rtfSteady: 95% (straight notes 44%; must be within 20)
pass V3 vibrato Choir World held: true
pass V4 vibrato pmInt: 97 (straight notes 96; must be within 8)
pass V4 vibrato pmPro: 92 (straight notes 92; must be within 8)
pass V4 vibrato drills: 95 (straight notes 96; must be within 8)
pass V4 vibrato cwPitch: 96 (straight notes 96; must be within 8)
pass V4 vibrato RTF rtfInTune: 93% (straight notes 81%; must be within 20)
pass V4 vibrato RTF rtfSteady: 96% (straight notes 44%; must be within 20)
pass V4 vibrato Choir World held: true
pass V6 vibrato pmInt: 94 (straight notes 96; must be within 8)
pass V6 vibrato pmPro: 90 (straight notes 92; must be within 8)
pass V6 vibrato drills: 94 (straight notes 96; must be within 8)
pass V6 vibrato cwPitch: 93 (straight notes 96; must be within 8)
pass V6 vibrato RTF rtfInTune: 85% (straight notes 81%; must be within 20)
pass V6 vibrato RTF rtfSteady: 69% (straight notes 44%; must be within 20)
pass V6 vibrato Choir World held: true
pass S1 straight Choir World held: true
pass S2 straight Choir World held: true
pass W1 wrong pmInt: 63 (straight notes 96; must stay ≥10 below)
pass W1 wrong pmPro: 46 (straight notes 92; must stay ≥10 below)
pass W1 wrong drills: 69 (straight notes 96; must stay ≥10 below)
pass W1 wrong cwPitch: 70 (straight notes 96; must stay ≥10 below)
pass W5 wrong pmInt: 52 (straight notes 96; must stay ≥10 below)
pass W5 wrong pmPro: 31 (straight notes 92; must stay ≥10 below)
pass W5 wrong drills: 57 (straight notes 96; must stay ≥10 below)
pass W5 wrong cwPitch: 57 (straight notes 96; must stay ≥10 below)
pass W5 V1 (real vibrato) sung 80 ct sharp Choir World held: false,false (must fail: past the ±50 tolerance)
pass W2 wrong pmInt: 76 (straight notes 96; must stay ≥10 below)
pass W2 wrong pmPro: 65 (straight notes 92; must stay ≥10 below)
pass W2 wrong drills: 75 (straight notes 96; must stay ≥10 below)
pass W2 wrong cwPitch: 76 (straight notes 96; must stay ≥10 below)
pass W3 wander pmInt: 77 (straight notes 96; must stay ≥10 below)
pass W3 wander pmPro: 63 (straight notes 92; must stay ≥10 below)
pass W3 wander drills: 77 (straight notes 96; must stay ≥10 below)
pass W3 wander cwPitch: 76 (straight notes 96; must stay ≥10 below)
pass W3 S1 with a slow ±60 ct wander at 0.8 Hz RTF "Steady": 0% (wobbly, no vibrato: must read Steady on ≤25% of voiced frames)
pass W4 flutter pmInt: 86 (straight notes 96; must stay ≥10 below)
pass W4 flutter pmPro: 80 (straight notes 92; must stay ≥10 below)
pass W4 flutter cwPitch: 85 (straight notes 96; must stay ≥10 below)
pass W4 S1 with an 11 Hz ±40 ct flutter RTF "Steady": 0% (wobbly, no vibrato: must read Steady on ≤25% of voiced frames)
pass N1 S1 sung 20 ct flat, irregular ±12 ct (RMS) unsteadiness RTF "In tune": 1% (off pitch past the window: must read in tune ≤25% of voiced frames)
pass N1 S1 sung 20 ct flat, irregular ±12 ct (RMS) unsteadiness RTF "Steady": 21% (wobbly, no vibrato: must read Steady on ≤25% of voiced frames)
pass N2 S2 sung 25 ct sharp, irregular ±18 ct (RMS) unsteadiness RTF "In tune": 9% (off pitch past the window: must read in tune ≤25% of voiced frames)
pass N2 S2 sung 25 ct sharp, irregular ±18 ct (RMS) unsteadiness RTF "Steady": 21% (wobbly, no vibrato: must read Steady on ≤25% of voiced frames)
pass N3 wrong pmInt: 84 (straight notes 96; must stay ≥10 below)
pass N3 wrong pmPro: 76 (straight notes 92; must stay ≥10 below)
pass N3 wrong drills: 84 (straight notes 96; must stay ≥10 below)
pass N3 wrong cwPitch: 86 (straight notes 96; must stay ≥10 below)
pass N3 V3 (real vibrato ±91 ct) sung 25 ct flat RTF "In tune": 20% (off pitch past the window: must read in tune ≤25% of voiced frames)
pass N4 S2 sung 45 ct sharp, irregular ±18 ct (RMS) unsteadiness RTF "In tune": 0% (off pitch past the window: must read in tune ≤25% of voiced frames)
pass N4 S2 sung 45 ct sharp, irregular ±18 ct (RMS) unsteadiness RTF "Steady": 8% (wobbly, no vibrato: must read Steady on ≤25% of voiced frames)

log: C:\Users\Alegra Kunda\OneDrive\Documents\voxcoach-app\scripts\vq-verify\logs\vibfix-prod-2026-09-30T16-18-24.log  json: C:\Users\Alegra Kunda\OneDrive\Documents\voxcoach-app\scripts\vq-verify\logs\vibfix-prod-2026-09-30T16-18-24.json
