vibfix 2026-09-30T08-37-33  sides: before, after  before: HEAD

== V1: vibrato-628@2896 centred — target 69 (sung -1 ct, re-centred); offline gate: vibrato 6.16 Hz ±66 r 0.83
   before Pitch Match int 72/74 pro 66/65 | Drills 75/75/77/78/78 | RTF in tune 7% steady 0% (Listening…×20, In tune×7, Flat (-38ct)×5) | Choir World held ✓✓ median -2/-1 ct, report pitch 78/77 in tune 113/153, 107/156
   after  Pitch Match int 91/90 pro 89/62 | Drills 91/90/91/91/91 | RTF in tune 18% steady 33% (Listening…×21, In tune×19, Flat (-14ct)×6) | Choir World held ✓✓ median -6/-11 ct, report pitch 92/91 in tune 153/153, 154/154

== V2: vibrato-3131@8046 centred — target 49 (sung -32 ct, re-centred); offline gate: vibrato 5.07 Hz ±106 r 0.94
   before Pitch Match int 63/61 pro 40/42 | Drills 63/61/62/63/62 | RTF in tune 18% steady 0% (In tune×19, Listening…×16, Sharp (+9ct)×6) | Choir World held ✓✓ median 4/4 ct, report pitch 44/43 in tune 51/148, 63/169
   after  Pitch Match int 93/93 pro 90/92 | Drills 95/93/94/94/94 | RTF in tune 51% steady 38% (In tune×55, Listening…×15, Sharp (+21ct)×4) | Choir World held ✓✓ median 4/9 ct, report pitch 94/93 in tune 148/148, 168/168

== V3: vibrato-1154@4013 centred — target 69 (sung +27 ct, re-centred); offline gate: vibrato 4.74 Hz ±91 r 0.98
   before Pitch Match int 64/64 pro 44/43 | Drills 67/67/67/67/67 | RTF in tune 16% steady 0% (In tune×17, Sharp (+10ct)×3, Flat (-49ct)×3) | Choir World held ✓✓ median -6/-2 ct, report pitch 62/62 in tune 66/192, 74/192
   after  Pitch Match int 96/95 pro 94/91 | Drills 95/95/95/95/95 | RTF in tune 75% steady 100% (In tune×80, Flat (-11ct)×5, Flat (-12ct)×4) | Choir World held ✓✓ median 4/1 ct, report pitch 95/95 in tune 192/192, 192/192

== V4: vibrato-772@4946 centred — target 67 (sung +24 ct, re-centred); offline gate: vibrato 5.28 Hz ±90 r 0.98
   before Pitch Match int 63/62 pro 43/43 | Drills 64/65/65/65/65 | RTF in tune 20% steady 0% (In tune×22, Flat (-13ct)×5, Sharp (+21ct)×4) | Choir World held ✓✓ median -15/-3 ct, report pitch 59/59 in tune 60/192, 58/192
   after  Pitch Match int 96/96 pro 94/93 | Drills 96/96/96/96/93 | RTF in tune 83% steady 99% (In tune×88, Flat (-21ct)×2, Flat (-12ct)×2) | Choir World held ✓✓ median -3/-1 ct, report pitch 95/96 in tune 191/192, 192/192

== V5: vibrato-2417@7396 centred — target 52 (sung +38 ct, re-centred); offline gate: as read 5.35 Hz ±49 r 0.32
   before Pitch Match int 77/84 pro 74/72 | Drills 84/82/84/83/83 | RTF in tune 30% steady 0% (In tune×32, Flat (-17ct)×3, Flat (-15ct)×3) | Choir World held ✓✓ median 0/2 ct, report pitch 82/82 in tune 132/158, 134/160
   after  Pitch Match int 80/83 pro 74/75 | Drills 83/92/83/83/83 | RTF in tune 43% steady 28% (In tune×46, Sharp (+9ct)×6, Sharp (+12ct)×5) | Choir World held ✓✓ median 0/2 ct, report pitch 80/82 in tune 130/157, 135/161

== V6: vibrato-2961@630 centred — target 49 (sung -27 ct, re-centred); offline gate: vibrato 5.28 Hz ±52 r 0.55
   before Pitch Match int 81/80 pro 72/74 | Drills 80/84/80/82/79 | RTF in tune 20% steady 0% (In tune×21, Flat (-35ct)×4, Sharp (+22ct)×4) | Choir World held ✓✓ median -2/-2 ct, report pitch 81/83 in tune 158/192, 170/192
   after  Pitch Match int 94/92 pro 90/91 | Drills 91/94/92/93/92 | RTF in tune 57% steady 65% (In tune×61, Flat (-12ct)×5, Flat (-13ct)×5) | Choir World held ✓✓ median -1/0 ct, report pitch 93/91 in tune 192/192, 180/191

== S1: straight-625@3246 centred — target 69 (sung -14 ct, re-centred); offline gate: as read 5.31 Hz ±9 r 0.39
   before Pitch Match int 96/96 pro 94/94 | Drills 97/97/96/97/96 | RTF in tune 78% steady 75% (In tune×83, Sharp (+14ct)×4, Flat (-13ct)×4) | Choir World held ✓✓ median 1/1 ct, report pitch 96/96 in tune 192/192, 192/192
   after  Pitch Match int 96/96 pro 98/94 | Drills 98/98/98/98/98 | RTF in tune 84% steady 93% (In tune×89, Sharp (+10ct)×3, Flat (-13ct)×3) | Choir World held ✓✓ median 0/0 ct, report pitch 98/96 in tune 191/191, 192/192

== S2: straight-286@630 centred — target 60 (sung +32 ct, re-centred); offline gate: as read 4.85 Hz ±19 r 0.26
   before Pitch Match int 91/94 pro 91/79 | Drills 94/90/94/87/95 | RTF in tune 37% steady 7% (In tune×39, Flat (-11ct)×7, Sharp (+11ct)×7) | Choir World held ✓✓ median 0/1 ct, report pitch 94/90 in tune 192/192, 183/190
   after  Pitch Match int 91/97 pro 95/79 | Drills 96/90/97/87/97 | RTF in tune 78% steady 68% (In tune×87, Sharp (+15ct)×3, Sharp (+25ct)×3) | Choir World held ✓✓ median 0/1 ct, report pitch 97/90 in tune 192/192, 187/192

== W1: V1 (real vibrato) sung 60 ct sharp — target 69 (sung -1 ct, re-centred, then +60); offline gate: vibrato 6.16 Hz ±66 r 0.83
   before Pitch Match int 61/57 pro 47/36 | Drills 60/65/65/68/66 | RTF in tune 16% steady 0% (In tune×17, Listening…×12, Flat (-35ct)×5) | Choir World held ✗✗ median 59/56 ct, report pitch 63/63 in tune 66/156, 68/154
   after  Pitch Match int 63/57 pro 54/36 | Drills 60/69/68/72/70 | RTF in tune 1% steady 9% (Listening…×12, Sharp (+44ct)×6, Sharp (+46ct)×6) | Choir World held ✓✓ median 50/50 ct, report pitch 68/68 in tune 75/155, 78/155

== W5: V1 (real vibrato) sung 80 ct sharp — target 69 (sung -1 ct, re-centred, then +80); offline gate: vibrato 6.16 Hz ±66 r 0.83
   before Pitch Match int 51/51 pro 30/25 | Drills 50/55/56/59/56 | RTF in tune 12% steady 0% (Listening…×15, In tune×13, Flat (-20ct)×3) | Choir World held ✗✗ median 82/85 ct, report pitch 53/53 in tune 41/155, 45/155
   after  Pitch Match int 53/52 pro 30/27 | Drills 49/55/55/58/60 | RTF in tune 13% steady 40% (In tune×14, Listening…×10, Flat (-35ct)×6) | Choir World held ✗✗ median 73/72 ct, report pitch 55/55 in tune 12/155, 9/156

== W2: S1 (real straight) sung 40 ct sharp — target 69 (sung -14 ct, re-centred, then +40); offline gate: as read 5.31 Hz ±9 r 0.39
   before Pitch Match int 75/77 pro 62/65 | Drills 75/75/75/75/75 | RTF in tune 0% steady 24% (Sharp (+39ct)×10, Sharp (+45ct)×9, Sharp (+40ct)×7) | Choir World held ✓✓ median 40/40 ct, report pitch 75/75 in tune 160/192, 159/192
   after  Pitch Match int 76/77 pro 62/65 | Drills 75/75/75/75/75 | RTF in tune 0% steady 59% (Sharp (+42ct)×23, Sharp (+44ct)×13, Sharp (+43ct)×9) | Choir World held ✓✓ median 40/42 ct, report pitch 75/75 in tune 164/192, 178/192

== W3: S1 with a slow ±60 ct wander at 0.8 Hz — target 69 (sung -14 ct, re-centred); offline gate: as read 5.31 Hz ±9 r 0.39
   before Pitch Match int 78/78 pro 62/65 | Drills 77/76/77/78/77 | RTF in tune 12% steady 0% (In tune×13, Flat (-40ct)×5, Sharp (+44ct)×4) | Choir World held ✓✓ median 17/-6 ct, report pitch 75/77 in tune 115/192, 126/192
   after  Pitch Match int 79/75 pro 66/62 | Drills 77/76/77/78/77 | RTF in tune 9% steady 0% (In tune×10, Flat (-40ct)×5, Sharp (+15ct)×3) | Choir World held ✓✓ median 13/-16 ct, report pitch 75/77 in tune 114/192, 124/192

== W4: S1 with an 11 Hz ±40 ct flutter — target 69 (sung -14 ct, re-centred); offline gate: as read 5.31 Hz ±9 r 0.39
   before Pitch Match int 86/86 pro 80/80 | Drills 89/88/89/89/89 | RTF in tune 22% steady 0% (In tune×23, Sharp (+20ct)×5, Flat (-19ct)×4) | Choir World held ✓✓ median 5/5 ct, report pitch 86/85 in tune 192/192, 192/192
   after  Pitch Match int 86/87 pro 78/79 | Drills 89/89/89/89/89 | RTF in tune 20% steady 0% (In tune×21, Sharp (+21ct)×4, Flat (-17ct)×4) | Choir World held ✓✓ median 7/10 ct, report pitch 86/85 in tune 192/192, 173/174
   note: V5 (real vibrato read as irregular) pmInt: 81 → 82
   note: V5 (real vibrato read as irregular) pmPro: 73 → 75
   note: V5 (real vibrato read as irregular) drills: 83 → 85
   note: V5 (real vibrato read as irregular) cwPitch: 82 → 81
   note: W1 sits at ~58 ct, next to Choir World's ±50 line: held true,true (median 50,50)

==== VERDICT: 68 passed, 6 failed
FAIL V1 vibrato pmPro: 66 → 76 (straight notes 92; must be within 8 and up ≥3)
FAIL V1 vibrato RTF rtfInTune: 7% → 18% (straight notes 81%; must be within 20 and up ≥20)
FAIL V1 vibrato RTF rtfSteady: 0% → 33% (straight notes 81%; must be within 20 and up ≥20)
FAIL V2 vibrato RTF rtfInTune: 18% → 51% (straight notes 81%; must be within 20 and up ≥20)
FAIL V2 vibrato RTF rtfSteady: 0% → 38% (straight notes 81%; must be within 20 and up ≥20)
FAIL V6 vibrato RTF rtfInTune: 20% → 57% (straight notes 81%; must be within 20 and up ≥20)
pass V1 vibrato pmInt: 73 → 91 (straight notes 95; must be within 8 and up ≥3)
pass V1 vibrato drills: 77 → 91 (straight notes 96; must be within 8 and up ≥3)
pass V1 vibrato cwPitch: 78 → 92 (straight notes 96; must be within 8 and up ≥3)
pass V1 vibrato Choir World held: true
pass V2 vibrato pmInt: 62 → 93 (straight notes 95; must be within 8 and up ≥3)
pass V2 vibrato pmPro: 41 → 91 (straight notes 92; must be within 8 and up ≥3)
pass V2 vibrato drills: 62 → 94 (straight notes 96; must be within 8 and up ≥3)
pass V2 vibrato cwPitch: 44 → 94 (straight notes 96; must be within 8 and up ≥3)
pass V2 vibrato Choir World held: true
pass V3 vibrato pmInt: 64 → 96 (straight notes 95; must be within 8 and up ≥3)
pass V3 vibrato pmPro: 44 → 93 (straight notes 92; must be within 8 and up ≥3)
pass V3 vibrato drills: 67 → 95 (straight notes 96; must be within 8 and up ≥3)
pass V3 vibrato cwPitch: 62 → 95 (straight notes 96; must be within 8 and up ≥3)
pass V3 vibrato RTF rtfInTune: 16% → 75% (straight notes 81%; must be within 20 and up ≥20)
pass V3 vibrato RTF rtfSteady: 0% → 100% (straight notes 81%; must be within 20 and up ≥20)
pass V3 vibrato Choir World held: true
pass V4 vibrato pmInt: 63 → 96 (straight notes 95; must be within 8 and up ≥3)
pass V4 vibrato pmPro: 43 → 94 (straight notes 92; must be within 8 and up ≥3)
pass V4 vibrato drills: 65 → 95 (straight notes 96; must be within 8 and up ≥3)
pass V4 vibrato cwPitch: 59 → 96 (straight notes 96; must be within 8 and up ≥3)
pass V4 vibrato RTF rtfInTune: 20% → 83% (straight notes 81%; must be within 20 and up ≥20)
pass V4 vibrato RTF rtfSteady: 0% → 99% (straight notes 81%; must be within 20 and up ≥20)
pass V4 vibrato Choir World held: true
pass V6 vibrato pmInt: 81 → 93 (straight notes 95; must be within 8 and up ≥3)
pass V6 vibrato pmPro: 73 → 91 (straight notes 92; must be within 8 and up ≥3)
pass V6 vibrato drills: 81 → 92 (straight notes 96; must be within 8 and up ≥3)
pass V6 vibrato cwPitch: 82 → 92 (straight notes 96; must be within 8 and up ≥3)
pass V6 vibrato RTF rtfSteady: 0% → 65% (straight notes 81%; must be within 20 and up ≥20)
pass V6 vibrato Choir World held: true
pass S1 straight pmInt: 96 → 96 (must not move more than 3)
pass S1 straight pmPro: 94 → 96 (must not move more than 3)
pass S1 straight drills: 97 → 98 (must not move more than 3)
pass S1 straight cwPitch: 96 → 97 (must not move more than 3)
pass S1 straight RTF rtfInTune: 78% → 84% (must not drop >10)
pass S1 straight RTF rtfSteady: 75% → 93% (must not drop >10)
pass S1 straight Choir World held: true
pass S2 straight pmInt: 93 → 94 (must not move more than 3)
pass S2 straight pmPro: 85 → 87 (must not move more than 3)
pass S2 straight drills: 92 → 93 (must not move more than 3)
pass S2 straight cwPitch: 92 → 94 (must not move more than 3)
pass S2 straight RTF rtfInTune: 37% → 78% (must not drop >10)
pass S2 straight RTF rtfSteady: 7% → 68% (must not drop >10)
pass S2 straight Choir World held: true
pass W1 V1 (real vibrato) sung 60 ct sharp pmInt: 59 → 60 (a straight note 58 ct off scores 65; must be within 6 of that and ≥10 below the straight notes 95)
pass W1 V1 (real vibrato) sung 60 ct sharp pmPro: 42 → 45 (a straight note 58 ct off scores 48; must be within 6 of that and ≥10 below the straight notes 92)
pass W1 V1 (real vibrato) sung 60 ct sharp drills: 65 → 68 (a straight note 58 ct off scores 65; must be within 6 of that and ≥10 below the straight notes 96)
pass W1 V1 (real vibrato) sung 60 ct sharp cwPitch: 63 → 68 (a straight note 58 ct off scores 65; must be within 6 of that and ≥10 below the straight notes 96)
pass W1 wrong RTF "In tune": 16% → 1% (must not rise >5)
pass W5 V1 (real vibrato) sung 80 ct sharp pmInt: 51 → 53 (a straight note 84 ct off scores 50; must be within 6 of that and ≥10 below the straight notes 95)
pass W5 V1 (real vibrato) sung 80 ct sharp pmPro: 28 → 29 (a straight note 84 ct off scores 24; must be within 6 of that and ≥10 below the straight notes 92)
pass W5 V1 (real vibrato) sung 80 ct sharp drills: 55 → 55 (a straight note 84 ct off scores 50; must be within 6 of that and ≥10 below the straight notes 96)
pass W5 V1 (real vibrato) sung 80 ct sharp cwPitch: 53 → 55 (a straight note 84 ct off scores 50; must be within 6 of that and ≥10 below the straight notes 96)
pass W5 wrong RTF "In tune": 12% → 13% (must not rise >5)
pass W5 V1 (real vibrato) sung 80 ct sharp Choir World held: false,false (must fail: past the ±50 tolerance)
pass W2 wrong pmInt: 76 → 77 (no vibrato in it: must not rise more than 3)
pass W2 wrong pmPro: 64 → 64 (no vibrato in it: must not rise more than 3)
pass W2 wrong drills: 75 → 75 (no vibrato in it: must not rise more than 3)
pass W2 wrong cwPitch: 75 → 75 (no vibrato in it: must not rise more than 3)
pass W2 wrong RTF "In tune": 0% → 0% (must not rise >5)
pass W3 wander pmInt: 78 → 77 (no vibrato in it: must not rise more than 3)
pass W3 wander pmPro: 64 → 64 (no vibrato in it: must not rise more than 3)
pass W3 wander drills: 77 → 77 (no vibrato in it: must not rise more than 3)
pass W3 wander cwPitch: 76 → 76 (no vibrato in it: must not rise more than 3)
pass W4 flutter pmInt: 86 → 87 (no vibrato in it: must not rise more than 3)
pass W4 flutter pmPro: 80 → 79 (no vibrato in it: must not rise more than 3)
pass W4 flutter drills: 89 → 89 (no vibrato in it: must not rise more than 3)
pass W4 flutter cwPitch: 86 → 86 (no vibrato in it: must not rise more than 3)
pass W4 flutter RTF "In tune": 22% → 20% (must not rise >5)

log: C:\Users\Alegra Kunda\OneDrive\Documents\voxcoach-app\scripts\vq-verify\logs\vibfix-local-2026-09-30T08-37-33.log  json: C:\Users\Alegra Kunda\OneDrive\Documents\voxcoach-app\scripts\vq-verify\logs\vibfix-local-2026-09-30T08-37-33.json
