vibfix 2026-10-05T02-38-52  sides: before, after  before: master  mode: regress (rises become "must not move")

== V1: vibrato-628@2896 centred — target 69 (sung -1 ct, re-centred); offline gate: vibrato 6.16 Hz ±66 r 0.83
   before #1 Tuner in tune 23% stability ≥75 45% (mean 62) of 90/114 | Stay in Key in key 93% of 89/113 (result 92%)
   before #1 Pitch Match int 91/92 pro 89/87 | Drills 92/90/90/91/91 | RTF in tune 57% steady 34% of 89/112 voiced frames (In tune×51, Listening…×23, Flat (-25ct)×5) | Choir World held ✓✓ median -8/-11 ct, report pitch 91/92 in tune 154/154, 154/154
   after #1  Tuner in tune 19% stability ≥75 45% (mean 62) of 91/115 | Stay in Key in key 94% of 89/113 (result 94%)
   after #1  Pitch Match int 92/92 pro 89/86 | Drills 90/91/90/91/91 | RTF in tune 62% steady 37% of 90/112 voiced frames (In tune×56, Listening…×22, Flat (-22ct)×6) | Choir World held ✓✓ median -7/-9 ct, report pitch 92/92 in tune 153/153, 155/155
   before #2 Tuner in tune 16% stability ≥75 43% (mean 63) of 91/115 | Stay in Key in key 92% of 89/113 (result 93%)
   before #2 Pitch Match int 91/92 pro 89/86 | Drills 90/91/90/91/92 | RTF in tune 62% steady 32% of 90/114 voiced frames (In tune×56, Listening…×24, Flat (-23ct)×7) | Choir World held ✓✓ median -6/-12 ct, report pitch 92/91 in tune 153/153, 155/155
   after #2  Tuner in tune 20% stability ≥75 45% (mean 62) of 90/114 | Stay in Key in key 98% of 90/113 (result 95%)
   after #2  Pitch Match int 91/92 pro 89/87 | Drills 90/91/90/91/91 | RTF in tune 64% steady 38% of 90/112 voiced frames (In tune×58, Listening…×22, Flat (-24ct)×4) | Choir World held ✓✓ median -7/-11 ct, report pitch 92/92 in tune 154/155, 154/154
   before #3 Tuner in tune 18% stability ≥75 44% (mean 61) of 90/114 | Stay in Key in key 97% of 89/113 (result 94%)
   before #3 Pitch Match int 90/92 pro 90/86 | Drills 90/91/90/91/91 | RTF in tune 59% steady 37% of 90/113 voiced frames (In tune×53, Listening…×23, Flat (-23ct)×6) | Choir World held ✓✓ median -7/-11 ct, report pitch 92/92 in tune 154/154, 154/154
   after #3  Tuner in tune 21% stability ≥75 46% (mean 62) of 92/115 | Stay in Key in key 92% of 88/113 (result 94%)
   after #3  Pitch Match int 91/92 pro 90/87 | Drills 90/92/90/91/91 | RTF in tune 56% steady 37% of 89/112 voiced frames (In tune×50, Listening…×23, Flat (-23ct)×5) | Choir World held ✓✓ median -7/-10 ct, report pitch 92/92 in tune 155/155, 154/154

== V2: vibrato-3131@8046 centred — target 49 (sung -32 ct, re-centred); offline gate: vibrato 5.07 Hz ±106 r 0.94
   before #1 Tuner in tune 35% stability ≥75 18% (mean 56) of 93/115 | Stay in Key in key 77% of 98/114 (result 75%)
   before #1 Pitch Match int 92/95 pro 91/91 | Drills 94/93/94/93/93 | RTF in tune 79% steady 39% of 92/114 voiced frames (In tune×73, Listening…×22, Sharp (+21ct)×2) | Choir World held ✓✓ median 4/7 ct, report pitch 93/93 in tune 146/146, 169/169
   after #1  Tuner in tune 42% stability ≥75 16% (mean 58) of 93/115 | Stay in Key in key 68% of 99/115 (result 70%)
   after #1  Pitch Match int 92/94 pro 91/90 | Drills 94/94/94/93/93 | RTF in tune 76% steady 35% of 93/115 voiced frames (In tune×71, Listening…×22, Flat (-20ct)×3) | Choir World held ✓✓ median 1/5 ct, report pitch 94/94 in tune 156/156, 169/169
   before #2 Tuner in tune 39% stability ≥75 14% (mean 52) of 93/116 | Stay in Key in key 78% of 99/114 (result 73%)
   before #2 Pitch Match int 92/94 pro 90/89 | Drills 94/94/93/92/93 | RTF in tune 82% steady 40% of 92/114 voiced frames (In tune×75, Listening…×22, Flat (-23ct)×2) | Choir World held ✓✓ median 1/7 ct, report pitch 94/93 in tune 149/149, 168/168
   after #2  Tuner in tune 44% stability ≥75 19% (mean 55) of 94/115 | Stay in Key in key 80% of 100/114 (result 78%)
   after #2  Pitch Match int 93/94 pro 90/90 | Drills 95/94/94/93/93 | RTF in tune 74% steady 37% of 91/113 voiced frames (In tune×67, Listening…×22, Sharp (+21ct)×3) | Choir World held ✓✓ median 4/8 ct, report pitch 93/93 in tune 143/146, 169/169
   before #3 Tuner in tune 31% stability ≥75 17% (mean 58) of 93/115 | Stay in Key in key 71% of 100/114 (result 70%)
   before #3 Pitch Match int 92/94 pro 91/90 | Drills 94/93/94/93/93 | RTF in tune 78% steady 37% of 93/114 voiced frames (In tune×73, Listening…×21, Sharp (+22ct)×3) | Choir World held ✓✓ median 2/6 ct, report pitch 94/93 in tune 149/149, 169/169
   after #3  Tuner in tune 35% stability ≥75 20% (mean 50) of 93/114 | Stay in Key in key 77% of 97/112 (result 76%)
   after #3  Pitch Match int 92/95 pro 89/90 | Drills 94/94/93/93/93 | RTF in tune 79% steady 36% of 91/113 voiced frames (In tune×72, Listening…×22, Sharp (+22ct)×3) | Choir World held ✓✓ median 5/6 ct, report pitch 93/93 in tune 140/145, 169/169

== V3: vibrato-1154@4013 centred — target 69 (sung +27 ct, re-centred); offline gate: vibrato 4.74 Hz ±91 r 0.98
   before #1 Tuner in tune 63% stability ≥75 100% (mean 86) of 114/115 | Stay in Key in key 98% of 115/115 (result 94%)
   before #1 Pitch Match int 95/95 pro 91/91 | Drills 95/95/95/95/95 | RTF in tune 100% steady 97% of 115/115 voiced frames (In tune×115) | Choir World held ✓✓ median 4/1 ct, report pitch 95/95 in tune 192/192, 192/192
   after #1  Tuner in tune 65% stability ≥75 100% (mean 85) of 115/115 | Stay in Key in key 98% of 114/114 (result 94%)
   after #1  Pitch Match int 94/95 pro 90/91 | Drills 95/95/95/94/95 | RTF in tune 100% steady 97% of 114/114 voiced frames (In tune×114) | Choir World held ✓✓ median 2/1 ct, report pitch 95/95 in tune 192/192, 192/192
   before #2 Tuner in tune 68% stability ≥75 100% (mean 84) of 116/116 | Stay in Key in key 99% of 115/115 (result 94%)
   before #2 Pitch Match int 95/95 pro 92/91 | Drills 95/95/95/94/95 | RTF in tune 100% steady 97% of 115/115 voiced frames (In tune×115) | Choir World held ✓✓ median 4/1 ct, report pitch 95/95 in tune 192/192, 192/192
   after #2  Tuner in tune 63% stability ≥75 100% (mean 85) of 114/116 | Stay in Key in key 99% of 115/115 (result 94%)
   after #2  Pitch Match int 95/95 pro 91/92 | Drills 95/95/95/95/95 | RTF in tune 100% steady 97% of 115/115 voiced frames (In tune×115) | Choir World held ✓✓ median 3/1 ct, report pitch 95/95 in tune 192/192, 192/192
   before #3 Tuner in tune 66% stability ≥75 100% (mean 84) of 113/115 | Stay in Key in key 99% of 115/115 (result 94%)
   before #3 Pitch Match int 95/95 pro 91/91 | Drills 95/95/95/95/95 | RTF in tune 100% steady 97% of 114/114 voiced frames (In tune×114) | Choir World held ✓✓ median 3/1 ct, report pitch 95/95 in tune 192/192, 192/192
   after #3  Tuner in tune 64% stability ≥75 100% (mean 86) of 115/116 | Stay in Key in key 99% of 115/115 (result 94%)
   after #3  Pitch Match int 95/95 pro 92/92 | Drills 95/95/95/95/95 | RTF in tune 100% steady 97% of 115/115 voiced frames (In tune×115) | Choir World held ✓✓ median 2/2 ct, report pitch 95/95 in tune 192/192, 192/192

== V4: vibrato-772@4946 centred — target 67 (sung +24 ct, re-centred); offline gate: vibrato 5.28 Hz ±90 r 0.98
   before #1 Tuner in tune 72% stability ≥75 94% (mean 86) of 115/116 | Stay in Key in key 99% of 115/115 (result 93%)
   before #1 Pitch Match int 95/95 pro 95/95 | Drills 96/96/96/96/95 | RTF in tune 95% steady 94% of 114/114 voiced frames (In tune×108, Flat (-23ct)×3, Flat (-21ct)×2) | Choir World held ✓✓ median -3/-1 ct, report pitch 95/96 in tune 191/192, 191/191
   after #1  Tuner in tune 73% stability ≥75 99% (mean 86) of 116/116 | Stay in Key in key 98% of 114/114 (result 93%)
   after #1  Pitch Match int 95/95 pro 96/96 | Drills 96/96/96/96/95 | RTF in tune 96% steady 96% of 115/115 voiced frames (In tune×110, Flat (-21ct)×4, Flat (-23ct)×1) | Choir World held ✓✓ median -1/-1 ct, report pitch 95/96 in tune 192/192, 190/192
   before #2 Tuner in tune 75% stability ≥75 96% (mean 86) of 111/115 | Stay in Key in key 98% of 114/114 (result 94%)
   before #2 Pitch Match int 95/96 pro 95/95 | Drills 95/95/96/96/95 | RTF in tune 95% steady 96% of 114/114 voiced frames (In tune×108, Flat (-22ct)×4, Flat (-21ct)×1) | Choir World held ✓✓ median -1/-1 ct, report pitch 95/95 in tune 191/192, 192/192
   after #2  Tuner in tune 76% stability ≥75 99% (mean 86) of 115/116 | Stay in Key in key 96% of 114/114 (result 94%)
   after #2  Pitch Match int 96/95 pro 95/95 | Drills 96/96/96/96/95 | RTF in tune 94% steady 95% of 114/114 voiced frames (In tune×107, Flat (-24ct)×3, Flat (-23ct)×3) | Choir World held ✓✓ median -1/-1 ct, report pitch 95/96 in tune 191/192, 192/192
   before #3 Tuner in tune 73% stability ≥75 97% (mean 86) of 116/116 | Stay in Key in key 99% of 115/115 (result 95%)
   before #3 Pitch Match int 95/96 pro 94/93 | Drills 96/96/96/96/95 | RTF in tune 97% steady 96% of 115/115 voiced frames (In tune×111, Flat (-21ct)×3, Flat (-24ct)×1) | Choir World held ✓✓ median -3/-3 ct, report pitch 95/95 in tune 191/192, 192/192
   after #3  Tuner in tune 72% stability ≥75 100% (mean 86) of 113/115 | Stay in Key in key 99% of 113/113 (result 94%)
   after #3  Pitch Match int 95/96 pro 96/95 | Drills 96/96/96/96/95 | RTF in tune 98% steady 96% of 114/114 voiced frames (In tune×112, Flat (-26ct)×1, Flat (-21ct)×1) | Choir World held ✓✓ median -2/-2 ct, report pitch 95/95 in tune 191/192, 192/192

== V5: vibrato-2417@7396 centred — target 52 (sung +38 ct, re-centred); offline gate: as read 5.35 Hz ±49 r 0.32
   before #1 Tuner in tune 32% stability ≥75 27% (mean 60) of 94/115 | Stay in Key in key 91% of 90/112 (result 89%)
   before #1 Pitch Match int 91/83 pro 74/91 | Drills 83/93/84/83/83 | RTF in tune 62% steady 14% of 112/112 voiced frames (In tune×69, Sharp (+23ct)×4, Sharp (+20ct)×3) | Choir World held ✓✓ median -3/-3 ct, report pitch 91/91 in tune 148/155, 152/160
   after #1  Tuner in tune 34% stability ≥75 32% (mean 62) of 94/115 | Stay in Key in key 90% of 91/114 (result 89%)
   after #1  Pitch Match int 85/84 pro 77/91 | Drills 83/92/84/92/84 | RTF in tune 64% steady 20% of 114/114 voiced frames (In tune×73, Sharp (+19ct)×4, Sharp (+18ct)×4) | Choir World held ✓✓ median -1/0 ct, report pitch 80/84 in tune 144/169, 139/162
   before #2 Tuner in tune 28% stability ≥75 27% (mean 59) of 92/116 | Stay in Key in key 91% of 90/114 (result 89%)
   before #2 Pitch Match int 83/91 pro 82/74 | Drills 84/92/84/93/84 | RTF in tune 71% steady 19% of 114/114 voiced frames (In tune×81, Sharp (+19ct)×4, Sharp (+18ct)×3) | Choir World held ✓✓ median -4/-3 ct, report pitch 91/91 in tune 156/163, 140/148
   after #2  Tuner in tune 30% stability ≥75 27% (mean 58) of 91/115 | Stay in Key in key 90% of 90/114 (result 89%)
   after #2  Pitch Match int 82/89 pro 82/75 | Drills 84/93/84/92/83 | RTF in tune 68% steady 28% of 114/115 voiced frames (In tune×77, Sharp (+20ct)×5, Flat (-14ct)×3) | Choir World held ✓✓ median -3/-3 ct, report pitch 92/90 in tune 156/162, 144/152
   before #3 Tuner in tune 34% stability ≥75 27% (mean 59) of 91/116 | Stay in Key in key 92% of 89/114 (result 89%)
   before #3 Pitch Match int 81/90 pro 85/91 | Drills 84/93/84/93/84 | RTF in tune 71% steady 15% of 114/114 voiced frames (In tune×81, Sharp (+18ct)×5, Sharp (+20ct)×4) | Choir World held ✓✓ median -3/0 ct, report pitch 92/80 in tune 157/163, 127/149
   after #3  Tuner in tune 29% stability ≥75 27% (mean 58) of 92/116 | Stay in Key in key 92% of 92/114 (result 90%)
   after #3  Pitch Match int 85/90 pro 85/91 | Drills 84/93/83/82/83 | RTF in tune 67% steady 19% of 113/114 voiced frames (In tune×76, Sharp (+18ct)×3, Sharp (+21ct)×3) | Choir World held ✓✓ median -2/-2 ct, report pitch 92/90 in tune 151/158, 146/154

== V6: vibrato-2961@630 centred — target 49 (sung -27 ct, re-centred); offline gate: vibrato 5.28 Hz ±52 r 0.55
   before #1 Tuner in tune 50% stability ≥75 80% (mean 80) of 115/116 | Stay in Key in key 99% of 115/115 (result 97%)
   before #1 Pitch Match int 92/93 pro 86/92 | Drills 91/94/93/94/91 | RTF in tune 83% steady 72% of 114/114 voiced frames (In tune×95, Sharp (+18ct)×3, Flat (-18ct)×3) | Choir World held ✓✓ median -2/1 ct, report pitch 93/94 in tune 192/192, 190/192
   after #1  Tuner in tune 45% stability ≥75 78% (mean 78) of 116/116 | Stay in Key in key 100% of 114/114 (result 97%)
   after #1  Pitch Match int 92/93 pro 87/91 | Drills 91/94/93/94/91 | RTF in tune 86% steady 73% of 115/115 voiced frames (In tune×99, Flat (-19ct)×4, Sharp (+18ct)×3) | Choir World held ✓✓ median -3/2 ct, report pitch 92/93 in tune 192/192, 190/192
   before #2 Tuner in tune 50% stability ≥75 78% (mean 80) of 115/115 | Stay in Key in key 99% of 113/113 (result 97%)
   before #2 Pitch Match int 93/93 pro 86/91 | Drills 92/94/92/94/92 | RTF in tune 84% steady 66% of 115/115 voiced frames (In tune×97, Sharp (+18ct)×5, Flat (-20ct)×2) | Choir World held ✓✓ median -2/0 ct, report pitch 92/94 in tune 192/192, 190/192
   after #2  Tuner in tune 45% stability ≥75 79% (mean 78) of 115/115 | Stay in Key in key 100% of 113/113 (result 97%)
   after #2  Pitch Match int 93/93 pro 86/91 | Drills 91/94/93/94/91 | RTF in tune 85% steady 60% of 112/112 voiced frames (In tune×95, Sharp (+19ct)×2, Sharp (+20ct)×2) | Choir World held ✓✓ median -3/2 ct, report pitch 92/94 in tune 191/191, 191/192
   before #3 Tuner in tune 46% stability ≥75 78% (mean 78) of 114/114 | Stay in Key in key 100% of 113/113 (result 98%)
   before #3 Pitch Match int 93/93 pro 87/91 | Drills 91/94/92/94/91 | RTF in tune 85% steady 63% of 112/112 voiced frames (In tune×95, Sharp (+17ct)×3, Sharp (+21ct)×3) | Choir World held ✓✓ median -1/1 ct, report pitch 92/93 in tune 192/192, 189/192
   after #3  Tuner in tune 47% stability ≥75 78% (mean 79) of 116/116 | Stay in Key in key 98% of 111/112 (result 97%)
   after #3  Pitch Match int 92/93 pro 86/91 | Drills 91/94/92/93/91 | RTF in tune 81% steady 71% of 112/112 voiced frames (In tune×91, Sharp (+18ct)×2, Sharp (+19ct)×2) | Choir World held ✓✓ median -3/1 ct, report pitch 92/94 in tune 192/192, 189/192

== S1: straight-625@3246 centred — target 69 (sung -14 ct, re-centred); offline gate: as read 5.31 Hz ±9 r 0.39
   before #1 Tuner in tune 77% stability ≥75 82% (mean 84) of 114/114 | Stay in Key in key 100% of 113/113 (result 100%)
   before #1 Pitch Match int 96/98 pro 94/97 | Drills 98/98/98/98/98 | RTF in tune 86% steady 77% of 112/112 voiced frames (In tune×96, Flat (-15ct)×3, Sharp (+10ct)×2) | Choir World held ✓✓ median -1/1 ct, report pitch 98/96 in tune 192/192, 192/192
   after #1  Tuner in tune 82% stability ≥75 78% (mean 85) of 114/114 | Stay in Key in key 100% of 113/113 (result 100%)
   after #1  Pitch Match int 96/98 pro 95/93 | Drills 98/98/98/98/98 | RTF in tune 88% steady 79% of 112/112 voiced frames (In tune×99, Flat (-13ct)×3, Sharp (+15ct)×2) | Choir World held ✓✓ median -1/1 ct, report pitch 98/96 in tune 192/192, 192/192
   before #2 Tuner in tune 81% stability ≥75 83% (mean 86) of 114/114 | Stay in Key in key 100% of 113/113 (result 100%)
   before #2 Pitch Match int 96/98 pro 95/98 | Drills 98/98/98/98/98 | RTF in tune 88% steady 80% of 113/113 voiced frames (In tune×99, Flat (-13ct)×2, Flat (-20ct)×2) | Choir World held ✓✓ median -1/1 ct, report pitch 98/96 in tune 192/192, 192/192
   after #2  Tuner in tune 75% stability ≥75 82% (mean 84) of 115/115 | Stay in Key in key 100% of 115/115 (result 100%)
   after #2  Pitch Match int 96/98 pro 95/97 | Drills 98/99/98/98/98 | RTF in tune 89% steady 80% of 113/113 voiced frames (In tune×101, Flat (-10ct)×3, Flat (-17ct)×2) | Choir World held ✓✓ median -1/0 ct, report pitch 98/96 in tune 192/192, 192/192
   before #3 Tuner in tune 79% stability ≥75 83% (mean 86) of 116/116 | Stay in Key in key 100% of 115/115 (result 100%)
   before #3 Pitch Match int 96/98 pro 95/98 | Drills 98/98/98/98/98 | RTF in tune 88% steady 76% of 114/114 voiced frames (In tune×100, Flat (-13ct)×3, Flat (-15ct)×2) | Choir World held ✓✓ median 0/0 ct, report pitch 96/96 in tune 192/192, 192/192
   after #3  Tuner in tune 78% stability ≥75 81% (mean 85) of 116/116 | Stay in Key in key 100% of 115/115 (result 100%)
   after #3  Pitch Match int 96/98 pro 94/97 | Drills 98/99/98/98/98 | RTF in tune 88% steady 77% of 115/115 voiced frames (In tune×101, Flat (-14ct)×3, Flat (-19ct)×2) | Choir World held ✓✓ median -1/0 ct, report pitch 98/96 in tune 192/192, 192/192

== S2: straight-286@630 centred — target 60 (sung +32 ct, re-centred); offline gate: as read 4.85 Hz ±19 r 0.26
   before #1 Tuner in tune 76% stability ≥75 73% (mean 80) of 115/115 | Stay in Key in key 99% of 114/114 (result 96%)
   before #1 Pitch Match int 97/88 pro 95/82 | Drills 96/90/97/88/95 | RTF in tune 80% steady 7% of 115/115 voiced frames (In tune×92, Sharp (+19ct)×3, Sharp (+24ct)×3) | Choir World held ✓✓ median 1/0 ct, report pitch 97/90 in tune 192/192, 186/192
   after #1  Tuner in tune 71% stability ≥75 71% (mean 80) of 115/115 | Stay in Key in key 99% of 115/115 (result 96%)
   after #1  Pitch Match int 97/88 pro 95/81 | Drills 96/90/97/88/95 | RTF in tune 80% steady 6% of 115/115 voiced frames (In tune×92, Sharp (+20ct)×3, Sharp (+24ct)×3) | Choir World held ✓✓ median 1/1 ct, report pitch 97/90 in tune 192/192, 187/192
   before #2 Tuner in tune 72% stability ≥75 77% (mean 79) of 115/115 | Stay in Key in key 98% of 115/115 (result 95%)
   before #2 Pitch Match int 97/88 pro 95/83 | Drills 96/90/97/88/95 | RTF in tune 81% steady 7% of 115/115 voiced frames (In tune×93, Sharp (+24ct)×3, Flat (-10ct)×2) | Choir World held ✓✓ median 1/1 ct, report pitch 97/90 in tune 192/192, 187/192
   after #2  Tuner in tune 75% stability ≥75 72% (mean 79) of 116/116 | Stay in Key in key 99% of 115/115 (result 96%)
   after #2  Pitch Match int 97/88 pro 95/82 | Drills 96/90/97/88/95 | RTF in tune 79% steady 9% of 115/115 voiced frames (In tune×91, Sharp (+25ct)×3, Sharp (+18ct)×2) | Choir World held ✓✓ median 1/1 ct, report pitch 97/90 in tune 192/192, 185/192
   before #3 Tuner in tune 74% stability ≥75 74% (mean 78) of 115/115 | Stay in Key in key 98% of 115/115 (result 95%)
   before #3 Pitch Match int 97/88 pro 95/82 | Drills 96/89/97/88/95 | RTF in tune 79% steady 9% of 115/115 voiced frames (In tune×91, Flat (-11ct)×3, Sharp (+24ct)×3) | Choir World held ✓✓ median 1/0 ct, report pitch 97/90 in tune 192/192, 185/192
   after #3  Tuner in tune 76% stability ≥75 67% (mean 78) of 114/114 | Stay in Key in key 99% of 112/112 (result 96%)
   after #3  Pitch Match int 97/88 pro 95/82 | Drills 96/90/97/88/95 | RTF in tune 85% steady 8% of 113/113 voiced frames (In tune×96, Flat (-10ct)×2, Sharp (+18ct)×2) | Choir World held ✓✓ median 1/1 ct, report pitch 97/90 in tune 192/192, 187/192

== W1: V1 (real vibrato) sung 60 ct sharp — target 69 (sung -1 ct, re-centred, then +60); offline gate: vibrato 6.16 Hz ±66 r 0.83
   before #1 Tuner in tune 1% stability ≥75 7% (mean 14) of 92/115 | Stay in Key in key 2% of 90/114 (result 5%)
   before #1 Pitch Match int 67/70 pro 51/48 | Drills 60/68/68/74/68 | RTF in tune 5% steady 9% of 97/112 voiced frames (Listening…×15, Sharp (+44ct)×6, Sharp (+45ct)×6) | Choir World held ✗✓ median 51/49 ct, report pitch 67/67 in tune 65/155, 82/151
   after #1  Tuner in tune 0% stability ≥75 100% (mean 100) of 111/111 | Stay in Key in key 100% of 113/113 (result 100%)
   after #1  Pitch Match int 67/70 pro 51/45 | Drills 82/87/87/69/54 | RTF in tune 0% steady 100% of 111/111 voiced frames (Flat (-11ct)×67, Flat (-24ct)×44) | Choir World held ✓✓ median 25/25 ct, report pitch 85/85 in tune 191/191, 192/192
   PAGE LOAD ERRORS (before, attempt 1): ["load failed: https://cdnjs.cloudflare.com/ajax/libs/html2canvas/1.4.1/html2canvas.min.js (net::ERR_INTERNET_DISCONNECTED)","load failed: https://fonts.googleapis.com/css2?family=Fraunces:opsz,wght@9..144,400;9..144,500;9..144,600&family=Space+Mono:wght@400;700&family=Inter:wght@400;500;600;700&display=swap (net::ERR_INTERNET_DISCONNECTED)","load failed: https://cdn.jsdelivr.net/npm/@supabase/supabase-js@2.45.4/dist/umd/supabase.js (net::ERR_INTERNET_DISCONNECTED)","TypeError: Cannot read properties of undefined (reading 'createClient')"]
   offline — waiting for the network (up to 30 min)
   PAGE LOAD ERRORS (before, attempt 1): ["load failed: https://fonts.googleapis.com/css2?family=Fraunces:opsz,wght@9..144,400;9..144,500;9..144,600&family=Space+Mono:wght@400;700&family=Inter:wght@400;500;600;700&display=swap (net::ERR_INTERNET_DISCONNECTED)","load failed: https://cdnjs.cloudflare.com/ajax/libs/html2canvas/1.4.1/html2canvas.min.js (net::ERR_INTERNET_DISCONNECTED)","load failed: https://cdn.jsdelivr.net/npm/@supabase/supabase-js@2.45.4/dist/umd/supabase.js (net::ERR_INTERNET_DISCONNECTED)","TypeError: Cannot read properties of undefined (reading 'createClient')"]
   offline — waiting for the network (up to 30 min)
ERROR page.goto: Timeout 30000ms exceeded.
Call log:
[2m  - navigating to "http://localhost:8765/", waiting until "load"[22m

    at withPage (/Users/alegramusenge/Documents/voxcoach-app/scripts/vq-verify/vibfix.js:95:29)
    at async /Users/alegramusenge/Documents/voxcoach-app/scripts/vq-verify/vibfix.js:297:17
