vibfix 2026-09-30T06-54-24  sides: before, after  before: HEAD

== V1: vibrato-628@2896 centred — target 69 (sung -1 ct, re-centred); offline gate: vibrato 6.16 Hz ±66 r 0.83
   before Pitch Match int 75/71 pro 66/64 | Drills 77/75/77/76/78 | RTF in tune 14% steady 0% (Listening…×22, In tune×15, Flat (-11ct)×5) | Choir World held ✓✓ median -1/-1 ct, report pitch 78/78 in tune 110/153, 111/155
   after  Pitch Match int 91/91 pro 88/60 | Drills 91/90/90/91/91 | RTF in tune 22% steady 34% (In tune×23, Listening…×21, Flat (-12ct)×6) | Choir World held ✓✓ median -9/-11 ct, report pitch 91/91 in tune 148/149, 147/147

== V2: vibrato-3131@8046 centred — target 49 (sung -32 ct, re-centred); offline gate: vibrato 5.07 Hz ±106 r 0.94
   before Pitch Match int 63/60 pro 40/42 | Drills 63/61/61/65/62 | RTF in tune 10% steady 0% (Listening…×16, In tune×11, Sharp (+29ct)×5) | Choir World held ✓✓ median 6/10 ct, report pitch 48/37 in tune 39/109, 20/66
   after  Pitch Match int 92/92 pro 83/76 | Drills 93/93/93/94/93 | RTF in tune 50% steady 36% (In tune×54, Listening…×14, Sharp (+9ct)×5) | Choir World held ✓✓ median 2/7 ct, report pitch 85/91 in tune 145/149, 148/149

== V3: vibrato-1154@4013 centred — target 69 (sung +27 ct, re-centred); offline gate: vibrato 4.74 Hz ±91 r 0.98
   before Pitch Match int 63/65 pro 43/44 | Drills 67/67/67/67/67 | RTF in tune 17% steady 0% (In tune×18, Sharp (+12ct)×5, Sharp (+47ct)×3) | Choir World held ✓✓ median -9/-1 ct, report pitch 62/61 in tune 66/191, 72/189
   after  Pitch Match int 95/94 pro 93/88 | Drills 95/96/96/95/95 | RTF in tune 72% steady 90% (In tune×79, Sharp (+9ct)×5, Sharp (+11ct)×4) | Choir World held ✓✓ median 1/3 ct, report pitch 94/89 in tune 191/192, 188/192

== V4: vibrato-772@4946 centred — target 67 (sung +24 ct, re-centred); offline gate: vibrato 5.28 Hz ±90 r 0.98
   before Pitch Match int 63/63 pro 44/45 | Drills 65/64/64/64/65 | RTF in tune 19% steady 0% (In tune×19, Flat (-34ct)×6, Flat (-13ct)×4) | Choir World held ✓✓ median -7/-2 ct, report pitch 60/56 in tune 53/176, 53/187
   after  Pitch Match int 96/94 pro 93/93 | Drills 95/96/96/96/95 | RTF in tune 86% steady 97% (In tune×91, Flat (-22ct)×3, Flat (-10ct)×2) | Choir World held ✓✓ median -2/-2 ct, report pitch 90/91 in tune 188/192, 189/192

== V5: vibrato-2417@7396 centred — target 52 (sung +38 ct, re-centred); offline gate: as read 5.35 Hz ±49 r 0.32
   before Pitch Match int 81/84 pro 73/79 | Drills 86/84/84/83/82 | RTF in tune 29% steady 0% (In tune×25, Sharp (+27ct)×5, Flat (-27ct)×4) | Choir World held ✓✓ median 1/1 ct, report pitch 83/82 in tune 144/166, 140/163
   after  Pitch Match int 80/85 pro 74/74 | Drills 83/93/84/93/83 | RTF in tune 44% steady 29% (In tune×47, Flat (-9ct)×5, Flat (-14ct)×4) | Choir World held ✓✓ median -2/1 ct, report pitch 81/81 in tune 125/149, 136/163

== V6: vibrato-2961@630 centred — target 49 (sung -27 ct, re-centred); offline gate: vibrato 5.28 Hz ±52 r 0.55
   PAGE LOAD ERRORS (before, attempt 1): ["load failed: https://fonts.googleapis.com/css2?family=Fraunces:opsz,wght@9..144,400;9..144,500;9..144,600&family=Space+Mono:wght@400;700&family=Inter:wght@400;500;600;700&display=swap (net::ERR_INTERNET_DISCONNECTED)","load failed: https://cdn.jsdelivr.net/npm/@supabase/supabase-js@2.45.4/dist/umd/supabase.js (net::ERR_INTERNET_DISCONNECTED)","load failed: https://cdnjs.cloudflare.com/ajax/libs/html2canvas/1.4.1/html2canvas.min.js (net::ERR_INTERNET_DISCONNECTED)","TypeError: Cannot read properties of undefined (reading 'createClient')"]
   PAGE LOAD ERRORS (before, attempt 2): ["load failed: https://fonts.googleapis.com/css2?family=Fraunces:opsz,wght@9..144,400;9..144,500;9..144,600&family=Space+Mono:wght@400;700&family=Inter:wght@400;500;600;700&display=swap (net::ERR_INTERNET_DISCONNECTED)","load failed: https://cdn.jsdelivr.net/npm/@supabase/supabase-js@2.45.4/dist/umd/supabase.js (net::ERR_INTERNET_DISCONNECTED)","load failed: https://cdnjs.cloudflare.com/ajax/libs/html2canvas/1.4.1/html2canvas.min.js (net::ERR_INTERNET_DISCONNECTED)","TypeError: Cannot read properties of undefined (reading 'createClient')"]
   PAGE LOAD ERRORS (before, attempt 3): ["load failed: https://fonts.googleapis.com/css2?family=Fraunces:opsz,wght@9..144,400;9..144,500;9..144,600&family=Space+Mono:wght@400;700&family=Inter:wght@400;500;600;700&display=swap (net::ERR_INTERNET_DISCONNECTED)","load failed: https://cdn.jsdelivr.net/npm/@supabase/supabase-js@2.45.4/dist/umd/supabase.js (net::ERR_INTERNET_DISCONNECTED)","load failed: https://cdnjs.cloudflare.com/ajax/libs/html2canvas/1.4.1/html2canvas.min.js (net::ERR_INTERNET_DISCONNECTED)","TypeError: Cannot read properties of undefined (reading 'createClient')"]
ERROR Error: before page failed to load 3 times
    at withPage (C:\Users\Alegra Kunda\OneDrive\Documents\voxcoach-app\scripts\vq-verify\vibfix.js:80:13)
    at async C:\Users\Alegra Kunda\OneDrive\Documents\voxcoach-app\scripts\vq-verify\vibfix.js:172:20
