vibfix 2026-10-03T02-37-10  sides: before, after  before: master

== V1: vibrato-628@2896 centred — target 69 (sung -1 ct, re-centred); offline gate: vibrato 6.16 Hz ±66 r 0.83
   before Tuner in tune 15% stability ≥75 57% (mean 68) of 92/116 | Stay in Key in key 93% of 91/115 (result 93%)
   before Pitch Match int 91/89 pro 90/62 | Drills 91/91/90/91/91 | RTF in tune 62% steady 34% of 91/115 voiced frames (In tune×56, Listening…×24, Flat (-23ct)×5) | Choir World held ✓✓ median -10/-8 ct, report pitch 92/92 in tune 155/155, 163/163
   after  Tuner in tune 19% stability ≥75 56% (mean 68) of 91/115 | Stay in Key in key 96% of 90/115 (result 92%)
   after  Pitch Match int 91/90 pro 89/60 | Drills 91/90/90/91/91 | RTF in tune 61% steady 32% of 93/115 voiced frames (In tune×57, Listening…×22, Flat (-23ct)×4) | Choir World held ✓✓ median -9/-8 ct, report pitch 92/92 in tune 155/155, 159/159

== V2: vibrato-3131@8046 centred — target 49 (sung -32 ct, re-centred); offline gate: vibrato 5.07 Hz ±106 r 0.94
   before Tuner in tune 39% stability ≥75 18% (mean 57) of 101/116 | Stay in Key in key 67% of 97/114 (result 62%)
   before Pitch Match int 91/93 pro 90/92 | Drills 94/93/94/93/93 | RTF in tune 74% steady 35% of 93/114 voiced frames (In tune×69, Listening…×21, Sharp (+21ct)×4) | Choir World held ✓✓ median 23/2 ct, report pitch 81/94 in tune 117/169, 148/148
   after  Tuner in tune 43% stability ≥75 26% (mean 60) of 102/116 | Stay in Key in key 69% of 99/115 (result 66%)
   after  Pitch Match int 91/93 pro 90/91 | Drills 94/94/93/92/93 | RTF in tune 80% steady 37% of 93/115 voiced frames (In tune×74, Listening…×22, Sharp (+21ct)×2) | Choir World held ✓✓ median 21/2 ct, report pitch 82/94 in tune 120/169, 148/148

== V3: vibrato-1154@4013 centred — target 69 (sung +27 ct, re-centred); offline gate: vibrato 4.74 Hz ±91 r 0.98
   before Tuner in tune 66% stability ≥75 100% (mean 85) of 116/116 | Stay in Key in key 99% of 114/114 (result 95%)
   before Pitch Match int 96/94 pro 93/91 | Drills 95/95/95/95/95 | RTF in tune 100% steady 97% of 115/115 voiced frames (In tune×115) | Choir World held ✓✓ median 2/1 ct, report pitch 95/95 in tune 192/192, 192/192
   after  Tuner in tune 66% stability ≥75 100% (mean 84) of 114/116 | Stay in Key in key 99% of 115/115 (result 94%)
   after  Pitch Match int 96/94 pro 94/90 | Drills 95/95/95/95/95 | RTF in tune 100% steady 97% of 115/115 voiced frames (In tune×115) | Choir World held ✓✓ median 4/2 ct, report pitch 95/95 in tune 192/192, 192/192

== V4: vibrato-772@4946 centred — target 67 (sung +24 ct, re-centred); offline gate: vibrato 5.28 Hz ±90 r 0.98
   before Tuner in tune 78% stability ≥75 96% (mean 86) of 114/116 | Stay in Key in key 99% of 115/115 (result 94%)
   before Pitch Match int 96/96 pro 93/95 | Drills 96/96/96/96/94 | RTF in tune 99% steady 97% of 115/115 voiced frames (In tune×114, Flat (-23ct)×1) | Choir World held ✓✓ median -2/-1 ct, report pitch 95/95 in tune 190/192, 192/192
   PAGE LOAD ERRORS (after, attempt 1): ["load failed: https://cdnjs.cloudflare.com/ajax/libs/html2canvas/1.4.1/html2canvas.min.js (net::ERR_CERT_AUTHORITY_INVALID)"]
   PAGE LOAD ERRORS (after, attempt 2): ["load failed: https://cdnjs.cloudflare.com/ajax/libs/html2canvas/1.4.1/html2canvas.min.js (net::ERR_CERT_AUTHORITY_INVALID)"]
   PAGE LOAD ERRORS (after, attempt 3): ["load failed: https://cdnjs.cloudflare.com/ajax/libs/html2canvas/1.4.1/html2canvas.min.js (net::ERR_CERT_AUTHORITY_INVALID)"]
ERROR Error: after page failed to load 3 times
    at withPage (/Users/alegramusenge/Documents/voxcoach-app/scripts/vq-verify/vibfix.js:97:13)
    at async /Users/alegramusenge/Documents/voxcoach-app/scripts/vq-verify/vibfix.js:219:20
