warm-up entries · https://deploy-alegra1122.vercel.app
   signed up voxcoach-wu-1791051066566@example.com

-- 42 session starts
  ✓ tuner      warm-up shown → Skip (1 tap) → session starts               reached true · shown true · skip in view true · session waiting true · closed true · started true
  ✓ register   warm-up shown → Skip (1 tap) → session starts               reached true · shown true · skip in view true · session waiting true · closed true · started true
  ✓ pitch      warm-up shown → Skip (1 tap) → session starts               reached true · shown true · skip in view true · session waiting true · closed true · started true
  ✓ interval   warm-up shown → Skip (1 tap) → session starts               reached true · shown true · skip in view true · session waiting true · closed true · started true
  ✓ scale      warm-up shown → Skip (1 tap) → session starts               reached true · shown true · skip in view true · session waiting true · closed true · started true
  ✓ breath     warm-up shown → Skip (1 tap) → session starts               reached true · shown true · skip in view true · session waiting true · closed true · started true
  ✓ custom     warm-up shown → Skip (1 tap) → session starts               reached true · shown true · skip in view true · session waiting true · closed true · started true
  ✓ rhythm     warm-up shown → Skip (1 tap) → session starts               reached true · shown true · skip in view true · session waiting true · closed true · started true
  ✓ mirror     warm-up shown → Skip (1 tap) → session starts               reached true · shown true · skip in view true · session waiting true · closed true · started true
     (mirror still running after 150 s)
  ✓ livefb     warm-up shown → Skip (1 tap) → session starts               reached true · shown true · skip in view true · session waiting true · closed true · started true
  ✓ resonance  warm-up shown → Skip (1 tap) → session starts               reached true · shown true · skip in view true · session waiting true · closed true · started true
  ✓ drills     warm-up shown → Skip (1 tap) → session starts               reached true · shown true · skip in view true · session waiting true · closed true · started true
  ✓ vibrato    warm-up shown → Skip (1 tap) → session starts               reached true · shown true · skip in view true · session waiting true · closed true · started true
  ✓ vq         warm-up shown → Skip (1 tap) → session starts               reached true · shown true · skip in view true · session waiting true · closed true · started true
  ✓ eve        warm-up shown → Skip (1 tap) → session starts               reached true · shown true · skip in view true · session waiting true · closed true · started true
  ✓ five       warm-up shown → Skip (1 tap) → session starts               reached true · shown true · skip in view true · session waiting true · closed true · started true
  ✓ onetake    warm-up shown → Skip (1 tap) → session starts               reached true · shown true · skip in view true · session waiting true · closed true · started true
  ✓ hm         warm-up shown → Skip (1 tap) → session starts               reached true · shown true · skip in view true · session waiting true · closed true · started true
     (hm still running after 150 s)
  ✓ emo        warm-up shown → Skip (1 tap) → session starts               reached true · shown true · skip in view true · session waiting true · closed true · started true
  ✓ puzzle     warm-up shown → Skip (1 tap) → session starts               reached true · shown true · skip in view true · session waiting true · closed true · started true
     (puzzle still running after 150 s)
  ✓ staykey    warm-up shown → Skip (1 tap) → session starts               reached true · shown true · skip in view true · session waiting true · closed true · started true
  ✓ karaoke    warm-up shown → Skip (1 tap) → session starts               reached true · shown true · skip in view true · session waiting true · closed true · started true
  ✓ emotion    warm-up shown → Skip (1 tap) → session starts               reached true · shown true · skip in view true · session waiting true · closed true · started true
  ✓ studio     warm-up shown → Skip (1 tap) → session starts               reached true · shown true · skip in view true · session waiting true · closed true · started true
  ✓ duet       warm-up shown → Skip (1 tap) → session starts               reached true · shown true · skip in view true · session waiting true · closed true · started true
  ✓ yourchoir  warm-up shown → Skip (1 tap) → session starts               reached true · shown true · skip in view true · session waiting true · closed true · started true
  ✓ pd         warm-up shown → Skip (1 tap) → session starts               reached true · shown true · skip in view true · session waiting true · closed true · started true
  ✓ tt         warm-up shown → Skip (1 tap) → session starts               reached true · shown true · skip in view true · session waiting true · closed true · started true
  ✓ hmem       warm-up shown → Skip (1 tap) → session starts               reached true · shown true · skip in view true · session waiting true · closed true · started true
  ✓ cb         warm-up shown → Skip (1 tap) → session starts               reached true · shown true · skip in view true · session waiting true · closed true · started true
  ✓ cx         warm-up shown → Skip (1 tap) → session starts               reached true · shown true · skip in view true · session waiting true · closed true · started true
  ✓ tk         warm-up shown → Skip (1 tap) → session starts               reached true · shown true · skip in view true · session waiting true · closed true · started true
  ✓ journey    warm-up shown → Skip (1 tap) → session starts               reached true · shown true · skip in view true · session waiting true · closed true · started true
  ✓ today      warm-up shown → Skip (1 tap) → session starts               reached true · shown true · skip in view true · session waiting true · closed true · started true
  ✓ glider     warm-up shown → Skip (1 tap) → session starts               reached true · shown true · skip in view true · session waiting true · closed true · started true
  ✓ boss       warm-up shown → Skip (1 tap) → session starts               reached true · shown true · skip in view true · session waiting true · closed true · started true
  ✓ wraith     warm-up shown → Skip (1 tap) → session starts               reached true · shown true · skip in view true · session waiting true · closed true · started true
  ✓ bosstrain  warm-up shown → Skip (1 tap) → session starts               reached true · shown true · skip in view true · session waiting true · closed true · started true
  ✓ bridge     warm-up shown → Skip (1 tap) → session starts               reached true · shown true · skip in view true · session waiting true · closed true · started true
  ✓ harmony    warm-up shown → Skip (1 tap) → session starts               reached true · shown true · skip in view true · session waiting true · closed true · started true
  ✓ rift       warm-up shown → Skip (1 tap) → session starts               reached true · shown true · skip in view true · session waiting true · closed true · started true
  ✓ range      warm-up shown → Skip (1 tap) → session starts               reached true · shown true · skip in view true · session waiting true · closed true · started true
     (range still running after 150 s)

-- once a day
  ✓ after a reload, the same day: not shown again, session starts          shown false · started true · stored skipped
  ✓ the next day: shown again; Escape skips it and the session starts      shown true · closed true · started true
  ✓ Smart Warmup marked done today: not shown, session starts              shown false · started true

-- four languages
  ✓ fr: every wu_ string translated, title/Skip/exercise names shown in fr {"missing":[],"title":true,"skip":true,"item":true}
  ✓ es: every wu_ string translated, title/Skip/exercise names shown in es {"missing":[],"title":true,"skip":true,"item":true}
  ✓ tr: every wu_ string translated, title/Skip/exercise names shown in tr {"missing":[],"title":true,"skip":true,"item":true}
  ✓ en: every wu_ string translated, title/Skip/exercise names shown in en {"missing":[],"title":true,"skip":true,"item":true}

-- phone (390 × 844)
  ✓ phone: shown, Skip in view without scrolling, card fits, adds no sideways overflow, skip → session shown true · skip true · fit {"card":true,"addsNoOverflow":true,"pageWidth":417,"innerWidth":390} · started true

-- signed out
  ✓ signed out (Tuner): the sign-in prompt comes first; no warm-up, no session sign-in prompt true · warm-up false · started false
  ✓ no page errors                                                         

==== warm-up entries: 52 passed, 0 failed

[cleanup] deleted 1 test account(s) this run created; 0 left of voxcoach-wu-1791051066566@example.com
